Archive member included because of file (symbol)

../arm-2013.11/lib/gcc/arm-none-eabi/4.8.1//libgcc.a(_udivsi3.o)
                              binaries/qsort.o (__aeabi_uidiv)
../arm-2013.11/lib/gcc/arm-none-eabi/4.8.1//libgcc.a(_divsi3.o)
                              binaries/xsh_help.o (__aeabi_idiv)
../arm-2013.11/lib/gcc/arm-none-eabi/4.8.1//libgcc.a(_dvmd_tls.o)
                              ../arm-2013.11/lib/gcc/arm-none-eabi/4.8.1//libgcc.a(_udivsi3.o) (__aeabi_idiv0)

Allocating common symbols
Common symbol       size              file

netbufpool          0x4               binaries/net.o
readylist           0x2               binaries/ready.o
sleepq              0x2               binaries/clkinit.o
intc_vector         0x200             binaries/evec.o
nnames              0x4               binaries/namInit.o
udptab              0x180             binaries/udp.o
minheap             0x4               binaries/meminit.o
currpid             0x4               binaries/initialize.o
porttab             0x2d0             binaries/ptinit.o
ttytab              0x218             binaries/ttyInit.o
proctab             0x15e0            binaries/initialize.o
eth_a_regs          0x1c              binaries/eth_a_init.o
prcount             0x4               binaries/initialize.o
ethertab            0x154             binaries/ethInit.o
NetData             0x24              binaries/net.o
Defer               0x8               binaries/resched.o
semtab              0x4b0             binaries/initialize.o
maxheap             0x4               binaries/meminit.o
preempt             0x4               binaries/clkinit.o
buftab              0xf0              binaries/bufinit.o
clktime             0x4               binaries/clkinit.o
cpudelay            0x4               binaries/main.o
arpcache            0x140             binaries/arp.o
icmptab             0x230             binaries/icmp.o
nbpools             0x4               binaries/bufinit.o
queuetab            0x980             binaries/queue.o
ptnextid            0x4               binaries/ptinit.o
ipoqueue            0x2c              binaries/ip.o
memlist             0x8               binaries/initialize.o
nametab             0x19a0            binaries/namInit.o
ptfree              0x4               binaries/ptinit.o

Memory Configuration

Name             Origin             Length             Attributes
*default*        0x00000000         0xffffffff

Linker script and memory map

                0x81000000                physbase = 0x81000000
                0x81000000                . = physbase
                0x81000000                . = ALIGN (0x1000)

.text           0x81000000    0x11000
                0x81000000                text = ABSOLUTE (.)
 *(.text .text.*)
 .text          0x81000000       0x84 binaries/start.o
                0x81000000                start
 .text          0x81000084      0x33c binaries/ascdate.o
                0x81000084                ascdate
 .text          0x810003c0       0x18 binaries/bufinit.o
                0x810003c0                bufinit
 .text          0x810003d8       0x68 binaries/chprio.o
                0x810003d8                chprio
 .text          0x81000440       0xd8 binaries/clkhandler.o
                0x81000440                clkhandler
 .text          0x81000518       0xd8 binaries/clkinit.o
                0x81000518                clkinit
 .text          0x810005f0       0x50 binaries/close.o
                0x810005f0                close
 .text          0x81000640        0x0 binaries/conf.o
 .text          0x81000640       0x68 binaries/control.o
                0x81000640                control
 .text          0x810006a8      0x290 binaries/create.o
                0x810006a8                create
 .text          0x81000938       0xb0 binaries/evec.o
                0x81000938                initevec
                0x81000964                set_evec
                0x810009a4                irq_dispatch
 .text          0x810009e8       0x7c binaries/freebuf.o
                0x810009e8                freebuf
 .text          0x81000a64      0x148 binaries/freemem.o
                0x81000a64                freemem
 .text          0x81000bac      0x100 binaries/getbuf.o
                0x81000bac                getbuf
                0x81000c24                nbgetbuf
 .text          0x81000cac       0x50 binaries/getc.o
                0x81000cac                getc
 .text          0x81000cfc       0x68 binaries/getdev.o
                0x81000cfc                getdev
 .text          0x81000d64       0xa0 binaries/getitem.o
                0x81000d64                getitem
                0x81000d94                getfirst
                0x81000dc8                getlast
 .text          0x81000e04      0x108 binaries/getmem.o
                0x81000e04                getmem
 .text          0x81000f0c       0x10 binaries/getpid.o
                0x81000f0c                getpid
 .text          0x81000f1c       0x5c binaries/getprio.o
                0x81000f1c                getprio
 .text          0x81000f78       0xc8 binaries/getstk.o
                0x81000f78                getstk
 .text          0x81001040       0x38 binaries/gettime.o
                0x81001040                gettime
 .text          0x81001078      0x1c8 binaries/getutime.o
                0x81001078                getutime
 .text          0x81001240       0x50 binaries/init.o
                0x81001240                init
 .text          0x81001290      0x28c binaries/initialize.o
                0x81001290                nulluser
                0x810014c0                stop
                0x810014e4                delay
 .text          0x8100151c       0xc4 binaries/insert.o
                0x8100151c                insert
 .text          0x810015e0      0x128 binaries/insertd.o
                0x810015e0                insertd
 .text          0x81001708        0x8 binaries/ioerr.o
                0x81001708                ioerr
 .text          0x81001710        0x8 binaries/ionull.o
                0x81001710                ionull
 .text          0x81001718      0x158 binaries/kill.o
                0x81001718                kill
 .text          0x81001870       0xb4 binaries/kprintf.o
                0x81001870                kputc
                0x810018b0                kgetc
                0x810018e4                kprintf
 .text          0x81001924       0xd8 binaries/main.o
                0x81001924                main
 .text          0x810019fc       0x44 binaries/meminit.o
                0x810019fc                meminit
 .text          0x81001a40      0x134 binaries/mkbufpool.o
                0x81001a40                mkbufpool
 .text          0x81001b74       0x7c binaries/newqueue.o
                0x81001b74                newqueue
 .text          0x81001bf0       0x60 binaries/open.o
                0x81001bf0                open
 .text          0x81001c50       0x20 binaries/panic.o
                0x81001c50                panic
 .text          0x81001c70       0xa8 binaries/ptclear.o
                0x81001c70                _ptclear
 .text          0x81001d18       0x78 binaries/ptcount.o
                0x81001d18                ptcount
 .text          0x81001d90       0xdc binaries/ptcreate.o
                0x81001d90                ptcreate
 .text          0x81001e6c       0x74 binaries/ptdelete.o
                0x81001e6c                ptdelete
 .text          0x81001ee0       0xbc binaries/ptinit.o
                0x81001ee0                ptinit
 .text          0x81001f9c       0xd0 binaries/ptrecv.o
                0x81001f9c                ptrecv
 .text          0x8100206c       0x68 binaries/ptreset.o
                0x8100206c                ptreset
 .text          0x810020d4       0xf4 binaries/ptsend.o
                0x810020d4                ptsend
 .text          0x810021c8       0x58 binaries/putc.o
                0x810021c8                putc
 .text          0x81002220       0xdc binaries/queue.o
                0x81002220                enqueue
                0x810022a0                dequeue
 .text          0x810022fc       0x60 binaries/read.o
                0x810022fc                read
 .text          0x8100235c       0x74 binaries/ready.o
                0x8100235c                ready
 .text          0x810023d0       0x60 binaries/receive.o
                0x810023d0                receive
 .text          0x81002430       0x48 binaries/recvclr.o
                0x81002430                recvclr
 .text          0x81002478       0xb0 binaries/recvtime.o
                0x81002478                recvtime
 .text          0x81002528      0x1ac binaries/resched.o
                0x81002528                resched
                0x81002618                resched_cntl
 .text          0x810026d4       0x90 binaries/resume.o
                0x810026d4                resume
 .text          0x81002764       0xbc binaries/sched_cntl.o
                0x81002764                sched_cntl
 .text          0x81002820       0x58 binaries/seek.o
                0x81002820                seek
 .text          0x81002878       0x58 binaries/semcount.o
                0x81002878                semcount
 .text          0x810028d0       0xb8 binaries/semcreate.o
                0x810028d0                semcreate
 .text          0x81002988       0xac binaries/semdelete.o
                0x81002988                semdelete
 .text          0x81002a34       0xa4 binaries/semreset.o
                0x81002a34                semreset
 .text          0x81002ad8       0xcc binaries/send.o
                0x81002ad8                send
 .text          0x81002ba4       0x80 binaries/signal.o
                0x81002ba4                signal
 .text          0x81002c24       0xb0 binaries/signaln.o
                0x81002c24                signaln
 .text          0x81002cd4       0xcc binaries/sleep.o
                0x81002cd4                sleepms
                0x81002d70                sleep
 .text          0x81002da0       0xbc binaries/suspend.o
                0x81002da0                suspend
 .text          0x81002e5c       0xb8 binaries/unsleep.o
                0x81002e5c                unsleep
 .text          0x81002f14       0x10 binaries/userret.o
                0x81002f14                userret
 .text          0x81002f24       0xac binaries/wait.o
                0x81002f24                wait
 .text          0x81002fd0       0xa0 binaries/wakeup.o
                0x81002fd0                wakeup
 .text          0x81003070       0x60 binaries/write.o
                0x81003070                write
 .text          0x810030d0       0x18 binaries/xdone.o
                0x810030d0                xdone
 .text          0x810030e8       0x20 binaries/yield.o
                0x810030e8                yield
 .text          0x81003108        0xc binaries/abs.o
                0x81003108                abs
 .text          0x81003114      0x114 binaries/atoi.o
                0x81003114                atoi
 .text          0x81003228      0x114 binaries/atol.o
                0x81003228                atol
 .text          0x8100333c       0x20 binaries/bzero.o
                0x8100333c                bzero
 .text          0x8100335c        0x0 binaries/ctype_.o
 .text          0x8100335c      0x8fc binaries/doprnt.o
                0x81003540                _doprnt
 .text          0x81003c58      0x704 binaries/doscan.o
                0x81003c58                _doscan
 .text          0x8100435c      0x898 binaries/fdoprnt.o
                0x81004408                _fdoprnt
 .text          0x81004bf4       0x14 binaries/fgetc.o
                0x81004bf4                fgetc
 .text          0x81004c08       0x84 binaries/fgets.o
                0x81004c08                fgets
 .text          0x81004c8c       0x3c binaries/fprintf.o
                0x81004c8c                fprintf
 .text          0x81004cc8       0x24 binaries/fputc.o
                0x81004cc8                fputc
 .text          0x81004cec       0x38 binaries/fputs.o
                0x81004cec                fputs
 .text          0x81004d24       0x78 binaries/fscanf.o
                0x81004d58                fscanf
 .text          0x81004d9c       0x2c binaries/getchar.o
                0x81004d9c                getchar
 .text          0x81004dc8        0xc binaries/labs.o
                0x81004dc8                labs
 .text          0x81004dd4       0x48 binaries/memchr.o
                0x81004dd4                memchr
 .text          0x81004e1c       0x60 binaries/memcmp.o
                0x81004e1c                memcmp
 .text          0x81004e7c       0x24 binaries/memcpy.o
                0x81004e7c                memcpy
 .text          0x81004ea0       0x20 binaries/memset.o
                0x81004ea0                memset
 .text          0x81004ec0       0x58 binaries/printf.o
                0x81004ec0                printf
 .text          0x81004f18       0x2c binaries/putchar.o
                0x81004f18                putchar
 .text          0x81004f44      0x254 binaries/qsort.o
                0x81005178                qsort
 .text          0x81005198       0x3c binaries/rand.o
                0x81005198                srand
                0x810051a8                rand
 .text          0x810051d4       0x68 binaries/sprintf.o
                0x810051ec                sprintf
 .text          0x8100523c       0x78 binaries/sscanf.o
                0x81005270                sscanf
 .text          0x810052b4       0x48 binaries/strchr.o
                0x810052b4                strchr
 .text          0x810052fc       0x54 binaries/strcmp.o
                0x810052fc                strcmp
 .text          0x81005350       0x18 binaries/strcpy.o
                0x81005350                strcpy
 .text          0x81005368       0x30 binaries/strlen.o
                0x81005368                strlen
 .text          0x81005398       0x50 binaries/strncat.o
                0x81005398                strncat
 .text          0x810053e8       0x54 binaries/strncmp.o
                0x810053e8                strncmp
 .text          0x8100543c       0x80 binaries/strncpy.o
                0x8100543c                strncpy
 .text          0x810054bc       0x48 binaries/strnlen.o
                0x810054bc                strnlen
 .text          0x81005504       0x58 binaries/strrchr.o
                0x81005504                strrchr
 .text          0x8100555c       0xb0 binaries/strstr.o
                0x8100555c                strstr
 .text          0x8100560c       0xc8 binaries/ttyControl.o
                0x8100560c                ttyControl
 .text          0x810056d4       0x6c binaries/ttyGetc.o
                0x810056d4                ttyGetc
 .text          0x81005740      0x1bc binaries/ttyInit.o
                0x81005740                ttyInit
 .text          0x810058fc      0x4e0 binaries/ttyInter_in.o
                0x810059d0                ttyInter_in
 .text          0x81005ddc      0x104 binaries/ttyInter_out.o
                0x81005ddc                ttyInter_out
 .text          0x81005ee0       0xdc binaries/ttyInterrupt.o
                0x81005ee0                ttyInterrupt
 .text          0x81005fbc        0xc binaries/ttyKickOut.o
                0x81005fbc                ttyKickOut
 .text          0x81005fc8       0x7c binaries/ttyPutc.o
                0x81005fc8                ttyPutc
 .text          0x81006044      0x110 binaries/ttyRead.o
                0x81006044                ttyRead
 .text          0x81006154       0x4c binaries/ttyWrite.o
                0x81006154                ttyWrite
 .text          0x810061a0      0x144 binaries/mount.o
                0x810061a0                namlen
                0x810061f4                mount
 .text          0x810062e4      0x1c4 binaries/namInit.o
                0x810062e4                namInit
 .text          0x810064a8      0x240 binaries/nammap.o
                0x810064a8                namrepl
                0x810065e0                namcpy
                0x8100663c                nammap
 .text          0x810066e8       0x40 binaries/namOpen.o
                0x810066e8                namOpen
 .text          0x81006728      0x114 binaries/colon2mac.o
                0x81006728                colon2mac
 .text          0x8100683c      0x610 binaries/eth_a_init.o
                0x8100683c                eth_a_phy_read
                0x810068ac                eth_a_phy_write
                0x81006904                eth_a_phy_reset
                0x810069dc                eth_a_init
 .text          0x81006e4c      0x178 binaries/eth_a_intr.o
                0x81006e4c                eth_a_intr
 .text          0x81006fc4       0xd8 binaries/eth_a_read.o
                0x81006fc4                eth_a_read
 .text          0x8100709c       0xdc binaries/eth_a_write.o
                0x8100709c                eth_a_write
 .text          0x81007178       0x24 binaries/ethControl.o
                0x81007178                ethControl
 .text          0x8100719c       0x94 binaries/ethInit.o
                0x8100719c                ethInit
 .text          0x81007230       0x2c binaries/ethInterrupt.o
                0x81007230                ethInterrupt
 .text          0x8100725c       0x4c binaries/ethRead.o
                0x8100725c                ethRead
 .text          0x810072a8       0x50 binaries/ethWrite.o
                0x810072a8                ethWrite
 .text          0x810072f8      0x714 binaries/arp.o
                0x810072f8                arp_init
                0x81007318                arp_alloc
                0x810073ec                arp_ntoh
                0x81007490                arp_hton
                0x81007534                arp_resolve
                0x81007798                arp_in
 .text          0x81007a0c      0xdc4 binaries/dhcp.o
                0x81007a0c                dump_dhcp_msg
                0x81008058                get_dhcp_option_value
                0x810080b8                build_dhcp_discover
                0x810081e4                build_dhcp_request
                0x81008390                getlocalip_boot
                0x810087b8                getlocalip
 .text          0x810087d0      0x104 binaries/dot2ip.o
                0x810087d0                dot2ip
 .text          0x810088d4      0x33c binaries/hexdump.o
                0x810088d4                hexdump
                0x81008a34                hexadump
 .text          0x81008c10      0x660 binaries/icmp.o
                0x81008c10                icmp_init
                0x81008c34                icmp_register
                0x81008cf0                icmp_recv
                0x81008e40                icmp_mkpkt
                0x81008f30                icmp_in
                0x8100907c                icmp_send
                0x810090ec                icmp_release
                0x810091a8                icmp_cksum
                0x81009208                icmp_hton
                0x8100923c                icmp_ntoh
 .text          0x81009270      0x680 binaries/ip.o
                0x81009270                ip_local
                0x810092a0                ipcksum
                0x810092e4                ip_ntoh
                0x81009388                ip_in
                0x810094c4                ip_hton
                0x81009568                ip_out
                0x81009628                ip_send
                0x81009758                ipout
                0x81009854                ip_enqueue
 .text          0x810098f0      0x19c binaries/net.o
                0x810098f0                net_init
                0x810099a8                eth_hton
                0x810099bc                eth_ntoh
                0x810099d0                netin
 .text          0x81009a8c       0xbc binaries/netstart.o
                0x81009a8c                netstart
 .text          0x81009b48      0x9dc binaries/pdump.o
                0x81009b48                pdump
                0x8100a0d4                pdumph
 .text          0x8100a524      0x590 binaries/tftp.o
                0x8100a524                tftp_send1
                0x8100a610                tftpget_mb
                0x8100aa80                tftpget
 .text          0x8100aab4      0x8a8 binaries/udp.o
                0x8100aab4                udp_init
                0x8100aadc                udp_in
                0x8100abc8                udp_register
                0x8100acc4                udp_recv
                0x8100adf0                udp_recvaddr
                0x8100af38                udp_send
                0x8100b0a8                udp_sendto
                0x8100b240                udp_release
                0x8100b2f4                udp_ntoh
                0x8100b328                udp_hton
 .text          0x8100b35c      0x120 binaries/addargs.o
                0x8100b35c                addargs
 .text          0x8100b47c      0x2b4 binaries/lexan.o
                0x8100b47c                lexan
 .text          0x8100b730      0x6ac binaries/shell.o
                0x8100b730                shell
 .text          0x8100bddc       0x64 binaries/xsh_argecho.o
                0x8100bddc                xsh_argecho
 .text          0x8100be40      0x1f8 binaries/xsh_arp.o
                0x8100be40                xsh_arp
 .text          0x8100c038      0x23c binaries/xsh_cat.o
                0x8100c038                xsh_cat
 .text          0x8100c274       0x5c binaries/xsh_clear.o
                0x8100c274                xsh_clear
 .text          0x8100c2d0      0x29c binaries/xsh_date.o
                0x8100c2d0                xsh_date
 .text          0x8100c56c       0x98 binaries/xsh_devdump.o
                0x8100c56c                xsh_devdump
 .text          0x8100c604       0x68 binaries/xsh_echo.o
                0x8100c604                xsh_echo
 .text          0x8100c66c        0x8 binaries/xsh_exit.o
                0x8100c66c                xsh_exit
 .text          0x8100c674      0x3d0 binaries/xsh_help.o
                0x8100c674                xsh_help
 .text          0x8100ca44      0x1f8 binaries/xsh_kill.o
                0x8100ca44                xsh_kill
 .text          0x8100cc3c      0x2ac binaries/xsh_led.o
                0x8100cc3c                xsh_led
 .text          0x8100cee8      0x454 binaries/xsh_memdump.o
                0x8100cfe4                xsh_memdump
 .text          0x8100d33c      0x224 binaries/xsh_memstat.o
                0x8100d33c                xsh_memstat
 .text          0x8100d560      0x300 binaries/xsh_ping.o
                0x8100d560                xsh_ping
 .text          0x8100d860      0x220 binaries/xsh_ps.o
                0x8100d860                xsh_ps
 .text          0x8100da80      0x1cc binaries/xsh_sleep.o
                0x8100da80                xsh_sleep
 .text          0x8100dc4c      0x244 binaries/xsh_udpdump.o
                0x8100dc4c                xsh_udpdump
 .text          0x8100de90      0x254 binaries/xsh_udpeserver.o
                0x8100de90                xsh_udpeserver
 .text          0x8100e0e4      0x1ac binaries/xsh_uptime.o
                0x8100e0e4                xsh_uptime
 .text          0x8100e290       0x2c binaries/ctxsw.o
                0x8100e290                ctxsw
 .text          0x8100e2bc       0x60 binaries/intr.o
                0x8100e2bc                disable
                0x8100e2c8                restore
                0x8100e2ec                enable
                0x8100e2f4                pause
                0x8100e2f4                halt
                0x8100e2fc                irq_handler
 .text          0x8100e31c      0x114 ../arm-2013.11/lib/gcc/arm-none-eabi/4.8.1//libgcc.a(_udivsi3.o)
                0x8100e31c                __udivsi3
                0x8100e31c                __aeabi_uidiv
                0x8100e410                __aeabi_uidivmod
 .text          0x8100e430      0x148 ../arm-2013.11/lib/gcc/arm-none-eabi/4.8.1//libgcc.a(_divsi3.o)
                0x8100e430                __aeabi_idiv
                0x8100e430                __divsi3
                0x8100e558                __aeabi_idivmod
 .text          0x8100e578        0x4 ../arm-2013.11/lib/gcc/arm-none-eabi/4.8.1//libgcc.a(_dvmd_tls.o)
                0x8100e578                __aeabi_ldiv0
                0x8100e578                __aeabi_idiv0
 *(.rodata .rodata.*)
 .rodata.str1.4
                0x8100e57c       0x78 binaries/ascdate.o
 .rodata.str1.4
                0x8100e5f4       0x2d binaries/conf.o
                                 0x30 (size before relaxing)
 *fill*         0x8100e621        0x3 
 .rodata.str1.4
                0x8100e624       0x60 binaries/getutime.o
 .rodata.str1.4
                0x8100e684      0x13c binaries/initialize.o
                                0x140 (size before relaxing)
 .rodata.str1.4
                0x8100e7c0       0x42 binaries/main.o
                                 0x44 (size before relaxing)
 *fill*         0x8100e802        0x2 
 .rodata.str1.4
                0x8100e804       0x10 binaries/panic.o
 .rodata.str1.4
                0x8100e814       0x1c binaries/ptinit.o
 .rodata.str1.4
                0x8100e830       0x25 binaries/ptsend.o
                                 0x28 (size before relaxing)
 *fill*         0x8100e855        0x3 
 .rodata.str1.4
                0x8100e858       0x27 binaries/xdone.o
                                 0x28 (size before relaxing)
 *fill*         0x8100e87f        0x1 
 .rodata        0x8100e880       0x84 binaries/ctype_.o
                0x8100e880                _ctype_
 .rodata.str1.4
                0x8100e904       0x2f binaries/doprnt.o
                                 0x30 (size before relaxing)
 .rodata.str1.4
                0x00000000       0x30 binaries/fdoprnt.o
 *fill*         0x8100e933        0x1 
 .rodata.str1.4
                0x8100e934       0x86 binaries/namInit.o
                                 0x90 (size before relaxing)
 *fill*         0x8100e9ba        0x2 
 .rodata.str1.4
                0x8100e9bc       0xc1 binaries/eth_a_init.o
                                 0xc4 (size before relaxing)
 *fill*         0x8100ea7d        0x3 
 .rodata.str1.4
                0x8100ea80       0x12 binaries/eth_a_read.o
                                 0x14 (size before relaxing)
 *fill*         0x8100ea92        0x2 
 .rodata.str1.4
                0x8100ea94        0x6 binaries/eth_a_write.o
                                  0x8 (size before relaxing)
 *fill*         0x8100ea9a        0x2 
 .rodata.str1.4
                0x8100ea9c       0x3d binaries/arp.o
                                 0x40 (size before relaxing)
 *fill*         0x8100ead9        0x3 
 .rodata.str1.4
                0x8100eadc      0x462 binaries/dhcp.o
                                0x468 (size before relaxing)
 *fill*         0x8100ef3e        0x2 
 .rodata.str1.4
                0x8100ef40       0xca binaries/hexdump.o
                                 0xd8 (size before relaxing)
 *fill*         0x8100f00a        0x2 
 .rodata.str1.4
                0x8100f00c       0x29 binaries/icmp.o
                                 0x2c (size before relaxing)
 *fill*         0x8100f035        0x3 
 .rodata.str1.4
                0x8100f038       0x7e binaries/ip.o
                                 0x80 (size before relaxing)
 *fill*         0x8100f0b6        0x2 
 .rodata.str1.4
                0x8100f0b8       0x53 binaries/net.o
                                 0x54 (size before relaxing)
 *fill*         0x8100f10b        0x1 
 .rodata.str1.4
                0x8100f10c       0xcf binaries/netstart.o
                                 0xd0 (size before relaxing)
 *fill*         0x8100f1db        0x1 
 .rodata.str1.4
                0x8100f1dc      0x292 binaries/pdump.o
                                0x298 (size before relaxing)
 *fill*         0x8100f46e        0x2 
 .rodata.str1.4
                0x8100f470      0x175 binaries/tftp.o
                                0x17c (size before relaxing)
 *fill*         0x8100f5e5        0x3 
 .rodata.str1.4
                0x8100f5e8       0x78 binaries/udp.o
 .rodata        0x8100f660       0xf0 binaries/shell.o
                0x8100f660                cmdtab
 .rodata.str1.4
                0x8100f750      0x2de binaries/shell.o
                                0x2e8 (size before relaxing)
 *fill*         0x8100fa2e        0x2 
 .rodata.str1.4
                0x8100fa30       0x29 binaries/xsh_argecho.o
                                 0x30 (size before relaxing)
 *fill*         0x8100fa59        0x3 
 .rodata.str1.4
                0x8100fa5c      0x13e binaries/xsh_arp.o
                                0x144 (size before relaxing)
 *fill*         0x8100fb9a        0x2 
 .rodata.str1.4
                0x8100fb9c       0x81 binaries/xsh_cat.o
                                 0xd4 (size before relaxing)
 *fill*         0x8100fc1d        0x3 
 .rodata.str1.4
                0x8100fc20       0x15 binaries/xsh_clear.o
                                 0x18 (size before relaxing)
 *fill*         0x8100fc35        0x3 
 .rodata.str1.4
                0x8100fc38      0x1af binaries/xsh_date.o
                                0x1cc (size before relaxing)
 *fill*         0x8100fde7        0x1 
 .rodata.str1.4
                0x8100fde8       0x61 binaries/xsh_devdump.o
                                 0x64 (size before relaxing)
 *fill*         0x8100fe49        0x3 
 .rodata.str1.4
                0x8100fe4c        0x8 binaries/xsh_echo.o
                                  0xc (size before relaxing)
 .rodata.str1.4
                0x8100fe54       0xe7 binaries/xsh_help.o
                                0x17c (size before relaxing)
 *fill*         0x8100ff3b        0x1 
 .rodata.str1.4
                0x8100ff3c       0xc8 binaries/xsh_kill.o
                                0x138 (size before relaxing)
 .rodata.str1.4
                0x81010004       0xf7 binaries/xsh_led.o
                                0x16c (size before relaxing)
 *fill*         0x810100fb        0x1 
 .rodata.str1.4
                0x810100fc      0x1e2 binaries/xsh_memdump.o
                                0x264 (size before relaxing)
 *fill*         0x810102de        0x2 
 .rodata.str1.4
                0x810102e0      0x1cc binaries/xsh_memstat.o
                                0x234 (size before relaxing)
 .rodata.str1.4
                0x810104ac      0x10f binaries/xsh_ping.o
                                0x184 (size before relaxing)
 *fill*         0x810105bb        0x1 
 .rodata        0x810105bc       0x20 binaries/xsh_ps.o
 .rodata.str1.4
                0x810105dc      0x11a binaries/xsh_ps.o
                                0x1d4 (size before relaxing)
 *fill*         0x810106f6        0x2 
 .rodata.str1.4
                0x810106f8       0x5e binaries/xsh_sleep.o
                                 0xf8 (size before relaxing)
 *fill*         0x81010756        0x2 
 .rodata        0x81010758        0xc binaries/xsh_udpdump.o
 .rodata.str1.4
                0x81010764      0x122 binaries/xsh_udpdump.o
                                0x1e0 (size before relaxing)
 *fill*         0x81010886        0x2 
 .rodata.str1.4
                0x81010888       0xbb binaries/xsh_udpeserver.o
                                0x13c (size before relaxing)
 *fill*         0x81010943        0x1 
 .rodata.str1.4
                0x81010944       0x78 binaries/xsh_uptime.o
                                0x114 (size before relaxing)
                0x810109bc                etext = ABSOLUTE (.)
                0x81011000                . = ALIGN (0x1000)
 *fill*         0x810109bc      0x644 

.glue_7         0x81011000        0x0
 .glue_7        0x00000000        0x0 linker stubs

.glue_7t        0x81011000        0x0
 .glue_7t       0x00000000        0x0 linker stubs

.vfp11_veneer   0x81011000        0x0
 .vfp11_veneer  0x00000000        0x0 linker stubs

.v4_bx          0x81011000        0x0
 .v4_bx         0x00000000        0x0 linker stubs

.iplt           0x81011000        0x0
 .iplt          0x00000000        0x0 binaries/start.o

.rel.dyn        0x81011000        0x0
 .rel.iplt      0x00000000        0x0 binaries/start.o

.data           0x81011000     0x1000
                0x81011000                data = ABSOLUTE (.)
 *(.data .data.*)
 .data          0x81011000        0x0 binaries/start.o
 .data          0x81011000       0x88 binaries/ascdate.o
                0x81011000                Date
 .data          0x81011088        0x0 binaries/bufinit.o
 .data          0x81011088        0x0 binaries/chprio.o
 .data          0x81011088        0x4 binaries/clkhandler.o
 .data          0x8101108c        0x0 binaries/clkinit.o
 .data          0x8101108c        0x0 binaries/close.o
 .data          0x8101108c      0x12c binaries/conf.o
                0x8101108c                devtab
 .data          0x810111b8        0x0 binaries/control.o
 .data          0x810111b8        0x4 binaries/create.o
 .data          0x810111bc        0x0 binaries/evec.o
 .data          0x810111bc        0x0 binaries/freebuf.o
 .data          0x810111bc        0x0 binaries/freemem.o
 .data          0x810111bc        0x0 binaries/getbuf.o
 .data          0x810111bc        0x0 binaries/getc.o
 .data          0x810111bc        0x0 binaries/getdev.o
 .data          0x810111bc        0x0 binaries/getitem.o
 .data          0x810111bc        0x0 binaries/getmem.o
 .data          0x810111bc        0x0 binaries/getpid.o
 .data          0x810111bc        0x0 binaries/getprio.o
 .data          0x810111bc        0x0 binaries/getstk.o
 .data          0x810111bc        0x0 binaries/gettime.o
 .data          0x810111bc        0x0 binaries/getutime.o
 .data          0x810111bc        0x0 binaries/init.o
 .data          0x810111bc        0x0 binaries/initialize.o
 .data          0x810111bc        0x0 binaries/insert.o
 .data          0x810111bc        0x0 binaries/insertd.o
 .data          0x810111bc        0x0 binaries/ioerr.o
 .data          0x810111bc        0x0 binaries/ionull.o
 .data          0x810111bc        0x0 binaries/kill.o
 .data          0x810111bc        0x0 binaries/kprintf.o
 .data          0x810111bc        0x0 binaries/main.o
 .data          0x810111bc        0x0 binaries/meminit.o
 .data          0x810111bc        0x0 binaries/mkbufpool.o
 .data          0x810111bc        0x2 binaries/newqueue.o
 .data          0x810111be        0x0 binaries/open.o
 .data          0x810111be        0x0 binaries/panic.o
 .data          0x810111be        0x0 binaries/ptclear.o
 .data          0x810111be        0x0 binaries/ptcount.o
 .data          0x810111be        0x0 binaries/ptcreate.o
 .data          0x810111be        0x0 binaries/ptdelete.o
 .data          0x810111be        0x0 binaries/ptinit.o
 .data          0x810111be        0x0 binaries/ptrecv.o
 .data          0x810111be        0x0 binaries/ptreset.o
 .data          0x810111be        0x0 binaries/ptsend.o
 .data          0x810111be        0x0 binaries/putc.o
 .data          0x810111be        0x0 binaries/queue.o
 .data          0x810111be        0x0 binaries/read.o
 .data          0x810111be        0x0 binaries/ready.o
 .data          0x810111be        0x0 binaries/receive.o
 .data          0x810111be        0x0 binaries/recvclr.o
 .data          0x810111be        0x0 binaries/recvtime.o
 .data          0x810111be        0x0 binaries/resched.o
 .data          0x810111be        0x0 binaries/resume.o
 .data          0x810111be        0x0 binaries/sched_cntl.o
 .data          0x810111be        0x0 binaries/seek.o
 .data          0x810111be        0x0 binaries/semcount.o
 .data          0x810111be        0x0 binaries/semcreate.o
 .data          0x810111be        0x0 binaries/semdelete.o
 .data          0x810111be        0x0 binaries/semreset.o
 .data          0x810111be        0x0 binaries/send.o
 .data          0x810111be        0x0 binaries/signal.o
 .data          0x810111be        0x0 binaries/signaln.o
 .data          0x810111be        0x0 binaries/sleep.o
 .data          0x810111be        0x0 binaries/suspend.o
 .data          0x810111be        0x0 binaries/unsleep.o
 .data          0x810111be        0x0 binaries/userret.o
 .data          0x810111be        0x0 binaries/wait.o
 .data          0x810111be        0x0 binaries/wakeup.o
 .data          0x810111be        0x0 binaries/write.o
 .data          0x810111be        0x0 binaries/xdone.o
 .data          0x810111be        0x0 binaries/yield.o
 .data          0x810111be        0x0 binaries/abs.o
 .data          0x810111be        0x0 binaries/atoi.o
 .data          0x810111be        0x0 binaries/atol.o
 .data          0x810111be        0x0 binaries/bzero.o
 .data          0x810111be        0x0 binaries/ctype_.o
 .data          0x810111be        0x0 binaries/doprnt.o
 *fill*         0x810111be        0x2 
 .data          0x810111c0       0x80 binaries/doscan.o
                0x810111c0                _sctab
 .data          0x81011240        0x0 binaries/fdoprnt.o
 .data          0x81011240        0x0 binaries/fgetc.o
 .data          0x81011240        0x0 binaries/fgets.o
 .data          0x81011240        0x0 binaries/fprintf.o
 .data          0x81011240        0x0 binaries/fputc.o
 .data          0x81011240        0x0 binaries/fputs.o
 .data          0x81011240        0x0 binaries/fscanf.o
 .data          0x81011240        0x0 binaries/getchar.o
 .data          0x81011240        0x0 binaries/labs.o
 .data          0x81011240        0x0 binaries/memchr.o
 .data          0x81011240        0x0 binaries/memcmp.o
 .data          0x81011240        0x0 binaries/memcpy.o
 .data          0x81011240        0x0 binaries/memset.o
 .data          0x81011240        0x0 binaries/printf.o
 .data          0x81011240        0x0 binaries/putchar.o
 .data          0x81011240        0x0 binaries/qsort.o
 .data          0x81011240        0x4 binaries/rand.o
 .data          0x81011244        0x0 binaries/sprintf.o
 .data          0x81011244        0x0 binaries/sscanf.o
 .data          0x81011244        0x0 binaries/strchr.o
 .data          0x81011244        0x0 binaries/strcmp.o
 .data          0x81011244        0x0 binaries/strcpy.o
 .data          0x81011244        0x0 binaries/strlen.o
 .data          0x81011244        0x0 binaries/strncat.o
 .data          0x81011244        0x0 binaries/strncmp.o
 .data          0x81011244        0x0 binaries/strncpy.o
 .data          0x81011244        0x0 binaries/strnlen.o
 .data          0x81011244        0x0 binaries/strrchr.o
 .data          0x81011244        0x0 binaries/strstr.o
 .data          0x81011244        0x0 binaries/ttyControl.o
 .data          0x81011244        0x0 binaries/ttyGetc.o
 .data          0x81011244        0x0 binaries/ttyInit.o
 .data          0x81011244        0x0 binaries/ttyInter_in.o
 .data          0x81011244        0x0 binaries/ttyInter_out.o
 .data          0x81011244        0x0 binaries/ttyInterrupt.o
 .data          0x81011244        0x0 binaries/ttyKickOut.o
 .data          0x81011244        0x0 binaries/ttyPutc.o
 .data          0x81011244        0x0 binaries/ttyRead.o
 .data          0x81011244        0x0 binaries/ttyWrite.o
 .data          0x81011244        0x0 binaries/mount.o
 .data          0x81011244        0x0 binaries/namInit.o
 .data          0x81011244        0x0 binaries/nammap.o
 .data          0x81011244        0x0 binaries/namOpen.o
 .data          0x81011244        0x0 binaries/colon2mac.o
 .data          0x81011244        0x0 binaries/eth_a_init.o
 .data          0x81011244        0x0 binaries/eth_a_intr.o
 .data          0x81011244        0x0 binaries/eth_a_read.o
 .data          0x81011244        0x0 binaries/eth_a_write.o
 .data          0x81011244        0x0 binaries/ethControl.o
 .data          0x81011244        0x0 binaries/ethInit.o
 .data          0x81011244        0x0 binaries/ethInterrupt.o
 .data          0x81011244        0x0 binaries/ethRead.o
 .data          0x81011244        0x0 binaries/ethWrite.o
 .data          0x81011244        0x0 binaries/arp.o
 .data          0x81011244        0x0 binaries/dhcp.o
 .data          0x81011244        0x0 binaries/dot2ip.o
 .data          0x81011244        0x0 binaries/hexdump.o
 .data          0x81011244        0x4 binaries/icmp.o
 .data          0x81011248        0x0 binaries/ip.o
 .data          0x81011248        0x0 binaries/net.o
 .data          0x81011248        0x0 binaries/netstart.o
 .data          0x81011248        0x0 binaries/pdump.o
 .data          0x81011248        0x0 binaries/tftp.o
 .data          0x81011248        0x4 binaries/udp.o
 .data          0x8101124c        0x0 binaries/addargs.o
 .data          0x8101124c        0x0 binaries/lexan.o
 .data          0x8101124c        0x4 binaries/shell.o
                0x8101124c                ncmd
 .data          0x81011250        0x0 binaries/xsh_argecho.o
 .data          0x81011250        0x0 binaries/xsh_arp.o
 .data          0x81011250        0x0 binaries/xsh_cat.o
 .data          0x81011250        0x0 binaries/xsh_clear.o
 .data          0x81011250        0x0 binaries/xsh_date.o
 .data          0x81011250        0x0 binaries/xsh_devdump.o
 .data          0x81011250        0x0 binaries/xsh_echo.o
 .data          0x81011250        0x0 binaries/xsh_exit.o
 .data          0x81011250        0x0 binaries/xsh_help.o
 .data          0x81011250        0x0 binaries/xsh_kill.o
 .data          0x81011250        0x0 binaries/xsh_led.o
 .data          0x81011250        0x0 binaries/xsh_memdump.o
 .data          0x81011250        0x0 binaries/xsh_memstat.o
 .data          0x81011250        0x0 binaries/xsh_ping.o
 .data          0x81011250        0x0 binaries/xsh_ps.o
 .data          0x81011250        0x0 binaries/xsh_sleep.o
 .data          0x81011250        0x0 binaries/xsh_udpdump.o
 .data          0x81011250        0x0 binaries/xsh_udpeserver.o
 .data          0x81011250        0x0 binaries/xsh_uptime.o
 .data          0x81011250        0x0 binaries/ctxsw.o
 .data          0x81011250        0x0 binaries/intr.o
 .data          0x81011250        0x0 ../arm-2013.11/lib/gcc/arm-none-eabi/4.8.1//libgcc.a(_udivsi3.o)
 .data          0x81011250        0x0 ../arm-2013.11/lib/gcc/arm-none-eabi/4.8.1//libgcc.a(_divsi3.o)
 .data          0x81011250        0x0 ../arm-2013.11/lib/gcc/arm-none-eabi/4.8.1//libgcc.a(_dvmd_tls.o)
                0x81011250                edata = ABSOLUTE (.)
                0x81012000                . = ALIGN (0x1000)
 *fill*         0x81011250      0xdb0 

.igot.plt       0x81012000        0x0
 .igot.plt      0x00000000        0x0 binaries/start.o

.bss            0x81012000     0x5000
                0x81012000                bss = ABSOLUTE (.)
 *(.bss .bss.*)
 .bss           0x81012000        0x0 binaries/start.o
 .bss           0x81012000        0x0 binaries/ascdate.o
 .bss           0x81012000        0x0 binaries/bufinit.o
 .bss           0x81012000        0x0 binaries/chprio.o
 .bss           0x81012000        0x0 binaries/clkhandler.o
 .bss           0x81012000        0x4 binaries/clkinit.o
                0x81012000                ctr1000
 .bss           0x81012004        0x0 binaries/close.o
 .bss           0x81012004        0x0 binaries/conf.o
 .bss           0x81012004        0x0 binaries/control.o
 .bss           0x81012004        0x0 binaries/create.o
 .bss           0x81012004        0x0 binaries/evec.o
 .bss           0x81012004        0x0 binaries/freebuf.o
 .bss           0x81012004        0x0 binaries/freemem.o
 .bss           0x81012004        0x0 binaries/getbuf.o
 .bss           0x81012004        0x0 binaries/getc.o
 .bss           0x81012004        0x0 binaries/getdev.o
 .bss           0x81012004        0x0 binaries/getitem.o
 .bss           0x81012004        0x0 binaries/getmem.o
 .bss           0x81012004        0x0 binaries/getpid.o
 .bss           0x81012004        0x0 binaries/getprio.o
 .bss           0x81012004        0x0 binaries/getstk.o
 .bss           0x81012004        0x0 binaries/gettime.o
 .bss           0x81012004        0x0 binaries/getutime.o
 .bss           0x81012004        0x0 binaries/init.o
 .bss           0x81012004        0x0 binaries/initialize.o
 .bss           0x81012004        0x0 binaries/insert.o
 .bss           0x81012004        0x0 binaries/insertd.o
 .bss           0x81012004        0x0 binaries/ioerr.o
 .bss           0x81012004        0x0 binaries/ionull.o
 .bss           0x81012004        0x0 binaries/kill.o
 .bss           0x81012004        0x0 binaries/kprintf.o
 .bss           0x81012004        0x0 binaries/main.o
 .bss           0x81012004        0x0 binaries/meminit.o
 .bss           0x81012004        0x0 binaries/mkbufpool.o
 .bss           0x81012004        0x0 binaries/newqueue.o
 .bss           0x81012004        0x0 binaries/open.o
 .bss           0x81012004        0x0 binaries/panic.o
 .bss           0x81012004        0x0 binaries/ptclear.o
 .bss           0x81012004        0x0 binaries/ptcount.o
 .bss           0x81012004        0x0 binaries/ptcreate.o
 .bss           0x81012004        0x0 binaries/ptdelete.o
 .bss           0x81012004        0x0 binaries/ptinit.o
 .bss           0x81012004        0x0 binaries/ptrecv.o
 .bss           0x81012004        0x0 binaries/ptreset.o
 .bss           0x81012004        0x0 binaries/ptsend.o
 .bss           0x81012004        0x0 binaries/putc.o
 .bss           0x81012004        0x0 binaries/queue.o
 .bss           0x81012004        0x0 binaries/read.o
 .bss           0x81012004        0x0 binaries/ready.o
 .bss           0x81012004        0x0 binaries/receive.o
 .bss           0x81012004        0x0 binaries/recvclr.o
 .bss           0x81012004        0x0 binaries/recvtime.o
 .bss           0x81012004        0x0 binaries/resched.o
 .bss           0x81012004        0x0 binaries/resume.o
 .bss           0x81012004        0x0 binaries/sched_cntl.o
 .bss           0x81012004        0x0 binaries/seek.o
 .bss           0x81012004        0x0 binaries/semcount.o
 .bss           0x81012004        0x4 binaries/semcreate.o
 .bss           0x81012008        0x0 binaries/semdelete.o
 .bss           0x81012008        0x0 binaries/semreset.o
 .bss           0x81012008        0x0 binaries/send.o
 .bss           0x81012008        0x0 binaries/signal.o
 .bss           0x81012008        0x0 binaries/signaln.o
 .bss           0x81012008        0x0 binaries/sleep.o
 .bss           0x81012008        0x0 binaries/suspend.o
 .bss           0x81012008        0x0 binaries/unsleep.o
 .bss           0x81012008        0x0 binaries/userret.o
 .bss           0x81012008        0x0 binaries/wait.o
 .bss           0x81012008        0x0 binaries/wakeup.o
 .bss           0x81012008        0x0 binaries/write.o
 .bss           0x81012008        0x0 binaries/xdone.o
 .bss           0x81012008        0x0 binaries/yield.o
 .bss           0x81012008        0x0 binaries/abs.o
 .bss           0x81012008        0x0 binaries/atoi.o
 .bss           0x81012008        0x0 binaries/atol.o
 .bss           0x81012008        0x0 binaries/bzero.o
 .bss           0x81012008        0x0 binaries/ctype_.o
 .bss           0x81012008        0x0 binaries/doprnt.o
 .bss           0x81012008        0x0 binaries/doscan.o
 .bss           0x81012008        0x0 binaries/fdoprnt.o
 .bss           0x81012008        0x0 binaries/fgetc.o
 .bss           0x81012008        0x0 binaries/fgets.o
 .bss           0x81012008        0x0 binaries/fprintf.o
 .bss           0x81012008        0x0 binaries/fputc.o
 .bss           0x81012008        0x0 binaries/fputs.o
 .bss           0x81012008        0x0 binaries/fscanf.o
 .bss           0x81012008        0x0 binaries/getchar.o
 .bss           0x81012008        0x0 binaries/labs.o
 .bss           0x81012008        0x0 binaries/memchr.o
 .bss           0x81012008        0x0 binaries/memcmp.o
 .bss           0x81012008        0x0 binaries/memcpy.o
 .bss           0x81012008        0x0 binaries/memset.o
 .bss           0x81012008        0x0 binaries/printf.o
 .bss           0x81012008        0x0 binaries/putchar.o
 .bss           0x81012008        0x8 binaries/qsort.o
 .bss           0x81012010        0x0 binaries/rand.o
 .bss           0x81012010        0x0 binaries/sprintf.o
 .bss           0x81012010        0x0 binaries/sscanf.o
 .bss           0x81012010        0x0 binaries/strchr.o
 .bss           0x81012010        0x0 binaries/strcmp.o
 .bss           0x81012010        0x0 binaries/strcpy.o
 .bss           0x81012010        0x0 binaries/strlen.o
 .bss           0x81012010        0x0 binaries/strncat.o
 .bss           0x81012010        0x0 binaries/strncmp.o
 .bss           0x81012010        0x0 binaries/strncpy.o
 .bss           0x81012010        0x0 binaries/strnlen.o
 .bss           0x81012010        0x0 binaries/strrchr.o
 .bss           0x81012010        0x0 binaries/strstr.o
 .bss           0x81012010        0x0 binaries/ttyControl.o
 .bss           0x81012010        0x0 binaries/ttyGetc.o
 .bss           0x81012010        0x0 binaries/ttyInit.o
 .bss           0x81012010        0x0 binaries/ttyInter_in.o
 .bss           0x81012010        0x0 binaries/ttyInter_out.o
 .bss           0x81012010        0x0 binaries/ttyInterrupt.o
 .bss           0x81012010        0x0 binaries/ttyKickOut.o
 .bss           0x81012010        0x0 binaries/ttyPutc.o
 .bss           0x81012010        0x0 binaries/ttyRead.o
 .bss           0x81012010        0x0 binaries/ttyWrite.o
 .bss           0x81012010        0x0 binaries/mount.o
 .bss           0x81012010        0x0 binaries/namInit.o
 .bss           0x81012010        0x0 binaries/nammap.o
 .bss           0x81012010        0x0 binaries/namOpen.o
 .bss           0x81012010        0x0 binaries/colon2mac.o
 .bss           0x81012010        0x0 binaries/eth_a_init.o
 .bss           0x81012010        0x0 binaries/eth_a_intr.o
 .bss           0x81012010        0x0 binaries/eth_a_read.o
 .bss           0x81012010        0x0 binaries/eth_a_write.o
 .bss           0x81012010        0x0 binaries/ethControl.o
 .bss           0x81012010        0x0 binaries/ethInit.o
 .bss           0x81012010        0x0 binaries/ethInterrupt.o
 .bss           0x81012010        0x0 binaries/ethRead.o
 .bss           0x81012010        0x0 binaries/ethWrite.o
 .bss           0x81012010        0x0 binaries/arp.o
 .bss           0x81012010        0x0 binaries/dhcp.o
 .bss           0x81012010        0x0 binaries/dot2ip.o
 .bss           0x81012010        0x0 binaries/hexdump.o
 .bss           0x81012010        0x0 binaries/icmp.o
 .bss           0x81012010        0x0 binaries/ip.o
 .bss           0x81012010        0x0 binaries/net.o
 .bss           0x81012010        0x0 binaries/netstart.o
 .bss           0x81012010        0x0 binaries/pdump.o
 .bss           0x81012010        0x0 binaries/tftp.o
 .bss           0x81012010        0x0 binaries/udp.o
 .bss           0x81012010        0x0 binaries/addargs.o
 .bss           0x81012010        0x0 binaries/lexan.o
 .bss           0x81012010        0x0 binaries/shell.o
 .bss           0x81012010        0x0 binaries/xsh_argecho.o
 .bss           0x81012010        0x0 binaries/xsh_arp.o
 .bss           0x81012010        0x0 binaries/xsh_cat.o
 .bss           0x81012010        0x0 binaries/xsh_clear.o
 .bss           0x81012010        0x0 binaries/xsh_date.o
 .bss           0x81012010        0x0 binaries/xsh_devdump.o
 .bss           0x81012010        0x0 binaries/xsh_echo.o
 .bss           0x81012010        0x0 binaries/xsh_exit.o
 .bss           0x81012010        0x0 binaries/xsh_help.o
 .bss           0x81012010        0x0 binaries/xsh_kill.o
 .bss           0x81012010        0x0 binaries/xsh_led.o
 .bss           0x81012010        0x0 binaries/xsh_memdump.o
 .bss           0x81012010        0x0 binaries/xsh_memstat.o
 .bss           0x81012010        0x4 binaries/xsh_ping.o
 .bss           0x81012014        0x0 binaries/xsh_ps.o
 .bss           0x81012014        0x0 binaries/xsh_sleep.o
 .bss           0x81012014        0x0 binaries/xsh_udpdump.o
 .bss           0x81012014        0x0 binaries/xsh_udpeserver.o
 .bss           0x81012014        0x0 binaries/xsh_uptime.o
 .bss           0x81012014        0x0 binaries/ctxsw.o
 .bss           0x81012014        0x0 binaries/intr.o
 .bss           0x81012014        0x0 ../arm-2013.11/lib/gcc/arm-none-eabi/4.8.1//libgcc.a(_udivsi3.o)
 .bss           0x81012014        0x0 ../arm-2013.11/lib/gcc/arm-none-eabi/4.8.1//libgcc.a(_divsi3.o)
 .bss           0x81012014        0x0 ../arm-2013.11/lib/gcc/arm-none-eabi/4.8.1//libgcc.a(_dvmd_tls.o)
 *(COMMON)
 COMMON         0x81012014       0xf4 binaries/bufinit.o
                0x81012014                buftab
                0x81012104                nbpools
 COMMON         0x81012108        0xc binaries/clkinit.o
                0x81012108                sleepq
                0x8101210c                preempt
                0x81012110                clktime
 COMMON         0x81012114      0x200 binaries/evec.o
                0x81012114                intc_vector
 COMMON         0x81012314     0x1aa0 binaries/initialize.o
                0x81012314                currpid
                0x81012318                proctab
                0x810138f8                prcount
                0x810138fc                semtab
                0x81013dac                memlist
 COMMON         0x81013db4        0x4 binaries/main.o
                0x81013db4                cpudelay
 COMMON         0x81013db8        0x8 binaries/meminit.o
                0x81013db8                minheap
                0x81013dbc                maxheap
 COMMON         0x81013dc0      0x2d8 binaries/ptinit.o
                0x81013dc0                porttab
                0x81014090                ptnextid
                0x81014094                ptfree
 COMMON         0x81014098      0x980 binaries/queue.o
                0x81014098                queuetab
 COMMON         0x81014a18        0x2 binaries/ready.o
                0x81014a18                readylist
 *fill*         0x81014a1a        0x2 
 COMMON         0x81014a1c        0x8 binaries/resched.o
                0x81014a1c                Defer
 COMMON         0x81014a24      0x218 binaries/ttyInit.o
                0x81014a24                ttytab
 COMMON         0x81014c3c     0x19a4 binaries/namInit.o
                0x81014c3c                nnames
                0x81014c40                nametab
 COMMON         0x810165e0       0x1c binaries/eth_a_init.o
                0x810165e0                eth_a_regs
 COMMON         0x810165fc      0x154 binaries/ethInit.o
                0x810165fc                ethertab
 COMMON         0x81016750      0x140 binaries/arp.o
                0x81016750                arpcache
 COMMON         0x81016890      0x230 binaries/icmp.o
                0x81016890                icmptab
 COMMON         0x81016ac0       0x2c binaries/ip.o
                0x81016ac0                ipoqueue
 COMMON         0x81016aec       0x28 binaries/net.o
                0x81016aec                netbufpool
                0x81016af0                NetData
 COMMON         0x81016b14      0x180 binaries/udp.o
                0x81016b14                udptab
                0x81016c94                ebss = ABSOLUTE (.)
                0x81017000                . = ALIGN (0x1000)
 *fill*         0x81016c94      0x36c 
 */()
                0x81017000                end = ABSOLUTE (.)
                0x81017000                _end = ABSOLUTE (.)
                0x81017000                . = ALIGN (0x1000)
LOAD binaries/start.o
LOAD binaries/ascdate.o
LOAD binaries/bufinit.o
LOAD binaries/chprio.o
LOAD binaries/clkhandler.o
LOAD binaries/clkinit.o
LOAD binaries/close.o
LOAD binaries/conf.o
LOAD binaries/control.o
LOAD binaries/create.o
LOAD binaries/evec.o
LOAD binaries/freebuf.o
LOAD binaries/freemem.o
LOAD binaries/getbuf.o
LOAD binaries/getc.o
LOAD binaries/getdev.o
LOAD binaries/getitem.o
LOAD binaries/getmem.o
LOAD binaries/getpid.o
LOAD binaries/getprio.o
LOAD binaries/getstk.o
LOAD binaries/gettime.o
LOAD binaries/getutime.o
LOAD binaries/init.o
LOAD binaries/initialize.o
LOAD binaries/insert.o
LOAD binaries/insertd.o
LOAD binaries/ioerr.o
LOAD binaries/ionull.o
LOAD binaries/kill.o
LOAD binaries/kprintf.o
LOAD binaries/main.o
LOAD binaries/meminit.o
LOAD binaries/mkbufpool.o
LOAD binaries/newqueue.o
LOAD binaries/open.o
LOAD binaries/panic.o
LOAD binaries/ptclear.o
LOAD binaries/ptcount.o
LOAD binaries/ptcreate.o
LOAD binaries/ptdelete.o
LOAD binaries/ptinit.o
LOAD binaries/ptrecv.o
LOAD binaries/ptreset.o
LOAD binaries/ptsend.o
LOAD binaries/putc.o
LOAD binaries/queue.o
LOAD binaries/read.o
LOAD binaries/ready.o
LOAD binaries/receive.o
LOAD binaries/recvclr.o
LOAD binaries/recvtime.o
LOAD binaries/resched.o
LOAD binaries/resume.o
LOAD binaries/sched_cntl.o
LOAD binaries/seek.o
LOAD binaries/semcount.o
LOAD binaries/semcreate.o
LOAD binaries/semdelete.o
LOAD binaries/semreset.o
LOAD binaries/send.o
LOAD binaries/signal.o
LOAD binaries/signaln.o
LOAD binaries/sleep.o
LOAD binaries/suspend.o
LOAD binaries/unsleep.o
LOAD binaries/userret.o
LOAD binaries/wait.o
LOAD binaries/wakeup.o
LOAD binaries/write.o
LOAD binaries/xdone.o
LOAD binaries/yield.o
LOAD binaries/abs.o
LOAD binaries/atoi.o
LOAD binaries/atol.o
LOAD binaries/bzero.o
LOAD binaries/ctype_.o
LOAD binaries/doprnt.o
LOAD binaries/doscan.o
LOAD binaries/fdoprnt.o
LOAD binaries/fgetc.o
LOAD binaries/fgets.o
LOAD binaries/fprintf.o
LOAD binaries/fputc.o
LOAD binaries/fputs.o
LOAD binaries/fscanf.o
LOAD binaries/getchar.o
LOAD binaries/labs.o
LOAD binaries/memchr.o
LOAD binaries/memcmp.o
LOAD binaries/memcpy.o
LOAD binaries/memset.o
LOAD binaries/printf.o
LOAD binaries/putchar.o
LOAD binaries/qsort.o
LOAD binaries/rand.o
LOAD binaries/sprintf.o
LOAD binaries/sscanf.o
LOAD binaries/strchr.o
LOAD binaries/strcmp.o
LOAD binaries/strcpy.o
LOAD binaries/strlen.o
LOAD binaries/strncat.o
LOAD binaries/strncmp.o
LOAD binaries/strncpy.o
LOAD binaries/strnlen.o
LOAD binaries/strrchr.o
LOAD binaries/strstr.o
LOAD binaries/ttyControl.o
LOAD binaries/ttyGetc.o
LOAD binaries/ttyInit.o
LOAD binaries/ttyInter_in.o
LOAD binaries/ttyInter_out.o
LOAD binaries/ttyInterrupt.o
LOAD binaries/ttyKickOut.o
LOAD binaries/ttyPutc.o
LOAD binaries/ttyRead.o
LOAD binaries/ttyWrite.o
LOAD binaries/mount.o
LOAD binaries/namInit.o
LOAD binaries/nammap.o
LOAD binaries/namOpen.o
LOAD binaries/colon2mac.o
LOAD binaries/eth_a_init.o
LOAD binaries/eth_a_intr.o
LOAD binaries/eth_a_read.o
LOAD binaries/eth_a_write.o
LOAD binaries/ethControl.o
LOAD binaries/ethInit.o
LOAD binaries/ethInterrupt.o
LOAD binaries/ethRead.o
LOAD binaries/ethWrite.o
LOAD binaries/arp.o
LOAD binaries/dhcp.o
LOAD binaries/dot2ip.o
LOAD binaries/hexdump.o
LOAD binaries/icmp.o
LOAD binaries/ip.o
LOAD binaries/net.o
LOAD binaries/netstart.o
LOAD binaries/pdump.o
LOAD binaries/tftp.o
LOAD binaries/udp.o
LOAD binaries/addargs.o
LOAD binaries/lexan.o
LOAD binaries/shell.o
LOAD binaries/xsh_argecho.o
LOAD binaries/xsh_arp.o
LOAD binaries/xsh_cat.o
LOAD binaries/xsh_clear.o
LOAD binaries/xsh_date.o
LOAD binaries/xsh_devdump.o
LOAD binaries/xsh_echo.o
LOAD binaries/xsh_exit.o
LOAD binaries/xsh_help.o
LOAD binaries/xsh_kill.o
LOAD binaries/xsh_led.o
LOAD binaries/xsh_memdump.o
LOAD binaries/xsh_memstat.o
LOAD binaries/xsh_ping.o
LOAD binaries/xsh_ps.o
LOAD binaries/xsh_sleep.o
LOAD binaries/xsh_udpdump.o
LOAD binaries/xsh_udpeserver.o
LOAD binaries/xsh_uptime.o
LOAD binaries/ctxsw.o
LOAD binaries/intr.o
LOAD ../arm-2013.11/lib/gcc/arm-none-eabi/4.8.1//libgcc.a
OUTPUT(../compile/xinu elf32-littlearm)

.ARM.attributes
                0x00000000       0x31
 .ARM.attributes
                0x00000000       0x25 binaries/start.o
 .ARM.attributes
                0x00000025       0x35 binaries/ascdate.o
 .ARM.attributes
                0x0000005a       0x35 binaries/bufinit.o
 .ARM.attributes
                0x0000008f       0x35 binaries/chprio.o
 .ARM.attributes
                0x000000c4       0x35 binaries/clkhandler.o
 .ARM.attributes
                0x000000f9       0x35 binaries/clkinit.o
 .ARM.attributes
                0x0000012e       0x35 binaries/close.o
 .ARM.attributes
                0x00000163       0x35 binaries/conf.o
 .ARM.attributes
                0x00000198       0x35 binaries/control.o
 .ARM.attributes
                0x000001cd       0x35 binaries/create.o
 .ARM.attributes
                0x00000202       0x35 binaries/evec.o
 .ARM.attributes
                0x00000237       0x35 binaries/freebuf.o
 .ARM.attributes
                0x0000026c       0x35 binaries/freemem.o
 .ARM.attributes
                0x000002a1       0x35 binaries/getbuf.o
 .ARM.attributes
                0x000002d6       0x35 binaries/getc.o
 .ARM.attributes
                0x0000030b       0x35 binaries/getdev.o
 .ARM.attributes
                0x00000340       0x35 binaries/getitem.o
 .ARM.attributes
                0x00000375       0x35 binaries/getmem.o
 .ARM.attributes
                0x000003aa       0x35 binaries/getpid.o
 .ARM.attributes
                0x000003df       0x35 binaries/getprio.o
 .ARM.attributes
                0x00000414       0x35 binaries/getstk.o
 .ARM.attributes
                0x00000449       0x35 binaries/gettime.o
 .ARM.attributes
                0x0000047e       0x35 binaries/getutime.o
 .ARM.attributes
                0x000004b3       0x35 binaries/init.o
 .ARM.attributes
                0x000004e8       0x35 binaries/initialize.o
 .ARM.attributes
                0x0000051d       0x35 binaries/insert.o
 .ARM.attributes
                0x00000552       0x35 binaries/insertd.o
 .ARM.attributes
                0x00000587       0x35 binaries/ioerr.o
 .ARM.attributes
                0x000005bc       0x35 binaries/ionull.o
 .ARM.attributes
                0x000005f1       0x35 binaries/kill.o
 .ARM.attributes
                0x00000626       0x35 binaries/kprintf.o
 .ARM.attributes
                0x0000065b       0x35 binaries/main.o
 .ARM.attributes
                0x00000690       0x35 binaries/meminit.o
 .ARM.attributes
                0x000006c5       0x35 binaries/mkbufpool.o
 .ARM.attributes
                0x000006fa       0x35 binaries/newqueue.o
 .ARM.attributes
                0x0000072f       0x35 binaries/open.o
 .ARM.attributes
                0x00000764       0x35 binaries/panic.o
 .ARM.attributes
                0x00000799       0x35 binaries/ptclear.o
 .ARM.attributes
                0x000007ce       0x35 binaries/ptcount.o
 .ARM.attributes
                0x00000803       0x35 binaries/ptcreate.o
 .ARM.attributes
                0x00000838       0x35 binaries/ptdelete.o
 .ARM.attributes
                0x0000086d       0x35 binaries/ptinit.o
 .ARM.attributes
                0x000008a2       0x35 binaries/ptrecv.o
 .ARM.attributes
                0x000008d7       0x35 binaries/ptreset.o
 .ARM.attributes
                0x0000090c       0x35 binaries/ptsend.o
 .ARM.attributes
                0x00000941       0x35 binaries/putc.o
 .ARM.attributes
                0x00000976       0x35 binaries/queue.o
 .ARM.attributes
                0x000009ab       0x35 binaries/read.o
 .ARM.attributes
                0x000009e0       0x35 binaries/ready.o
 .ARM.attributes
                0x00000a15       0x35 binaries/receive.o
 .ARM.attributes
                0x00000a4a       0x35 binaries/recvclr.o
 .ARM.attributes
                0x00000a7f       0x35 binaries/recvtime.o
 .ARM.attributes
                0x00000ab4       0x35 binaries/resched.o
 .ARM.attributes
                0x00000ae9       0x35 binaries/resume.o
 .ARM.attributes
                0x00000b1e       0x35 binaries/sched_cntl.o
 .ARM.attributes
                0x00000b53       0x35 binaries/seek.o
 .ARM.attributes
                0x00000b88       0x35 binaries/semcount.o
 .ARM.attributes
                0x00000bbd       0x35 binaries/semcreate.o
 .ARM.attributes
                0x00000bf2       0x35 binaries/semdelete.o
 .ARM.attributes
                0x00000c27       0x35 binaries/semreset.o
 .ARM.attributes
                0x00000c5c       0x35 binaries/send.o
 .ARM.attributes
                0x00000c91       0x35 binaries/signal.o
 .ARM.attributes
                0x00000cc6       0x35 binaries/signaln.o
 .ARM.attributes
                0x00000cfb       0x35 binaries/sleep.o
 .ARM.attributes
                0x00000d30       0x35 binaries/suspend.o
 .ARM.attributes
                0x00000d65       0x35 binaries/unsleep.o
 .ARM.attributes
                0x00000d9a       0x35 binaries/userret.o
 .ARM.attributes
                0x00000dcf       0x35 binaries/wait.o
 .ARM.attributes
                0x00000e04       0x35 binaries/wakeup.o
 .ARM.attributes
                0x00000e39       0x35 binaries/write.o
 .ARM.attributes
                0x00000e6e       0x35 binaries/xdone.o
 .ARM.attributes
                0x00000ea3       0x35 binaries/yield.o
 .ARM.attributes
                0x00000ed8       0x35 binaries/abs.o
 .ARM.attributes
                0x00000f0d       0x35 binaries/atoi.o
 .ARM.attributes
                0x00000f42       0x35 binaries/atol.o
 .ARM.attributes
                0x00000f77       0x35 binaries/bzero.o
 .ARM.attributes
                0x00000fac       0x35 binaries/ctype_.o
 .ARM.attributes
                0x00000fe1       0x35 binaries/doprnt.o
 .ARM.attributes
                0x00001016       0x35 binaries/doscan.o
 .ARM.attributes
                0x0000104b       0x35 binaries/fdoprnt.o
 .ARM.attributes
                0x00001080       0x35 binaries/fgetc.o
 .ARM.attributes
                0x000010b5       0x35 binaries/fgets.o
 .ARM.attributes
                0x000010ea       0x35 binaries/fprintf.o
 .ARM.attributes
                0x0000111f       0x35 binaries/fputc.o
 .ARM.attributes
                0x00001154       0x35 binaries/fputs.o
 .ARM.attributes
                0x00001189       0x35 binaries/fscanf.o
 .ARM.attributes
                0x000011be       0x35 binaries/getchar.o
 .ARM.attributes
                0x000011f3       0x35 binaries/labs.o
 .ARM.attributes
                0x00001228       0x35 binaries/memchr.o
 .ARM.attributes
                0x0000125d       0x35 binaries/memcmp.o
 .ARM.attributes
                0x00001292       0x35 binaries/memcpy.o
 .ARM.attributes
                0x000012c7       0x35 binaries/memset.o
 .ARM.attributes
                0x000012fc       0x35 binaries/printf.o
 .ARM.attributes
                0x00001331       0x35 binaries/putchar.o
 .ARM.attributes
                0x00001366       0x35 binaries/qsort.o
 .ARM.attributes
                0x0000139b       0x35 binaries/rand.o
 .ARM.attributes
                0x000013d0       0x35 binaries/sprintf.o
 .ARM.attributes
                0x00001405       0x35 binaries/sscanf.o
 .ARM.attributes
                0x0000143a       0x35 binaries/strchr.o
 .ARM.attributes
                0x0000146f       0x35 binaries/strcmp.o
 .ARM.attributes
                0x000014a4       0x35 binaries/strcpy.o
 .ARM.attributes
                0x000014d9       0x35 binaries/strlen.o
 .ARM.attributes
                0x0000150e       0x35 binaries/strncat.o
 .ARM.attributes
                0x00001543       0x35 binaries/strncmp.o
 .ARM.attributes
                0x00001578       0x35 binaries/strncpy.o
 .ARM.attributes
                0x000015ad       0x35 binaries/strnlen.o
 .ARM.attributes
                0x000015e2       0x35 binaries/strrchr.o
 .ARM.attributes
                0x00001617       0x35 binaries/strstr.o
 .ARM.attributes
                0x0000164c       0x35 binaries/ttyControl.o
 .ARM.attributes
                0x00001681       0x35 binaries/ttyGetc.o
 .ARM.attributes
                0x000016b6       0x35 binaries/ttyInit.o
 .ARM.attributes
                0x000016eb       0x35 binaries/ttyInter_in.o
 .ARM.attributes
                0x00001720       0x35 binaries/ttyInter_out.o
 .ARM.attributes
                0x00001755       0x35 binaries/ttyInterrupt.o
 .ARM.attributes
                0x0000178a       0x35 binaries/ttyKickOut.o
 .ARM.attributes
                0x000017bf       0x35 binaries/ttyPutc.o
 .ARM.attributes
                0x000017f4       0x35 binaries/ttyRead.o
 .ARM.attributes
                0x00001829       0x35 binaries/ttyWrite.o
 .ARM.attributes
                0x0000185e       0x35 binaries/mount.o
 .ARM.attributes
                0x00001893       0x35 binaries/namInit.o
 .ARM.attributes
                0x000018c8       0x35 binaries/nammap.o
 .ARM.attributes
                0x000018fd       0x35 binaries/namOpen.o
 .ARM.attributes
                0x00001932       0x35 binaries/colon2mac.o
 .ARM.attributes
                0x00001967       0x35 binaries/eth_a_init.o
 .ARM.attributes
                0x0000199c       0x35 binaries/eth_a_intr.o
 .ARM.attributes
                0x000019d1       0x35 binaries/eth_a_read.o
 .ARM.attributes
                0x00001a06       0x35 binaries/eth_a_write.o
 .ARM.attributes
                0x00001a3b       0x35 binaries/ethControl.o
 .ARM.attributes
                0x00001a70       0x35 binaries/ethInit.o
 .ARM.attributes
                0x00001aa5       0x35 binaries/ethInterrupt.o
 .ARM.attributes
                0x00001ada       0x35 binaries/ethRead.o
 .ARM.attributes
                0x00001b0f       0x35 binaries/ethWrite.o
 .ARM.attributes
                0x00001b44       0x35 binaries/arp.o
 .ARM.attributes
                0x00001b79       0x35 binaries/dhcp.o
 .ARM.attributes
                0x00001bae       0x35 binaries/dot2ip.o
 .ARM.attributes
                0x00001be3       0x35 binaries/hexdump.o
 .ARM.attributes
                0x00001c18       0x35 binaries/icmp.o
 .ARM.attributes
                0x00001c4d       0x35 binaries/ip.o
 .ARM.attributes
                0x00001c82       0x35 binaries/net.o
 .ARM.attributes
                0x00001cb7       0x35 binaries/netstart.o
 .ARM.attributes
                0x00001cec       0x35 binaries/pdump.o
 .ARM.attributes
                0x00001d21       0x35 binaries/tftp.o
 .ARM.attributes
                0x00001d56       0x35 binaries/udp.o
 .ARM.attributes
                0x00001d8b       0x35 binaries/addargs.o
 .ARM.attributes
                0x00001dc0       0x35 binaries/lexan.o
 .ARM.attributes
                0x00001df5       0x35 binaries/shell.o
 .ARM.attributes
                0x00001e2a       0x35 binaries/xsh_argecho.o
 .ARM.attributes
                0x00001e5f       0x35 binaries/xsh_arp.o
 .ARM.attributes
                0x00001e94       0x35 binaries/xsh_cat.o
 .ARM.attributes
                0x00001ec9       0x35 binaries/xsh_clear.o
 .ARM.attributes
                0x00001efe       0x35 binaries/xsh_date.o
 .ARM.attributes
                0x00001f33       0x35 binaries/xsh_devdump.o
 .ARM.attributes
                0x00001f68       0x35 binaries/xsh_echo.o
 .ARM.attributes
                0x00001f9d       0x35 binaries/xsh_exit.o
 .ARM.attributes
                0x00001fd2       0x35 binaries/xsh_help.o
 .ARM.attributes
                0x00002007       0x35 binaries/xsh_kill.o
 .ARM.attributes
                0x0000203c       0x35 binaries/xsh_led.o
 .ARM.attributes
                0x00002071       0x35 binaries/xsh_memdump.o
 .ARM.attributes
                0x000020a6       0x35 binaries/xsh_memstat.o
 .ARM.attributes
                0x000020db       0x35 binaries/xsh_ping.o
 .ARM.attributes
                0x00002110       0x35 binaries/xsh_ps.o
 .ARM.attributes
                0x00002145       0x35 binaries/xsh_sleep.o
 .ARM.attributes
                0x0000217a       0x35 binaries/xsh_udpdump.o
 .ARM.attributes
                0x000021af       0x35 binaries/xsh_udpeserver.o
 .ARM.attributes
                0x000021e4       0x35 binaries/xsh_uptime.o
 .ARM.attributes
                0x00002219       0x25 binaries/ctxsw.o
 .ARM.attributes
                0x0000223e       0x25 binaries/intr.o
 .ARM.attributes
                0x00002263       0x18 ../arm-2013.11/lib/gcc/arm-none-eabi/4.8.1//libgcc.a(_udivsi3.o)
 .ARM.attributes
                0x0000227b       0x18 ../arm-2013.11/lib/gcc/arm-none-eabi/4.8.1//libgcc.a(_divsi3.o)
 .ARM.attributes
                0x00002293       0x18 ../arm-2013.11/lib/gcc/arm-none-eabi/4.8.1//libgcc.a(_dvmd_tls.o)

.comment        0x00000000       0x30
 .comment       0x00000000       0x30 binaries/ascdate.o
                                 0x31 (size before relaxing)
 .comment       0x00000000       0x31 binaries/bufinit.o
 .comment       0x00000000       0x31 binaries/chprio.o
 .comment       0x00000000       0x31 binaries/clkhandler.o
 .comment       0x00000000       0x31 binaries/clkinit.o
 .comment       0x00000000       0x31 binaries/close.o
 .comment       0x00000000       0x31 binaries/conf.o
 .comment       0x00000000       0x31 binaries/control.o
 .comment       0x00000000       0x31 binaries/create.o
 .comment       0x00000000       0x31 binaries/evec.o
 .comment       0x00000000       0x31 binaries/freebuf.o
 .comment       0x00000000       0x31 binaries/freemem.o
 .comment       0x00000000       0x31 binaries/getbuf.o
 .comment       0x00000000       0x31 binaries/getc.o
 .comment       0x00000000       0x31 binaries/getdev.o
 .comment       0x00000000       0x31 binaries/getitem.o
 .comment       0x00000000       0x31 binaries/getmem.o
 .comment       0x00000000       0x31 binaries/getpid.o
 .comment       0x00000000       0x31 binaries/getprio.o
 .comment       0x00000000       0x31 binaries/getstk.o
 .comment       0x00000000       0x31 binaries/gettime.o
 .comment       0x00000000       0x31 binaries/getutime.o
 .comment       0x00000000       0x31 binaries/init.o
 .comment       0x00000000       0x31 binaries/initialize.o
 .comment       0x00000000       0x31 binaries/insert.o
 .comment       0x00000000       0x31 binaries/insertd.o
 .comment       0x00000000       0x31 binaries/ioerr.o
 .comment       0x00000000       0x31 binaries/ionull.o
 .comment       0x00000000       0x31 binaries/kill.o
 .comment       0x00000000       0x31 binaries/kprintf.o
 .comment       0x00000000       0x31 binaries/main.o
 .comment       0x00000000       0x31 binaries/meminit.o
 .comment       0x00000000       0x31 binaries/mkbufpool.o
 .comment       0x00000000       0x31 binaries/newqueue.o
 .comment       0x00000000       0x31 binaries/open.o
 .comment       0x00000000       0x31 binaries/panic.o
 .comment       0x00000000       0x31 binaries/ptclear.o
 .comment       0x00000000       0x31 binaries/ptcount.o
 .comment       0x00000000       0x31 binaries/ptcreate.o
 .comment       0x00000000       0x31 binaries/ptdelete.o
 .comment       0x00000000       0x31 binaries/ptinit.o
 .comment       0x00000000       0x31 binaries/ptrecv.o
 .comment       0x00000000       0x31 binaries/ptreset.o
 .comment       0x00000000       0x31 binaries/ptsend.o
 .comment       0x00000000       0x31 binaries/putc.o
 .comment       0x00000000       0x31 binaries/queue.o
 .comment       0x00000000       0x31 binaries/read.o
 .comment       0x00000000       0x31 binaries/ready.o
 .comment       0x00000000       0x31 binaries/receive.o
 .comment       0x00000000       0x31 binaries/recvclr.o
 .comment       0x00000000       0x31 binaries/recvtime.o
 .comment       0x00000000       0x31 binaries/resched.o
 .comment       0x00000000       0x31 binaries/resume.o
 .comment       0x00000000       0x31 binaries/sched_cntl.o
 .comment       0x00000000       0x31 binaries/seek.o
 .comment       0x00000000       0x31 binaries/semcount.o
 .comment       0x00000000       0x31 binaries/semcreate.o
 .comment       0x00000000       0x31 binaries/semdelete.o
 .comment       0x00000000       0x31 binaries/semreset.o
 .comment       0x00000000       0x31 binaries/send.o
 .comment       0x00000000       0x31 binaries/signal.o
 .comment       0x00000000       0x31 binaries/signaln.o
 .comment       0x00000000       0x31 binaries/sleep.o
 .comment       0x00000000       0x31 binaries/suspend.o
 .comment       0x00000000       0x31 binaries/unsleep.o
 .comment       0x00000000       0x31 binaries/userret.o
 .comment       0x00000000       0x31 binaries/wait.o
 .comment       0x00000000       0x31 binaries/wakeup.o
 .comment       0x00000000       0x31 binaries/write.o
 .comment       0x00000000       0x31 binaries/xdone.o
 .comment       0x00000000       0x31 binaries/yield.o
 .comment       0x00000000       0x31 binaries/abs.o
 .comment       0x00000000       0x31 binaries/atoi.o
 .comment       0x00000000       0x31 binaries/atol.o
 .comment       0x00000000       0x31 binaries/bzero.o
 .comment       0x00000000       0x31 binaries/ctype_.o
 .comment       0x00000000       0x31 binaries/doprnt.o
 .comment       0x00000000       0x31 binaries/doscan.o
 .comment       0x00000000       0x31 binaries/fdoprnt.o
 .comment       0x00000000       0x31 binaries/fgetc.o
 .comment       0x00000000       0x31 binaries/fgets.o
 .comment       0x00000000       0x31 binaries/fprintf.o
 .comment       0x00000000       0x31 binaries/fputc.o
 .comment       0x00000000       0x31 binaries/fputs.o
 .comment       0x00000000       0x31 binaries/fscanf.o
 .comment       0x00000000       0x31 binaries/getchar.o
 .comment       0x00000000       0x31 binaries/labs.o
 .comment       0x00000000       0x31 binaries/memchr.o
 .comment       0x00000000       0x31 binaries/memcmp.o
 .comment       0x00000000       0x31 binaries/memcpy.o
 .comment       0x00000000       0x31 binaries/memset.o
 .comment       0x00000000       0x31 binaries/printf.o
 .comment       0x00000000       0x31 binaries/putchar.o
 .comment       0x00000000       0x31 binaries/qsort.o
 .comment       0x00000000       0x31 binaries/rand.o
 .comment       0x00000000       0x31 binaries/sprintf.o
 .comment       0x00000000       0x31 binaries/sscanf.o
 .comment       0x00000000       0x31 binaries/strchr.o
 .comment       0x00000000       0x31 binaries/strcmp.o
 .comment       0x00000000       0x31 binaries/strcpy.o
 .comment       0x00000000       0x31 binaries/strlen.o
 .comment       0x00000000       0x31 binaries/strncat.o
 .comment       0x00000000       0x31 binaries/strncmp.o
 .comment       0x00000000       0x31 binaries/strncpy.o
 .comment       0x00000000       0x31 binaries/strnlen.o
 .comment       0x00000000       0x31 binaries/strrchr.o
 .comment       0x00000000       0x31 binaries/strstr.o
 .comment       0x00000000       0x31 binaries/ttyControl.o
 .comment       0x00000000       0x31 binaries/ttyGetc.o
 .comment       0x00000000       0x31 binaries/ttyInit.o
 .comment       0x00000000       0x31 binaries/ttyInter_in.o
 .comment       0x00000000       0x31 binaries/ttyInter_out.o
 .comment       0x00000000       0x31 binaries/ttyInterrupt.o
 .comment       0x00000000       0x31 binaries/ttyKickOut.o
 .comment       0x00000000       0x31 binaries/ttyPutc.o
 .comment       0x00000000       0x31 binaries/ttyRead.o
 .comment       0x00000000       0x31 binaries/ttyWrite.o
 .comment       0x00000000       0x31 binaries/mount.o
 .comment       0x00000000       0x31 binaries/namInit.o
 .comment       0x00000000       0x31 binaries/nammap.o
 .comment       0x00000000       0x31 binaries/namOpen.o
 .comment       0x00000000       0x31 binaries/colon2mac.o
 .comment       0x00000000       0x31 binaries/eth_a_init.o
 .comment       0x00000000       0x31 binaries/eth_a_intr.o
 .comment       0x00000000       0x31 binaries/eth_a_read.o
 .comment       0x00000000       0x31 binaries/eth_a_write.o
 .comment       0x00000000       0x31 binaries/ethControl.o
 .comment       0x00000000       0x31 binaries/ethInit.o
 .comment       0x00000000       0x31 binaries/ethInterrupt.o
 .comment       0x00000000       0x31 binaries/ethRead.o
 .comment       0x00000000       0x31 binaries/ethWrite.o
 .comment       0x00000000       0x31 binaries/arp.o
 .comment       0x00000000       0x31 binaries/dhcp.o
 .comment       0x00000000       0x31 binaries/dot2ip.o
 .comment       0x00000000       0x31 binaries/hexdump.o
 .comment       0x00000000       0x31 binaries/icmp.o
 .comment       0x00000000       0x31 binaries/ip.o
 .comment       0x00000000       0x31 binaries/net.o
 .comment       0x00000000       0x31 binaries/netstart.o
 .comment       0x00000000       0x31 binaries/pdump.o
 .comment       0x00000000       0x31 binaries/tftp.o
 .comment       0x00000000       0x31 binaries/udp.o
 .comment       0x00000000       0x31 binaries/addargs.o
 .comment       0x00000000       0x31 binaries/lexan.o
 .comment       0x00000000       0x31 binaries/shell.o
 .comment       0x00000000       0x31 binaries/xsh_argecho.o
 .comment       0x00000000       0x31 binaries/xsh_arp.o
 .comment       0x00000000       0x31 binaries/xsh_cat.o
 .comment       0x00000000       0x31 binaries/xsh_clear.o
 .comment       0x00000000       0x31 binaries/xsh_date.o
 .comment       0x00000000       0x31 binaries/xsh_devdump.o
 .comment       0x00000000       0x31 binaries/xsh_echo.o
 .comment       0x00000000       0x31 binaries/xsh_exit.o
 .comment       0x00000000       0x31 binaries/xsh_help.o
 .comment       0x00000000       0x31 binaries/xsh_kill.o
 .comment       0x00000000       0x31 binaries/xsh_led.o
 .comment       0x00000000       0x31 binaries/xsh_memdump.o
 .comment       0x00000000       0x31 binaries/xsh_memstat.o
 .comment       0x00000000       0x31 binaries/xsh_ping.o
 .comment       0x00000000       0x31 binaries/xsh_ps.o
 .comment       0x00000000       0x31 binaries/xsh_sleep.o
 .comment       0x00000000       0x31 binaries/xsh_udpdump.o
 .comment       0x00000000       0x31 binaries/xsh_udpeserver.o
 .comment       0x00000000       0x31 binaries/xsh_uptime.o

.debug_frame    0x00000000       0x40
 .debug_frame   0x00000000       0x20 ../arm-2013.11/lib/gcc/arm-none-eabi/4.8.1//libgcc.a(_udivsi3.o)
 .debug_frame   0x00000020       0x20 ../arm-2013.11/lib/gcc/arm-none-eabi/4.8.1//libgcc.a(_divsi3.o)
