Archive member included because of file (symbol)

../arm-2013.11/lib/gcc/arm-none-eabi/4.8.1//libgcc.a(_udivsi3.o)
                              binaries/qsort.o (__aeabi_uidiv)
../arm-2013.11/lib/gcc/arm-none-eabi/4.8.1//libgcc.a(_divsi3.o)
                              binaries/xsh_help.o (__aeabi_idiv)
../arm-2013.11/lib/gcc/arm-none-eabi/4.8.1//libgcc.a(_dvmd_tls.o)
                              ../arm-2013.11/lib/gcc/arm-none-eabi/4.8.1//libgcc.a(_udivsi3.o) (__aeabi_idiv0)

Allocating common symbols
Common symbol       size              file

netbufpool          0x4               binaries/net.o
readylist           0x2               binaries/ready.o
rfltab              0x5a0             binaries/rflinit.o
sleepq              0x2               binaries/clkinit.o
intc_vector         0x200             binaries/evec.o
nnames              0x4               binaries/naminit.o
udptab              0x180             binaries/udp.o
minheap             0x4               binaries/meminit.o
currpid             0x4               binaries/initialize.o
Lf_data             0x20c             binaries/lfsinit.o
porttab             0x2d0             binaries/ptinit.o
ttytab              0x10c             binaries/ttyinit.o
proctab             0x15e0            binaries/initialize.o
eth_a_regs          0x1c              binaries/ethinit.o
prcount             0x4               binaries/initialize.o
lfltab              0xf00             binaries/lflinit.o
rdstab              0x8c              binaries/rdsinit.o
ethertab            0x154             binaries/ethInit.o
NetData             0xa8              binaries/net.o
Defer               0x8               binaries/resched.o
semtab              0x4b0             binaries/initialize.o
maxheap             0x4               binaries/meminit.o
preempt             0x4               binaries/clkinit.o
buftab              0xf0              binaries/bufinit.o
Rf_data             0x18              binaries/rfsinit.o
clktime             0x4               binaries/clkinit.o
cpudelay            0x4               binaries/main.o
arpcache            0x140             binaries/arp.o
icmptab             0x230             binaries/icmp.o
nbpools             0x4               binaries/bufinit.o
queuetab            0x980             binaries/queue.o
ptnextid            0x4               binaries/ptinit.o
Ram                 0x19000           binaries/raminit.o
ipoqueue            0x2c              binaries/ip.o
memlist             0x8               binaries/initialize.o
nametab             0x19a0            binaries/naminit.o
ptfree              0x4               binaries/ptinit.o

Memory Configuration

Name             Origin             Length             Attributes
*default*        0x00000000         0xffffffff

Linker script and memory map

                0x81000000                physbase = 0x81000000
                0x81000000                . = physbase
                0x81000000                . = ALIGN (0x1000)

.text           0x81000000    0x14000
                0x81000000                text = ABSOLUTE (.)
 *(.text .text.*)
 .text          0x81000000       0x4c binaries/start.o
                0x81000000                start
 .text          0x8100004c      0x33c binaries/ascdate.o
                0x8100004c                ascdate
 .text          0x81000388       0x18 binaries/bufinit.o
                0x81000388                bufinit
 .text          0x810003a0       0x68 binaries/chprio.o
                0x810003a0                chprio
 .text          0x81000408       0xd8 binaries/clkhandler.o
                0x81000408                clkhandler
 .text          0x810004e0       0xd8 binaries/clkinit.o
                0x810004e0                clkinit
 .text          0x810005b8       0x50 binaries/close.o
                0x810005b8                close
 .text          0x81000608        0x0 binaries/conf.o
 .text          0x81000608       0x68 binaries/control.o
                0x81000608                control
 .text          0x81000670      0x290 binaries/create.o
                0x81000670                create
 .text          0x81000900       0xb0 binaries/evec.o
                0x81000900                initintc
                0x8100092c                set_evec
                0x8100096c                irq_dispatch
 .text          0x810009b0       0x7c binaries/freebuf.o
                0x810009b0                freebuf
 .text          0x81000a2c      0x148 binaries/freemem.o
                0x81000a2c                freemem
 .text          0x81000b74      0x100 binaries/getbuf.o
                0x81000b74                getbuf
                0x81000bec                nbgetbuf
 .text          0x81000c74       0x50 binaries/getc.o
                0x81000c74                getc
 .text          0x81000cc4       0x68 binaries/getdev.o
                0x81000cc4                getdev
 .text          0x81000d2c       0xa0 binaries/getitem.o
                0x81000d2c                getitem
                0x81000d5c                getfirst
                0x81000d90                getlast
 .text          0x81000dcc      0x108 binaries/getmem.o
                0x81000dcc                getmem
 .text          0x81000ed4       0x10 binaries/getpid.o
                0x81000ed4                getpid
 .text          0x81000ee4       0x5c binaries/getprio.o
                0x81000ee4                getprio
 .text          0x81000f40       0xc8 binaries/getstk.o
                0x81000f40                getstk
 .text          0x81001008       0x38 binaries/gettime.o
                0x81001008                gettime
 .text          0x81001040      0x1c8 binaries/getutime.o
                0x81001040                getutime
 .text          0x81001208       0x50 binaries/init.o
                0x81001208                init
 .text          0x81001258      0x284 binaries/initialize.o
                0x81001258                nulluser
                0x81001498                stop
                0x810014bc                delay
 .text          0x810014dc       0xc4 binaries/insert.o
                0x810014dc                insert
 .text          0x810015a0      0x128 binaries/insertd.o
                0x810015a0                insertd
 .text          0x810016c8        0x8 binaries/ioerr.o
                0x810016c8                ioerr
 .text          0x810016d0        0x8 binaries/ionull.o
                0x810016d0                ionull
 .text          0x810016d8      0x158 binaries/kill.o
                0x810016d8                kill
 .text          0x81001830       0xb4 binaries/kprintf.o
                0x81001830                kputc
                0x81001870                kgetc
                0x810018a4                kprintf
 .text          0x810018e4       0xd8 binaries/main.o
                0x810018e4                main
 .text          0x810019bc       0x44 binaries/meminit.o
                0x810019bc                meminit
 .text          0x81001a00      0x134 binaries/mkbufpool.o
                0x81001a00                mkbufpool
 .text          0x81001b34       0x7c binaries/newqueue.o
                0x81001b34                newqueue
 .text          0x81001bb0       0x60 binaries/open.o
                0x81001bb0                open
 .text          0x81001c10       0x20 binaries/panic.o
                0x81001c10                panic
 .text          0x81001c30       0x48 binaries/platinit.o
                0x81001c30                platinit
 .text          0x81001c78       0xa8 binaries/ptclear.o
                0x81001c78                _ptclear
 .text          0x81001d20       0x78 binaries/ptcount.o
                0x81001d20                ptcount
 .text          0x81001d98       0xdc binaries/ptcreate.o
                0x81001d98                ptcreate
 .text          0x81001e74       0x74 binaries/ptdelete.o
                0x81001e74                ptdelete
 .text          0x81001ee8       0xbc binaries/ptinit.o
                0x81001ee8                ptinit
 .text          0x81001fa4       0xd0 binaries/ptrecv.o
                0x81001fa4                ptrecv
 .text          0x81002074       0x68 binaries/ptreset.o
                0x81002074                ptreset
 .text          0x810020dc       0xf4 binaries/ptsend.o
                0x810020dc                ptsend
 .text          0x810021d0       0x58 binaries/putc.o
                0x810021d0                putc
 .text          0x81002228       0xdc binaries/queue.o
                0x81002228                enqueue
                0x810022a8                dequeue
 .text          0x81002304       0x60 binaries/read.o
                0x81002304                read
 .text          0x81002364       0x74 binaries/ready.o
                0x81002364                ready
 .text          0x810023d8       0x60 binaries/receive.o
                0x810023d8                receive
 .text          0x81002438       0x48 binaries/recvclr.o
                0x81002438                recvclr
 .text          0x81002480       0xb0 binaries/recvtime.o
                0x81002480                recvtime
 .text          0x81002530      0x1ac binaries/resched.o
                0x81002530                resched
                0x81002620                resched_cntl
 .text          0x810026dc       0x90 binaries/resume.o
                0x810026dc                resume
 .text          0x8100276c       0xbc binaries/sched_cntl.o
                0x8100276c                sched_cntl
 .text          0x81002828       0x58 binaries/seek.o
                0x81002828                seek
 .text          0x81002880       0x58 binaries/semcount.o
                0x81002880                semcount
 .text          0x810028d8       0xb8 binaries/semcreate.o
                0x810028d8                semcreate
 .text          0x81002990       0xac binaries/semdelete.o
                0x81002990                semdelete
 .text          0x81002a3c       0xa4 binaries/semreset.o
                0x81002a3c                semreset
 .text          0x81002ae0       0xcc binaries/send.o
                0x81002ae0                send
 .text          0x81002bac       0x80 binaries/signal.o
                0x81002bac                signal
 .text          0x81002c2c       0xb0 binaries/signaln.o
                0x81002c2c                signaln
 .text          0x81002cdc       0xcc binaries/sleep.o
                0x81002cdc                sleepms
                0x81002d78                sleep
 .text          0x81002da8       0xbc binaries/suspend.o
                0x81002da8                suspend
 .text          0x81002e64       0xb8 binaries/unsleep.o
                0x81002e64                unsleep
 .text          0x81002f1c       0x10 binaries/userret.o
                0x81002f1c                userret
 .text          0x81002f2c       0xac binaries/wait.o
                0x81002f2c                wait
 .text          0x81002fd8       0xa0 binaries/wakeup.o
                0x81002fd8                wakeup
 .text          0x81003078       0x60 binaries/write.o
                0x81003078                write
 .text          0x810030d8       0x18 binaries/xdone.o
                0x810030d8                xdone
 .text          0x810030f0       0x20 binaries/yield.o
                0x810030f0                yield
 .text          0x81003110        0xc binaries/abs.o
                0x81003110                abs
 .text          0x8100311c      0x114 binaries/atoi.o
                0x8100311c                atoi
 .text          0x81003230      0x114 binaries/atol.o
                0x81003230                atol
 .text          0x81003344       0x20 binaries/bzero.o
                0x81003344                bzero
 .text          0x81003364        0x0 binaries/ctype_.o
 .text          0x81003364      0x8fc binaries/doprnt.o
                0x81003548                _doprnt
 .text          0x81003c60      0x704 binaries/doscan.o
                0x81003c60                _doscan
 .text          0x81004364      0x898 binaries/fdoprnt.o
                0x81004410                _fdoprnt
 .text          0x81004bfc       0x14 binaries/fgetc.o
                0x81004bfc                fgetc
 .text          0x81004c10       0x84 binaries/fgets.o
                0x81004c10                fgets
 .text          0x81004c94       0x3c binaries/fprintf.o
                0x81004c94                fprintf
 .text          0x81004cd0       0x24 binaries/fputc.o
                0x81004cd0                fputc
 .text          0x81004cf4       0x38 binaries/fputs.o
                0x81004cf4                fputs
 .text          0x81004d2c       0x78 binaries/fscanf.o
                0x81004d60                fscanf
 .text          0x81004da4       0x2c binaries/getchar.o
                0x81004da4                getchar
 .text          0x81004dd0        0xc binaries/labs.o
                0x81004dd0                labs
 .text          0x81004ddc       0x48 binaries/memchr.o
                0x81004ddc                memchr
 .text          0x81004e24       0x60 binaries/memcmp.o
                0x81004e24                memcmp
 .text          0x81004e84       0x24 binaries/memcpy.o
                0x81004e84                memcpy
 .text          0x81004ea8       0x20 binaries/memset.o
                0x81004ea8                memset
 .text          0x81004ec8       0x58 binaries/printf.o
                0x81004ec8                printf
 .text          0x81004f20       0x2c binaries/putchar.o
                0x81004f20                putchar
 .text          0x81004f4c      0x254 binaries/qsort.o
                0x81005180                qsort
 .text          0x810051a0       0x3c binaries/rand.o
                0x810051a0                srand
                0x810051b0                rand
 .text          0x810051dc       0x68 binaries/sprintf.o
                0x810051f4                sprintf
 .text          0x81005244       0x78 binaries/sscanf.o
                0x81005278                sscanf
 .text          0x810052bc       0x48 binaries/strchr.o
                0x810052bc                strchr
 .text          0x81005304       0x54 binaries/strcmp.o
                0x81005304                strcmp
 .text          0x81005358       0x18 binaries/strcpy.o
                0x81005358                strcpy
 .text          0x81005370       0x30 binaries/strlen.o
                0x81005370                strlen
 .text          0x810053a0       0x50 binaries/strncat.o
                0x810053a0                strncat
 .text          0x810053f0       0x54 binaries/strncmp.o
                0x810053f0                strncmp
 .text          0x81005444       0x80 binaries/strncpy.o
                0x81005444                strncpy
 .text          0x810054c4       0x48 binaries/strnlen.o
                0x810054c4                strnlen
 .text          0x8100550c       0x58 binaries/strrchr.o
                0x8100550c                strrchr
 .text          0x81005564       0xb0 binaries/strstr.o
                0x81005564                strstr
 .text          0x81005614       0xc8 binaries/ttycontrol.o
                0x81005614                ttycontrol
 .text          0x810056dc       0x6c binaries/ttygetc.o
                0x810056dc                ttygetc
 .text          0x81005748      0x4d4 binaries/ttyhandle_in.o
                0x81005814                ttyhandle_in
 .text          0x81005c1c      0x14c binaries/ttyhandle_out.o
                0x81005c1c                ttyhandle_out
 .text          0x81005d68       0xc8 binaries/ttyhandler.o
                0x81005d68                ttyhandler
 .text          0x81005e30      0x118 binaries/ttyinit.o
                0x81005e30                ttyinit
 .text          0x81005f48        0xc binaries/ttykickout.o
                0x81005f48                ttykickout
 .text          0x81005f54       0x78 binaries/ttyputc.o
                0x81005f54                ttyputc
 .text          0x81005fcc      0x110 binaries/ttyread.o
                0x81005fcc                ttyread
 .text          0x810060dc       0x4c binaries/ttywrite.o
                0x810060dc                ttywrite
 .text          0x81006128      0x134 binaries/mount.o
                0x81006128                namlen
                0x8100617c                mount
 .text          0x8100625c      0x1c4 binaries/naminit.o
                0x8100625c                naminit
 .text          0x81006420      0x240 binaries/nammap.o
                0x81006420                namrepl
                0x81006558                namcpy
                0x810065b4                nammap
 .text          0x81006660       0x40 binaries/namopen.o
                0x81006660                namopen
 .text          0x810066a0       0x94 binaries/lfdballoc.o
                0x810066a0                lfdballoc
 .text          0x81006734       0x50 binaries/lfdbfree.o
                0x81006734                lfdbfree
 .text          0x81006784       0xb8 binaries/lfflush.o
                0x81006784                lfflush
 .text          0x8100683c       0xc8 binaries/lfgetmode.o
                0x8100683c                lfgetmode
 .text          0x81006904       0x6c binaries/lfiballoc.o
                0x81006904                lfiballoc
 .text          0x81006970       0x30 binaries/lfibclear.o
                0x81006970                lfibclear
 .text          0x810069a0       0x64 binaries/lfibget.o
                0x810069a0                lfibget
 .text          0x81006a04       0x8c binaries/lfibput.o
                0x81006a04                lfibput
 .text          0x81006a90       0x84 binaries/lflclose.o
                0x81006a90                lflclose
 .text          0x81006b14       0xa0 binaries/lflcontrol.o
                0x81006b14                lflcontrol
 .text          0x81006bb4       0xa8 binaries/lflgetc.o
                0x81006bb4                lflgetc
 .text          0x81006c5c       0xa8 binaries/lflinit.o
                0x81006c5c                lflinit
 .text          0x81006d04       0xdc binaries/lflputc.o
                0x81006d04                lflputc
 .text          0x81006de0       0x78 binaries/lflread.o
                0x81006de0                lflread
 .text          0x81006e58       0x80 binaries/lflseek.o
                0x81006e58                lflseek
 .text          0x81006ed8       0x5c binaries/lflwrite.o
                0x81006ed8                lflwrite
 .text          0x81006f34      0x11c binaries/lfsckfmt.o
                0x81006f34                lfsckfmt
 .text          0x81007050      0x15c binaries/lfscreate.o
                0x81007050                lfscreate
 .text          0x810071ac      0x1f0 binaries/lfsetup.o
                0x810071ac                lfsetup
 .text          0x8100739c       0x44 binaries/lfsinit.o
                0x8100739c                lfsinit
 .text          0x810073e0      0x320 binaries/lfsopen.o
                0x810073e0                lfsopen
 .text          0x81007700      0x108 binaries/lftruncate.o
                0x81007700                lftruncate
 .text          0x81007808        0x8 binaries/ramclose.o
                0x81007808                ramclose
 .text          0x81007810       0x3c binaries/raminit.o
                0x81007810                raminit
 .text          0x8100784c        0x8 binaries/ramopen.o
                0x8100784c                ramopen
 .text          0x81007854       0x24 binaries/ramread.o
                0x81007854                ramread
 .text          0x81007878       0x20 binaries/ramwrite.o
                0x81007878                ramwrite
 .text          0x81007898       0x90 binaries/rdsbufalloc.o
                0x81007898                rdsbufalloc
 .text          0x81007928       0xa0 binaries/rdsclose.o
                0x81007928                rdsclose
 .text          0x810079c8      0x1ec binaries/rdscomm.o
                0x810079c8                rdscomm
 .text          0x81007bb4      0x174 binaries/rdscontrol.o
                0x81007bb4                rdscontrol
 .text          0x81007d28      0x178 binaries/rdsinit.o
                0x81007d28                rdsinit
 .text          0x81007ea0      0x134 binaries/rdsopen.o
                0x81007ea0                rdsopen
 .text          0x81007fd4      0x304 binaries/rdsprocess.o
                0x81007fd4                rdsprocess
 .text          0x810082d8      0x1d4 binaries/rdsread.o
                0x810082d8                rdsread
 .text          0x810084ac      0x168 binaries/rdswrite.o
                0x810084ac                rdswrite
 .text          0x81008614       0x70 binaries/rflclose.o
                0x81008614                rflclose
 .text          0x81008684       0x28 binaries/rflgetc.o
                0x81008684                rflgetc
 .text          0x810086ac       0x54 binaries/rflinit.o
                0x810086ac                rflinit
 .text          0x81008700       0x30 binaries/rflputc.o
                0x81008700                rflputc
 .text          0x81008730      0x28c binaries/rflread.o
                0x81008730                rflread
 .text          0x810089bc       0x74 binaries/rflseek.o
                0x810089bc                rflseek
 .text          0x81008a30      0x2c8 binaries/rflwrite.o
                0x81008a30                rflwrite
 .text          0x81008cf8      0x198 binaries/rfscomm.o
                0x81008cf8                rfscomm
 .text          0x81008e90      0x224 binaries/rfscontrol.o
                0x81008e90                rfscontrol
 .text          0x810090b4       0xc8 binaries/rfsgetmode.o
                0x810090b4                rfsgetmode
 .text          0x8100917c       0x84 binaries/rfsinit.o
                0x8100917c                rfsinit
 .text          0x81009200       0xa4 binaries/rfsndmsg.o
                0x81009200                rfsndmsg
 .text          0x810092a4      0x22c binaries/rfsopen.o
                0x810092a4                rfsopen
 .text          0x810094d0      0x114 binaries/colon2mac.o
                0x810094d0                colon2mac
 .text          0x810095e4       0x24 binaries/ethControl.o
                0x810095e4                ethControl
 .text          0x81009608      0x178 binaries/ethhandler.o
                0x81009608                ethhandler
 .text          0x81009780      0x610 binaries/ethinit.o
                0x81009780                eth_phy_read
                0x810097f0                eth_phy_write
                0x81009848                eth_phy_reset
                0x81009920                ethinit
 .text          0x81009d90       0x94 binaries/ethInit.o
                0x81009d90                ethInit
 .text          0x81009e24       0x2c binaries/ethInterrupt.o
                0x81009e24                ethInterrupt
 .text          0x81009e50       0xd8 binaries/ethread.o
                0x81009e50                ethread
 .text          0x81009f28       0x4c binaries/ethRead.o
                0x81009f28                ethRead
 .text          0x81009f74       0xdc binaries/ethwrite.o
                0x81009f74                ethwrite
 .text          0x8100a050       0x50 binaries/ethWrite.o
                0x8100a050                ethWrite
 .text          0x8100a0a0      0x714 binaries/arp.o
                0x8100a0a0                arp_init
                0x8100a0c0                arp_alloc
                0x8100a194                arp_ntoh
                0x8100a238                arp_hton
                0x8100a2dc                arp_resolve
                0x8100a540                arp_in
 .text          0x8100a7b4      0xdc4 binaries/dhcp.o
                0x8100a7b4                dump_dhcp_msg
                0x8100ae00                get_dhcp_option_value
                0x8100ae60                build_dhcp_discover
                0x8100af8c                build_dhcp_request
                0x8100b138                getlocalip_boot
                0x8100b560                getlocalip
 .text          0x8100b578      0x104 binaries/dot2ip.o
                0x8100b578                dot2ip
 .text          0x8100b67c      0x33c binaries/hexdump.o
                0x8100b67c                hexdump
                0x8100b7dc                hexadump
 .text          0x8100b9b8      0x660 binaries/icmp.o
                0x8100b9b8                icmp_init
                0x8100b9dc                icmp_register
                0x8100ba98                icmp_recv
                0x8100bbe8                icmp_mkpkt
                0x8100bcd8                icmp_in
                0x8100be24                icmp_send
                0x8100be94                icmp_release
                0x8100bf50                icmp_cksum
                0x8100bfb0                icmp_hton
                0x8100bfe4                icmp_ntoh
 .text          0x8100c018      0x680 binaries/ip.o
                0x8100c018                ip_local
                0x8100c048                ipcksum
                0x8100c08c                ip_ntoh
                0x8100c130                ip_in
                0x8100c26c                ip_hton
                0x8100c310                ip_out
                0x8100c3d0                ip_send
                0x8100c500                ipout
                0x8100c5fc                ip_enqueue
 .text          0x8100c698      0x19c binaries/net.o
                0x8100c698                net_init
                0x8100c750                eth_hton
                0x8100c764                eth_ntoh
                0x8100c778                netin
 .text          0x8100c834       0xbc binaries/netstart.o
                0x8100c834                netstart
 .text          0x8100c8f0      0x9dc binaries/pdump.o
                0x8100c8f0                pdump
                0x8100ce7c                pdumph
 .text          0x8100d2cc      0x590 binaries/tftp.o
                0x8100d2cc                tftp_send1
                0x8100d3b8                tftpget_mb
                0x8100d828                tftpget
 .text          0x8100d85c      0x8a8 binaries/udp.o
                0x8100d85c                udp_init
                0x8100d884                udp_in
                0x8100d970                udp_register
                0x8100da6c                udp_recv
                0x8100db98                udp_recvaddr
                0x8100dce0                udp_send
                0x8100de50                udp_sendto
                0x8100dfe8                udp_release
                0x8100e09c                udp_ntoh
                0x8100e0d0                udp_hton
 .text          0x8100e104      0x120 binaries/addargs.o
                0x8100e104                addargs
 .text          0x8100e224      0x2b4 binaries/lexan.o
                0x8100e224                lexan
 .text          0x8100e4d8      0x6ac binaries/shell.o
                0x8100e4d8                shell
 .text          0x8100eb84       0x64 binaries/xsh_argecho.o
                0x8100eb84                xsh_argecho
 .text          0x8100ebe8      0x1f8 binaries/xsh_arp.o
                0x8100ebe8                xsh_arp
 .text          0x8100ede0      0x23c binaries/xsh_cat.o
                0x8100ede0                xsh_cat
 .text          0x8100f01c       0x5c binaries/xsh_clear.o
                0x8100f01c                xsh_clear
 .text          0x8100f078      0x29c binaries/xsh_date.o
                0x8100f078                xsh_date
 .text          0x8100f314       0x98 binaries/xsh_devdump.o
                0x8100f314                xsh_devdump
 .text          0x8100f3ac       0x68 binaries/xsh_echo.o
                0x8100f3ac                xsh_echo
 .text          0x8100f414        0x8 binaries/xsh_exit.o
                0x8100f414                xsh_exit
 .text          0x8100f41c      0x3d0 binaries/xsh_help.o
                0x8100f41c                xsh_help
 .text          0x8100f7ec      0x1f8 binaries/xsh_kill.o
                0x8100f7ec                xsh_kill
 .text          0x8100f9e4      0x2ac binaries/xsh_led.o
                0x8100f9e4                xsh_led
 .text          0x8100fc90      0x454 binaries/xsh_memdump.o
                0x8100fd8c                xsh_memdump
 .text          0x810100e4      0x224 binaries/xsh_memstat.o
                0x810100e4                xsh_memstat
 .text          0x81010308      0x300 binaries/xsh_ping.o
                0x81010308                xsh_ping
 .text          0x81010608      0x220 binaries/xsh_ps.o
                0x81010608                xsh_ps
 .text          0x81010828      0x1cc binaries/xsh_sleep.o
                0x81010828                xsh_sleep
 .text          0x810109f4      0x244 binaries/xsh_udpdump.o
                0x810109f4                xsh_udpdump
 .text          0x81010c38      0x254 binaries/xsh_udpeserver.o
                0x81010c38                xsh_udpeserver
 .text          0x81010e8c      0x1ac binaries/xsh_uptime.o
                0x81010e8c                xsh_uptime
 .text          0x81011038       0x2c binaries/ctxsw.o
                0x81011038                ctxsw
 .text          0x81011064      0x100 binaries/intr.o
                0x81011064                disable
                0x81011070                restore
                0x81011094                enable
                0x8101109c                pause
                0x8101109c                halt
                0x810110a4                irq_except
                0x810110d4                initevec
                0x81011134                expjmpinstr
 .text          0x81011164      0x114 ../arm-2013.11/lib/gcc/arm-none-eabi/4.8.1//libgcc.a(_udivsi3.o)
                0x81011164                __udivsi3
                0x81011164                __aeabi_uidiv
                0x81011258                __aeabi_uidivmod
 .text          0x81011278      0x148 ../arm-2013.11/lib/gcc/arm-none-eabi/4.8.1//libgcc.a(_divsi3.o)
                0x81011278                __aeabi_idiv
                0x81011278                __divsi3
                0x810113a0                __aeabi_idivmod
 .text          0x810113c0        0x4 ../arm-2013.11/lib/gcc/arm-none-eabi/4.8.1//libgcc.a(_dvmd_tls.o)
                0x810113c0                __aeabi_ldiv0
                0x810113c0                __aeabi_idiv0
 *(.rodata .rodata.*)
 .rodata.str1.4
                0x810113c4       0x78 binaries/ascdate.o
 .rodata.str1.4
                0x8101143c       0x6f binaries/conf.o
                                 0x70 (size before relaxing)
 *fill*         0x810114ab        0x1 
 .rodata.str1.4
                0x810114ac       0x60 binaries/getutime.o
 .rodata.str1.4
                0x8101150c      0x150 binaries/initialize.o
                                0x154 (size before relaxing)
 .rodata.str1.4
                0x8101165c       0x42 binaries/main.o
                                 0x44 (size before relaxing)
 *fill*         0x8101169e        0x2 
 .rodata.str1.4
                0x810116a0       0x10 binaries/panic.o
 .rodata.str1.4
                0x810116b0       0x1c binaries/ptinit.o
 .rodata.str1.4
                0x810116cc       0x25 binaries/ptsend.o
                                 0x28 (size before relaxing)
 *fill*         0x810116f1        0x3 
 .rodata.str1.4
                0x810116f4       0x27 binaries/xdone.o
                                 0x28 (size before relaxing)
 *fill*         0x8101171b        0x1 
 .rodata        0x8101171c       0x84 binaries/ctype_.o
                0x8101171c                _ctype_
 .rodata.str1.4
                0x810117a0       0x2f binaries/doprnt.o
                                 0x30 (size before relaxing)
 .rodata.str1.4
                0x00000000       0x30 binaries/fdoprnt.o
 *fill*         0x810117cf        0x1 
 .rodata.str1.4
                0x810117d0       0x86 binaries/naminit.o
                                 0x90 (size before relaxing)
 *fill*         0x81011856        0x2 
 .rodata.str1.4
                0x81011858       0x37 binaries/lfdballoc.o
                                 0x38 (size before relaxing)
 *fill*         0x8101188f        0x1 
 .rodata.str1.4
                0x81011890       0x14 binaries/lfiballoc.o
 .rodata.str1.4
                0x810118a4       0x23 binaries/lflcontrol.o
                                 0x24 (size before relaxing)
 *fill*         0x810118c7        0x1 
 .rodata.str1.4
                0x810118c8       0xbb binaries/lfsckfmt.o
                                 0xbc (size before relaxing)
 *fill*         0x81011983        0x1 
 .rodata.str1.4
                0x81011984        0x9 binaries/raminit.o
                                  0xc (size before relaxing)
 *fill*         0x8101198d        0x3 
 .rodata.str1.4
                0x81011990       0x2c binaries/rdsbufalloc.o
 .rodata.str1.4
                0x810119bc       0x76 binaries/rdscomm.o
                                 0x78 (size before relaxing)
 *fill*         0x81011a32        0x2 
 .rodata.str1.4
                0x81011a34       0x48 binaries/rdscontrol.o
 .rodata.str1.4
                0x81011a7c       0x96 binaries/rdsinit.o
                                 0x98 (size before relaxing)
 *fill*         0x81011b12        0x2 
 .rodata.str1.4
                0x81011b14       0x22 binaries/rdsopen.o
                                 0x24 (size before relaxing)
 *fill*         0x81011b36        0x2 
 .rodata.str1.4
                0x81011b38       0x4d binaries/rdsprocess.o
                                 0x50 (size before relaxing)
 *fill*         0x81011b85        0x3 
 .rodata.str1.4
                0x81011b88       0x21 binaries/rflread.o
                                 0x24 (size before relaxing)
 .rodata.str1.4
                0x00000000       0x24 binaries/rflwrite.o
 *fill*         0x81011ba9        0x3 
 .rodata.str1.4
                0x81011bac       0x75 binaries/rfscomm.o
                                 0x78 (size before relaxing)
 *fill*         0x81011c21        0x3 
 .rodata.str1.4
                0x81011c24       0x23 binaries/rfscontrol.o
                                 0x24 (size before relaxing)
 *fill*         0x81011c47        0x1 
 .rodata.str1.4
                0x81011c48       0x57 binaries/rfsinit.o
                                 0x68 (size before relaxing)
 *fill*         0x81011c9f        0x1 
 .rodata.str1.4
                0x81011ca0       0x2a binaries/rfsndmsg.o
                                 0x2c (size before relaxing)
 .rodata.str1.4
                0x00000000       0x24 binaries/rfsopen.o
 *fill*         0x81011cca        0x2 
 .rodata.str1.4
                0x81011ccc       0xc1 binaries/ethinit.o
                                 0xc4 (size before relaxing)
 *fill*         0x81011d8d        0x3 
 .rodata.str1.4
                0x81011d90       0x12 binaries/ethread.o
                                 0x14 (size before relaxing)
 *fill*         0x81011da2        0x2 
 .rodata.str1.4
                0x81011da4        0x6 binaries/ethwrite.o
                                  0x8 (size before relaxing)
 *fill*         0x81011daa        0x2 
 .rodata.str1.4
                0x81011dac       0x3d binaries/arp.o
                                 0x40 (size before relaxing)
 *fill*         0x81011de9        0x3 
 .rodata.str1.4
                0x81011dec      0x462 binaries/dhcp.o
                                0x468 (size before relaxing)
 *fill*         0x8101224e        0x2 
 .rodata.str1.4
                0x81012250       0xca binaries/hexdump.o
                                 0xd8 (size before relaxing)
 *fill*         0x8101231a        0x2 
 .rodata.str1.4
                0x8101231c       0x29 binaries/icmp.o
                                 0x2c (size before relaxing)
 *fill*         0x81012345        0x3 
 .rodata.str1.4
                0x81012348       0x7e binaries/ip.o
                                 0x80 (size before relaxing)
 *fill*         0x810123c6        0x2 
 .rodata.str1.4
                0x810123c8       0x53 binaries/net.o
                                 0x54 (size before relaxing)
 *fill*         0x8101241b        0x1 
 .rodata.str1.4
                0x8101241c       0xcf binaries/netstart.o
                                 0xd0 (size before relaxing)
 *fill*         0x810124eb        0x1 
 .rodata.str1.4
                0x810124ec      0x292 binaries/pdump.o
                                0x298 (size before relaxing)
 *fill*         0x8101277e        0x2 
 .rodata.str1.4
                0x81012780      0x175 binaries/tftp.o
                                0x17c (size before relaxing)
 *fill*         0x810128f5        0x3 
 .rodata.str1.4
                0x810128f8       0x78 binaries/udp.o
 .rodata        0x81012970       0xf0 binaries/shell.o
                0x81012970                cmdtab
 .rodata.str1.4
                0x81012a60      0x2de binaries/shell.o
                                0x2e8 (size before relaxing)
 *fill*         0x81012d3e        0x2 
 .rodata.str1.4
                0x81012d40       0x29 binaries/xsh_argecho.o
                                 0x30 (size before relaxing)
 *fill*         0x81012d69        0x3 
 .rodata.str1.4
                0x81012d6c      0x13e binaries/xsh_arp.o
                                0x144 (size before relaxing)
 *fill*         0x81012eaa        0x2 
 .rodata.str1.4
                0x81012eac       0x81 binaries/xsh_cat.o
                                 0xd4 (size before relaxing)
 *fill*         0x81012f2d        0x3 
 .rodata.str1.4
                0x81012f30       0x15 binaries/xsh_clear.o
                                 0x18 (size before relaxing)
 *fill*         0x81012f45        0x3 
 .rodata.str1.4
                0x81012f48      0x1af binaries/xsh_date.o
                                0x1cc (size before relaxing)
 *fill*         0x810130f7        0x1 
 .rodata.str1.4
                0x810130f8       0x61 binaries/xsh_devdump.o
                                 0x64 (size before relaxing)
 *fill*         0x81013159        0x3 
 .rodata.str1.4
                0x8101315c        0x8 binaries/xsh_echo.o
                                  0xc (size before relaxing)
 .rodata.str1.4
                0x81013164       0xe7 binaries/xsh_help.o
                                0x17c (size before relaxing)
 *fill*         0x8101324b        0x1 
 .rodata.str1.4
                0x8101324c       0xc8 binaries/xsh_kill.o
                                0x138 (size before relaxing)
 .rodata.str1.4
                0x81013314       0xf7 binaries/xsh_led.o
                                0x16c (size before relaxing)
 *fill*         0x8101340b        0x1 
 .rodata.str1.4
                0x8101340c      0x1e2 binaries/xsh_memdump.o
                                0x264 (size before relaxing)
 *fill*         0x810135ee        0x2 
 .rodata.str1.4
                0x810135f0      0x1cc binaries/xsh_memstat.o
                                0x234 (size before relaxing)
 .rodata.str1.4
                0x810137bc      0x10f binaries/xsh_ping.o
                                0x184 (size before relaxing)
 *fill*         0x810138cb        0x1 
 .rodata        0x810138cc       0x20 binaries/xsh_ps.o
 .rodata.str1.4
                0x810138ec      0x11a binaries/xsh_ps.o
                                0x1d4 (size before relaxing)
 *fill*         0x81013a06        0x2 
 .rodata.str1.4
                0x81013a08       0x5e binaries/xsh_sleep.o
                                 0xf8 (size before relaxing)
 *fill*         0x81013a66        0x2 
 .rodata        0x81013a68        0xc binaries/xsh_udpdump.o
 .rodata.str1.4
                0x81013a74      0x122 binaries/xsh_udpdump.o
                                0x1e0 (size before relaxing)
 *fill*         0x81013b96        0x2 
 .rodata.str1.4
                0x81013b98       0xbb binaries/xsh_udpeserver.o
                                0x13c (size before relaxing)
 *fill*         0x81013c53        0x1 
 .rodata.str1.4
                0x81013c54       0x78 binaries/xsh_uptime.o
                                0x114 (size before relaxing)
                0x81013ccc                etext = ABSOLUTE (.)
                0x81014000                . = ALIGN (0x1000)
 *fill*         0x81013ccc      0x334 

.glue_7         0x81014000        0x0
 .glue_7        0x00000000        0x0 linker stubs

.glue_7t        0x81014000        0x0
 .glue_7t       0x00000000        0x0 linker stubs

.vfp11_veneer   0x81014000        0x0
 .vfp11_veneer  0x00000000        0x0 linker stubs

.v4_bx          0x81014000        0x0
 .v4_bx         0x00000000        0x0 linker stubs

.iplt           0x81014000        0x0
 .iplt          0x00000000        0x0 binaries/start.o

.rel.dyn        0x81014000        0x0
 .rel.iplt      0x00000000        0x0 binaries/start.o

.data           0x81014000     0x1000
                0x81014000                data = ABSOLUTE (.)
 *(.data .data.*)
 .data          0x81014000        0x0 binaries/start.o
 .data          0x81014000       0x88 binaries/ascdate.o
                0x81014000                Date
 .data          0x81014088        0x0 binaries/bufinit.o
 .data          0x81014088        0x0 binaries/chprio.o
 .data          0x81014088        0x4 binaries/clkhandler.o
 .data          0x8101408c        0x0 binaries/clkinit.o
 .data          0x8101408c        0x0 binaries/close.o
 .data          0x8101408c      0x30c binaries/conf.o
                0x8101408c                devtab
 .data          0x81014398        0x0 binaries/control.o
 .data          0x81014398        0x4 binaries/create.o
 .data          0x8101439c       0x40 binaries/evec.o
                0x8101439c                expmsg2
                0x810143b0                expmsg1
 .data          0x810143dc        0x0 binaries/freebuf.o
 .data          0x810143dc        0x0 binaries/freemem.o
 .data          0x810143dc        0x0 binaries/getbuf.o
 .data          0x810143dc        0x0 binaries/getc.o
 .data          0x810143dc        0x0 binaries/getdev.o
 .data          0x810143dc        0x0 binaries/getitem.o
 .data          0x810143dc        0x0 binaries/getmem.o
 .data          0x810143dc        0x0 binaries/getpid.o
 .data          0x810143dc        0x0 binaries/getprio.o
 .data          0x810143dc        0x0 binaries/getstk.o
 .data          0x810143dc        0x0 binaries/gettime.o
 .data          0x810143dc        0x0 binaries/getutime.o
 .data          0x810143dc        0x0 binaries/init.o
 .data          0x810143dc        0x0 binaries/initialize.o
 .data          0x810143dc        0x0 binaries/insert.o
 .data          0x810143dc        0x0 binaries/insertd.o
 .data          0x810143dc        0x0 binaries/ioerr.o
 .data          0x810143dc        0x0 binaries/ionull.o
 .data          0x810143dc        0x0 binaries/kill.o
 .data          0x810143dc        0x0 binaries/kprintf.o
 .data          0x810143dc        0x0 binaries/main.o
 .data          0x810143dc        0x0 binaries/meminit.o
 .data          0x810143dc        0x0 binaries/mkbufpool.o
 .data          0x810143dc        0x2 binaries/newqueue.o
 .data          0x810143de        0x0 binaries/open.o
 .data          0x810143de        0x0 binaries/panic.o
 .data          0x810143de        0x0 binaries/platinit.o
 .data          0x810143de        0x0 binaries/ptclear.o
 .data          0x810143de        0x0 binaries/ptcount.o
 .data          0x810143de        0x0 binaries/ptcreate.o
 .data          0x810143de        0x0 binaries/ptdelete.o
 .data          0x810143de        0x0 binaries/ptinit.o
 .data          0x810143de        0x0 binaries/ptrecv.o
 .data          0x810143de        0x0 binaries/ptreset.o
 .data          0x810143de        0x0 binaries/ptsend.o
 .data          0x810143de        0x0 binaries/putc.o
 .data          0x810143de        0x0 binaries/queue.o
 .data          0x810143de        0x0 binaries/read.o
 .data          0x810143de        0x0 binaries/ready.o
 .data          0x810143de        0x0 binaries/receive.o
 .data          0x810143de        0x0 binaries/recvclr.o
 .data          0x810143de        0x0 binaries/recvtime.o
 .data          0x810143de        0x0 binaries/resched.o
 .data          0x810143de        0x0 binaries/resume.o
 .data          0x810143de        0x0 binaries/sched_cntl.o
 .data          0x810143de        0x0 binaries/seek.o
 .data          0x810143de        0x0 binaries/semcount.o
 .data          0x810143de        0x0 binaries/semcreate.o
 .data          0x810143de        0x0 binaries/semdelete.o
 .data          0x810143de        0x0 binaries/semreset.o
 .data          0x810143de        0x0 binaries/send.o
 .data          0x810143de        0x0 binaries/signal.o
 .data          0x810143de        0x0 binaries/signaln.o
 .data          0x810143de        0x0 binaries/sleep.o
 .data          0x810143de        0x0 binaries/suspend.o
 .data          0x810143de        0x0 binaries/unsleep.o
 .data          0x810143de        0x0 binaries/userret.o
 .data          0x810143de        0x0 binaries/wait.o
 .data          0x810143de        0x0 binaries/wakeup.o
 .data          0x810143de        0x0 binaries/write.o
 .data          0x810143de        0x0 binaries/xdone.o
 .data          0x810143de        0x0 binaries/yield.o
 .data          0x810143de        0x0 binaries/abs.o
 .data          0x810143de        0x0 binaries/atoi.o
 .data          0x810143de        0x0 binaries/atol.o
 .data          0x810143de        0x0 binaries/bzero.o
 .data          0x810143de        0x0 binaries/ctype_.o
 .data          0x810143de        0x0 binaries/doprnt.o
 *fill*         0x810143de        0x2 
 .data          0x810143e0       0x80 binaries/doscan.o
                0x810143e0                _sctab
 .data          0x81014460        0x0 binaries/fdoprnt.o
 .data          0x81014460        0x0 binaries/fgetc.o
 .data          0x81014460        0x0 binaries/fgets.o
 .data          0x81014460        0x0 binaries/fprintf.o
 .data          0x81014460        0x0 binaries/fputc.o
 .data          0x81014460        0x0 binaries/fputs.o
 .data          0x81014460        0x0 binaries/fscanf.o
 .data          0x81014460        0x0 binaries/getchar.o
 .data          0x81014460        0x0 binaries/labs.o
 .data          0x81014460        0x0 binaries/memchr.o
 .data          0x81014460        0x0 binaries/memcmp.o
 .data          0x81014460        0x0 binaries/memcpy.o
 .data          0x81014460        0x0 binaries/memset.o
 .data          0x81014460        0x0 binaries/printf.o
 .data          0x81014460        0x0 binaries/putchar.o
 .data          0x81014460        0x0 binaries/qsort.o
 .data          0x81014460        0x4 binaries/rand.o
 .data          0x81014464        0x0 binaries/sprintf.o
 .data          0x81014464        0x0 binaries/sscanf.o
 .data          0x81014464        0x0 binaries/strchr.o
 .data          0x81014464        0x0 binaries/strcmp.o
 .data          0x81014464        0x0 binaries/strcpy.o
 .data          0x81014464        0x0 binaries/strlen.o
 .data          0x81014464        0x0 binaries/strncat.o
 .data          0x81014464        0x0 binaries/strncmp.o
 .data          0x81014464        0x0 binaries/strncpy.o
 .data          0x81014464        0x0 binaries/strnlen.o
 .data          0x81014464        0x0 binaries/strrchr.o
 .data          0x81014464        0x0 binaries/strstr.o
 .data          0x81014464        0x0 binaries/ttycontrol.o
 .data          0x81014464        0x0 binaries/ttygetc.o
 .data          0x81014464        0x0 binaries/ttyhandle_in.o
 .data          0x81014464        0x0 binaries/ttyhandle_out.o
 .data          0x81014464        0x0 binaries/ttyhandler.o
 .data          0x81014464        0x0 binaries/ttyinit.o
 .data          0x81014464        0x0 binaries/ttykickout.o
 .data          0x81014464        0x0 binaries/ttyputc.o
 .data          0x81014464        0x0 binaries/ttyread.o
 .data          0x81014464        0x0 binaries/ttywrite.o
 .data          0x81014464        0x0 binaries/mount.o
 .data          0x81014464        0x0 binaries/naminit.o
 .data          0x81014464        0x0 binaries/nammap.o
 .data          0x81014464        0x0 binaries/namopen.o
 .data          0x81014464        0x0 binaries/lfdballoc.o
 .data          0x81014464        0x0 binaries/lfdbfree.o
 .data          0x81014464        0x0 binaries/lfflush.o
 .data          0x81014464        0x0 binaries/lfgetmode.o
 .data          0x81014464        0x0 binaries/lfiballoc.o
 .data          0x81014464        0x0 binaries/lfibclear.o
 .data          0x81014464        0x0 binaries/lfibget.o
 .data          0x81014464        0x0 binaries/lfibput.o
 .data          0x81014464        0x0 binaries/lflclose.o
 .data          0x81014464        0x0 binaries/lflcontrol.o
 .data          0x81014464        0x0 binaries/lflgetc.o
 .data          0x81014464        0x0 binaries/lflinit.o
 .data          0x81014464        0x0 binaries/lflputc.o
 .data          0x81014464        0x0 binaries/lflread.o
 .data          0x81014464        0x0 binaries/lflseek.o
 .data          0x81014464        0x0 binaries/lflwrite.o
 .data          0x81014464        0x0 binaries/lfsckfmt.o
 .data          0x81014464        0x0 binaries/lfscreate.o
 .data          0x81014464        0x0 binaries/lfsetup.o
 .data          0x81014464        0x0 binaries/lfsinit.o
 .data          0x81014464        0x0 binaries/lfsopen.o
 .data          0x81014464        0x0 binaries/lftruncate.o
 .data          0x81014464        0x0 binaries/ramclose.o
 .data          0x81014464        0x0 binaries/raminit.o
 .data          0x81014464        0x0 binaries/ramopen.o
 .data          0x81014464        0x0 binaries/ramread.o
 .data          0x81014464        0x0 binaries/ramwrite.o
 .data          0x81014464        0x0 binaries/rdsbufalloc.o
 .data          0x81014464        0x0 binaries/rdsclose.o
 .data          0x81014464        0x0 binaries/rdscomm.o
 .data          0x81014464        0x0 binaries/rdscontrol.o
 .data          0x81014464        0x0 binaries/rdsinit.o
 .data          0x81014464        0x0 binaries/rdsopen.o
 .data          0x81014464        0x0 binaries/rdsprocess.o
 .data          0x81014464        0x0 binaries/rdsread.o
 .data          0x81014464        0x0 binaries/rdswrite.o
 .data          0x81014464        0x0 binaries/rflclose.o
 .data          0x81014464        0x0 binaries/rflgetc.o
 .data          0x81014464        0x0 binaries/rflinit.o
 .data          0x81014464        0x0 binaries/rflputc.o
 .data          0x81014464        0x0 binaries/rflread.o
 .data          0x81014464        0x0 binaries/rflseek.o
 .data          0x81014464        0x0 binaries/rflwrite.o
 .data          0x81014464        0x0 binaries/rfscomm.o
 .data          0x81014464        0x0 binaries/rfscontrol.o
 .data          0x81014464        0x0 binaries/rfsgetmode.o
 .data          0x81014464        0x0 binaries/rfsinit.o
 .data          0x81014464        0x0 binaries/rfsndmsg.o
 .data          0x81014464        0x0 binaries/rfsopen.o
 .data          0x81014464        0x0 binaries/colon2mac.o
 .data          0x81014464        0x0 binaries/ethControl.o
 .data          0x81014464        0x0 binaries/ethhandler.o
 .data          0x81014464        0x0 binaries/ethinit.o
 .data          0x81014464        0x0 binaries/ethInit.o
 .data          0x81014464        0x0 binaries/ethInterrupt.o
 .data          0x81014464        0x0 binaries/ethread.o
 .data          0x81014464        0x0 binaries/ethRead.o
 .data          0x81014464        0x0 binaries/ethwrite.o
 .data          0x81014464        0x0 binaries/ethWrite.o
 .data          0x81014464        0x0 binaries/arp.o
 .data          0x81014464        0x0 binaries/dhcp.o
 .data          0x81014464        0x0 binaries/dot2ip.o
 .data          0x81014464        0x0 binaries/hexdump.o
 .data          0x81014464        0x4 binaries/icmp.o
 .data          0x81014468        0x0 binaries/ip.o
 .data          0x81014468        0x0 binaries/net.o
 .data          0x81014468        0x0 binaries/netstart.o
 .data          0x81014468        0x0 binaries/pdump.o
 .data          0x81014468        0x0 binaries/tftp.o
 .data          0x81014468        0x4 binaries/udp.o
 .data          0x8101446c        0x0 binaries/addargs.o
 .data          0x8101446c        0x0 binaries/lexan.o
 .data          0x8101446c        0x4 binaries/shell.o
                0x8101446c                ncmd
 .data          0x81014470        0x0 binaries/xsh_argecho.o
 .data          0x81014470        0x0 binaries/xsh_arp.o
 .data          0x81014470        0x0 binaries/xsh_cat.o
 .data          0x81014470        0x0 binaries/xsh_clear.o
 .data          0x81014470        0x0 binaries/xsh_date.o
 .data          0x81014470        0x0 binaries/xsh_devdump.o
 .data          0x81014470        0x0 binaries/xsh_echo.o
 .data          0x81014470        0x0 binaries/xsh_exit.o
 .data          0x81014470        0x0 binaries/xsh_help.o
 .data          0x81014470        0x0 binaries/xsh_kill.o
 .data          0x81014470        0x0 binaries/xsh_led.o
 .data          0x81014470        0x0 binaries/xsh_memdump.o
 .data          0x81014470        0x0 binaries/xsh_memstat.o
 .data          0x81014470        0x0 binaries/xsh_ping.o
 .data          0x81014470        0x0 binaries/xsh_ps.o
 .data          0x81014470        0x0 binaries/xsh_sleep.o
 .data          0x81014470        0x0 binaries/xsh_udpdump.o
 .data          0x81014470        0x0 binaries/xsh_udpeserver.o
 .data          0x81014470        0x0 binaries/xsh_uptime.o
 .data          0x81014470        0x0 binaries/ctxsw.o
 .data          0x81014470        0x0 binaries/intr.o
 .data          0x81014470        0x0 ../arm-2013.11/lib/gcc/arm-none-eabi/4.8.1//libgcc.a(_udivsi3.o)
 .data          0x81014470        0x0 ../arm-2013.11/lib/gcc/arm-none-eabi/4.8.1//libgcc.a(_divsi3.o)
 .data          0x81014470        0x0 ../arm-2013.11/lib/gcc/arm-none-eabi/4.8.1//libgcc.a(_dvmd_tls.o)
                0x81014470                edata = ABSOLUTE (.)
                0x81015000                . = ALIGN (0x1000)
 *fill*         0x81014470      0xb90 

.igot.plt       0x81015000        0x0
 .igot.plt      0x00000000        0x0 binaries/start.o

.bss            0x81015000    0x20000
                0x81015000                bss = ABSOLUTE (.)
 *(.bss .bss.*)
 .bss           0x81015000        0x0 binaries/start.o
 .bss           0x81015000        0x0 binaries/ascdate.o
 .bss           0x81015000        0x0 binaries/bufinit.o
 .bss           0x81015000        0x0 binaries/chprio.o
 .bss           0x81015000        0x0 binaries/clkhandler.o
 .bss           0x81015000        0x4 binaries/clkinit.o
                0x81015000                ctr1000
 .bss           0x81015004        0x0 binaries/close.o
 .bss           0x81015004        0x0 binaries/conf.o
 .bss           0x81015004        0x0 binaries/control.o
 .bss           0x81015004        0x0 binaries/create.o
 .bss           0x81015004        0x0 binaries/evec.o
 .bss           0x81015004        0x0 binaries/freebuf.o
 .bss           0x81015004        0x0 binaries/freemem.o
 .bss           0x81015004        0x0 binaries/getbuf.o
 .bss           0x81015004        0x0 binaries/getc.o
 .bss           0x81015004        0x0 binaries/getdev.o
 .bss           0x81015004        0x0 binaries/getitem.o
 .bss           0x81015004        0x0 binaries/getmem.o
 .bss           0x81015004        0x0 binaries/getpid.o
 .bss           0x81015004        0x0 binaries/getprio.o
 .bss           0x81015004        0x0 binaries/getstk.o
 .bss           0x81015004        0x0 binaries/gettime.o
 .bss           0x81015004        0x0 binaries/getutime.o
 .bss           0x81015004        0x0 binaries/init.o
 .bss           0x81015004        0x0 binaries/initialize.o
 .bss           0x81015004        0x0 binaries/insert.o
 .bss           0x81015004        0x0 binaries/insertd.o
 .bss           0x81015004        0x0 binaries/ioerr.o
 .bss           0x81015004        0x0 binaries/ionull.o
 .bss           0x81015004        0x0 binaries/kill.o
 .bss           0x81015004        0x0 binaries/kprintf.o
 .bss           0x81015004        0x0 binaries/main.o
 .bss           0x81015004        0x0 binaries/meminit.o
 .bss           0x81015004        0x0 binaries/mkbufpool.o
 .bss           0x81015004        0x0 binaries/newqueue.o
 .bss           0x81015004        0x0 binaries/open.o
 .bss           0x81015004        0x0 binaries/panic.o
 .bss           0x81015004        0x0 binaries/platinit.o
 .bss           0x81015004        0x0 binaries/ptclear.o
 .bss           0x81015004        0x0 binaries/ptcount.o
 .bss           0x81015004        0x0 binaries/ptcreate.o
 .bss           0x81015004        0x0 binaries/ptdelete.o
 .bss           0x81015004        0x0 binaries/ptinit.o
 .bss           0x81015004        0x0 binaries/ptrecv.o
 .bss           0x81015004        0x0 binaries/ptreset.o
 .bss           0x81015004        0x0 binaries/ptsend.o
 .bss           0x81015004        0x0 binaries/putc.o
 .bss           0x81015004        0x0 binaries/queue.o
 .bss           0x81015004        0x0 binaries/read.o
 .bss           0x81015004        0x0 binaries/ready.o
 .bss           0x81015004        0x0 binaries/receive.o
 .bss           0x81015004        0x0 binaries/recvclr.o
 .bss           0x81015004        0x0 binaries/recvtime.o
 .bss           0x81015004        0x0 binaries/resched.o
 .bss           0x81015004        0x0 binaries/resume.o
 .bss           0x81015004        0x0 binaries/sched_cntl.o
 .bss           0x81015004        0x0 binaries/seek.o
 .bss           0x81015004        0x0 binaries/semcount.o
 .bss           0x81015004        0x4 binaries/semcreate.o
 .bss           0x81015008        0x0 binaries/semdelete.o
 .bss           0x81015008        0x0 binaries/semreset.o
 .bss           0x81015008        0x0 binaries/send.o
 .bss           0x81015008        0x0 binaries/signal.o
 .bss           0x81015008        0x0 binaries/signaln.o
 .bss           0x81015008        0x0 binaries/sleep.o
 .bss           0x81015008        0x0 binaries/suspend.o
 .bss           0x81015008        0x0 binaries/unsleep.o
 .bss           0x81015008        0x0 binaries/userret.o
 .bss           0x81015008        0x0 binaries/wait.o
 .bss           0x81015008        0x0 binaries/wakeup.o
 .bss           0x81015008        0x0 binaries/write.o
 .bss           0x81015008        0x0 binaries/xdone.o
 .bss           0x81015008        0x0 binaries/yield.o
 .bss           0x81015008        0x0 binaries/abs.o
 .bss           0x81015008        0x0 binaries/atoi.o
 .bss           0x81015008        0x0 binaries/atol.o
 .bss           0x81015008        0x0 binaries/bzero.o
 .bss           0x81015008        0x0 binaries/ctype_.o
 .bss           0x81015008        0x0 binaries/doprnt.o
 .bss           0x81015008        0x0 binaries/doscan.o
 .bss           0x81015008        0x0 binaries/fdoprnt.o
 .bss           0x81015008        0x0 binaries/fgetc.o
 .bss           0x81015008        0x0 binaries/fgets.o
 .bss           0x81015008        0x0 binaries/fprintf.o
 .bss           0x81015008        0x0 binaries/fputc.o
 .bss           0x81015008        0x0 binaries/fputs.o
 .bss           0x81015008        0x0 binaries/fscanf.o
 .bss           0x81015008        0x0 binaries/getchar.o
 .bss           0x81015008        0x0 binaries/labs.o
 .bss           0x81015008        0x0 binaries/memchr.o
 .bss           0x81015008        0x0 binaries/memcmp.o
 .bss           0x81015008        0x0 binaries/memcpy.o
 .bss           0x81015008        0x0 binaries/memset.o
 .bss           0x81015008        0x0 binaries/printf.o
 .bss           0x81015008        0x0 binaries/putchar.o
 .bss           0x81015008        0x8 binaries/qsort.o
 .bss           0x81015010        0x0 binaries/rand.o
 .bss           0x81015010        0x0 binaries/sprintf.o
 .bss           0x81015010        0x0 binaries/sscanf.o
 .bss           0x81015010        0x0 binaries/strchr.o
 .bss           0x81015010        0x0 binaries/strcmp.o
 .bss           0x81015010        0x0 binaries/strcpy.o
 .bss           0x81015010        0x0 binaries/strlen.o
 .bss           0x81015010        0x0 binaries/strncat.o
 .bss           0x81015010        0x0 binaries/strncmp.o
 .bss           0x81015010        0x0 binaries/strncpy.o
 .bss           0x81015010        0x0 binaries/strnlen.o
 .bss           0x81015010        0x0 binaries/strrchr.o
 .bss           0x81015010        0x0 binaries/strstr.o
 .bss           0x81015010        0x0 binaries/ttycontrol.o
 .bss           0x81015010        0x0 binaries/ttygetc.o
 .bss           0x81015010        0x0 binaries/ttyhandle_in.o
 .bss           0x81015010        0x0 binaries/ttyhandle_out.o
 .bss           0x81015010        0x0 binaries/ttyhandler.o
 .bss           0x81015010        0x0 binaries/ttyinit.o
 .bss           0x81015010        0x0 binaries/ttykickout.o
 .bss           0x81015010        0x0 binaries/ttyputc.o
 .bss           0x81015010        0x0 binaries/ttyread.o
 .bss           0x81015010        0x0 binaries/ttywrite.o
 .bss           0x81015010        0x0 binaries/mount.o
 .bss           0x81015010        0x0 binaries/naminit.o
 .bss           0x81015010        0x0 binaries/nammap.o
 .bss           0x81015010        0x0 binaries/namopen.o
 .bss           0x81015010        0x0 binaries/lfdballoc.o
 .bss           0x81015010        0x0 binaries/lfdbfree.o
 .bss           0x81015010        0x0 binaries/lfflush.o
 .bss           0x81015010        0x0 binaries/lfgetmode.o
 .bss           0x81015010        0x0 binaries/lfiballoc.o
 .bss           0x81015010        0x0 binaries/lfibclear.o
 .bss           0x81015010        0x0 binaries/lfibget.o
 .bss           0x81015010        0x0 binaries/lfibput.o
 .bss           0x81015010        0x0 binaries/lflclose.o
 .bss           0x81015010        0x0 binaries/lflcontrol.o
 .bss           0x81015010        0x0 binaries/lflgetc.o
 .bss           0x81015010        0x0 binaries/lflinit.o
 .bss           0x81015010        0x0 binaries/lflputc.o
 .bss           0x81015010        0x0 binaries/lflread.o
 .bss           0x81015010        0x0 binaries/lflseek.o
 .bss           0x81015010        0x0 binaries/lflwrite.o
 .bss           0x81015010        0x0 binaries/lfsckfmt.o
 .bss           0x81015010        0x0 binaries/lfscreate.o
 .bss           0x81015010        0x0 binaries/lfsetup.o
 .bss           0x81015010        0x0 binaries/lfsinit.o
 .bss           0x81015010        0x0 binaries/lfsopen.o
 .bss           0x81015010        0x0 binaries/lftruncate.o
 .bss           0x81015010        0x0 binaries/ramclose.o
 .bss           0x81015010        0x0 binaries/raminit.o
 .bss           0x81015010        0x0 binaries/ramopen.o
 .bss           0x81015010        0x0 binaries/ramread.o
 .bss           0x81015010        0x0 binaries/ramwrite.o
 .bss           0x81015010        0x0 binaries/rdsbufalloc.o
 .bss           0x81015010        0x0 binaries/rdsclose.o
 .bss           0x81015010        0x0 binaries/rdscomm.o
 .bss           0x81015010        0x0 binaries/rdscontrol.o
 .bss           0x81015010        0x0 binaries/rdsinit.o
 .bss           0x81015010        0x0 binaries/rdsopen.o
 .bss           0x81015010        0x0 binaries/rdsprocess.o
 .bss           0x81015010        0x0 binaries/rdsread.o
 .bss           0x81015010        0x0 binaries/rdswrite.o
 .bss           0x81015010        0x0 binaries/rflclose.o
 .bss           0x81015010        0x0 binaries/rflgetc.o
 .bss           0x81015010        0x0 binaries/rflinit.o
 .bss           0x81015010        0x0 binaries/rflputc.o
 .bss           0x81015010        0x0 binaries/rflread.o
 .bss           0x81015010        0x0 binaries/rflseek.o
 .bss           0x81015010        0x0 binaries/rflwrite.o
 .bss           0x81015010        0x0 binaries/rfscomm.o
 .bss           0x81015010        0x0 binaries/rfscontrol.o
 .bss           0x81015010        0x0 binaries/rfsgetmode.o
 .bss           0x81015010        0x0 binaries/rfsinit.o
 .bss           0x81015010        0x0 binaries/rfsndmsg.o
 .bss           0x81015010        0x0 binaries/rfsopen.o
 .bss           0x81015010        0x0 binaries/colon2mac.o
 .bss           0x81015010        0x0 binaries/ethControl.o
 .bss           0x81015010        0x0 binaries/ethhandler.o
 .bss           0x81015010        0x0 binaries/ethinit.o
 .bss           0x81015010        0x0 binaries/ethInit.o
 .bss           0x81015010        0x0 binaries/ethInterrupt.o
 .bss           0x81015010        0x0 binaries/ethread.o
 .bss           0x81015010        0x0 binaries/ethRead.o
 .bss           0x81015010        0x0 binaries/ethwrite.o
 .bss           0x81015010        0x0 binaries/ethWrite.o
 .bss           0x81015010        0x0 binaries/arp.o
 .bss           0x81015010        0x0 binaries/dhcp.o
 .bss           0x81015010        0x0 binaries/dot2ip.o
 .bss           0x81015010        0x0 binaries/hexdump.o
 .bss           0x81015010        0x0 binaries/icmp.o
 .bss           0x81015010        0x0 binaries/ip.o
 .bss           0x81015010        0x0 binaries/net.o
 .bss           0x81015010        0x0 binaries/netstart.o
 .bss           0x81015010        0x0 binaries/pdump.o
 .bss           0x81015010        0x0 binaries/tftp.o
 .bss           0x81015010        0x0 binaries/udp.o
 .bss           0x81015010        0x0 binaries/addargs.o
 .bss           0x81015010        0x0 binaries/lexan.o
 .bss           0x81015010        0x0 binaries/shell.o
 .bss           0x81015010        0x0 binaries/xsh_argecho.o
 .bss           0x81015010        0x0 binaries/xsh_arp.o
 .bss           0x81015010        0x0 binaries/xsh_cat.o
 .bss           0x81015010        0x0 binaries/xsh_clear.o
 .bss           0x81015010        0x0 binaries/xsh_date.o
 .bss           0x81015010        0x0 binaries/xsh_devdump.o
 .bss           0x81015010        0x0 binaries/xsh_echo.o
 .bss           0x81015010        0x0 binaries/xsh_exit.o
 .bss           0x81015010        0x0 binaries/xsh_help.o
 .bss           0x81015010        0x0 binaries/xsh_kill.o
 .bss           0x81015010        0x0 binaries/xsh_led.o
 .bss           0x81015010        0x0 binaries/xsh_memdump.o
 .bss           0x81015010        0x0 binaries/xsh_memstat.o
 .bss           0x81015010        0x4 binaries/xsh_ping.o
 .bss           0x81015014        0x0 binaries/xsh_ps.o
 .bss           0x81015014        0x0 binaries/xsh_sleep.o
 .bss           0x81015014        0x0 binaries/xsh_udpdump.o
 .bss           0x81015014        0x0 binaries/xsh_udpeserver.o
 .bss           0x81015014        0x0 binaries/xsh_uptime.o
 .bss           0x81015014        0x0 binaries/ctxsw.o
 .bss           0x81015014        0x0 binaries/intr.o
 .bss           0x81015014        0x0 ../arm-2013.11/lib/gcc/arm-none-eabi/4.8.1//libgcc.a(_udivsi3.o)
 .bss           0x81015014        0x0 ../arm-2013.11/lib/gcc/arm-none-eabi/4.8.1//libgcc.a(_divsi3.o)
 .bss           0x81015014        0x0 ../arm-2013.11/lib/gcc/arm-none-eabi/4.8.1//libgcc.a(_dvmd_tls.o)
 *(COMMON)
 COMMON         0x81015014       0xf4 binaries/bufinit.o
                0x81015014                buftab
                0x81015104                nbpools
 COMMON         0x81015108        0xc binaries/clkinit.o
                0x81015108                sleepq
                0x8101510c                preempt
                0x81015110                clktime
 COMMON         0x81015114      0x200 binaries/evec.o
                0x81015114                intc_vector
 COMMON         0x81015314     0x1aa0 binaries/initialize.o
                0x81015314                currpid
                0x81015318                proctab
                0x810168f8                prcount
                0x810168fc                semtab
                0x81016dac                memlist
 COMMON         0x81016db4        0x4 binaries/main.o
                0x81016db4                cpudelay
 COMMON         0x81016db8        0x8 binaries/meminit.o
                0x81016db8                minheap
                0x81016dbc                maxheap
 COMMON         0x81016dc0      0x2d8 binaries/ptinit.o
                0x81016dc0                porttab
                0x81017090                ptnextid
                0x81017094                ptfree
 COMMON         0x81017098      0x980 binaries/queue.o
                0x81017098                queuetab
 COMMON         0x81017a18        0x2 binaries/ready.o
                0x81017a18                readylist
 *fill*         0x81017a1a        0x2 
 COMMON         0x81017a1c        0x8 binaries/resched.o
                0x81017a1c                Defer
 COMMON         0x81017a24      0x10c binaries/ttyinit.o
                0x81017a24                ttytab
 COMMON         0x81017b30     0x19a4 binaries/naminit.o
                0x81017b30                nnames
                0x81017b34                nametab
 COMMON         0x810194d4      0xf00 binaries/lflinit.o
                0x810194d4                lfltab
 COMMON         0x8101a3d4      0x20c binaries/lfsinit.o
                0x8101a3d4                Lf_data
 COMMON         0x8101a5e0    0x19000 binaries/raminit.o
                0x8101a5e0                Ram
 COMMON         0x810335e0       0x8c binaries/rdsinit.o
                0x810335e0                rdstab
 COMMON         0x8103366c      0x5a0 binaries/rflinit.o
                0x8103366c                rfltab
 COMMON         0x81033c0c       0x18 binaries/rfsinit.o
                0x81033c0c                Rf_data
 COMMON         0x81033c24       0x1c binaries/ethinit.o
                0x81033c24                eth_a_regs
 COMMON         0x81033c40      0x154 binaries/ethInit.o
                0x81033c40                ethertab
 COMMON         0x81033d94      0x140 binaries/arp.o
                0x81033d94                arpcache
 COMMON         0x81033ed4      0x230 binaries/icmp.o
                0x81033ed4                icmptab
 COMMON         0x81034104       0x2c binaries/ip.o
                0x81034104                ipoqueue
 COMMON         0x81034130       0xac binaries/net.o
                0x81034130                netbufpool
                0x81034134                NetData
 COMMON         0x810341dc      0x180 binaries/udp.o
                0x810341dc                udptab
                0x8103435c                ebss = ABSOLUTE (.)
                0x81035000                . = ALIGN (0x1000)
 *fill*         0x8103435c      0xca4 
 */()
                0x81035000                end = ABSOLUTE (.)
                0x81035000                _end = ABSOLUTE (.)
                0x81035000                . = ALIGN (0x1000)
LOAD binaries/start.o
LOAD binaries/ascdate.o
LOAD binaries/bufinit.o
LOAD binaries/chprio.o
LOAD binaries/clkhandler.o
LOAD binaries/clkinit.o
LOAD binaries/close.o
LOAD binaries/conf.o
LOAD binaries/control.o
LOAD binaries/create.o
LOAD binaries/evec.o
LOAD binaries/freebuf.o
LOAD binaries/freemem.o
LOAD binaries/getbuf.o
LOAD binaries/getc.o
LOAD binaries/getdev.o
LOAD binaries/getitem.o
LOAD binaries/getmem.o
LOAD binaries/getpid.o
LOAD binaries/getprio.o
LOAD binaries/getstk.o
LOAD binaries/gettime.o
LOAD binaries/getutime.o
LOAD binaries/init.o
LOAD binaries/initialize.o
LOAD binaries/insert.o
LOAD binaries/insertd.o
LOAD binaries/ioerr.o
LOAD binaries/ionull.o
LOAD binaries/kill.o
LOAD binaries/kprintf.o
LOAD binaries/main.o
LOAD binaries/meminit.o
LOAD binaries/mkbufpool.o
LOAD binaries/newqueue.o
LOAD binaries/open.o
LOAD binaries/panic.o
LOAD binaries/platinit.o
LOAD binaries/ptclear.o
LOAD binaries/ptcount.o
LOAD binaries/ptcreate.o
LOAD binaries/ptdelete.o
LOAD binaries/ptinit.o
LOAD binaries/ptrecv.o
LOAD binaries/ptreset.o
LOAD binaries/ptsend.o
LOAD binaries/putc.o
LOAD binaries/queue.o
LOAD binaries/read.o
LOAD binaries/ready.o
LOAD binaries/receive.o
LOAD binaries/recvclr.o
LOAD binaries/recvtime.o
LOAD binaries/resched.o
LOAD binaries/resume.o
LOAD binaries/sched_cntl.o
LOAD binaries/seek.o
LOAD binaries/semcount.o
LOAD binaries/semcreate.o
LOAD binaries/semdelete.o
LOAD binaries/semreset.o
LOAD binaries/send.o
LOAD binaries/signal.o
LOAD binaries/signaln.o
LOAD binaries/sleep.o
LOAD binaries/suspend.o
LOAD binaries/unsleep.o
LOAD binaries/userret.o
LOAD binaries/wait.o
LOAD binaries/wakeup.o
LOAD binaries/write.o
LOAD binaries/xdone.o
LOAD binaries/yield.o
LOAD binaries/abs.o
LOAD binaries/atoi.o
LOAD binaries/atol.o
LOAD binaries/bzero.o
LOAD binaries/ctype_.o
LOAD binaries/doprnt.o
LOAD binaries/doscan.o
LOAD binaries/fdoprnt.o
LOAD binaries/fgetc.o
LOAD binaries/fgets.o
LOAD binaries/fprintf.o
LOAD binaries/fputc.o
LOAD binaries/fputs.o
LOAD binaries/fscanf.o
LOAD binaries/getchar.o
LOAD binaries/labs.o
LOAD binaries/memchr.o
LOAD binaries/memcmp.o
LOAD binaries/memcpy.o
LOAD binaries/memset.o
LOAD binaries/printf.o
LOAD binaries/putchar.o
LOAD binaries/qsort.o
LOAD binaries/rand.o
LOAD binaries/sprintf.o
LOAD binaries/sscanf.o
LOAD binaries/strchr.o
LOAD binaries/strcmp.o
LOAD binaries/strcpy.o
LOAD binaries/strlen.o
LOAD binaries/strncat.o
LOAD binaries/strncmp.o
LOAD binaries/strncpy.o
LOAD binaries/strnlen.o
LOAD binaries/strrchr.o
LOAD binaries/strstr.o
LOAD binaries/ttycontrol.o
LOAD binaries/ttygetc.o
LOAD binaries/ttyhandle_in.o
LOAD binaries/ttyhandle_out.o
LOAD binaries/ttyhandler.o
LOAD binaries/ttyinit.o
LOAD binaries/ttykickout.o
LOAD binaries/ttyputc.o
LOAD binaries/ttyread.o
LOAD binaries/ttywrite.o
LOAD binaries/mount.o
LOAD binaries/naminit.o
LOAD binaries/nammap.o
LOAD binaries/namopen.o
LOAD binaries/lfdballoc.o
LOAD binaries/lfdbfree.o
LOAD binaries/lfflush.o
LOAD binaries/lfgetmode.o
LOAD binaries/lfiballoc.o
LOAD binaries/lfibclear.o
LOAD binaries/lfibget.o
LOAD binaries/lfibput.o
LOAD binaries/lflclose.o
LOAD binaries/lflcontrol.o
LOAD binaries/lflgetc.o
LOAD binaries/lflinit.o
LOAD binaries/lflputc.o
LOAD binaries/lflread.o
LOAD binaries/lflseek.o
LOAD binaries/lflwrite.o
LOAD binaries/lfsckfmt.o
LOAD binaries/lfscreate.o
LOAD binaries/lfsetup.o
LOAD binaries/lfsinit.o
LOAD binaries/lfsopen.o
LOAD binaries/lftruncate.o
LOAD binaries/ramclose.o
LOAD binaries/raminit.o
LOAD binaries/ramopen.o
LOAD binaries/ramread.o
LOAD binaries/ramwrite.o
LOAD binaries/rdsbufalloc.o
LOAD binaries/rdsclose.o
LOAD binaries/rdscomm.o
LOAD binaries/rdscontrol.o
LOAD binaries/rdsinit.o
LOAD binaries/rdsopen.o
LOAD binaries/rdsprocess.o
LOAD binaries/rdsread.o
LOAD binaries/rdswrite.o
LOAD binaries/rflclose.o
LOAD binaries/rflgetc.o
LOAD binaries/rflinit.o
LOAD binaries/rflputc.o
LOAD binaries/rflread.o
LOAD binaries/rflseek.o
LOAD binaries/rflwrite.o
LOAD binaries/rfscomm.o
LOAD binaries/rfscontrol.o
LOAD binaries/rfsgetmode.o
LOAD binaries/rfsinit.o
LOAD binaries/rfsndmsg.o
LOAD binaries/rfsopen.o
LOAD binaries/colon2mac.o
LOAD binaries/ethControl.o
LOAD binaries/ethhandler.o
LOAD binaries/ethinit.o
LOAD binaries/ethInit.o
LOAD binaries/ethInterrupt.o
LOAD binaries/ethread.o
LOAD binaries/ethRead.o
LOAD binaries/ethwrite.o
LOAD binaries/ethWrite.o
LOAD binaries/arp.o
LOAD binaries/dhcp.o
LOAD binaries/dot2ip.o
LOAD binaries/hexdump.o
LOAD binaries/icmp.o
LOAD binaries/ip.o
LOAD binaries/net.o
LOAD binaries/netstart.o
LOAD binaries/pdump.o
LOAD binaries/tftp.o
LOAD binaries/udp.o
LOAD binaries/addargs.o
LOAD binaries/lexan.o
LOAD binaries/shell.o
LOAD binaries/xsh_argecho.o
LOAD binaries/xsh_arp.o
LOAD binaries/xsh_cat.o
LOAD binaries/xsh_clear.o
LOAD binaries/xsh_date.o
LOAD binaries/xsh_devdump.o
LOAD binaries/xsh_echo.o
LOAD binaries/xsh_exit.o
LOAD binaries/xsh_help.o
LOAD binaries/xsh_kill.o
LOAD binaries/xsh_led.o
LOAD binaries/xsh_memdump.o
LOAD binaries/xsh_memstat.o
LOAD binaries/xsh_ping.o
LOAD binaries/xsh_ps.o
LOAD binaries/xsh_sleep.o
LOAD binaries/xsh_udpdump.o
LOAD binaries/xsh_udpeserver.o
LOAD binaries/xsh_uptime.o
LOAD binaries/ctxsw.o
LOAD binaries/intr.o
LOAD ../arm-2013.11/lib/gcc/arm-none-eabi/4.8.1//libgcc.a
OUTPUT(../compile/xinu elf32-littlearm)

.ARM.attributes
                0x00000000       0x31
 .ARM.attributes
                0x00000000       0x25 binaries/start.o
 .ARM.attributes
                0x00000025       0x35 binaries/ascdate.o
 .ARM.attributes
                0x0000005a       0x35 binaries/bufinit.o
 .ARM.attributes
                0x0000008f       0x35 binaries/chprio.o
 .ARM.attributes
                0x000000c4       0x35 binaries/clkhandler.o
 .ARM.attributes
                0x000000f9       0x35 binaries/clkinit.o
 .ARM.attributes
                0x0000012e       0x35 binaries/close.o
 .ARM.attributes
                0x00000163       0x35 binaries/conf.o
 .ARM.attributes
                0x00000198       0x35 binaries/control.o
 .ARM.attributes
                0x000001cd       0x35 binaries/create.o
 .ARM.attributes
                0x00000202       0x35 binaries/evec.o
 .ARM.attributes
                0x00000237       0x35 binaries/freebuf.o
 .ARM.attributes
                0x0000026c       0x35 binaries/freemem.o
 .ARM.attributes
                0x000002a1       0x35 binaries/getbuf.o
 .ARM.attributes
                0x000002d6       0x35 binaries/getc.o
 .ARM.attributes
                0x0000030b       0x35 binaries/getdev.o
 .ARM.attributes
                0x00000340       0x35 binaries/getitem.o
 .ARM.attributes
                0x00000375       0x35 binaries/getmem.o
 .ARM.attributes
                0x000003aa       0x35 binaries/getpid.o
 .ARM.attributes
                0x000003df       0x35 binaries/getprio.o
 .ARM.attributes
                0x00000414       0x35 binaries/getstk.o
 .ARM.attributes
                0x00000449       0x35 binaries/gettime.o
 .ARM.attributes
                0x0000047e       0x35 binaries/getutime.o
 .ARM.attributes
                0x000004b3       0x35 binaries/init.o
 .ARM.attributes
                0x000004e8       0x35 binaries/initialize.o
 .ARM.attributes
                0x0000051d       0x35 binaries/insert.o
 .ARM.attributes
                0x00000552       0x35 binaries/insertd.o
 .ARM.attributes
                0x00000587       0x35 binaries/ioerr.o
 .ARM.attributes
                0x000005bc       0x35 binaries/ionull.o
 .ARM.attributes
                0x000005f1       0x35 binaries/kill.o
 .ARM.attributes
                0x00000626       0x35 binaries/kprintf.o
 .ARM.attributes
                0x0000065b       0x35 binaries/main.o
 .ARM.attributes
                0x00000690       0x35 binaries/meminit.o
 .ARM.attributes
                0x000006c5       0x35 binaries/mkbufpool.o
 .ARM.attributes
                0x000006fa       0x35 binaries/newqueue.o
 .ARM.attributes
                0x0000072f       0x35 binaries/open.o
 .ARM.attributes
                0x00000764       0x35 binaries/panic.o
 .ARM.attributes
                0x00000799       0x35 binaries/platinit.o
 .ARM.attributes
                0x000007ce       0x35 binaries/ptclear.o
 .ARM.attributes
                0x00000803       0x35 binaries/ptcount.o
 .ARM.attributes
                0x00000838       0x35 binaries/ptcreate.o
 .ARM.attributes
                0x0000086d       0x35 binaries/ptdelete.o
 .ARM.attributes
                0x000008a2       0x35 binaries/ptinit.o
 .ARM.attributes
                0x000008d7       0x35 binaries/ptrecv.o
 .ARM.attributes
                0x0000090c       0x35 binaries/ptreset.o
 .ARM.attributes
                0x00000941       0x35 binaries/ptsend.o
 .ARM.attributes
                0x00000976       0x35 binaries/putc.o
 .ARM.attributes
                0x000009ab       0x35 binaries/queue.o
 .ARM.attributes
                0x000009e0       0x35 binaries/read.o
 .ARM.attributes
                0x00000a15       0x35 binaries/ready.o
 .ARM.attributes
[...]
 .ARM.attributes
                0x00001932       0x35 binaries/namopen.o
 .ARM.attributes
                0x00001967       0x35 binaries/lfdballoc.o
 .ARM.attributes
                0x0000199c       0x35 binaries/lfdbfree.o
 .ARM.attributes
                0x000019d1       0x35 binaries/lfflush.o
 .ARM.attributes
                0x00001a06       0x35 binaries/lfgetmode.o
 .ARM.attributes
                0x00001a3b       0x35 binaries/lfiballoc.o
 .ARM.attributes
                0x00001a70       0x35 binaries/lfibclear.o
 .ARM.attributes
                0x00001aa5       0x35 binaries/lfibget.o
 .ARM.attributes
                0x00001ada       0x35 binaries/lfibput.o
 .ARM.attributes
                0x00001b0f       0x35 binaries/lflclose.o
 .ARM.attributes
                0x00001b44       0x35 binaries/lflcontrol.o
 .ARM.attributes
                0x00001b79       0x35 binaries/lflgetc.o
 .ARM.attributes
                0x00001bae       0x35 binaries/lflinit.o
 .ARM.attributes
                0x00001be3       0x35 binaries/lflputc.o
 .ARM.attributes
                0x00001c18       0x35 binaries/lflread.o
 .ARM.attributes
                0x00001c4d       0x35 binaries/lflseek.o
 .ARM.attributes
                0x00001c82       0x35 binaries/lflwrite.o
 .ARM.attributes
                0x00001cb7       0x35 binaries/lfsckfmt.o
 .ARM.attributes
                0x00001cec       0x35 binaries/lfscreate.o
 .ARM.attributes
                0x00001d21       0x35 binaries/lfsetup.o
 .ARM.attributes
                0x00001d56       0x35 binaries/lfsinit.o
 .ARM.attributes
                0x00001d8b       0x35 binaries/lfsopen.o
 .ARM.attributes
                0x00001dc0       0x35 binaries/lftruncate.o
 .ARM.attributes
                0x00001df5       0x35 binaries/ramclose.o
 .ARM.attributes
                0x00001e2a       0x35 binaries/raminit.o
 .ARM.attributes
                0x00001e5f       0x35 binaries/ramopen.o
 .ARM.attributes
                0x00001e94       0x35 binaries/ramread.o
 .ARM.attributes
                0x00001ec9       0x35 binaries/ramwrite.o
 .ARM.attributes
                0x00001efe       0x35 binaries/rdsbufalloc.o
 .ARM.attributes
                0x00001f33       0x35 binaries/rdsclose.o
 .ARM.attributes
                0x00001f68       0x35 binaries/rdscomm.o
 .ARM.attributes
                0x00001f9d       0x35 binaries/rdscontrol.o
 .ARM.attributes
                0x00001fd2       0x35 binaries/rdsinit.o
 .ARM.attributes
                0x00002007       0x35 binaries/rdsopen.o
 .ARM.attributes
                0x0000203c       0x35 binaries/rdsprocess.o
 .ARM.attributes
                0x00002071       0x35 binaries/rdsread.o
 .ARM.attributes
                0x000020a6       0x35 binaries/rdswrite.o
 .ARM.attributes
                0x000020db       0x35 binaries/rflclose.o
 .ARM.attributes
                0x00002110       0x35 binaries/rflgetc.o
 .ARM.attributes
                0x00002145       0x35 binaries/rflinit.o
 .ARM.attributes
                0x0000217a       0x35 binaries/rflputc.o
 .ARM.attributes
                0x000021af       0x35 binaries/rflread.o
 .ARM.attributes
                0x000021e4       0x35 binaries/rflseek.o
 .ARM.attributes
                0x00002219       0x35 binaries/rflwrite.o
 .ARM.attributes
                0x0000224e       0x35 binaries/rfscomm.o
 .ARM.attributes
                0x00002283       0x35 binaries/rfscontrol.o
 .ARM.attributes
                0x000022b8       0x35 binaries/rfsgetmode.o
 .ARM.attributes
                0x000022ed       0x35 binaries/rfsinit.o
 .ARM.attributes
                0x00002322       0x35 binaries/rfsndmsg.o
 .ARM.attributes
                0x00002357       0x35 binaries/rfsopen.o
 .ARM.attributes
                0x0000238c       0x35 binaries/colon2mac.o
 .ARM.attributes
                0x000023c1       0x35 binaries/ethControl.o
 .ARM.attributes
                0x000023f6       0x35 binaries/ethhandler.o
 .ARM.attributes
                0x0000242b       0x35 binaries/ethinit.o
 .ARM.attributes
                0x00002460       0x35 binaries/ethInit.o
 .ARM.attributes
                0x00002495       0x35 binaries/ethInterrupt.o
 .ARM.attributes
                0x000024ca       0x35 binaries/ethread.o
 .ARM.attributes
                0x000024ff       0x35 binaries/ethRead.o
 .ARM.attributes
                0x00002534       0x35 binaries/ethwrite.o
 .ARM.attributes
                0x00002569       0x35 binaries/ethWrite.o
 .ARM.attributes
                0x0000259e       0x35 binaries/arp.o
 .ARM.attributes
                0x000025d3       0x35 binaries/dhcp.o
 .ARM.attributes
                0x00002608       0x35 binaries/dot2ip.o
 .ARM.attributes
                0x0000263d       0x35 binaries/hexdump.o
 .ARM.attributes
                0x00002672       0x35 binaries/icmp.o
 .ARM.attributes
                0x000026a7       0x35 binaries/ip.o
 .ARM.attributes
                0x000026dc       0x35 binaries/net.o
 .ARM.attributes
                0x00002711       0x35 binaries/netstart.o
 .ARM.attributes
                0x00002746       0x35 binaries/pdump.o
 .ARM.attributes
                0x0000277b       0x35 binaries/tftp.o
 .ARM.attributes
                0x000027b0       0x35 binaries/udp.o
 .ARM.attributes
                0x000027e5       0x35 binaries/addargs.o
 .ARM.attributes
                0x0000281a       0x35 binaries/lexan.o
 .ARM.attributes
                0x0000284f       0x35 binaries/shell.o
 .ARM.attributes
                0x00002884       0x35 binaries/xsh_argecho.o
 .ARM.attributes
                0x000028b9       0x35 binaries/xsh_arp.o
 .ARM.attributes
                0x000028ee       0x35 binaries/xsh_cat.o
 .ARM.attributes
                0x00002923       0x35 binaries/xsh_clear.o
 .ARM.attributes
                0x00002958       0x35 binaries/xsh_date.o
 .ARM.attributes
                0x0000298d       0x35 binaries/xsh_devdump.o
 .ARM.attributes
                0x000029c2       0x35 binaries/xsh_echo.o
 .ARM.attributes
                0x000029f7       0x35 binaries/xsh_exit.o
 .ARM.attributes
                0x00002a2c       0x35 binaries/xsh_help.o
 .ARM.attributes
                0x00002a61       0x35 binaries/xsh_kill.o
 .ARM.attributes
                0x00002a96       0x35 binaries/xsh_led.o
 .ARM.attributes
                0x00002acb       0x35 binaries/xsh_memdump.o
 .ARM.attributes
                0x00002b00       0x35 binaries/xsh_memstat.o
 .ARM.attributes
                0x00002b35       0x35 binaries/xsh_ping.o
 .ARM.attributes
                0x00002b6a       0x35 binaries/xsh_ps.o
 .ARM.attributes
                0x00002b9f       0x35 binaries/xsh_sleep.o
 .ARM.attributes
                0x00002bd4       0x35 binaries/xsh_udpdump.o
 .ARM.attributes
                0x00002c09       0x35 binaries/xsh_udpeserver.o
 .ARM.attributes
                0x00002c3e       0x35 binaries/xsh_uptime.o
 .ARM.attributes
                0x00002c73       0x25 binaries/ctxsw.o
 .ARM.attributes
                0x00002c98       0x25 binaries/intr.o
 .ARM.attributes
                0x00002cbd       0x18 ../arm-2013.11/lib/gcc/arm-none-eabi/4.8.1//libgcc.a(_udivsi3.o)
 .ARM.attributes
                0x00002cd5       0x18 ../arm-2013.11/lib/gcc/arm-none-eabi/4.8.1//libgcc.a(_divsi3.o)
 .ARM.attributes
                0x00002ced       0x18 ../arm-2013.11/lib/gcc/arm-none-eabi/4.8.1//libgcc.a(_dvmd_tls.o)

.comment        0x00000000       0x30
 .comment       0x00000000       0x30 binaries/ascdate.o
                                 0x31 (size before relaxing)
 .comment       0x00000000       0x31 binaries/bufinit.o
 .comment       0x00000000       0x31 binaries/chprio.o
 .comment       0x00000000       0x31 binaries/clkhandler.o
 .comment       0x00000000       0x31 binaries/clkinit.o
 .comment       0x00000000       0x31 binaries/close.o
 .comment       0x00000000       0x31 binaries/conf.o
 .comment       0x00000000       0x31 binaries/control.o
 .comment       0x00000000       0x31 binaries/create.o
 .comment       0x00000000       0x31 binaries/evec.o
 .comment       0x00000000       0x31 binaries/freebuf.o
 .comment       0x00000000       0x31 binaries/freemem.o
 .comment       0x00000000       0x31 binaries/getbuf.o
 .comment       0x00000000       0x31 binaries/getc.o
 .comment       0x00000000       0x31 binaries/getdev.o
 .comment       0x00000000       0x31 binaries/getitem.o
 .comment       0x00000000       0x31 binaries/getmem.o
 .comment       0x00000000       0x31 binaries/getpid.o
 .comment       0x00000000       0x31 binaries/getprio.o
 .comment       0x00000000       0x31 binaries/getstk.o
 .comment       0x00000000       0x31 binaries/gettime.o
 .comment       0x00000000       0x31 binaries/getutime.o
 .comment       0x00000000       0x31 binaries/init.o
 .comment       0x00000000       0x31 binaries/initialize.o
 .comment       0x00000000       0x31 binaries/insert.o
 .comment       0x00000000       0x31 binaries/insertd.o
 .comment       0x00000000       0x31 binaries/ioerr.o
 .comment       0x00000000       0x31 binaries/ionull.o
 .comment       0x00000000       0x31 binaries/kill.o
 .comment       0x00000000       0x31 binaries/kprintf.o
 .comment       0x00000000       0x31 binaries/main.o
 .comment       0x00000000       0x31 binaries/meminit.o
 .comment       0x00000000       0x31 binaries/mkbufpool.o
 .comment       0x00000000       0x31 binaries/newqueue.o
 .comment       0x00000000       0x31 binaries/open.o
 .comment       0x00000000       0x31 binaries/panic.o
 .comment       0x00000000       0x31 binaries/platinit.o
 .comment       0x00000000       0x31 binaries/ptclear.o
 .comment       0x00000000       0x31 binaries/ptcount.o
 .comment       0x00000000       0x31 binaries/ptcreate.o
 .comment       0x00000000       0x31 binaries/ptdelete.o
 .comment       0x00000000       0x31 binaries/ptinit.o
 .comment       0x00000000       0x31 binaries/ptrecv.o
 .comment       0x00000000       0x31 binaries/ptreset.o
 .comment       0x00000000       0x31 binaries/ptsend.o
 .comment       0x00000000       0x31 binaries/putc.o
 .comment       0x00000000       0x31 binaries/queue.o
 .comment       0x00000000       0x31 binaries/read.o
 .comment       0x00000000       0x31 binaries/ready.o
 .comment       0x00000000       0x31 binaries/receive.o
 .comment       0x00000000       0x31 binaries/recvclr.o
 .comment       0x00000000       0x31 binaries/recvtime.o
 .comment       0x00000000       0x31 binaries/resched.o
 .comment       0x00000000       0x31 binaries/resume.o
 .comment       0x00000000       0x31 binaries/sched_cntl.o
 .comment       0x00000000       0x31 binaries/seek.o
 .comment       0x00000000       0x31 binaries/semcount.o
 .comment       0x00000000       0x31 binaries/semcreate.o
 .comment       0x00000000       0x31 binaries/semdelete.o
 .comment       0x00000000       0x31 binaries/semreset.o
 .comment       0x00000000       0x31 binaries/send.o
 .comment       0x00000000       0x31 binaries/signal.o
 .comment       0x00000000       0x31 binaries/signaln.o
 .comment       0x00000000       0x31 binaries/sleep.o
 .comment       0x00000000       0x31 binaries/suspend.o
 .comment       0x00000000       0x31 binaries/unsleep.o
 .comment       0x00000000       0x31 binaries/userret.o
 .comment       0x00000000       0x31 binaries/wait.o
 .comment       0x00000000       0x31 binaries/wakeup.o
 .comment       0x00000000       0x31 binaries/write.o
 .comment       0x00000000       0x31 binaries/xdone.o
 .comment       0x00000000       0x31 binaries/yield.o
 .comment       0x00000000       0x31 binaries/abs.o
 .comment       0x00000000       0x31 binaries/atoi.o
 .comment       0x00000000       0x31 binaries/atol.o
 .comment       0x00000000       0x31 binaries/bzero.o
 .comment       0x00000000       0x31 binaries/ctype_.o
 .comment       0x00000000       0x31 binaries/doprnt.o
 .comment       0x00000000       0x31 binaries/doscan.o
 .comment       0x00000000       0x31 binaries/fdoprnt.o
 .comment       0x00000000       0x31 binaries/fgetc.o
 .comment       0x00000000       0x31 binaries/fgets.o
 .comment       0x00000000       0x31 binaries/fprintf.o
 .comment       0x00000000       0x31 binaries/fputc.o
 .comment       0x00000000       0x31 binaries/fputs.o
 .comment       0x00000000       0x31 binaries/fscanf.o
 .comment       0x00000000       0x31 binaries/getchar.o
 .comment       0x00000000       0x31 binaries/labs.o
 .comment       0x00000000       0x31 binaries/memchr.o
 .comment       0x00000000       0x31 binaries/memcmp.o
 .comment       0x00000000       0x31 binaries/memcpy.o
 .comment       0x00000000       0x31 binaries/memset.o
 .comment       0x00000000       0x31 binaries/printf.o
 .comment       0x00000000       0x31 binaries/putchar.o
 .comment       0x00000000       0x31 binaries/qsort.o
 .comment       0x00000000       0x31 binaries/rand.o
 .comment       0x00000000       0x31 binaries/sprintf.o
 .comment       0x00000000       0x31 binaries/sscanf.o
 .comment       0x00000000       0x31 binaries/strchr.o
 .comment       0x00000000       0x31 binaries/strcmp.o
 .comment       0x00000000       0x31 binaries/strcpy.o
 .comment       0x00000000       0x31 binaries/strlen.o
 .comment       0x00000000       0x31 binaries/strncat.o
 .comment       0x00000000       0x31 binaries/strncmp.o
 .comment       0x00000000       0x31 binaries/strncpy.o
 .comment       0x00000000       0x31 binaries/strnlen.o
 .comment       0x00000000       0x31 binaries/strrchr.o
 .comment       0x00000000       0x31 binaries/strstr.o
 .comment       0x00000000       0x31 binaries/ttycontrol.o
 .comment       0x00000000       0x31 binaries/ttygetc.o
 .comment       0x00000000       0x31 binaries/ttyhandle_in.o
 .comment       0x00000000       0x31 binaries/ttyhandle_out.o
 .comment       0x00000000       0x31 binaries/ttyhandler.o
 .comment       0x00000000       0x31 binaries/ttyinit.o
 .comment       0x00000000       0x31 binaries/ttykickout.o
 .comment       0x00000000       0x31 binaries/ttyputc.o
 .comment       0x00000000       0x31 binaries/ttyread.o
 .comment       0x00000000       0x31 binaries/ttywrite.o
 .comment       0x00000000       0x31 binaries/mount.o
 .comment       0x00000000       0x31 binaries/naminit.o
 .comment       0x00000000       0x31 binaries/nammap.o
 .comment       0x00000000       0x31 binaries/namopen.o
 .comment       0x00000000       0x31 binaries/lfdballoc.o
 .comment       0x00000000       0x31 binaries/lfdbfree.o
 .comment       0x00000000       0x31 binaries/lfflush.o
 .comment       0x00000000       0x31 binaries/lfgetmode.o
 .comment       0x00000000       0x31 binaries/lfiballoc.o
 .comment       0x00000000       0x31 binaries/lfibclear.o
 .comment       0x00000000       0x31 binaries/lfibget.o
 .comment       0x00000000       0x31 binaries/lfibput.o
 .comment       0x00000000       0x31 binaries/lflclose.o
 .comment       0x00000000       0x31 binaries/lflcontrol.o
 .comment       0x00000000       0x31 binaries/lflgetc.o
 .comment       0x00000000       0x31 binaries/lflinit.o
 .comment       0x00000000       0x31 binaries/lflputc.o
 .comment       0x00000000       0x31 binaries/lflread.o
 .comment       0x00000000       0x31 binaries/lflseek.o
 .comment       0x00000000       0x31 binaries/lflwrite.o
 .comment       0x00000000       0x31 binaries/lfsckfmt.o
 .comment       0x00000000       0x31 binaries/lfscreate.o
 .comment       0x00000000       0x31 binaries/lfsetup.o
 .comment       0x00000000       0x31 binaries/lfsinit.o
 .comment       0x00000000       0x31 binaries/lfsopen.o
 .comment       0x00000000       0x31 binaries/lftruncate.o
 .comment       0x00000000       0x31 binaries/ramclose.o
 .comment       0x00000000       0x31 binaries/raminit.o
 .comment       0x00000000       0x31 binaries/ramopen.o
 .comment       0x00000000       0x31 binaries/ramread.o
 .comment       0x00000000       0x31 binaries/ramwrite.o
 .comment       0x00000000       0x31 binaries/rdsbufalloc.o
 .comment       0x00000000       0x31 binaries/rdsclose.o
 .comment       0x00000000       0x31 binaries/rdscomm.o
 .comment       0x00000000       0x31 binaries/rdscontrol.o
 .comment       0x00000000       0x31 binaries/rdsinit.o
 .comment       0x00000000       0x31 binaries/rdsopen.o
 .comment       0x00000000       0x31 binaries/rdsprocess.o
 .comment       0x00000000       0x31 binaries/rdsread.o
 .comment       0x00000000       0x31 binaries/rdswrite.o
 .comment       0x00000000       0x31 binaries/rflclose.o
 .comment       0x00000000       0x31 binaries/rflgetc.o
 .comment       0x00000000       0x31 binaries/rflinit.o
 .comment       0x00000000       0x31 binaries/rflputc.o
 .comment       0x00000000       0x31 binaries/rflread.o
 .comment       0x00000000       0x31 binaries/rflseek.o
 .comment       0x00000000       0x31 binaries/rflwrite.o
 .comment       0x00000000       0x31 binaries/rfscomm.o
 .comment       0x00000000       0x31 binaries/rfscontrol.o
 .comment       0x00000000       0x31 binaries/rfsgetmode.o
 .comment       0x00000000       0x31 binaries/rfsinit.o
 .comment       0x00000000       0x31 binaries/rfsndmsg.o
 .comment       0x00000000       0x31 binaries/rfsopen.o
 .comment       0x00000000       0x31 binaries/colon2mac.o
 .comment       0x00000000       0x31 binaries/ethControl.o
 .comment       0x00000000       0x31 binaries/ethhandler.o
 .comment       0x00000000       0x31 binaries/ethinit.o
 .comment       0x00000000       0x31 binaries/ethInit.o
 .comment       0x00000000       0x31 binaries/ethInterrupt.o
 .comment       0x00000000       0x31 binaries/ethread.o
 .comment       0x00000000       0x31 binaries/ethRead.o
 .comment       0x00000000       0x31 binaries/ethwrite.o
 .comment       0x00000000       0x31 binaries/ethWrite.o
 .comment       0x00000000       0x31 binaries/arp.o
 .comment       0x00000000       0x31 binaries/dhcp.o
 .comment       0x00000000       0x31 binaries/dot2ip.o
 .comment       0x00000000       0x31 binaries/hexdump.o
 .comment       0x00000000       0x31 binaries/icmp.o
 .comment       0x00000000       0x31 binaries/ip.o
 .comment       0x00000000       0x31 binaries/net.o
 .comment       0x00000000       0x31 binaries/netstart.o
 .comment       0x00000000       0x31 binaries/pdump.o
 .comment       0x00000000       0x31 binaries/tftp.o
 .comment       0x00000000       0x31 binaries/udp.o
 .comment       0x00000000       0x31 binaries/addargs.o
 .comment       0x00000000       0x31 binaries/lexan.o
 .comment       0x00000000       0x31 binaries/shell.o
 .comment       0x00000000       0x31 binaries/xsh_argecho.o
 .comment       0x00000000       0x31 binaries/xsh_arp.o
 .comment       0x00000000       0x31 binaries/xsh_cat.o
 .comment       0x00000000       0x31 binaries/xsh_clear.o
 .comment       0x00000000       0x31 binaries/xsh_date.o
 .comment       0x00000000       0x31 binaries/xsh_devdump.o
 .comment       0x00000000       0x31 binaries/xsh_echo.o
 .comment       0x00000000       0x31 binaries/xsh_exit.o
 .comment       0x00000000       0x31 binaries/xsh_help.o
 .comment       0x00000000       0x31 binaries/xsh_kill.o
 .comment       0x00000000       0x31 binaries/xsh_led.o
 .comment       0x00000000       0x31 binaries/xsh_memdump.o
 .comment       0x00000000       0x31 binaries/xsh_memstat.o
 .comment       0x00000000       0x31 binaries/xsh_ping.o
 .comment       0x00000000       0x31 binaries/xsh_ps.o
 .comment       0x00000000       0x31 binaries/xsh_sleep.o
 .comment       0x00000000       0x31 binaries/xsh_udpdump.o
 .comment       0x00000000       0x31 binaries/xsh_udpeserver.o
 .comment       0x00000000       0x31 binaries/xsh_uptime.o

.debug_frame    0x00000000       0x40
 .debug_frame   0x00000000       0x20 ../arm-2013.11/lib/gcc/arm-none-eabi/4.8.1//libgcc.a(_udivsi3.o)
 .debug_frame   0x00000020       0x20 ../arm-2013.11/lib/gcc/arm-none-eabi/4.8.1//libgcc.a(_divsi3.o)
