Archive member included because of file (symbol)

../cross_compiler/lib/gcc/arm-none-eabi/4.8.1//libgcc.a(_udivsi3.o)
                              binaries/qsort.o (__aeabi_uidiv)
../cross_compiler/lib/gcc/arm-none-eabi/4.8.1//libgcc.a(_divsi3.o)
                              binaries/xsh_help.o (__aeabi_idiv)
../cross_compiler/lib/gcc/arm-none-eabi/4.8.1//libgcc.a(_dvmd_tls.o)
                              ../cross_compiler/lib/gcc/arm-none-eabi/4.8.1//libgcc.a(_udivsi3.o) (__aeabi_idiv0)

Allocating common symbols
Common symbol       size              file

netbufpool          0x4               binaries/net.o
readylist           0x2               binaries/ready.o
rfltab              0x5a0             binaries/rflinit.o
sleepq              0x2               binaries/clkinit.o
intc_vector         0x200             binaries/evec.o
nnames              0x4               binaries/naminit.o
udptab              0x168             binaries/udp.o
minheap             0x4               binaries/meminit.o
marks               0x50              binaries/mark.o
currpid             0x4               binaries/initialize.o
Lf_data             0x20c             binaries/lfsinit.o
porttab             0x2d0             binaries/ptinit.o
ttytab              0x110             binaries/ttyinit.o
proctab             0x15e0            binaries/initialize.o
eth_a_regs          0x1c              binaries/ethinit.o
prcount             0x4               binaries/initialize.o
lfltab              0xf00             binaries/lflinit.o
rdstab              0x8c              binaries/rdsinit.o
ethertab            0x138             binaries/ethinit.o
nsaddr              0x4               binaries/dns.o
NetData             0xa8              binaries/net.o
nmarks              0x4               binaries/mark.o
Defer               0x8               binaries/resched.o
semtab              0x4b0             binaries/initialize.o
maxheap             0x4               binaries/meminit.o
preempt             0x4               binaries/clkinit.o
buftab              0xf0              binaries/bufinit.o
Rf_data             0x18              binaries/rfsinit.o
mkmutex             0x4               binaries/mark.o
clktime             0x4               binaries/clkinit.o
cpudelay            0x4               binaries/main.o
arpcache            0x140             binaries/arp.o
icmptab             0x230             binaries/icmp.o
nbpools             0x4               binaries/bufinit.o
queuetab            0x980             binaries/queue.o
ptnextid            0x4               binaries/ptinit.o
Ram                 0x19000           binaries/raminit.o
ipoqueue            0x2c              binaries/ip.o
memlist             0x8               binaries/initialize.o
nametab             0x19a0            binaries/naminit.o
ptfree              0x4               binaries/ptinit.o

Memory Configuration

Name             Origin             Length             Attributes
*default*        0x00000000         0xffffffff

Linker script and memory map

                0x81000000                physbase = 0x81000000
                0x81000000                . = physbase
                0x81000000                . = ALIGN (0x1000)

.text           0x81000000    0x15000
                0x81000000                text = ABSOLUTE (.)
 *(.text .text.*)
 .text          0x81000000       0x4c binaries/start.o
                0x81000000                start
 .text          0x8100004c      0x33c binaries/ascdate.o
                0x8100004c                ascdate
 .text          0x81000388       0x18 binaries/bufinit.o
                0x81000388                bufinit
 .text          0x810003a0       0x68 binaries/chprio.o
                0x810003a0                chprio
 .text          0x81000408       0xf0 binaries/clkhandler.o
                0x81000408                clkhandler
 .text          0x810004f8       0xd4 binaries/clkinit.o
                0x810004f8                clkinit
 .text          0x810005cc       0x50 binaries/close.o
                0x810005cc                close
 .text          0x8100061c        0x0 binaries/conf.o
 .text          0x8100061c       0x68 binaries/control.o
                0x8100061c                control
 .text          0x81000684      0x290 binaries/create.o
                0x81000684                create
 .text          0x81000914       0xb0 binaries/evec.o
                0x81000914                initintc
                0x81000940                set_evec
                0x81000980                irq_dispatch
 .text          0x810009c4       0x10 binaries/exit.o
                0x810009c4                exit
 .text          0x810009d4       0x7c binaries/freebuf.o
                0x810009d4                freebuf
 .text          0x81000a50      0x148 binaries/freemem.o
                0x81000a50                freemem
 .text          0x81000b98       0x78 binaries/getbuf.o
                0x81000b98                getbuf
 .text          0x81000c10       0x50 binaries/getc.o
                0x81000c10                getc
 .text          0x81000c60       0x68 binaries/getdev.o
                0x81000c60                getdev
 .text          0x81000cc8       0xa0 binaries/getitem.o
                0x81000cc8                getitem
                0x81000cf8                getfirst
                0x81000d2c                getlast
 .text          0x81000d68      0x108 binaries/getmem.o
                0x81000d68                getmem
 .text          0x81000e70       0x10 binaries/getpid.o
                0x81000e70                getpid
 .text          0x81000e80       0x5c binaries/getprio.o
                0x81000e80                getprio
 .text          0x81000edc       0xc8 binaries/getstk.o
                0x81000edc                getstk
 .text          0x81000fa4       0x38 binaries/gettime.o
                0x81000fa4                gettime
 .text          0x81000fdc      0x1c8 binaries/getutime.o
                0x81000fdc                getutime
 .text          0x810011a4       0x50 binaries/init.o
                0x810011a4                init
 .text          0x810011f4      0x294 binaries/initialize.o
                0x810011f4                nulluser
                0x81001428                stop
                0x8100144c                delay
 .text          0x81001488       0xc4 binaries/insert.o
                0x81001488                insert
 .text          0x8100154c      0x128 binaries/insertd.o
                0x8100154c                insertd
 .text          0x81001674        0x8 binaries/ioerr.o
                0x81001674                ioerr
 .text          0x8100167c        0x8 binaries/ionull.o
                0x8100167c                ionull
 .text          0x81001684      0x158 binaries/kill.o
                0x81001684                kill
 .text          0x810017dc       0xb4 binaries/kprintf.o
                0x810017dc                kputc
                0x8100181c                kgetc
                0x81001850                kprintf
 .text          0x81001890       0xe4 binaries/main.o
                0x81001890                counterproc
                0x810018cc                main
 .text          0x81001974       0xd0 binaries/mark.o
                0x81001974                markinit
                0x810019a0                mark
 .text          0x81001a44       0x44 binaries/meminit.o
                0x81001a44                meminit
 .text          0x81001a88      0x134 binaries/mkbufpool.o
                0x81001a88                mkbufpool
 .text          0x81001bbc       0x7c binaries/newqueue.o
                0x81001bbc                newqueue
 .text          0x81001c38       0x60 binaries/open.o
                0x81001c38                open
 .text          0x81001c98       0x20 binaries/panic.o
                0x81001c98                panic
 .text          0x81001cb8       0x90 binaries/platinit.o
                0x81001cb8                platinit
 .text          0x81001d48       0xa8 binaries/ptclear.o
                0x81001d48                _ptclear
 .text          0x81001df0       0x78 binaries/ptcount.o
                0x81001df0                ptcount
 .text          0x81001e68       0xdc binaries/ptcreate.o
                0x81001e68                ptcreate
 .text          0x81001f44       0x74 binaries/ptdelete.o
                0x81001f44                ptdelete
 .text          0x81001fb8       0xbc binaries/ptinit.o
                0x81001fb8                ptinit
 .text          0x81002074       0xd0 binaries/ptrecv.o
                0x81002074                ptrecv
 .text          0x81002144       0x68 binaries/ptreset.o
                0x81002144                ptreset
 .text          0x810021ac       0xf4 binaries/ptsend.o
                0x810021ac                ptsend
 .text          0x810022a0       0x58 binaries/putc.o
                0x810022a0                putc
 .text          0x810022f8       0xe4 binaries/queue.o
                0x810022f8                enqueue
                0x81002380                dequeue
 .text          0x810023dc       0x60 binaries/read.o
                0x810023dc                read
 .text          0x8100243c       0x74 binaries/ready.o
                0x8100243c                ready
 .text          0x810024b0       0x60 binaries/receive.o
                0x810024b0                receive
 .text          0x81002510       0x48 binaries/recvclr.o
                0x81002510                recvclr
 .text          0x81002558       0xb0 binaries/recvtime.o
                0x81002558                recvtime
 .text          0x81002608      0x1ac binaries/resched.o
                0x81002608                resched
                0x810026f8                resched_cntl
 .text          0x810027b4       0x90 binaries/resume.o
                0x810027b4                resume
 .text          0x81002844       0x58 binaries/seek.o
                0x81002844                seek
 .text          0x8100289c       0x58 binaries/semcount.o
                0x8100289c                semcount
 .text          0x810028f4       0xb8 binaries/semcreate.o
                0x810028f4                semcreate
 .text          0x810029ac       0xac binaries/semdelete.o
                0x810029ac                semdelete
 .text          0x81002a58       0xa4 binaries/semreset.o
                0x81002a58                semreset
 .text          0x81002afc       0xc0 binaries/send.o
                0x81002afc                send
 .text          0x81002bbc       0x80 binaries/signal.o
                0x81002bbc                signal
 .text          0x81002c3c       0xb0 binaries/signaln.o
                0x81002c3c                signaln
 .text          0x81002cec       0xcc binaries/sleep.o
                0x81002cec                sleepms
                0x81002d88                sleep
 .text          0x81002db8       0xbc binaries/suspend.o
                0x81002db8                suspend
 .text          0x81002e74       0xb8 binaries/unsleep.o
                0x81002e74                unsleep
 .text          0x81002f2c       0x10 binaries/userret.o
                0x81002f2c                userret
 .text          0x81002f3c       0xac binaries/wait.o
                0x81002f3c                wait
 .text          0x81002fe8       0x94 binaries/wakeup.o
                0x81002fe8                wakeup
 .text          0x8100307c       0x60 binaries/write.o
                0x8100307c                write
 .text          0x810030dc       0x18 binaries/xdone.o
                0x810030dc                xdone
 .text          0x810030f4       0x20 binaries/yield.o
                0x810030f4                yield
 .text          0x81003114        0xc binaries/abs.o
                0x81003114                abs
 .text          0x81003120      0x114 binaries/atoi.o
                0x81003120                atoi
 .text          0x81003234      0x114 binaries/atol.o
                0x81003234                atol
 .text          0x81003348       0x20 binaries/bzero.o
                0x81003348                bzero
 .text          0x81003368        0x0 binaries/ctype_.o
 .text          0x81003368      0x8fc binaries/doprnt.o
                0x8100354c                _doprnt
 .text          0x81003c64      0x704 binaries/doscan.o
                0x81003c64                _doscan
 .text          0x81004368      0x898 binaries/fdoprnt.o
                0x81004414                _fdoprnt
 .text          0x81004c00       0x14 binaries/fgetc.o
                0x81004c00                fgetc
 .text          0x81004c14       0x84 binaries/fgets.o
                0x81004c14                fgets
 .text          0x81004c98       0x3c binaries/fprintf.o
                0x81004c98                fprintf
 .text          0x81004cd4       0x24 binaries/fputc.o
                0x81004cd4                fputc
 .text          0x81004cf8       0x38 binaries/fputs.o
                0x81004cf8                fputs
 .text          0x81004d30       0x78 binaries/fscanf.o
                0x81004d64                fscanf
 .text          0x81004da8       0x2c binaries/getchar.o
                0x81004da8                getchar
 .text          0x81004dd4        0xc binaries/labs.o
                0x81004dd4                labs
 .text          0x81004de0       0x48 binaries/memchr.o
                0x81004de0                memchr
 .text          0x81004e28       0x60 binaries/memcmp.o
                0x81004e28                memcmp
 .text          0x81004e88       0x24 binaries/memcpy.o
                0x81004e88                memcpy
 .text          0x81004eac       0x20 binaries/memset.o
                0x81004eac                memset
 .text          0x81004ecc       0x58 binaries/printf.o
                0x81004ecc                printf
 .text          0x81004f24       0x2c binaries/putchar.o
                0x81004f24                putchar
 .text          0x81004f50      0x254 binaries/qsort.o
                0x81005184                qsort
 .text          0x810051a4       0x3c binaries/rand.o
                0x810051a4                srand
                0x810051b4                rand
 .text          0x810051e0       0x68 binaries/sprintf.o
                0x810051f8                sprintf
 .text          0x81005248       0x78 binaries/sscanf.o
                0x8100527c                sscanf
 .text          0x810052c0       0x48 binaries/strchr.o
                0x810052c0                strchr
 .text          0x81005308       0x54 binaries/strcmp.o
                0x81005308                strcmp
 .text          0x8100535c       0x18 binaries/strcpy.o
                0x8100535c                strcpy
 .text          0x81005374       0x30 binaries/strlen.o
                0x81005374                strlen
 .text          0x810053a4       0x50 binaries/strncat.o
                0x810053a4                strncat
 .text          0x810053f4       0x54 binaries/strncmp.o
                0x810053f4                strncmp
 .text          0x81005448       0x80 binaries/strncpy.o
                0x81005448                strncpy
 .text          0x810054c8       0x48 binaries/strnlen.o
                0x810054c8                strnlen
 .text          0x81005510       0x58 binaries/strrchr.o
                0x81005510                strrchr
 .text          0x81005568       0xb0 binaries/strstr.o
                0x81005568                strstr
 .text          0x81005618       0xc8 binaries/ttycontrol.o
                0x81005618                ttycontrol
 .text          0x810056e0       0x6c binaries/ttygetc.o
                0x810056e0                ttygetc
 .text          0x8100574c      0x4e0 binaries/ttyhandle_in.o
                0x81005818                ttyhandle_in
 .text          0x81005c2c      0x14c binaries/ttyhandle_out.o
                0x81005c2c                ttyhandle_out
 .text          0x81005d78       0xc8 binaries/ttyhandler.o
                0x81005d78                ttyhandler
 .text          0x81005e40      0x120 binaries/ttyinit.o
                0x81005e40                ttyinit
 .text          0x81005f60        0xc binaries/ttykickout.o
                0x81005f60                ttykickout
 .text          0x81005f6c       0x78 binaries/ttyputc.o
                0x81005f6c                ttyputc
 .text          0x81005fe4      0x110 binaries/ttyread.o
                0x81005fe4                ttyread
 .text          0x810060f4       0x4c binaries/ttywrite.o
                0x810060f4                ttywrite
 .text          0x81006140      0x134 binaries/mount.o
                0x81006140                namlen
                0x81006194                mount
 .text          0x81006274      0x1c8 binaries/naminit.o
                0x81006274                naminit
 .text          0x8100643c      0x240 binaries/nammap.o
                0x8100643c                namrepl
                0x81006574                namcpy
                0x810065d0                nammap
 .text          0x8100667c       0x40 binaries/namopen.o
                0x8100667c                namopen
 .text          0x810066bc      0x114 binaries/colon2mac.o
                0x810066bc                colon2mac
 .text          0x810067d0       0x40 binaries/ethcontrol.o
                0x810067d0                ethcontrol
 .text          0x81006810      0x178 binaries/ethhandler.o
                0x81006810                ethhandler
 .text          0x81006988      0x734 binaries/ethinit.o
                0x81006988                eth_phy_read
                0x810069f8                eth_phy_write
                0x81006a50                eth_phy_reset
                0x81006bc0                ethinit
 .text          0x810070bc       0xd8 binaries/ethread.o
                0x810070bc                ethread
 .text          0x81007194       0xf0 binaries/ethwrite.o
                0x81007194                ethwrite
 .text          0x81007284       0x90 binaries/rdsbufalloc.o
                0x81007284                rdsbufalloc
 .text          0x81007314       0xa0 binaries/rdsclose.o
                0x81007314                rdsclose
 .text          0x810073b4      0x1ec binaries/rdscomm.o
                0x810073b4                rdscomm
 .text          0x810075a0      0x174 binaries/rdscontrol.o
                0x810075a0                rdscontrol
 .text          0x81007714      0x178 binaries/rdsinit.o
                0x81007714                rdsinit
 .text          0x8100788c      0x134 binaries/rdsopen.o
                0x8100788c                rdsopen
 .text          0x810079c0      0x304 binaries/rdsprocess.o
                0x810079c0                rdsprocess
 .text          0x81007cc4      0x1f4 binaries/rdsread.o
                0x81007cc4                rdsread
 .text          0x81007eb8      0x168 binaries/rdswrite.o
                0x81007eb8                rdswrite
 .text          0x81008020        0x8 binaries/ramclose.o
                0x81008020                ramclose
 .text          0x81008028       0x3c binaries/raminit.o
                0x81008028                raminit
 .text          0x81008064        0x8 binaries/ramopen.o
                0x81008064                ramopen
 .text          0x8100806c       0x24 binaries/ramread.o
                0x8100806c                ramread
 .text          0x81008090       0x20 binaries/ramwrite.o
                0x81008090                ramwrite
 .text          0x810080b0       0x94 binaries/lfdballoc.o
                0x810080b0                lfdballoc
 .text          0x81008144       0x50 binaries/lfdbfree.o
                0x81008144                lfdbfree
 .text          0x81008194       0xb8 binaries/lfflush.o
                0x81008194                lfflush
 .text          0x8100824c       0xc8 binaries/lfgetmode.o
                0x8100824c                lfgetmode
 .text          0x81008314       0x6c binaries/lfiballoc.o
                0x81008314                lfiballoc
 .text          0x81008380       0x30 binaries/lfibclear.o
                0x81008380                lfibclear
 .text          0x810083b0       0x64 binaries/lfibget.o
                0x810083b0                lfibget
 .text          0x81008414       0x8c binaries/lfibput.o
                0x81008414                lfibput
 .text          0x810084a0       0x84 binaries/lflclose.o
                0x810084a0                lflclose
 .text          0x81008524       0xa0 binaries/lflcontrol.o
                0x81008524                lflcontrol
 .text          0x810085c4       0xa8 binaries/lflgetc.o
                0x810085c4                lflgetc
 .text          0x8100866c       0xa8 binaries/lflinit.o
                0x8100866c                lflinit
 .text          0x81008714       0xdc binaries/lflputc.o
                0x81008714                lflputc
 .text          0x810087f0       0x78 binaries/lflread.o
                0x810087f0                lflread
 .text          0x81008868       0x80 binaries/lflseek.o
                0x81008868                lflseek
 .text          0x810088e8       0x5c binaries/lflwrite.o
                0x810088e8                lflwrite
 .text          0x81008944      0x11c binaries/lfsckfmt.o
                0x81008944                lfsckfmt
 .text          0x81008a60      0x15c binaries/lfscreate.o
                0x81008a60                lfscreate
 .text          0x81008bbc      0x1f0 binaries/lfsetup.o
                0x81008bbc                lfsetup
 .text          0x81008dac       0x44 binaries/lfsinit.o
                0x81008dac                lfsinit
 .text          0x81008df0      0x324 binaries/lfsopen.o
                0x81008df0                lfsopen
 .text          0x81009114      0x108 binaries/lftruncate.o
                0x81009114                lftruncate
 .text          0x8100921c       0x70 binaries/rflclose.o
                0x8100921c                rflclose
 .text          0x8100928c       0x28 binaries/rflgetc.o
                0x8100928c                rflgetc
 .text          0x810092b4       0x54 binaries/rflinit.o
                0x810092b4                rflinit
 .text          0x81009308       0x30 binaries/rflputc.o
                0x81009308                rflputc
 .text          0x81009338      0x28c binaries/rflread.o
                0x81009338                rflread
 .text          0x810095c4       0x74 binaries/rflseek.o
                0x810095c4                rflseek
 .text          0x81009638      0x2c8 binaries/rflwrite.o
                0x81009638                rflwrite
 .text          0x81009900      0x198 binaries/rfscomm.o
                0x81009900                rfscomm
 .text          0x81009a98      0x224 binaries/rfscontrol.o
                0x81009a98                rfscontrol
 .text          0x81009cbc       0xc8 binaries/rfsgetmode.o
                0x81009cbc                rfsgetmode
 .text          0x81009d84       0x84 binaries/rfsinit.o
                0x81009d84                rfsinit
 .text          0x81009e08       0xa4 binaries/rfsndmsg.o
                0x81009e08                rfsndmsg
 .text          0x81009eac      0x22c binaries/rfsopen.o
                0x81009eac                rfsopen
 .text          0x8100a0d8       0x8c binaries/spicontrol.o
                0x8100a0d8                spicontrol
 .text          0x8100a164       0xa8 binaries/spiinit.o
                0x8100a164                spiinit
 .text          0x8100a20c      0x714 binaries/arp.o
                0x8100a20c                arp_init
                0x8100a22c                arp_alloc
                0x8100a300                arp_ntoh
                0x8100a3a4                arp_hton
                0x8100a448                arp_resolve
                0x8100a6ac                arp_in
 .text          0x8100a920      0xdc4 binaries/dhcp.o
                0x8100a920                dump_dhcp_msg
                0x8100af6c                get_dhcp_option_value
                0x8100afcc                build_dhcp_discover
                0x8100b0f8                build_dhcp_request
                0x8100b2a4                getlocalip_boot
                0x8100b6cc                getlocalip
 .text          0x8100b6e4      0x420 binaries/dns.o
                0x8100b6e4                dns_bldq
                0x8100b798                dns_getrname
                0x8100b860                dns_geta
                0x8100b994                dns_qa
 .text          0x8100bb04      0x104 binaries/dot2ip.o
                0x8100bb04                dot2ip
 .text          0x8100bc08      0x33c binaries/hexdump.o
                0x8100bc08                hexdump
                0x8100bd68                hexadump
 .text          0x8100bf44      0x660 binaries/icmp.o
                0x8100bf44                icmp_init
                0x8100bf68                icmp_register
                0x8100c024                icmp_recv
                0x8100c174                icmp_mkpkt
                0x8100c264                icmp_in
                0x8100c3b0                icmp_send
                0x8100c420                icmp_release
                0x8100c4dc                icmp_cksum
                0x8100c53c                icmp_hton
                0x8100c570                icmp_ntoh
 .text          0x8100c5a4      0x674 binaries/ip.o
                0x8100c5a4                ip_local
                0x8100c5d4                ipcksum
                0x8100c618                ip_ntoh
                0x8100c6bc                ip_in
                0x8100c7f8                ip_hton
                0x8100c89c                ip_out
                0x8100c950                ip_send
                0x8100ca80                ipout
                0x8100cb7c                ip_enqueue
 .text          0x8100cc18      0x1c8 binaries/net.o
                0x8100cc18                net_init
                0x8100cd10                eth_hton
                0x8100cd24                eth_ntoh
                0x8100cd38                netin
 .text          0x8100cde0       0xbc binaries/netstart.o
                0x8100cde0                netstart
 .text          0x8100ce9c      0x9dc binaries/pdump.o
                0x8100ce9c                pdump
                0x8100d428                pdumph
 .text          0x8100d878      0x590 binaries/tftp.o
                0x8100d878                tftp_send1
                0x8100d964                tftpget_mb
                0x8100ddd4                tftpget
 .text          0x8100de08      0x890 binaries/udp.o
                0x8100de08                udp_init
                0x8100de30                udp_in
                0x8100df1c                udp_register
                0x8100e018                udp_recv
                0x8100e14c                udp_recvaddr
                0x8100e29c                udp_send
                0x8100e414                udp_sendto
                0x8100e574                udp_release
                0x8100e630                udp_ntoh
                0x8100e664                udp_hton
 .text          0x8100e698      0x120 binaries/addargs.o
                0x8100e698                addargs
 .text          0x8100e7b8      0x2b4 binaries/lexan.o
                0x8100e7b8                lexan
 .text          0x8100ea6c      0x6ac binaries/shell.o
                0x8100ea6c                shell
 .text          0x8100f118       0x64 binaries/xsh_argecho.o
                0x8100f118                xsh_argecho
 .text          0x8100f17c      0x1f8 binaries/xsh_arp.o
                0x8100f17c                xsh_arp
 .text          0x8100f374      0x23c binaries/xsh_cat.o
                0x8100f374                xsh_cat
 .text          0x8100f5b0       0x5c binaries/xsh_clear.o
                0x8100f5b0                xsh_clear
 .text          0x8100f60c      0x29c binaries/xsh_date.o
                0x8100f60c                xsh_date
 .text          0x8100f8a8       0x98 binaries/xsh_devdump.o
                0x8100f8a8                xsh_devdump
 .text          0x8100f940       0x68 binaries/xsh_echo.o
                0x8100f940                xsh_echo
 .text          0x8100f9a8        0x8 binaries/xsh_exit.o
                0x8100f9a8                xsh_exit
 .text          0x8100f9b0      0x3d0 binaries/xsh_help.o
                0x8100f9b0                xsh_help
 .text          0x8100fd80      0x354 binaries/xsh_ipaddr.o
                0x8100fd80                xsh_ipaddr
 .text          0x810100d4      0x1f8 binaries/xsh_kill.o
                0x810100d4                xsh_kill
 .text          0x810102cc      0x2ac binaries/xsh_led.o
                0x810102cc                xsh_led
 .text          0x81010578      0x454 binaries/xsh_memdump.o
                0x81010674                xsh_memdump
 .text          0x810109cc      0x224 binaries/xsh_memstat.o
                0x810109cc                xsh_memstat
 .text          0x81010bf0      0x3b0 binaries/xsh_ping.o
                0x81010bf0                xsh_ping
 .text          0x81010fa0      0x220 binaries/xsh_ps.o
                0x81010fa0                xsh_ps
 .text          0x810111c0      0x1cc binaries/xsh_sleep.o
                0x810111c0                xsh_sleep
 .text          0x8101138c      0x244 binaries/xsh_udpdump.o
                0x8101138c                xsh_udpdump
 .text          0x810115d0      0x400 binaries/xsh_udpecho.o
                0x810115d0                xsh_udpecho
 .text          0x810119d0      0x254 binaries/xsh_udpeserver.o
                0x810119d0                xsh_udpeserver
 .text          0x81011c24      0x1ac binaries/xsh_uptime.o
                0x81011c24                xsh_uptime
 .text          0x81011dd0       0x2c binaries/ctxsw.o
                0x81011dd0                ctxsw
 .text          0x81011dfc      0x100 binaries/intr.o
                0x81011dfc                disable
                0x81011e08                restore
                0x81011e2c                enable
                0x81011e34                pause
                0x81011e34                halt
                0x81011e3c                irq_except
                0x81011e6c                initevec
                0x81011ecc                expjmpinstr
 .text          0x81011efc      0x114 ../cross_compiler/lib/gcc/arm-none-eabi/4.8.1//libgcc.a(_udivsi3.o)
                0x81011efc                __udivsi3
                0x81011efc                __aeabi_uidiv
                0x81011ff0                __aeabi_uidivmod
 .text          0x81012010      0x148 ../cross_compiler/lib/gcc/arm-none-eabi/4.8.1//libgcc.a(_divsi3.o)
                0x81012010                __aeabi_idiv
                0x81012010                __divsi3
                0x81012138                __aeabi_idivmod
 .text          0x81012158        0x4 ../cross_compiler/lib/gcc/arm-none-eabi/4.8.1//libgcc.a(_dvmd_tls.o)
                0x81012158                __aeabi_ldiv0
                0x81012158                __aeabi_idiv0
 *(.rodata .rodata.*)
 .rodata.str1.4
                0x8101215c       0x78 binaries/ascdate.o
 .rodata.str1.4
                0x810121d4       0xd9 binaries/conf.o
                                 0xdc (size before relaxing)
 *fill*         0x810122ad        0x3 
 .rodata.str1.4
                0x810122b0       0x60 binaries/getutime.o
 .rodata.str1.4
                0x81012310      0x13c binaries/initialize.o
                                0x140 (size before relaxing)
 .rodata.str1.4
                0x8101244c       0x42 binaries/main.o
                                 0x44 (size before relaxing)
 *fill*         0x8101248e        0x2 
 .rodata.str1.4
                0x81012490       0x10 binaries/panic.o
 .rodata.str1.4
                0x810124a0       0x1c binaries/ptinit.o
 .rodata.str1.4
                0x810124bc       0x25 binaries/ptsend.o
                                 0x28 (size before relaxing)
 *fill*         0x810124e1        0x3 
 .rodata.str1.4
                0x810124e4       0x27 binaries/xdone.o
                                 0x28 (size before relaxing)
 *fill*         0x8101250b        0x1 
 .rodata        0x8101250c       0x84 binaries/ctype_.o
                0x8101250c                _ctype_
 .rodata.str1.4
                0x81012590       0x2f binaries/doprnt.o
                                 0x30 (size before relaxing)
 .rodata.str1.4
                0x00000000       0x30 binaries/fdoprnt.o
 *fill*         0x810125bf        0x1 
 .rodata.str1.4
                0x810125c0       0x86 binaries/naminit.o
                                 0x90 (size before relaxing)
 *fill*         0x81012646        0x2 
 .rodata.str1.4
                0x81012648       0xe5 binaries/ethinit.o
                                 0xe8 (size before relaxing)
 *fill*         0x8101272d        0x3 
 .rodata.str1.4
                0x81012730       0x12 binaries/ethread.o
                                 0x14 (size before relaxing)
 *fill*         0x81012742        0x2 
 .rodata.str1.4
                0x81012744       0x2c binaries/rdsbufalloc.o
 .rodata.str1.4
                0x81012770       0x76 binaries/rdscomm.o
                                 0x78 (size before relaxing)
 *fill*         0x810127e6        0x2 
 .rodata.str1.4
                0x810127e8       0x48 binaries/rdscontrol.o
 .rodata.str1.4
                0x81012830       0x96 binaries/rdsinit.o
                                 0x98 (size before relaxing)
 *fill*         0x810128c6        0x2 
 .rodata.str1.4
                0x810128c8       0x22 binaries/rdsopen.o
                                 0x24 (size before relaxing)
 *fill*         0x810128ea        0x2 
 .rodata.str1.4
                0x810128ec       0x4d binaries/rdsprocess.o
                                 0x50 (size before relaxing)
 *fill*         0x81012939        0x3 
 .rodata.str1.4
                0x8101293c        0x9 binaries/raminit.o
                                  0xc (size before relaxing)
 *fill*         0x81012945        0x3 
 .rodata.str1.4
                0x81012948       0x37 binaries/lfdballoc.o
                                 0x38 (size before relaxing)
 *fill*         0x8101297f        0x1 
 .rodata.str1.4
                0x81012980       0x14 binaries/lfiballoc.o
 .rodata.str1.4
                0x81012994       0x23 binaries/lflcontrol.o
                                 0x24 (size before relaxing)
 *fill*         0x810129b7        0x1 
 .rodata.str1.4
                0x810129b8       0xbb binaries/lfsckfmt.o
                                 0xbc (size before relaxing)
 *fill*         0x81012a73        0x1 
 .rodata.str1.4
                0x81012a74       0x21 binaries/rflread.o
                                 0x24 (size before relaxing)
 .rodata.str1.4
                0x00000000       0x24 binaries/rflwrite.o
 *fill*         0x81012a95        0x3 
 .rodata.str1.4
                0x81012a98       0x75 binaries/rfscomm.o
                                 0x78 (size before relaxing)
 *fill*         0x81012b0d        0x3 
 .rodata.str1.4
                0x81012b10       0x23 binaries/rfscontrol.o
                                 0x24 (size before relaxing)
 *fill*         0x81012b33        0x1 
 .rodata.str1.4
                0x81012b34       0x63 binaries/rfsinit.o
                                 0x64 (size before relaxing)
 *fill*         0x81012b97        0x1 
 .rodata.str1.4
                0x81012b98       0x2a binaries/rfsndmsg.o
                                 0x2c (size before relaxing)
 .rodata.str1.4
                0x00000000       0x24 binaries/rfsopen.o
 *fill*         0x81012bc2        0x2 
 .rodata.str1.4
                0x81012bc4       0x3d binaries/arp.o
                                 0x40 (size before relaxing)
 *fill*         0x81012c01        0x3 
 .rodata.str1.4
                0x81012c04      0x462 binaries/dhcp.o
                                0x468 (size before relaxing)
 *fill*         0x81013066        0x2 
 .rodata.str1.4
                0x81013068       0xca binaries/hexdump.o
                                 0xd8 (size before relaxing)
 *fill*         0x81013132        0x2 
 .rodata.str1.4
                0x81013134       0x29 binaries/icmp.o
                                 0x2c (size before relaxing)
 *fill*         0x8101315d        0x3 
 .rodata.str1.4
                0x81013160       0x6e binaries/ip.o
                                 0x70 (size before relaxing)
 *fill*         0x810131ce        0x2 
 .rodata.str1.4
                0x810131d0       0x53 binaries/net.o
                                 0x54 (size before relaxing)
 *fill*         0x81013223        0x1 
 .rodata.str1.4
                0x81013224       0xcf binaries/netstart.o
                                 0xd0 (size before relaxing)
 *fill*         0x810132f3        0x1 
 .rodata.str1.4
                0x810132f4      0x292 binaries/pdump.o
                                0x298 (size before relaxing)
 *fill*         0x81013586        0x2 
 .rodata.str1.4
                0x81013588      0x175 binaries/tftp.o
                                0x17c (size before relaxing)
 *fill*         0x810136fd        0x3 
 .rodata        0x81013700       0xfc binaries/shell.o
                0x81013700                cmdtab
 .rodata.str1.4
                0x810137fc      0x2ea binaries/shell.o
                                0x2f4 (size before relaxing)
 *fill*         0x81013ae6        0x2 
 .rodata.str1.4
                0x81013ae8       0x29 binaries/xsh_argecho.o
                                 0x30 (size before relaxing)
 *fill*         0x81013b11        0x3 
 .rodata.str1.4
                0x81013b14      0x13e binaries/xsh_arp.o
                                0x144 (size before relaxing)
 *fill*         0x81013c52        0x2 
 .rodata.str1.4
                0x81013c54       0x81 binaries/xsh_cat.o
                                 0xd4 (size before relaxing)
 *fill*         0x81013cd5        0x3 
 .rodata.str1.4
                0x81013cd8       0x15 binaries/xsh_clear.o
                                 0x18 (size before relaxing)
 *fill*         0x81013ced        0x3 
 .rodata.str1.4
                0x81013cf0      0x1af binaries/xsh_date.o
                                0x1cc (size before relaxing)
 *fill*         0x81013e9f        0x1 
 .rodata.str1.4
                0x81013ea0       0x61 binaries/xsh_devdump.o
                                 0x64 (size before relaxing)
 *fill*         0x81013f01        0x3 
 .rodata.str1.4
                0x81013f04        0x8 binaries/xsh_echo.o
                                  0xc (size before relaxing)
 .rodata.str1.4
                0x81013f0c       0xe7 binaries/xsh_help.o
                                0x17c (size before relaxing)
 *fill*         0x81013ff3        0x1 
 .rodata.str1.4
                0x81013ff4       0xfb binaries/xsh_ipaddr.o
                                0x1ac (size before relaxing)
 *fill*         0x810140ef        0x1 
 .rodata.str1.4
                0x810140f0       0xc8 binaries/xsh_kill.o
                                0x138 (size before relaxing)
 .rodata.str1.4
                0x810141b8       0xf7 binaries/xsh_led.o
                                0x16c (size before relaxing)
 *fill*         0x810142af        0x1 
 .rodata.str1.4
                0x810142b0      0x1e2 binaries/xsh_memdump.o
                                0x264 (size before relaxing)
 *fill*         0x81014492        0x2 
 .rodata.str1.4
                0x81014494      0x1cc binaries/xsh_memstat.o
                                0x234 (size before relaxing)
 .rodata.str1.4
                0x81014660      0x13f binaries/xsh_ping.o
                                0x1b4 (size before relaxing)
 *fill*         0x8101479f        0x1 
 .rodata        0x810147a0       0x20 binaries/xsh_ps.o
 .rodata.str1.4
                0x810147c0      0x11a binaries/xsh_ps.o
                                0x1d4 (size before relaxing)
 *fill*         0x810148da        0x2 
 .rodata.str1.4
                0x810148dc       0x5e binaries/xsh_sleep.o
                                 0xf8 (size before relaxing)
 *fill*         0x8101493a        0x2 
 .rodata        0x8101493c        0xc binaries/xsh_udpdump.o
 .rodata.str1.4
                0x81014948      0x122 binaries/xsh_udpdump.o
                                0x1e0 (size before relaxing)
 *fill*         0x81014a6a        0x2 
 .rodata.str1.4
                0x81014a6c      0x1ae binaries/xsh_udpecho.o
                                0x224 (size before relaxing)
 *fill*         0x81014c1a        0x2 
 .rodata.str1.4
                0x81014c1c       0x97 binaries/xsh_udpeserver.o
                                0x13c (size before relaxing)
 *fill*         0x81014cb3        0x1 
 .rodata.str1.4
                0x81014cb4       0x78 binaries/xsh_uptime.o
                                0x114 (size before relaxing)
                0x81014d2c                etext = ABSOLUTE (.)
                0x81015000                . = ALIGN (0x1000)
 *fill*         0x81014d2c      0x2d4 

.glue_7         0x81015000        0x0
 .glue_7        0x00000000        0x0 linker stubs

.glue_7t        0x81015000        0x0
 .glue_7t       0x00000000        0x0 linker stubs

.vfp11_veneer   0x81015000        0x0
 .vfp11_veneer  0x00000000        0x0 linker stubs

.v4_bx          0x81015000        0x0
 .v4_bx         0x00000000        0x0 linker stubs

.iplt           0x81015000        0x0
 .iplt          0x00000000        0x0 binaries/start.o

.rel.dyn        0x81015000        0x0
 .rel.iplt      0x00000000        0x0 binaries/start.o

.data           0x81015000     0x1000
                0x81015000                data = ABSOLUTE (.)
 *(.data .data.*)
 .data          0x81015000        0x0 binaries/start.o
 .data          0x81015000       0x88 binaries/ascdate.o
                0x81015000                Date
 .data          0x81015088        0x0 binaries/bufinit.o
 .data          0x81015088        0x0 binaries/chprio.o
 .data          0x81015088        0x4 binaries/clkhandler.o
 .data          0x8101508c        0x0 binaries/clkinit.o
 .data          0x8101508c        0x0 binaries/close.o
 .data          0x8101508c      0x618 binaries/conf.o
                0x8101508c                devtab
 .data          0x810156a4        0x0 binaries/control.o
 .data          0x810156a4        0x4 binaries/create.o
 .data          0x810156a8       0x40 binaries/evec.o
                0x810156a8                expmsg2
                0x810156bc                expmsg1
 .data          0x810156e8        0x0 binaries/exit.o
 .data          0x810156e8        0x0 binaries/freebuf.o
 .data          0x810156e8        0x0 binaries/freemem.o
 .data          0x810156e8        0x0 binaries/getbuf.o
 .data          0x810156e8        0x0 binaries/getc.o
 .data          0x810156e8        0x0 binaries/getdev.o
 .data          0x810156e8        0x0 binaries/getitem.o
 .data          0x810156e8        0x0 binaries/getmem.o
 .data          0x810156e8        0x0 binaries/getpid.o
 .data          0x810156e8        0x0 binaries/getprio.o
 .data          0x810156e8        0x0 binaries/getstk.o
 .data          0x810156e8        0x0 binaries/gettime.o
 .data          0x810156e8        0x0 binaries/getutime.o
 .data          0x810156e8        0x0 binaries/init.o
 .data          0x810156e8        0x0 binaries/initialize.o
 .data          0x810156e8        0x0 binaries/insert.o
 .data          0x810156e8        0x0 binaries/insertd.o
 .data          0x810156e8        0x0 binaries/ioerr.o
 .data          0x810156e8        0x0 binaries/ionull.o
 .data          0x810156e8        0x0 binaries/kill.o
 .data          0x810156e8        0x0 binaries/kprintf.o
 .data          0x810156e8        0x4 binaries/main.o
                0x810156e8                gcounter
 .data          0x810156ec        0x0 binaries/mark.o
 .data          0x810156ec        0x0 binaries/meminit.o
 .data          0x810156ec        0x0 binaries/mkbufpool.o
 .data          0x810156ec        0x2 binaries/newqueue.o
 .data          0x810156ee        0x0 binaries/open.o
 .data          0x810156ee        0x0 binaries/panic.o
 .data          0x810156ee        0x0 binaries/platinit.o
 .data          0x810156ee        0x0 binaries/ptclear.o
 .data          0x810156ee        0x0 binaries/ptcount.o
 .data          0x810156ee        0x0 binaries/ptcreate.o
 .data          0x810156ee        0x0 binaries/ptdelete.o
 .data          0x810156ee        0x0 binaries/ptinit.o
 .data          0x810156ee        0x0 binaries/ptrecv.o
 .data          0x810156ee        0x0 binaries/ptreset.o
 .data          0x810156ee        0x0 binaries/ptsend.o
 .data          0x810156ee        0x0 binaries/putc.o
 .data          0x810156ee        0x0 binaries/queue.o
 .data          0x810156ee        0x0 binaries/read.o
 .data          0x810156ee        0x0 binaries/ready.o
 .data          0x810156ee        0x0 binaries/receive.o
 .data          0x810156ee        0x0 binaries/recvclr.o
 .data          0x810156ee        0x0 binaries/recvtime.o
 .data          0x810156ee        0x0 binaries/resched.o
 .data          0x810156ee        0x0 binaries/resume.o
 .data          0x810156ee        0x0 binaries/seek.o
 .data          0x810156ee        0x0 binaries/semcount.o
 .data          0x810156ee        0x0 binaries/semcreate.o
 .data          0x810156ee        0x0 binaries/semdelete.o
 .data          0x810156ee        0x0 binaries/semreset.o
 .data          0x810156ee        0x0 binaries/send.o
 .data          0x810156ee        0x0 binaries/signal.o
 .data          0x810156ee        0x0 binaries/signaln.o
 .data          0x810156ee        0x0 binaries/sleep.o
 .data          0x810156ee        0x0 binaries/suspend.o
 .data          0x810156ee        0x0 binaries/unsleep.o
 .data          0x810156ee        0x0 binaries/userret.o
 .data          0x810156ee        0x0 binaries/wait.o
 .data          0x810156ee        0x0 binaries/wakeup.o
 .data          0x810156ee        0x0 binaries/write.o
 .data          0x810156ee        0x0 binaries/xdone.o
 .data          0x810156ee        0x0 binaries/yield.o
 .data          0x810156ee        0x0 binaries/abs.o
 .data          0x810156ee        0x0 binaries/atoi.o
 .data          0x810156ee        0x0 binaries/atol.o
 .data          0x810156ee        0x0 binaries/bzero.o
 .data          0x810156ee        0x0 binaries/ctype_.o
 .data          0x810156ee        0x0 binaries/doprnt.o
 *fill*         0x810156ee        0x2 
 .data          0x810156f0       0x80 binaries/doscan.o
                0x810156f0                _sctab
 .data          0x81015770        0x0 binaries/fdoprnt.o
 .data          0x81015770        0x0 binaries/fgetc.o
 .data          0x81015770        0x0 binaries/fgets.o
 .data          0x81015770        0x0 binaries/fprintf.o
 .data          0x81015770        0x0 binaries/fputc.o
 .data          0x81015770        0x0 binaries/fputs.o
 .data          0x81015770        0x0 binaries/fscanf.o
 .data          0x81015770        0x0 binaries/getchar.o
 .data          0x81015770        0x0 binaries/labs.o
 .data          0x81015770        0x0 binaries/memchr.o
 .data          0x81015770        0x0 binaries/memcmp.o
 .data          0x81015770        0x0 binaries/memcpy.o
 .data          0x81015770        0x0 binaries/memset.o
 .data          0x81015770        0x0 binaries/printf.o
 .data          0x81015770        0x0 binaries/putchar.o
 .data          0x81015770        0x0 binaries/qsort.o
 .data          0x81015770        0x4 binaries/rand.o
 .data          0x81015774        0x0 binaries/sprintf.o
 .data          0x81015774        0x0 binaries/sscanf.o
 .data          0x81015774        0x0 binaries/strchr.o
 .data          0x81015774        0x0 binaries/strcmp.o
 .data          0x81015774        0x0 binaries/strcpy.o
 .data          0x81015774        0x0 binaries/strlen.o
 .data          0x81015774        0x0 binaries/strncat.o
 .data          0x81015774        0x0 binaries/strncmp.o
 .data          0x81015774        0x0 binaries/strncpy.o
 .data          0x81015774        0x0 binaries/strnlen.o
 .data          0x81015774        0x0 binaries/strrchr.o
 .data          0x81015774        0x0 binaries/strstr.o
 .data          0x81015774        0x0 binaries/ttycontrol.o
 .data          0x81015774        0x0 binaries/ttygetc.o
 .data          0x81015774        0x0 binaries/ttyhandle_in.o
 .data          0x81015774        0x0 binaries/ttyhandle_out.o
 .data          0x81015774        0x0 binaries/ttyhandler.o
 .data          0x81015774        0x0 binaries/ttyinit.o
 .data          0x81015774        0x0 binaries/ttykickout.o
 .data          0x81015774        0x0 binaries/ttyputc.o
 .data          0x81015774        0x0 binaries/ttyread.o
 .data          0x81015774        0x0 binaries/ttywrite.o
 .data          0x81015774        0x0 binaries/mount.o
 .data          0x81015774        0x0 binaries/naminit.o
 .data          0x81015774        0x0 binaries/nammap.o
 .data          0x81015774        0x0 binaries/namopen.o
 .data          0x81015774        0x0 binaries/colon2mac.o
 .data          0x81015774        0x0 binaries/ethcontrol.o
 .data          0x81015774        0x0 binaries/ethhandler.o
 .data          0x81015774        0x0 binaries/ethinit.o
 .data          0x81015774        0x0 binaries/ethread.o
 .data          0x81015774        0x0 binaries/ethwrite.o
 .data          0x81015774        0x0 binaries/rdsbufalloc.o
 .data          0x81015774        0x0 binaries/rdsclose.o
 .data          0x81015774        0x0 binaries/rdscomm.o
 .data          0x81015774        0x0 binaries/rdscontrol.o
 .data          0x81015774        0x0 binaries/rdsinit.o
 .data          0x81015774        0x0 binaries/rdsopen.o
 .data          0x81015774        0x0 binaries/rdsprocess.o
 .data          0x81015774        0x0 binaries/rdsread.o
 .data          0x81015774        0x0 binaries/rdswrite.o
 .data          0x81015774        0x0 binaries/ramclose.o
 .data          0x81015774        0x0 binaries/raminit.o
 .data          0x81015774        0x0 binaries/ramopen.o
 .data          0x81015774        0x0 binaries/ramread.o
 .data          0x81015774        0x0 binaries/ramwrite.o
 .data          0x81015774        0x0 binaries/lfdballoc.o
 .data          0x81015774        0x0 binaries/lfdbfree.o
 .data          0x81015774        0x0 binaries/lfflush.o
 .data          0x81015774        0x0 binaries/lfgetmode.o
 .data          0x81015774        0x0 binaries/lfiballoc.o
 .data          0x81015774        0x0 binaries/lfibclear.o
 .data          0x81015774        0x0 binaries/lfibget.o
 .data          0x81015774        0x0 binaries/lfibput.o
 .data          0x81015774        0x0 binaries/lflclose.o
 .data          0x81015774        0x0 binaries/lflcontrol.o
 .data          0x81015774        0x0 binaries/lflgetc.o
 .data          0x81015774        0x0 binaries/lflinit.o
 .data          0x81015774        0x0 binaries/lflputc.o
 .data          0x81015774        0x0 binaries/lflread.o
 .data          0x81015774        0x0 binaries/lflseek.o
 .data          0x81015774        0x0 binaries/lflwrite.o
 .data          0x81015774        0x0 binaries/lfsckfmt.o
 .data          0x81015774        0x0 binaries/lfscreate.o
 .data          0x81015774        0x0 binaries/lfsetup.o
 .data          0x81015774        0x0 binaries/lfsinit.o
 .data          0x81015774        0x0 binaries/lfsopen.o
 .data          0x81015774        0x0 binaries/lftruncate.o
 .data          0x81015774        0x0 binaries/rflclose.o
 .data          0x81015774        0x0 binaries/rflgetc.o
 .data          0x81015774        0x0 binaries/rflinit.o
 .data          0x81015774        0x0 binaries/rflputc.o
 .data          0x81015774        0x0 binaries/rflread.o
 .data          0x81015774        0x0 binaries/rflseek.o
 .data          0x81015774        0x0 binaries/rflwrite.o
 .data          0x81015774        0x0 binaries/rfscomm.o
 .data          0x81015774        0x0 binaries/rfscontrol.o
 .data          0x81015774        0x0 binaries/rfsgetmode.o
 .data          0x81015774        0x0 binaries/rfsinit.o
 .data          0x81015774        0x0 binaries/rfsndmsg.o
 .data          0x81015774        0x0 binaries/rfsopen.o
 .data          0x81015774        0x0 binaries/spicontrol.o
 .data          0x81015774        0x0 binaries/spiinit.o
 .data          0x81015774        0x0 binaries/arp.o
 .data          0x81015774        0x0 binaries/dhcp.o
 .data          0x81015774        0x0 binaries/dns.o
 .data          0x81015774        0x0 binaries/dot2ip.o
 .data          0x81015774        0x0 binaries/hexdump.o
 .data          0x81015774        0x4 binaries/icmp.o
 .data          0x81015778        0x0 binaries/ip.o
 .data          0x81015778        0x0 binaries/net.o
 .data          0x81015778        0x0 binaries/netstart.o
 .data          0x81015778        0x0 binaries/pdump.o
 .data          0x81015778        0x0 binaries/tftp.o
 .data          0x81015778        0x4 binaries/udp.o
 .data          0x8101577c        0x0 binaries/addargs.o
 .data          0x8101577c        0x0 binaries/lexan.o
 .data          0x8101577c        0x4 binaries/shell.o
                0x8101577c                ncmd
 .data          0x81015780        0x0 binaries/xsh_argecho.o
 .data          0x81015780        0x0 binaries/xsh_arp.o
 .data          0x81015780        0x0 binaries/xsh_cat.o
 .data          0x81015780        0x0 binaries/xsh_clear.o
 .data          0x81015780        0x0 binaries/xsh_date.o
 .data          0x81015780        0x0 binaries/xsh_devdump.o
 .data          0x81015780        0x0 binaries/xsh_echo.o
 .data          0x81015780        0x0 binaries/xsh_exit.o
 .data          0x81015780        0x0 binaries/xsh_help.o
 .data          0x81015780        0x0 binaries/xsh_ipaddr.o
 .data          0x81015780        0x0 binaries/xsh_kill.o
 .data          0x81015780        0x0 binaries/xsh_led.o
 .data          0x81015780        0x0 binaries/xsh_memdump.o
 .data          0x81015780        0x0 binaries/xsh_memstat.o
 .data          0x81015780        0x0 binaries/xsh_ping.o
 .data          0x81015780        0x0 binaries/xsh_ps.o
 .data          0x81015780        0x0 binaries/xsh_sleep.o
 .data          0x81015780        0x0 binaries/xsh_udpdump.o
 .data          0x81015780        0x0 binaries/xsh_udpecho.o
 .data          0x81015780        0x0 binaries/xsh_udpeserver.o
 .data          0x81015780        0x0 binaries/xsh_uptime.o
 .data          0x81015780        0x0 binaries/ctxsw.o
 .data          0x81015780        0x0 binaries/intr.o
 .data          0x81015780        0x0 ../cross_compiler/lib/gcc/arm-none-eabi/4.8.1//libgcc.a(_udivsi3.o)
 .data          0x81015780        0x0 ../cross_compiler/lib/gcc/arm-none-eabi/4.8.1//libgcc.a(_divsi3.o)
 .data          0x81015780        0x0 ../cross_compiler/lib/gcc/arm-none-eabi/4.8.1//libgcc.a(_dvmd_tls.o)
                0x81015780                edata = ABSOLUTE (.)
                0x81016000                . = ALIGN (0x1000)
 *fill*         0x81015780      0x880 

.igot.plt       0x81016000        0x0
 .igot.plt      0x00000000        0x0 binaries/start.o

.bss            0x81016000    0x20000
                0x81016000                bss = ABSOLUTE (.)
 *(.bss .bss.*)
 .bss           0x81016000        0x0 binaries/start.o
 .bss           0x81016000        0x0 binaries/ascdate.o
 .bss           0x81016000        0x0 binaries/bufinit.o
 .bss           0x81016000        0x0 binaries/chprio.o
 .bss           0x81016000        0x0 binaries/clkhandler.o
 .bss           0x81016000        0x4 binaries/clkinit.o
                0x81016000                ctr1000
 .bss           0x81016004        0x0 binaries/close.o
 .bss           0x81016004        0x0 binaries/conf.o
 .bss           0x81016004        0x0 binaries/control.o
 .bss           0x81016004        0x0 binaries/create.o
 .bss           0x81016004        0x0 binaries/evec.o
 .bss           0x81016004        0x0 binaries/exit.o
 .bss           0x81016004        0x0 binaries/freebuf.o
 .bss           0x81016004        0x0 binaries/freemem.o
 .bss           0x81016004        0x0 binaries/getbuf.o
 .bss           0x81016004        0x0 binaries/getc.o
 .bss           0x81016004        0x0 binaries/getdev.o
 .bss           0x81016004        0x0 binaries/getitem.o
 .bss           0x81016004        0x0 binaries/getmem.o
 .bss           0x81016004        0x0 binaries/getpid.o
 .bss           0x81016004        0x0 binaries/getprio.o
 .bss           0x81016004        0x0 binaries/getstk.o
 .bss           0x81016004        0x0 binaries/gettime.o
 .bss           0x81016004        0x0 binaries/getutime.o
 .bss           0x81016004        0x0 binaries/init.o
 .bss           0x81016004        0x0 binaries/initialize.o
 .bss           0x81016004        0x0 binaries/insert.o
 .bss           0x81016004        0x0 binaries/insertd.o
 .bss           0x81016004        0x0 binaries/ioerr.o
 .bss           0x81016004        0x0 binaries/ionull.o
 .bss           0x81016004        0x0 binaries/kill.o
 .bss           0x81016004        0x0 binaries/kprintf.o
 .bss           0x81016004        0x0 binaries/main.o
 .bss           0x81016004        0x0 binaries/mark.o
 .bss           0x81016004        0x0 binaries/meminit.o
 .bss           0x81016004        0x0 binaries/mkbufpool.o
 .bss           0x81016004        0x0 binaries/newqueue.o
 .bss           0x81016004        0x0 binaries/open.o
 .bss           0x81016004        0x0 binaries/panic.o
 .bss           0x81016004        0x0 binaries/platinit.o
 .bss           0x81016004        0x0 binaries/ptclear.o
 .bss           0x81016004        0x0 binaries/ptcount.o
 .bss           0x81016004        0x0 binaries/ptcreate.o
 .bss           0x81016004        0x0 binaries/ptdelete.o
 .bss           0x81016004        0x0 binaries/ptinit.o
 .bss           0x81016004        0x0 binaries/ptrecv.o
 .bss           0x81016004        0x0 binaries/ptreset.o
 .bss           0x81016004        0x0 binaries/ptsend.o
 .bss           0x81016004        0x0 binaries/putc.o
 .bss           0x81016004        0x0 binaries/queue.o
 .bss           0x81016004        0x0 binaries/read.o
 .bss           0x81016004        0x0 binaries/ready.o
 .bss           0x81016004        0x0 binaries/receive.o
 .bss           0x81016004        0x0 binaries/recvclr.o
 .bss           0x81016004        0x0 binaries/recvtime.o
 .bss           0x81016004        0x0 binaries/resched.o
 .bss           0x81016004        0x0 binaries/resume.o
 .bss           0x81016004        0x0 binaries/seek.o
 .bss           0x81016004        0x0 binaries/semcount.o
 .bss           0x81016004        0x4 binaries/semcreate.o
 .bss           0x81016008        0x0 binaries/semdelete.o
 .bss           0x81016008        0x0 binaries/semreset.o
 .bss           0x81016008        0x0 binaries/send.o
 .bss           0x81016008        0x0 binaries/signal.o
 .bss           0x81016008        0x0 binaries/signaln.o
 .bss           0x81016008        0x0 binaries/sleep.o
 .bss           0x81016008        0x0 binaries/suspend.o
 .bss           0x81016008        0x0 binaries/unsleep.o
 .bss           0x81016008        0x0 binaries/userret.o
 .bss           0x81016008        0x0 binaries/wait.o
 .bss           0x81016008        0x0 binaries/wakeup.o
 .bss           0x81016008        0x0 binaries/write.o
 .bss           0x81016008        0x0 binaries/xdone.o
 .bss           0x81016008        0x0 binaries/yield.o
 .bss           0x81016008        0x0 binaries/abs.o
 .bss           0x81016008        0x0 binaries/atoi.o
 .bss           0x81016008        0x0 binaries/atol.o
 .bss           0x81016008        0x0 binaries/bzero.o
 .bss           0x81016008        0x0 binaries/ctype_.o
 .bss           0x81016008        0x0 binaries/doprnt.o
 .bss           0x81016008        0x0 binaries/doscan.o
 .bss           0x81016008        0x0 binaries/fdoprnt.o
 .bss           0x81016008        0x0 binaries/fgetc.o
 .bss           0x81016008        0x0 binaries/fgets.o
 .bss           0x81016008        0x0 binaries/fprintf.o
 .bss           0x81016008        0x0 binaries/fputc.o
 .bss           0x81016008        0x0 binaries/fputs.o
 .bss           0x81016008        0x0 binaries/fscanf.o
 .bss           0x81016008        0x0 binaries/getchar.o
 .bss           0x81016008        0x0 binaries/labs.o
 .bss           0x81016008        0x0 binaries/memchr.o
 .bss           0x81016008        0x0 binaries/memcmp.o
 .bss           0x81016008        0x0 binaries/memcpy.o
 .bss           0x81016008        0x0 binaries/memset.o
 .bss           0x81016008        0x0 binaries/printf.o
 .bss           0x81016008        0x0 binaries/putchar.o
 .bss           0x81016008        0x8 binaries/qsort.o
 .bss           0x81016010        0x0 binaries/rand.o
 .bss           0x81016010        0x0 binaries/sprintf.o
 .bss           0x81016010        0x0 binaries/sscanf.o
 .bss           0x81016010        0x0 binaries/strchr.o
 .bss           0x81016010        0x0 binaries/strcmp.o
 .bss           0x81016010        0x0 binaries/strcpy.o
 .bss           0x81016010        0x0 binaries/strlen.o
 .bss           0x81016010        0x0 binaries/strncat.o
 .bss           0x81016010        0x0 binaries/strncmp.o
 .bss           0x81016010        0x0 binaries/strncpy.o
 .bss           0x81016010        0x0 binaries/strnlen.o
 .bss           0x81016010        0x0 binaries/strrchr.o
 .bss           0x81016010        0x0 binaries/strstr.o
 .bss           0x81016010        0x0 binaries/ttycontrol.o
 .bss           0x81016010        0x0 binaries/ttygetc.o
 .bss           0x81016010        0x0 binaries/ttyhandle_in.o
 .bss           0x81016010        0x0 binaries/ttyhandle_out.o
 .bss           0x81016010        0x0 binaries/ttyhandler.o
 .bss           0x81016010        0x0 binaries/ttyinit.o
 .bss           0x81016010        0x0 binaries/ttykickout.o
 .bss           0x81016010        0x0 binaries/ttyputc.o
 .bss           0x81016010        0x0 binaries/ttyread.o
 .bss           0x81016010        0x0 binaries/ttywrite.o
 .bss           0x81016010        0x0 binaries/mount.o
 .bss           0x81016010        0x0 binaries/naminit.o
 .bss           0x81016010        0x0 binaries/nammap.o
 .bss           0x81016010        0x0 binaries/namopen.o
 .bss           0x81016010        0x0 binaries/colon2mac.o
 .bss           0x81016010        0x0 binaries/ethcontrol.o
 .bss           0x81016010        0x0 binaries/ethhandler.o
 .bss           0x81016010        0x0 binaries/ethinit.o
 .bss           0x81016010        0x0 binaries/ethread.o
 .bss           0x81016010        0x0 binaries/ethwrite.o
 .bss           0x81016010        0x0 binaries/rdsbufalloc.o
 .bss           0x81016010        0x0 binaries/rdsclose.o
 .bss           0x81016010        0x0 binaries/rdscomm.o
 .bss           0x81016010        0x0 binaries/rdscontrol.o
 .bss           0x81016010        0x0 binaries/rdsinit.o
 .bss           0x81016010        0x0 binaries/rdsopen.o
 .bss           0x81016010        0x0 binaries/rdsprocess.o
 .bss           0x81016010        0x0 binaries/rdsread.o
 .bss           0x81016010        0x0 binaries/rdswrite.o
 .bss           0x81016010        0x0 binaries/ramclose.o
 .bss           0x81016010        0x0 binaries/raminit.o
 .bss           0x81016010        0x0 binaries/ramopen.o
 .bss           0x81016010        0x0 binaries/ramread.o
 .bss           0x81016010        0x0 binaries/ramwrite.o
 .bss           0x81016010        0x0 binaries/lfdballoc.o
 .bss           0x81016010        0x0 binaries/lfdbfree.o
 .bss           0x81016010        0x0 binaries/lfflush.o
 .bss           0x81016010        0x0 binaries/lfgetmode.o
 .bss           0x81016010        0x0 binaries/lfiballoc.o
 .bss           0x81016010        0x0 binaries/lfibclear.o
 .bss           0x81016010        0x0 binaries/lfibget.o
 .bss           0x81016010        0x0 binaries/lfibput.o
 .bss           0x81016010        0x0 binaries/lflclose.o
 .bss           0x81016010        0x0 binaries/lflcontrol.o
 .bss           0x81016010        0x0 binaries/lflgetc.o
 .bss           0x81016010        0x0 binaries/lflinit.o
 .bss           0x81016010        0x0 binaries/lflputc.o
 .bss           0x81016010        0x0 binaries/lflread.o
 .bss           0x81016010        0x0 binaries/lflseek.o
 .bss           0x81016010        0x0 binaries/lflwrite.o
 .bss           0x81016010        0x0 binaries/lfsckfmt.o
 .bss           0x81016010        0x0 binaries/lfscreate.o
 .bss           0x81016010        0x0 binaries/lfsetup.o
 .bss           0x81016010        0x0 binaries/lfsinit.o
 .bss           0x81016010        0x0 binaries/lfsopen.o
 .bss           0x81016010        0x0 binaries/lftruncate.o
 .bss           0x81016010        0x0 binaries/rflclose.o
 .bss           0x81016010        0x0 binaries/rflgetc.o
 .bss           0x81016010        0x0 binaries/rflinit.o
 .bss           0x81016010        0x0 binaries/rflputc.o
 .bss           0x81016010        0x0 binaries/rflread.o
 .bss           0x81016010        0x0 binaries/rflseek.o
 .bss           0x81016010        0x0 binaries/rflwrite.o
 .bss           0x81016010        0x0 binaries/rfscomm.o
 .bss           0x81016010        0x0 binaries/rfscontrol.o
 .bss           0x81016010        0x0 binaries/rfsgetmode.o
 .bss           0x81016010        0x0 binaries/rfsinit.o
 .bss           0x81016010        0x0 binaries/rfsndmsg.o
 .bss           0x81016010        0x0 binaries/rfsopen.o
 .bss           0x81016010        0x0 binaries/spicontrol.o
 .bss           0x81016010        0x0 binaries/spiinit.o
 .bss           0x81016010        0x0 binaries/arp.o
 .bss           0x81016010        0x0 binaries/dhcp.o
 .bss           0x81016010        0x0 binaries/dns.o
 .bss           0x81016010        0x0 binaries/dot2ip.o
 .bss           0x81016010        0x0 binaries/hexdump.o
 .bss           0x81016010        0x0 binaries/icmp.o
 .bss           0x81016010        0x0 binaries/ip.o
 .bss           0x81016010        0x0 binaries/net.o
 .bss           0x81016010        0x0 binaries/netstart.o
 .bss           0x81016010        0x0 binaries/pdump.o
 .bss           0x81016010        0x0 binaries/tftp.o
 .bss           0x81016010        0x0 binaries/udp.o
 .bss           0x81016010        0x0 binaries/addargs.o
 .bss           0x81016010        0x0 binaries/lexan.o
 .bss           0x81016010        0x0 binaries/shell.o
 .bss           0x81016010        0x0 binaries/xsh_argecho.o
 .bss           0x81016010        0x0 binaries/xsh_arp.o
 .bss           0x81016010        0x0 binaries/xsh_cat.o
 .bss           0x81016010        0x0 binaries/xsh_clear.o
 .bss           0x81016010        0x0 binaries/xsh_date.o
 .bss           0x81016010        0x0 binaries/xsh_devdump.o
 .bss           0x81016010        0x0 binaries/xsh_echo.o
 .bss           0x81016010        0x0 binaries/xsh_exit.o
 .bss           0x81016010        0x0 binaries/xsh_help.o
 .bss           0x81016010        0x0 binaries/xsh_ipaddr.o
 .bss           0x81016010        0x0 binaries/xsh_kill.o
 .bss           0x81016010        0x0 binaries/xsh_led.o
 .bss           0x81016010        0x0 binaries/xsh_memdump.o
 .bss           0x81016010        0x0 binaries/xsh_memstat.o
 .bss           0x81016010        0x4 binaries/xsh_ping.o
 .bss           0x81016014        0x0 binaries/xsh_ps.o
 .bss           0x81016014        0x0 binaries/xsh_sleep.o
 .bss           0x81016014        0x0 binaries/xsh_udpdump.o
 .bss           0x81016014        0x0 binaries/xsh_udpecho.o
 .bss           0x81016014        0x0 binaries/xsh_udpeserver.o
 .bss           0x81016014        0x0 binaries/xsh_uptime.o
 .bss           0x81016014        0x0 binaries/ctxsw.o
 .bss           0x81016014        0x0 binaries/intr.o
 .bss           0x81016014        0x0 ../cross_compiler/lib/gcc/arm-none-eabi/4.8.1//libgcc.a(_udivsi3.o)
 .bss           0x81016014        0x0 ../cross_compiler/lib/gcc/arm-none-eabi/4.8.1//libgcc.a(_divsi3.o)
 .bss           0x81016014        0x0 ../cross_compiler/lib/gcc/arm-none-eabi/4.8.1//libgcc.a(_dvmd_tls.o)
 *(COMMON)
 COMMON         0x81016014       0xf4 binaries/bufinit.o
                0x81016014                buftab
                0x81016104                nbpools
 COMMON         0x81016108        0xc binaries/clkinit.o
                0x81016108                sleepq
                0x8101610c                preempt
                0x81016110                clktime
 COMMON         0x81016114      0x200 binaries/evec.o
                0x81016114                intc_vector
 COMMON         0x81016314     0x1aa0 binaries/initialize.o
                0x81016314                currpid
                0x81016318                proctab
                0x810178f8                prcount
                0x810178fc                semtab
                0x81017dac                memlist
 COMMON         0x81017db4        0x4 binaries/main.o
                0x81017db4                cpudelay
 COMMON         0x81017db8       0x58 binaries/mark.o
                0x81017db8                marks
                0x81017e08                nmarks
                0x81017e0c                mkmutex
 COMMON         0x81017e10        0x8 binaries/meminit.o
                0x81017e10                minheap
                0x81017e14                maxheap
 COMMON         0x81017e18      0x2d8 binaries/ptinit.o
                0x81017e18                porttab
                0x810180e8                ptnextid
                0x810180ec                ptfree
 COMMON         0x810180f0      0x980 binaries/queue.o
                0x810180f0                queuetab
 COMMON         0x81018a70        0x2 binaries/ready.o
                0x81018a70                readylist
 *fill*         0x81018a72        0x2 
 COMMON         0x81018a74        0x8 binaries/resched.o
                0x81018a74                Defer
 COMMON         0x81018a7c      0x110 binaries/ttyinit.o
                0x81018a7c                ttytab
 COMMON         0x81018b8c     0x19a4 binaries/naminit.o
                0x81018b8c                nnames
                0x81018b90                nametab
 COMMON         0x8101a530      0x154 binaries/ethinit.o
                0x8101a530                eth_a_regs
                0x8101a54c                ethertab
 COMMON         0x8101a684       0x8c binaries/rdsinit.o
                0x8101a684                rdstab
 COMMON         0x8101a710    0x19000 binaries/raminit.o
                0x8101a710                Ram
 COMMON         0x81033710      0xf00 binaries/lflinit.o
                0x81033710                lfltab
 COMMON         0x81034610      0x20c binaries/lfsinit.o
                0x81034610                Lf_data
 COMMON         0x8103481c      0x5a0 binaries/rflinit.o
                0x8103481c                rfltab
 COMMON         0x81034dbc       0x18 binaries/rfsinit.o
                0x81034dbc                Rf_data
 COMMON         0x81034dd4      0x140 binaries/arp.o
                0x81034dd4                arpcache
 COMMON         0x81034f14        0x4 binaries/dns.o
                0x81034f14                nsaddr
 COMMON         0x81034f18      0x230 binaries/icmp.o
                0x81034f18                icmptab
 COMMON         0x81035148       0x2c binaries/ip.o
                0x81035148                ipoqueue
 COMMON         0x81035174       0xac binaries/net.o
                0x81035174                netbufpool
                0x81035178                NetData
 COMMON         0x81035220      0x168 binaries/udp.o
                0x81035220                udptab
                0x81035388                ebss = ABSOLUTE (.)
                0x81036000                . = ALIGN (0x1000)
 *fill*         0x81035388      0xc78 
 */()
                0x81036000                end = ABSOLUTE (.)
                0x81036000                _end = ABSOLUTE (.)
                0x81036000                . = ALIGN (0x1000)
LOAD binaries/start.o
LOAD binaries/ascdate.o
LOAD binaries/bufinit.o
LOAD binaries/chprio.o
LOAD binaries/clkhandler.o
LOAD binaries/clkinit.o
LOAD binaries/close.o
LOAD binaries/conf.o
LOAD binaries/control.o
LOAD binaries/create.o
LOAD binaries/evec.o
LOAD binaries/exit.o
LOAD binaries/freebuf.o
LOAD binaries/freemem.o
LOAD binaries/getbuf.o
LOAD binaries/getc.o
LOAD binaries/getdev.o
LOAD binaries/getitem.o
LOAD binaries/getmem.o
LOAD binaries/getpid.o
LOAD binaries/getprio.o
LOAD binaries/getstk.o
LOAD binaries/gettime.o
LOAD binaries/getutime.o
LOAD binaries/init.o
LOAD binaries/initialize.o
LOAD binaries/insert.o
LOAD binaries/insertd.o
LOAD binaries/ioerr.o
LOAD binaries/ionull.o
LOAD binaries/kill.o
LOAD binaries/kprintf.o
LOAD binaries/main.o
LOAD binaries/mark.o
LOAD binaries/meminit.o
LOAD binaries/mkbufpool.o
LOAD binaries/newqueue.o
LOAD binaries/open.o
LOAD binaries/panic.o
LOAD binaries/platinit.o
LOAD binaries/ptclear.o
LOAD binaries/ptcount.o
LOAD binaries/ptcreate.o
LOAD binaries/ptdelete.o
LOAD binaries/ptinit.o
LOAD binaries/ptrecv.o
LOAD binaries/ptreset.o
LOAD binaries/ptsend.o
LOAD binaries/putc.o
LOAD binaries/queue.o
LOAD binaries/read.o
LOAD binaries/ready.o
LOAD binaries/receive.o
LOAD binaries/recvclr.o
LOAD binaries/recvtime.o
LOAD binaries/resched.o
LOAD binaries/resume.o
LOAD binaries/seek.o
LOAD binaries/semcount.o
LOAD binaries/semcreate.o
LOAD binaries/semdelete.o
LOAD binaries/semreset.o
LOAD binaries/send.o
LOAD binaries/signal.o
LOAD binaries/signaln.o
LOAD binaries/sleep.o
LOAD binaries/suspend.o
LOAD binaries/unsleep.o
LOAD binaries/userret.o
LOAD binaries/wait.o
LOAD binaries/wakeup.o
LOAD binaries/write.o
LOAD binaries/xdone.o
LOAD binaries/yield.o
LOAD binaries/abs.o
LOAD binaries/atoi.o
LOAD binaries/atol.o
LOAD binaries/bzero.o
LOAD binaries/ctype_.o
LOAD binaries/doprnt.o
LOAD binaries/doscan.o
LOAD binaries/fdoprnt.o
LOAD binaries/fgetc.o
LOAD binaries/fgets.o
LOAD binaries/fprintf.o
LOAD binaries/fputc.o
LOAD binaries/fputs.o
LOAD binaries/fscanf.o
LOAD binaries/getchar.o
LOAD binaries/labs.o
LOAD binaries/memchr.o
LOAD binaries/memcmp.o
LOAD binaries/memcpy.o
LOAD binaries/memset.o
LOAD binaries/printf.o
LOAD binaries/putchar.o
LOAD binaries/qsort.o
LOAD binaries/rand.o
LOAD binaries/sprintf.o
LOAD binaries/sscanf.o
LOAD binaries/strchr.o
LOAD binaries/strcmp.o
LOAD binaries/strcpy.o
LOAD binaries/strlen.o
LOAD binaries/strncat.o
LOAD binaries/strncmp.o
LOAD binaries/strncpy.o
LOAD binaries/strnlen.o
LOAD binaries/strrchr.o
LOAD binaries/strstr.o
LOAD binaries/ttycontrol.o
LOAD binaries/ttygetc.o
LOAD binaries/ttyhandle_in.o
LOAD binaries/ttyhandle_out.o
LOAD binaries/ttyhandler.o
LOAD binaries/ttyinit.o
LOAD binaries/ttykickout.o
LOAD binaries/ttyputc.o
LOAD binaries/ttyread.o
LOAD binaries/ttywrite.o
LOAD binaries/mount.o
LOAD binaries/naminit.o
LOAD binaries/nammap.o
LOAD binaries/namopen.o
LOAD binaries/colon2mac.o
LOAD binaries/ethcontrol.o
LOAD binaries/ethhandler.o
LOAD binaries/ethinit.o
LOAD binaries/ethread.o
LOAD binaries/ethwrite.o
LOAD binaries/rdsbufalloc.o
LOAD binaries/rdsclose.o
LOAD binaries/rdscomm.o
LOAD binaries/rdscontrol.o
LOAD binaries/rdsinit.o
LOAD binaries/rdsopen.o
LOAD binaries/rdsprocess.o
LOAD binaries/rdsread.o
LOAD binaries/rdswrite.o
LOAD binaries/ramclose.o
LOAD binaries/raminit.o
LOAD binaries/ramopen.o
LOAD binaries/ramread.o
LOAD binaries/ramwrite.o
LOAD binaries/lfdballoc.o
LOAD binaries/lfdbfree.o
LOAD binaries/lfflush.o
LOAD binaries/lfgetmode.o
LOAD binaries/lfiballoc.o
LOAD binaries/lfibclear.o
LOAD binaries/lfibget.o
LOAD binaries/lfibput.o
LOAD binaries/lflclose.o
LOAD binaries/lflcontrol.o
LOAD binaries/lflgetc.o
LOAD binaries/lflinit.o
LOAD binaries/lflputc.o
LOAD binaries/lflread.o
LOAD binaries/lflseek.o
LOAD binaries/lflwrite.o
LOAD binaries/lfsckfmt.o
LOAD binaries/lfscreate.o
LOAD binaries/lfsetup.o
LOAD binaries/lfsinit.o
LOAD binaries/lfsopen.o
LOAD binaries/lftruncate.o
LOAD binaries/rflclose.o
LOAD binaries/rflgetc.o
LOAD binaries/rflinit.o
LOAD binaries/rflputc.o
LOAD binaries/rflread.o
LOAD binaries/rflseek.o
LOAD binaries/rflwrite.o
LOAD binaries/rfscomm.o
LOAD binaries/rfscontrol.o
LOAD binaries/rfsgetmode.o
LOAD binaries/rfsinit.o
LOAD binaries/rfsndmsg.o
LOAD binaries/rfsopen.o
LOAD binaries/spicontrol.o
LOAD binaries/spiinit.o
LOAD binaries/arp.o
LOAD binaries/dhcp.o
LOAD binaries/dns.o
LOAD binaries/dot2ip.o
LOAD binaries/hexdump.o
LOAD binaries/icmp.o
LOAD binaries/ip.o
LOAD binaries/net.o
LOAD binaries/netstart.o
LOAD binaries/pdump.o
LOAD binaries/tftp.o
LOAD binaries/udp.o
LOAD binaries/addargs.o
LOAD binaries/lexan.o
LOAD binaries/shell.o
LOAD binaries/xsh_argecho.o
LOAD binaries/xsh_arp.o
LOAD binaries/xsh_cat.o
LOAD binaries/xsh_clear.o
LOAD binaries/xsh_date.o
LOAD binaries/xsh_devdump.o
LOAD binaries/xsh_echo.o
LOAD binaries/xsh_exit.o
LOAD binaries/xsh_help.o
LOAD binaries/xsh_ipaddr.o
LOAD binaries/xsh_kill.o
LOAD binaries/xsh_led.o
LOAD binaries/xsh_memdump.o
LOAD binaries/xsh_memstat.o
LOAD binaries/xsh_ping.o
LOAD binaries/xsh_ps.o
LOAD binaries/xsh_sleep.o
LOAD binaries/xsh_udpdump.o
LOAD binaries/xsh_udpecho.o
LOAD binaries/xsh_udpeserver.o
LOAD binaries/xsh_uptime.o
LOAD binaries/ctxsw.o
LOAD binaries/intr.o
LOAD ../cross_compiler/lib/gcc/arm-none-eabi/4.8.1//libgcc.a
OUTPUT(../compile/xinu elf32-littlearm)

.ARM.attributes
                0x00000000       0x31
 .ARM.attributes
                0x00000000       0x25 binaries/start.o
 .ARM.attributes
                0x00000025       0x35 binaries/ascdate.o
 .ARM.attributes
                0x0000005a       0x35 binaries/bufinit.o
 .ARM.attributes
                0x0000008f       0x35 binaries/chprio.o
 .ARM.attributes
                0x000000c4       0x35 binaries/clkhandler.o
 .ARM.attributes
                0x000000f9       0x35 binaries/clkinit.o
 .ARM.attributes
                0x0000012e       0x35 binaries/close.o
 .ARM.attributes
                0x00000163       0x35 binaries/conf.o
 .ARM.attributes
                0x00000198       0x35 binaries/control.o
 .ARM.attributes
                0x000001cd       0x35 binaries/create.o
 .ARM.attributes
                0x00000202       0x35 binaries/evec.o
 .ARM.attributes
                0x00000237       0x35 binaries/exit.o
 .ARM.attributes
                0x0000026c       0x35 binaries/freebuf.o
 .ARM.attributes
                0x000002a1       0x35 binaries/freemem.o
 .ARM.attributes
                0x000002d6       0x35 binaries/getbuf.o
 .ARM.attributes
                0x0000030b       0x35 binaries/getc.o
 .ARM.attributes
                0x00000340       0x35 binaries/getdev.o
 .ARM.attributes
                0x00000375       0x35 binaries/getitem.o
 .ARM.attributes
                0x000003aa       0x35 binaries/getmem.o
 .ARM.attributes
                0x000003df       0x35 binaries/getpid.o
 .ARM.attributes
                0x00000414       0x35 binaries/getprio.o
 .ARM.attributes
                0x00000449       0x35 binaries/getstk.o
 .ARM.attributes
                0x0000047e       0x35 binaries/gettime.o
 .ARM.attributes
                0x000004b3       0x35 binaries/getutime.o
 .ARM.attributes
                0x000004e8       0x35 binaries/init.o
 .ARM.attributes
                0x0000051d       0x35 binaries/initialize.o
 .ARM.attributes
                0x00000552       0x35 binaries/insert.o
 .ARM.attributes
                0x00000587       0x35 binaries/insertd.o
 .ARM.attributes
                0x000005bc       0x35 binaries/ioerr.o
 .ARM.attributes
                0x000005f1       0x35 binaries/ionull.o
 .ARM.attributes
                0x00000626       0x35 binaries/kill.o
 .ARM.attributes
                0x0000065b       0x35 binaries/kprintf.o
 .ARM.attributes
[...]
 .ARM.attributes
                0x00001a06       0x35 binaries/ethhandler.o
 .ARM.attributes
                0x00001a3b       0x35 binaries/ethinit.o
 .ARM.attributes
                0x00001a70       0x35 binaries/ethread.o
 .ARM.attributes
                0x00001aa5       0x35 binaries/ethwrite.o
 .ARM.attributes
                0x00001ada       0x35 binaries/rdsbufalloc.o
 .ARM.attributes
                0x00001b0f       0x35 binaries/rdsclose.o
 .ARM.attributes
                0x00001b44       0x35 binaries/rdscomm.o
 .ARM.attributes
                0x00001b79       0x35 binaries/rdscontrol.o
 .ARM.attributes
                0x00001bae       0x35 binaries/rdsinit.o
 .ARM.attributes
                0x00001be3       0x35 binaries/rdsopen.o
 .ARM.attributes
                0x00001c18       0x35 binaries/rdsprocess.o
 .ARM.attributes
                0x00001c4d       0x35 binaries/rdsread.o
 .ARM.attributes
                0x00001c82       0x35 binaries/rdswrite.o
 .ARM.attributes
                0x00001cb7       0x35 binaries/ramclose.o
 .ARM.attributes
                0x00001cec       0x35 binaries/raminit.o
 .ARM.attributes
                0x00001d21       0x35 binaries/ramopen.o
 .ARM.attributes
                0x00001d56       0x35 binaries/ramread.o
 .ARM.attributes
                0x00001d8b       0x35 binaries/ramwrite.o
 .ARM.attributes
                0x00001dc0       0x35 binaries/lfdballoc.o
 .ARM.attributes
                0x00001df5       0x35 binaries/lfdbfree.o
 .ARM.attributes
                0x00001e2a       0x35 binaries/lfflush.o
 .ARM.attributes
                0x00001e5f       0x35 binaries/lfgetmode.o
 .ARM.attributes
                0x00001e94       0x35 binaries/lfiballoc.o
 .ARM.attributes
                0x00001ec9       0x35 binaries/lfibclear.o
 .ARM.attributes
                0x00001efe       0x35 binaries/lfibget.o
 .ARM.attributes
                0x00001f33       0x35 binaries/lfibput.o
 .ARM.attributes
                0x00001f68       0x35 binaries/lflclose.o
 .ARM.attributes
                0x00001f9d       0x35 binaries/lflcontrol.o
 .ARM.attributes
                0x00001fd2       0x35 binaries/lflgetc.o
 .ARM.attributes
                0x00002007       0x35 binaries/lflinit.o
 .ARM.attributes
                0x0000203c       0x35 binaries/lflputc.o
 .ARM.attributes
                0x00002071       0x35 binaries/lflread.o
 .ARM.attributes
                0x000020a6       0x35 binaries/lflseek.o
 .ARM.attributes
                0x000020db       0x35 binaries/lflwrite.o
 .ARM.attributes
                0x00002110       0x35 binaries/lfsckfmt.o
 .ARM.attributes
                0x00002145       0x35 binaries/lfscreate.o
 .ARM.attributes
                0x0000217a       0x35 binaries/lfsetup.o
 .ARM.attributes
                0x000021af       0x35 binaries/lfsinit.o
 .ARM.attributes
                0x000021e4       0x35 binaries/lfsopen.o
 .ARM.attributes
                0x00002219       0x35 binaries/lftruncate.o
 .ARM.attributes
                0x0000224e       0x35 binaries/rflclose.o
 .ARM.attributes
                0x00002283       0x35 binaries/rflgetc.o
 .ARM.attributes
                0x000022b8       0x35 binaries/rflinit.o
 .ARM.attributes
                0x000022ed       0x35 binaries/rflputc.o
 .ARM.attributes
                0x00002322       0x35 binaries/rflread.o
 .ARM.attributes
                0x00002357       0x35 binaries/rflseek.o
 .ARM.attributes
                0x0000238c       0x35 binaries/rflwrite.o
 .ARM.attributes
                0x000023c1       0x35 binaries/rfscomm.o
 .ARM.attributes
                0x000023f6       0x35 binaries/rfscontrol.o
 .ARM.attributes
                0x0000242b       0x35 binaries/rfsgetmode.o
 .ARM.attributes
                0x00002460       0x35 binaries/rfsinit.o
 .ARM.attributes
                0x00002495       0x35 binaries/rfsndmsg.o
 .ARM.attributes
                0x000024ca       0x35 binaries/rfsopen.o
 .ARM.attributes
                0x000024ff       0x35 binaries/spicontrol.o
 .ARM.attributes
                0x00002534       0x35 binaries/spiinit.o
 .ARM.attributes
                0x00002569       0x35 binaries/arp.o
 .ARM.attributes
                0x0000259e       0x35 binaries/dhcp.o
 .ARM.attributes
                0x000025d3       0x35 binaries/dns.o
 .ARM.attributes
                0x00002608       0x35 binaries/dot2ip.o
 .ARM.attributes
                0x0000263d       0x35 binaries/hexdump.o
 .ARM.attributes
                0x00002672       0x35 binaries/icmp.o
 .ARM.attributes
                0x000026a7       0x35 binaries/ip.o
 .ARM.attributes
                0x000026dc       0x35 binaries/net.o
 .ARM.attributes
                0x00002711       0x35 binaries/netstart.o
 .ARM.attributes
                0x00002746       0x35 binaries/pdump.o
 .ARM.attributes
                0x0000277b       0x35 binaries/tftp.o
 .ARM.attributes
                0x000027b0       0x35 binaries/udp.o
 .ARM.attributes
                0x000027e5       0x35 binaries/addargs.o
 .ARM.attributes
                0x0000281a       0x35 binaries/lexan.o
 .ARM.attributes
                0x0000284f       0x35 binaries/shell.o
 .ARM.attributes
                0x00002884       0x35 binaries/xsh_argecho.o
 .ARM.attributes
                0x000028b9       0x35 binaries/xsh_arp.o
 .ARM.attributes
                0x000028ee       0x35 binaries/xsh_cat.o
 .ARM.attributes
                0x00002923       0x35 binaries/xsh_clear.o
 .ARM.attributes
                0x00002958       0x35 binaries/xsh_date.o
 .ARM.attributes
                0x0000298d       0x35 binaries/xsh_devdump.o
 .ARM.attributes
                0x000029c2       0x35 binaries/xsh_echo.o
 .ARM.attributes
                0x000029f7       0x35 binaries/xsh_exit.o
 .ARM.attributes
                0x00002a2c       0x35 binaries/xsh_help.o
 .ARM.attributes
                0x00002a61       0x35 binaries/xsh_ipaddr.o
 .ARM.attributes
                0x00002a96       0x35 binaries/xsh_kill.o
 .ARM.attributes
                0x00002acb       0x35 binaries/xsh_led.o
 .ARM.attributes
                0x00002b00       0x35 binaries/xsh_memdump.o
 .ARM.attributes
                0x00002b35       0x35 binaries/xsh_memstat.o
 .ARM.attributes
                0x00002b6a       0x35 binaries/xsh_ping.o
 .ARM.attributes
                0x00002b9f       0x35 binaries/xsh_ps.o
 .ARM.attributes
                0x00002bd4       0x35 binaries/xsh_sleep.o
 .ARM.attributes
                0x00002c09       0x35 binaries/xsh_udpdump.o
 .ARM.attributes
                0x00002c3e       0x35 binaries/xsh_udpecho.o
 .ARM.attributes
                0x00002c73       0x35 binaries/xsh_udpeserver.o
 .ARM.attributes
                0x00002ca8       0x35 binaries/xsh_uptime.o
 .ARM.attributes
                0x00002cdd       0x25 binaries/ctxsw.o
 .ARM.attributes
                0x00002d02       0x25 binaries/intr.o
 .ARM.attributes
                0x00002d27       0x18 ../cross_compiler/lib/gcc/arm-none-eabi/4.8.1//libgcc.a(_udivsi3.o)
 .ARM.attributes
                0x00002d3f       0x18 ../cross_compiler/lib/gcc/arm-none-eabi/4.8.1//libgcc.a(_divsi3.o)
 .ARM.attributes
                0x00002d57       0x18 ../cross_compiler/lib/gcc/arm-none-eabi/4.8.1//libgcc.a(_dvmd_tls.o)

.comment        0x00000000       0x30
 .comment       0x00000000       0x30 binaries/ascdate.o
                                 0x31 (size before relaxing)
 .comment       0x00000000       0x31 binaries/bufinit.o
 .comment       0x00000000       0x31 binaries/chprio.o
 .comment       0x00000000       0x31 binaries/clkhandler.o
 .comment       0x00000000       0x31 binaries/clkinit.o
 .comment       0x00000000       0x31 binaries/close.o
 .comment       0x00000000       0x31 binaries/conf.o
 .comment       0x00000000       0x31 binaries/control.o
 .comment       0x00000000       0x31 binaries/create.o
 .comment       0x00000000       0x31 binaries/evec.o
 .comment       0x00000000       0x31 binaries/exit.o
 .comment       0x00000000       0x31 binaries/freebuf.o
 .comment       0x00000000       0x31 binaries/freemem.o
 .comment       0x00000000       0x31 binaries/getbuf.o
 .comment       0x00000000       0x31 binaries/getc.o
 .comment       0x00000000       0x31 binaries/getdev.o
 .comment       0x00000000       0x31 binaries/getitem.o
 .comment       0x00000000       0x31 binaries/getmem.o
 .comment       0x00000000       0x31 binaries/getpid.o
 .comment       0x00000000       0x31 binaries/getprio.o
 .comment       0x00000000       0x31 binaries/getstk.o
 .comment       0x00000000       0x31 binaries/gettime.o
 .comment       0x00000000       0x31 binaries/getutime.o
 .comment       0x00000000       0x31 binaries/init.o
 .comment       0x00000000       0x31 binaries/initialize.o
 .comment       0x00000000       0x31 binaries/insert.o
 .comment       0x00000000       0x31 binaries/insertd.o
 .comment       0x00000000       0x31 binaries/ioerr.o
 .comment       0x00000000       0x31 binaries/ionull.o
 .comment       0x00000000       0x31 binaries/kill.o
 .comment       0x00000000       0x31 binaries/kprintf.o
 .comment       0x00000000       0x31 binaries/main.o
 .comment       0x00000000       0x31 binaries/mark.o
 .comment       0x00000000       0x31 binaries/meminit.o
 .comment       0x00000000       0x31 binaries/mkbufpool.o
 .comment       0x00000000       0x31 binaries/newqueue.o
 .comment       0x00000000       0x31 binaries/open.o
 .comment       0x00000000       0x31 binaries/panic.o
 .comment       0x00000000       0x31 binaries/platinit.o
 .comment       0x00000000       0x31 binaries/ptclear.o
 .comment       0x00000000       0x31 binaries/ptcount.o
 .comment       0x00000000       0x31 binaries/ptcreate.o
 .comment       0x00000000       0x31 binaries/ptdelete.o
 .comment       0x00000000       0x31 binaries/ptinit.o
 .comment       0x00000000       0x31 binaries/ptrecv.o
 .comment       0x00000000       0x31 binaries/ptreset.o
 .comment       0x00000000       0x31 binaries/ptsend.o
 .comment       0x00000000       0x31 binaries/putc.o
 .comment       0x00000000       0x31 binaries/queue.o
 .comment       0x00000000       0x31 binaries/read.o
 .comment       0x00000000       0x31 binaries/ready.o
 .comment       0x00000000       0x31 binaries/receive.o
 .comment       0x00000000       0x31 binaries/recvclr.o
 .comment       0x00000000       0x31 binaries/recvtime.o
 .comment       0x00000000       0x31 binaries/resched.o
 .comment       0x00000000       0x31 binaries/resume.o
 .comment       0x00000000       0x31 binaries/seek.o
 .comment       0x00000000       0x31 binaries/semcount.o
 .comment       0x00000000       0x31 binaries/semcreate.o
 .comment       0x00000000       0x31 binaries/semdelete.o
 .comment       0x00000000       0x31 binaries/semreset.o
 .comment       0x00000000       0x31 binaries/send.o
 .comment       0x00000000       0x31 binaries/signal.o
 .comment       0x00000000       0x31 binaries/signaln.o
 .comment       0x00000000       0x31 binaries/sleep.o
 .comment       0x00000000       0x31 binaries/suspend.o
 .comment       0x00000000       0x31 binaries/unsleep.o
 .comment       0x00000000       0x31 binaries/userret.o
 .comment       0x00000000       0x31 binaries/wait.o
 .comment       0x00000000       0x31 binaries/wakeup.o
 .comment       0x00000000       0x31 binaries/write.o
 .comment       0x00000000       0x31 binaries/xdone.o
 .comment       0x00000000       0x31 binaries/yield.o
 .comment       0x00000000       0x31 binaries/abs.o
 .comment       0x00000000       0x31 binaries/atoi.o
 .comment       0x00000000       0x31 binaries/atol.o
 .comment       0x00000000       0x31 binaries/bzero.o
 .comment       0x00000000       0x31 binaries/ctype_.o
 .comment       0x00000000       0x31 binaries/doprnt.o
 .comment       0x00000000       0x31 binaries/doscan.o
 .comment       0x00000000       0x31 binaries/fdoprnt.o
 .comment       0x00000000       0x31 binaries/fgetc.o
 .comment       0x00000000       0x31 binaries/fgets.o
 .comment       0x00000000       0x31 binaries/fprintf.o
 .comment       0x00000000       0x31 binaries/fputc.o
 .comment       0x00000000       0x31 binaries/fputs.o
 .comment       0x00000000       0x31 binaries/fscanf.o
 .comment       0x00000000       0x31 binaries/getchar.o
 .comment       0x00000000       0x31 binaries/labs.o
 .comment       0x00000000       0x31 binaries/memchr.o
 .comment       0x00000000       0x31 binaries/memcmp.o
 .comment       0x00000000       0x31 binaries/memcpy.o
 .comment       0x00000000       0x31 binaries/memset.o
 .comment       0x00000000       0x31 binaries/printf.o
 .comment       0x00000000       0x31 binaries/putchar.o
 .comment       0x00000000       0x31 binaries/qsort.o
 .comment       0x00000000       0x31 binaries/rand.o
 .comment       0x00000000       0x31 binaries/sprintf.o
 .comment       0x00000000       0x31 binaries/sscanf.o
 .comment       0x00000000       0x31 binaries/strchr.o
 .comment       0x00000000       0x31 binaries/strcmp.o
 .comment       0x00000000       0x31 binaries/strcpy.o
 .comment       0x00000000       0x31 binaries/strlen.o
 .comment       0x00000000       0x31 binaries/strncat.o
 .comment       0x00000000       0x31 binaries/strncmp.o
 .comment       0x00000000       0x31 binaries/strncpy.o
 .comment       0x00000000       0x31 binaries/strnlen.o
 .comment       0x00000000       0x31 binaries/strrchr.o
 .comment       0x00000000       0x31 binaries/strstr.o
 .comment       0x00000000       0x31 binaries/ttycontrol.o
 .comment       0x00000000       0x31 binaries/ttygetc.o
 .comment       0x00000000       0x31 binaries/ttyhandle_in.o
 .comment       0x00000000       0x31 binaries/ttyhandle_out.o
 .comment       0x00000000       0x31 binaries/ttyhandler.o
 .comment       0x00000000       0x31 binaries/ttyinit.o
 .comment       0x00000000       0x31 binaries/ttykickout.o
 .comment       0x00000000       0x31 binaries/ttyputc.o
 .comment       0x00000000       0x31 binaries/ttyread.o
 .comment       0x00000000       0x31 binaries/ttywrite.o
 .comment       0x00000000       0x31 binaries/mount.o
 .comment       0x00000000       0x31 binaries/naminit.o
 .comment       0x00000000       0x31 binaries/nammap.o
 .comment       0x00000000       0x31 binaries/namopen.o
 .comment       0x00000000       0x31 binaries/colon2mac.o
 .comment       0x00000000       0x31 binaries/ethcontrol.o
 .comment       0x00000000       0x31 binaries/ethhandler.o
 .comment       0x00000000       0x31 binaries/ethinit.o
 .comment       0x00000000       0x31 binaries/ethread.o
 .comment       0x00000000       0x31 binaries/ethwrite.o
 .comment       0x00000000       0x31 binaries/rdsbufalloc.o
 .comment       0x00000000       0x31 binaries/rdsclose.o
 .comment       0x00000000       0x31 binaries/rdscomm.o
 .comment       0x00000000       0x31 binaries/rdscontrol.o
 .comment       0x00000000       0x31 binaries/rdsinit.o
 .comment       0x00000000       0x31 binaries/rdsopen.o
 .comment       0x00000000       0x31 binaries/rdsprocess.o
 .comment       0x00000000       0x31 binaries/rdsread.o
 .comment       0x00000000       0x31 binaries/rdswrite.o
 .comment       0x00000000       0x31 binaries/ramclose.o
 .comment       0x00000000       0x31 binaries/raminit.o
 .comment       0x00000000       0x31 binaries/ramopen.o
 .comment       0x00000000       0x31 binaries/ramread.o
 .comment       0x00000000       0x31 binaries/ramwrite.o
 .comment       0x00000000       0x31 binaries/lfdballoc.o
 .comment       0x00000000       0x31 binaries/lfdbfree.o
 .comment       0x00000000       0x31 binaries/lfflush.o
 .comment       0x00000000       0x31 binaries/lfgetmode.o
 .comment       0x00000000       0x31 binaries/lfiballoc.o
 .comment       0x00000000       0x31 binaries/lfibclear.o
 .comment       0x00000000       0x31 binaries/lfibget.o
 .comment       0x00000000       0x31 binaries/lfibput.o
 .comment       0x00000000       0x31 binaries/lflclose.o
 .comment       0x00000000       0x31 binaries/lflcontrol.o
 .comment       0x00000000       0x31 binaries/lflgetc.o
 .comment       0x00000000       0x31 binaries/lflinit.o
 .comment       0x00000000       0x31 binaries/lflputc.o
 .comment       0x00000000       0x31 binaries/lflread.o
 .comment       0x00000000       0x31 binaries/lflseek.o
 .comment       0x00000000       0x31 binaries/lflwrite.o
 .comment       0x00000000       0x31 binaries/lfsckfmt.o
 .comment       0x00000000       0x31 binaries/lfscreate.o
 .comment       0x00000000       0x31 binaries/lfsetup.o
 .comment       0x00000000       0x31 binaries/lfsinit.o
 .comment       0x00000000       0x31 binaries/lfsopen.o
 .comment       0x00000000       0x31 binaries/lftruncate.o
 .comment       0x00000000       0x31 binaries/rflclose.o
 .comment       0x00000000       0x31 binaries/rflgetc.o
 .comment       0x00000000       0x31 binaries/rflinit.o
 .comment       0x00000000       0x31 binaries/rflputc.o
 .comment       0x00000000       0x31 binaries/rflread.o
 .comment       0x00000000       0x31 binaries/rflseek.o
 .comment       0x00000000       0x31 binaries/rflwrite.o
 .comment       0x00000000       0x31 binaries/rfscomm.o
 .comment       0x00000000       0x31 binaries/rfscontrol.o
 .comment       0x00000000       0x31 binaries/rfsgetmode.o
 .comment       0x00000000       0x31 binaries/rfsinit.o
 .comment       0x00000000       0x31 binaries/rfsndmsg.o
 .comment       0x00000000       0x31 binaries/rfsopen.o
 .comment       0x00000000       0x31 binaries/spicontrol.o
 .comment       0x00000000       0x31 binaries/spiinit.o
 .comment       0x00000000       0x31 binaries/arp.o
 .comment       0x00000000       0x31 binaries/dhcp.o
 .comment       0x00000000       0x31 binaries/dns.o
 .comment       0x00000000       0x31 binaries/dot2ip.o
 .comment       0x00000000       0x31 binaries/hexdump.o
 .comment       0x00000000       0x31 binaries/icmp.o
 .comment       0x00000000       0x31 binaries/ip.o
 .comment       0x00000000       0x31 binaries/net.o
 .comment       0x00000000       0x31 binaries/netstart.o
 .comment       0x00000000       0x31 binaries/pdump.o
 .comment       0x00000000       0x31 binaries/tftp.o
 .comment       0x00000000       0x31 binaries/udp.o
 .comment       0x00000000       0x31 binaries/addargs.o
 .comment       0x00000000       0x31 binaries/lexan.o
 .comment       0x00000000       0x31 binaries/shell.o
 .comment       0x00000000       0x31 binaries/xsh_argecho.o
 .comment       0x00000000       0x31 binaries/xsh_arp.o
 .comment       0x00000000       0x31 binaries/xsh_cat.o
 .comment       0x00000000       0x31 binaries/xsh_clear.o
 .comment       0x00000000       0x31 binaries/xsh_date.o
 .comment       0x00000000       0x31 binaries/xsh_devdump.o
 .comment       0x00000000       0x31 binaries/xsh_echo.o
 .comment       0x00000000       0x31 binaries/xsh_exit.o
 .comment       0x00000000       0x31 binaries/xsh_help.o
 .comment       0x00000000       0x31 binaries/xsh_ipaddr.o
 .comment       0x00000000       0x31 binaries/xsh_kill.o
 .comment       0x00000000       0x31 binaries/xsh_led.o
 .comment       0x00000000       0x31 binaries/xsh_memdump.o
 .comment       0x00000000       0x31 binaries/xsh_memstat.o
 .comment       0x00000000       0x31 binaries/xsh_ping.o
 .comment       0x00000000       0x31 binaries/xsh_ps.o
 .comment       0x00000000       0x31 binaries/xsh_sleep.o
 .comment       0x00000000       0x31 binaries/xsh_udpdump.o
 .comment       0x00000000       0x31 binaries/xsh_udpecho.o
 .comment       0x00000000       0x31 binaries/xsh_udpeserver.o
 .comment       0x00000000       0x31 binaries/xsh_uptime.o

.debug_frame    0x00000000       0x40
 .debug_frame   0x00000000       0x20 ../cross_compiler/lib/gcc/arm-none-eabi/4.8.1//libgcc.a(_udivsi3.o)
 .debug_frame   0x00000020       0x20 ../cross_compiler/lib/gcc/arm-none-eabi/4.8.1//libgcc.a(_divsi3.o)
