Archive member included because of file (symbol)

../cross_compiler/lib/gcc/arm-none-eabi/4.8.1//libgcc.a(_udivsi3.o)
                              binaries/qsort.o (__aeabi_uidiv)
../cross_compiler/lib/gcc/arm-none-eabi/4.8.1//libgcc.a(_divsi3.o)
                              binaries/tcpupdate.o (__aeabi_idiv)
../cross_compiler/lib/gcc/arm-none-eabi/4.8.1//libgcc.a(_dvmd_tls.o)
                              ../cross_compiler/lib/gcc/arm-none-eabi/4.8.1//libgcc.a(_udivsi3.o) (__aeabi_idiv0)

Allocating common symbols
Common symbol       size              file

netbufpool          0x4               binaries/net.o
readylist           0x2               binaries/ready.o
rfltab              0x5a0             binaries/rflinit.o
sleepq              0x2               binaries/clkinit.o
tmpending           0x4               binaries/timer.o
tmlock              0x4               binaries/timer.o
intc_vector         0x200             binaries/evec.o
nnames              0x4               binaries/naminit.o
udptab              0x168             binaries/udp.o
minheap             0x4               binaries/meminit.o
marks               0x50              binaries/mark.o
currpid             0x4               binaries/initialize.o
Lf_data             0x20c             binaries/lfsinit.o
porttab             0x2d0             binaries/ptinit.o
ttytab              0x110             binaries/ttyinit.o
proctab             0x15e0            binaries/initialize.o
eth_a_regs          0x1c              binaries/ethinit.o
prcount             0x4               binaries/initialize.o
tmhead              0x4               binaries/timer.o
lfltab              0xf00             binaries/lflinit.o
rdstab              0x8c              binaries/rdsinit.o
ethertab            0x138             binaries/ethinit.o
nsaddr              0x4               binaries/dns.o
NetData             0xa8              binaries/net.o
nmarks              0x4               binaries/mark.o
mqsem               0x4               binaries/mq.o
Defer               0x8               binaries/resched.o
semtab              0x4b0             binaries/initialize.o
maxheap             0x4               binaries/meminit.o
preempt             0x4               binaries/clkinit.o
buftab              0xf0              binaries/bufinit.o
Rf_data             0x18              binaries/rfsinit.o
mqtab               0x8c0             binaries/mq.o
mkmutex             0x4               binaries/mark.o
tmsem               0x4               binaries/timer.o
clktime             0x4               binaries/clkinit.o
cpudelay            0x4               binaries/main.o
arpcache            0x140             binaries/arp.o
icmptab             0x230             binaries/icmp.o
nbpools             0x4               binaries/bufinit.o
queuetab            0x980             binaries/queue.o
Tcp                 0x10              binaries/tcp_init.o
ptnextid            0x4               binaries/ptinit.o
tcbtab              0x35c             binaries/tcp_init.o
Ram                 0x19000           binaries/raminit.o
ipoqueue            0x2c              binaries/ip.o
tmfree              0x4               binaries/timer.o
tmtab               0x640             binaries/timer.o
memlist             0x8               binaries/initialize.o
nametab             0x19a0            binaries/naminit.o
ptfree              0x4               binaries/ptinit.o

Memory Configuration

Name             Origin             Length             Attributes
*default*        0x00000000         0xffffffff

Linker script and memory map

                0x81000000                physbase = 0x81000000
                0x81000000                . = physbase
                0x81000000                . = ALIGN (0x1000)

.text           0x81000000    0x19000
                0x81000000                text = ABSOLUTE (.)
 *(.text .text.*)
 .text          0x81000000       0x4c binaries/start.o
                0x81000000                start
 .text          0x8100004c      0x33c binaries/ascdate.o
                0x8100004c                ascdate
 .text          0x81000388       0x18 binaries/bufinit.o
                0x81000388                bufinit
 .text          0x810003a0       0x68 binaries/chprio.o
                0x810003a0                chprio
 .text          0x81000408      0x11c binaries/clkhandler.o
                0x81000408                clkhandler
 .text          0x81000524       0xd4 binaries/clkinit.o
                0x81000524                clkinit
 .text          0x810005f8       0x50 binaries/close.o
                0x810005f8                close
 .text          0x81000648        0x0 binaries/conf.o
 .text          0x81000648       0x68 binaries/control.o
                0x81000648                control
 .text          0x810006b0      0x290 binaries/create.o
                0x810006b0                create
 .text          0x81000940       0xb0 binaries/evec.o
                0x81000940                initintc
                0x8100096c                set_evec
                0x810009ac                irq_dispatch
 .text          0x810009f0       0x10 binaries/exit.o
                0x810009f0                exit
 .text          0x81000a00       0x7c binaries/freebuf.o
                0x81000a00                freebuf
 .text          0x81000a7c      0x148 binaries/freemem.o
                0x81000a7c                freemem
 .text          0x81000bc4       0x78 binaries/getbuf.o
                0x81000bc4                getbuf
 .text          0x81000c3c       0x50 binaries/getc.o
                0x81000c3c                getc
 .text          0x81000c8c       0x68 binaries/getdev.o
                0x81000c8c                getdev
 .text          0x81000cf4       0xa0 binaries/getitem.o
                0x81000cf4                getitem
                0x81000d24                getfirst
                0x81000d58                getlast
 .text          0x81000d94      0x108 binaries/getmem.o
                0x81000d94                getmem
 .text          0x81000e9c       0x10 binaries/getpid.o
                0x81000e9c                getpid
 .text          0x81000eac       0x5c binaries/getprio.o
                0x81000eac                getprio
 .text          0x81000f08       0xc8 binaries/getstk.o
                0x81000f08                getstk
 .text          0x81000fd0       0x38 binaries/gettime.o
                0x81000fd0                gettime
 .text          0x81001008      0x1c8 binaries/getutime.o
                0x81001008                getutime
 .text          0x810011d0       0x50 binaries/init.o
                0x810011d0                init
 .text          0x81001220      0x294 binaries/initialize.o
                0x81001220                nulluser
                0x81001454                stop
                0x81001478                delay
 .text          0x810014b4       0xc4 binaries/insert.o
                0x810014b4                insert
 .text          0x81001578      0x128 binaries/insertd.o
                0x81001578                insertd
 .text          0x810016a0        0x8 binaries/ioerr.o
                0x810016a0                ioerr
 .text          0x810016a8        0x8 binaries/ionull.o
                0x810016a8                ionull
 .text          0x810016b0      0x158 binaries/kill.o
                0x810016b0                kill
 .text          0x81001808       0xb4 binaries/kprintf.o
                0x81001808                kputc
                0x81001848                kgetc
                0x8100187c                kprintf
 .text          0x810018bc       0xe8 binaries/main.o
                0x810018bc                counterproc
                0x810018f8                main
 .text          0x810019a4       0xd0 binaries/mark.o
                0x810019a4                markinit
                0x810019d0                mark
 .text          0x81001a74       0x48 binaries/meminit.o
                0x81001a74                meminit
 .text          0x81001abc      0x140 binaries/mkbufpool.o
                0x81001abc                mkbufpool
 .text          0x81001bfc       0x7c binaries/newqueue.o
                0x81001bfc                newqueue
 .text          0x81001c78       0x60 binaries/open.o
                0x81001c78                open
 .text          0x81001cd8       0x20 binaries/panic.o
                0x81001cd8                panic
 .text          0x81001cf8       0x90 binaries/platinit.o
                0x81001cf8                platinit
 .text          0x81001d88       0xa8 binaries/ptclear.o
                0x81001d88                _ptclear
 .text          0x81001e30       0x78 binaries/ptcount.o
                0x81001e30                ptcount
 .text          0x81001ea8       0xdc binaries/ptcreate.o
                0x81001ea8                ptcreate
 .text          0x81001f84       0x74 binaries/ptdelete.o
                0x81001f84                ptdelete
 .text          0x81001ff8       0xbc binaries/ptinit.o
                0x81001ff8                ptinit
 .text          0x810020b4       0xd0 binaries/ptrecv.o
                0x810020b4                ptrecv
 .text          0x81002184       0x68 binaries/ptreset.o
                0x81002184                ptreset
 .text          0x810021ec       0xf4 binaries/ptsend.o
                0x810021ec                ptsend
 .text          0x810022e0       0x58 binaries/putc.o
                0x810022e0                putc
 .text          0x81002338       0xe4 binaries/queue.o
                0x81002338                enqueue
                0x810023c0                dequeue
 .text          0x8100241c       0x60 binaries/read.o
                0x8100241c                read
 .text          0x8100247c       0x74 binaries/ready.o
                0x8100247c                ready
 .text          0x810024f0       0x60 binaries/receive.o
                0x810024f0                receive
 .text          0x81002550       0x48 binaries/recvclr.o
                0x81002550                recvclr
 .text          0x81002598       0xb0 binaries/recvtime.o
                0x81002598                recvtime
 .text          0x81002648      0x1ac binaries/resched.o
                0x81002648                resched
                0x81002738                resched_cntl
 .text          0x810027f4       0x90 binaries/resume.o
                0x810027f4                resume
 .text          0x81002884       0x58 binaries/seek.o
                0x81002884                seek
 .text          0x810028dc       0x58 binaries/semcount.o
                0x810028dc                semcount
 .text          0x81002934       0xb8 binaries/semcreate.o
                0x81002934                semcreate
 .text          0x810029ec       0xac binaries/semdelete.o
                0x810029ec                semdelete
 .text          0x81002a98       0xa4 binaries/semreset.o
                0x81002a98                semreset
 .text          0x81002b3c       0xc0 binaries/send.o
                0x81002b3c                send
 .text          0x81002bfc       0x80 binaries/signal.o
                0x81002bfc                signal
 .text          0x81002c7c       0xb0 binaries/signaln.o
                0x81002c7c                signaln
 .text          0x81002d2c       0xcc binaries/sleep.o
                0x81002d2c                sleepms
                0x81002dc8                sleep
 .text          0x81002df8       0xbc binaries/suspend.o
                0x81002df8                suspend
 .text          0x81002eb4       0xb8 binaries/unsleep.o
                0x81002eb4                unsleep
 .text          0x81002f6c       0x10 binaries/userret.o
                0x81002f6c                userret
 .text          0x81002f7c       0xac binaries/wait.o
                0x81002f7c                wait
 .text          0x81003028       0x94 binaries/wakeup.o
                0x81003028                wakeup
 .text          0x810030bc       0x60 binaries/write.o
                0x810030bc                write
 .text          0x8100311c       0x18 binaries/xdone.o
                0x8100311c                xdone
 .text          0x81003134       0x20 binaries/yield.o
                0x81003134                yield
 .text          0x81003154        0xc binaries/abs.o
                0x81003154                abs
 .text          0x81003160      0x114 binaries/atoi.o
                0x81003160                atoi
 .text          0x81003274      0x114 binaries/atol.o
                0x81003274                atol
 .text          0x81003388       0x20 binaries/bzero.o
                0x81003388                bzero
 .text          0x810033a8        0x0 binaries/ctype_.o
 .text          0x810033a8      0x8fc binaries/doprnt.o
                0x8100358c                _doprnt
 .text          0x81003ca4      0x704 binaries/doscan.o
                0x81003ca4                _doscan
 .text          0x810043a8      0x898 binaries/fdoprnt.o
                0x81004454                _fdoprnt
 .text          0x81004c40       0x14 binaries/fgetc.o
                0x81004c40                fgetc
 .text          0x81004c54       0x84 binaries/fgets.o
                0x81004c54                fgets
 .text          0x81004cd8       0x3c binaries/fprintf.o
                0x81004cd8                fprintf
 .text          0x81004d14       0x24 binaries/fputc.o
                0x81004d14                fputc
 .text          0x81004d38       0x38 binaries/fputs.o
                0x81004d38                fputs
 .text          0x81004d70       0x78 binaries/fscanf.o
                0x81004da4                fscanf
 .text          0x81004de8       0x2c binaries/getchar.o
                0x81004de8                getchar
 .text          0x81004e14        0xc binaries/labs.o
                0x81004e14                labs
 .text          0x81004e20       0x48 binaries/memchr.o
                0x81004e20                memchr
 .text          0x81004e68       0x60 binaries/memcmp.o
                0x81004e68                memcmp
 .text          0x81004ec8       0x24 binaries/memcpy.o
                0x81004ec8                memcpy
 .text          0x81004eec       0x20 binaries/memset.o
                0x81004eec                memset
 .text          0x81004f0c       0x58 binaries/printf.o
                0x81004f0c                printf
 .text          0x81004f64       0x2c binaries/putchar.o
                0x81004f64                putchar
 .text          0x81004f90      0x254 binaries/qsort.o
                0x810051c4                qsort
 .text          0x810051e4       0x3c binaries/rand.o
                0x810051e4                srand
                0x810051f4                rand
 .text          0x81005220       0x68 binaries/sprintf.o
                0x81005238                sprintf
 .text          0x81005288       0x78 binaries/sscanf.o
                0x810052bc                sscanf
 .text          0x81005300       0x48 binaries/strchr.o
                0x81005300                strchr
 .text          0x81005348       0x54 binaries/strcmp.o
                0x81005348                strcmp
 .text          0x8100539c       0x18 binaries/strcpy.o
                0x8100539c                strcpy
 .text          0x810053b4       0x30 binaries/strlen.o
                0x810053b4                strlen
 .text          0x810053e4       0x50 binaries/strncat.o
                0x810053e4                strncat
 .text          0x81005434       0x54 binaries/strncmp.o
                0x81005434                strncmp
 .text          0x81005488       0x80 binaries/strncpy.o
                0x81005488                strncpy
 .text          0x81005508       0x48 binaries/strnlen.o
                0x81005508                strnlen
 .text          0x81005550       0x58 binaries/strrchr.o
                0x81005550                strrchr
 .text          0x810055a8       0xb0 binaries/strstr.o
                0x810055a8                strstr
 .text          0x81005658       0xc8 binaries/ttycontrol.o
                0x81005658                ttycontrol
 .text          0x81005720       0x6c binaries/ttygetc.o
                0x81005720                ttygetc
 .text          0x8100578c      0x4d8 binaries/ttyhandle_in.o
                0x81005858                ttyhandle_in
 .text          0x81005c64      0x14c binaries/ttyhandle_out.o
                0x81005c64                ttyhandle_out
 .text          0x81005db0       0xc8 binaries/ttyhandler.o
                0x81005db0                ttyhandler
 .text          0x81005e78      0x120 binaries/ttyinit.o
                0x81005e78                ttyinit
 .text          0x81005f98        0xc binaries/ttykickout.o
                0x81005f98                ttykickout
 .text          0x81005fa4       0x78 binaries/ttyputc.o
                0x81005fa4                ttyputc
 .text          0x8100601c      0x110 binaries/ttyread.o
                0x8100601c                ttyread
 .text          0x8100612c       0x4c binaries/ttywrite.o
                0x8100612c                ttywrite
 .text          0x81006178      0x134 binaries/mount.o
                0x81006178                namlen
                0x810061cc                mount
 .text          0x810062ac      0x1c8 binaries/naminit.o
                0x810062ac                naminit
 .text          0x81006474      0x240 binaries/nammap.o
                0x81006474                namrepl
                0x810065ac                namcpy
                0x81006608                nammap
 .text          0x810066b4       0x40 binaries/namopen.o
                0x810066b4                namopen
 .text          0x810066f4      0x114 binaries/colon2mac.o
                0x810066f4                colon2mac
 .text          0x81006808       0x40 binaries/ethcontrol.o
                0x81006808                ethcontrol
 .text          0x81006848      0x178 binaries/ethhandler.o
                0x81006848                ethhandler
 .text          0x810069c0      0x734 binaries/ethinit.o
                0x810069c0                eth_phy_read
                0x81006a30                eth_phy_write
                0x81006a88                eth_phy_reset
                0x81006bf8                ethinit
 .text          0x810070f4       0xd8 binaries/ethread.o
                0x810070f4                ethread
 .text          0x810071cc       0xf0 binaries/ethwrite.o
                0x810071cc                ethwrite
 .text          0x810072bc       0x90 binaries/rdsbufalloc.o
                0x810072bc                rdsbufalloc
 .text          0x8100734c       0xa0 binaries/rdsclose.o
                0x8100734c                rdsclose
 .text          0x810073ec      0x1ec binaries/rdscomm.o
                0x810073ec                rdscomm
 .text          0x810075d8      0x174 binaries/rdscontrol.o
                0x810075d8                rdscontrol
 .text          0x8100774c      0x178 binaries/rdsinit.o
                0x8100774c                rdsinit
 .text          0x810078c4      0x134 binaries/rdsopen.o
                0x810078c4                rdsopen
 .text          0x810079f8      0x304 binaries/rdsprocess.o
                0x810079f8                rdsprocess
 .text          0x81007cfc      0x1f4 binaries/rdsread.o
                0x81007cfc                rdsread
 .text          0x81007ef0      0x168 binaries/rdswrite.o
                0x81007ef0                rdswrite
 .text          0x81008058        0x8 binaries/ramclose.o
                0x81008058                ramclose
 .text          0x81008060       0x3c binaries/raminit.o
                0x81008060                raminit
 .text          0x8100809c        0x8 binaries/ramopen.o
                0x8100809c                ramopen
 .text          0x810080a4       0x24 binaries/ramread.o
                0x810080a4                ramread
 .text          0x810080c8       0x20 binaries/ramwrite.o
                0x810080c8                ramwrite
 .text          0x810080e8       0x94 binaries/lfdballoc.o
                0x810080e8                lfdballoc
 .text          0x8100817c       0x50 binaries/lfdbfree.o
                0x8100817c                lfdbfree
 .text          0x810081cc       0xb8 binaries/lfflush.o
                0x810081cc                lfflush
 .text          0x81008284       0xc8 binaries/lfgetmode.o
                0x81008284                lfgetmode
 .text          0x8100834c       0x6c binaries/lfiballoc.o
                0x8100834c                lfiballoc
 .text          0x810083b8       0x30 binaries/lfibclear.o
                0x810083b8                lfibclear
 .text          0x810083e8       0x64 binaries/lfibget.o
                0x810083e8                lfibget
 .text          0x8100844c       0x8c binaries/lfibput.o
                0x8100844c                lfibput
 .text          0x810084d8       0x84 binaries/lflclose.o
                0x810084d8                lflclose
 .text          0x8100855c       0xa0 binaries/lflcontrol.o
                0x8100855c                lflcontrol
 .text          0x810085fc       0xa8 binaries/lflgetc.o
                0x810085fc                lflgetc
 .text          0x810086a4       0xa8 binaries/lflinit.o
                0x810086a4                lflinit
 .text          0x8100874c       0xdc binaries/lflputc.o
                0x8100874c                lflputc
 .text          0x81008828       0x78 binaries/lflread.o
                0x81008828                lflread
 .text          0x810088a0       0x80 binaries/lflseek.o
                0x810088a0                lflseek
 .text          0x81008920       0x5c binaries/lflwrite.o
                0x81008920                lflwrite
 .text          0x8100897c      0x11c binaries/lfsckfmt.o
                0x8100897c                lfsckfmt
 .text          0x81008a98      0x15c binaries/lfscreate.o
                0x81008a98                lfscreate
 .text          0x81008bf4      0x1f0 binaries/lfsetup.o
                0x81008bf4                lfsetup
 .text          0x81008de4       0x44 binaries/lfsinit.o
                0x81008de4                lfsinit
 .text          0x81008e28      0x324 binaries/lfsopen.o
                0x81008e28                lfsopen
 .text          0x8100914c      0x108 binaries/lftruncate.o
                0x8100914c                lftruncate
 .text          0x81009254       0x70 binaries/rflclose.o
                0x81009254                rflclose
 .text          0x810092c4       0x28 binaries/rflgetc.o
                0x810092c4                rflgetc
 .text          0x810092ec       0x54 binaries/rflinit.o
                0x810092ec                rflinit
 .text          0x81009340       0x30 binaries/rflputc.o
                0x81009340                rflputc
 .text          0x81009370      0x28c binaries/rflread.o
                0x81009370                rflread
 .text          0x810095fc       0x74 binaries/rflseek.o
                0x810095fc                rflseek
 .text          0x81009670      0x2c8 binaries/rflwrite.o
                0x81009670                rflwrite
 .text          0x81009938      0x198 binaries/rfscomm.o
                0x81009938                rfscomm
 .text          0x81009ad0      0x224 binaries/rfscontrol.o
                0x81009ad0                rfscontrol
 .text          0x81009cf4       0xc8 binaries/rfsgetmode.o
                0x81009cf4                rfsgetmode
 .text          0x81009dbc       0x84 binaries/rfsinit.o
                0x81009dbc                rfsinit
 .text          0x81009e40       0xa4 binaries/rfsndmsg.o
                0x81009e40                rfsndmsg
 .text          0x81009ee4      0x22c binaries/rfsopen.o
                0x81009ee4                rfsopen
 .text          0x8100a110       0x8c binaries/spicontrol.o
                0x8100a110                spicontrol
 .text          0x8100a19c       0xa8 binaries/spiinit.o
                0x8100a19c                spiinit
 .text          0x8100a244      0x714 binaries/arp.o
                0x8100a244                arp_init
                0x8100a264                arp_alloc
                0x8100a338                arp_ntoh
                0x8100a3dc                arp_hton
                0x8100a480                arp_resolve
                0x8100a6e4                arp_in
 .text          0x8100a958      0xdc4 binaries/dhcp.o
                0x8100a958                dump_dhcp_msg
                0x8100afa4                get_dhcp_option_value
                0x8100b004                build_dhcp_discover
                0x8100b130                build_dhcp_request
                0x8100b2dc                getlocalip_boot
                0x8100b704                getlocalip
 .text          0x8100b71c      0x420 binaries/dns.o
                0x8100b71c                dns_bldq
                0x8100b7d0                dns_getrname
                0x8100b898                dns_geta
                0x8100b9cc                dns_qa
 .text          0x8100bb3c      0x104 binaries/dot2ip.o
                0x8100bb3c                dot2ip
 .text          0x8100bc40      0x33c binaries/hexdump.o
                0x8100bc40                hexdump
                0x8100bda0                hexadump
 .text          0x8100bf7c      0x660 binaries/icmp.o
                0x8100bf7c                icmp_init
                0x8100bfa0                icmp_register
                0x8100c05c                icmp_recv
                0x8100c1ac                icmp_mkpkt
                0x8100c29c                icmp_in
                0x8100c3e8                icmp_send
                0x8100c458                icmp_release
                0x8100c514                icmp_cksum
                0x8100c574                icmp_hton
                0x8100c5a8                icmp_ntoh
 .text          0x8100c5dc      0x6c8 binaries/ip.o
                0x8100c5dc                ip_local
                0x8100c620                ipcksum
                0x8100c664                ip_ntoh
                0x8100c708                ip_in
                0x8100c85c                ip_hton
                0x8100c900                ip_out
                0x8100c9dc                ip_send
                0x8100cb0c                ipout
                0x8100cc08                ip_enqueue
 .text          0x8100cca4      0x1c8 binaries/net.o
                0x8100cca4                net_init
                0x8100cd9c                eth_hton
                0x8100cdb0                eth_ntoh
                0x8100cdc4                netin
 .text          0x8100ce6c       0xbc binaries/netstart.o
                0x8100ce6c                netstart
 .text          0x8100cf28      0xaa8 binaries/pdump.o
                0x8100cf28                pdump
                0x8100d4b4                pdumph
 .text          0x8100d9d0      0x590 binaries/tftp.o
                0x8100d9d0                tftp_send1
                0x8100dabc                tftpget_mb
                0x8100df2c                tftpget
 .text          0x8100df60      0x890 binaries/udp.o
                0x8100df60                udp_init
                0x8100df88                udp_in
                0x8100e074                udp_register
                0x8100e170                udp_recv
                0x8100e2a4                udp_recvaddr
                0x8100e3f4                udp_send
                0x8100e56c                udp_sendto
                0x8100e6cc                udp_release
                0x8100e788                udp_ntoh
                0x8100e7bc                udp_hton
 .text          0x8100e7f0      0x5fc binaries/mq.o
                0x8100e7f0                mqinit
                0x8100e840                mqcreate
                0x8100e9b4                mqdelete
                0x8100ea44                mqsend
                0x8100ead0                mqrecv
                0x8100eb88                mqpoll
                0x8100ebf8                mqdisbale
                0x8100eca0                mqenable
                0x8100ed18                mqclear
 .text          0x8100edec       0x9c binaries/tcbclear.o
                0x8100edec                tcbclear
 .text          0x8100ee88       0x50 binaries/tcbref.o
                0x8100ee88                tcbref
                0x8100ee98                tcbunref
 .text          0x8100eed8      0x178 binaries/tcp_hton.o
                0x8100eed8                tcp_hton
                0x8100ef94                tcp_ntoh
 .text          0x8100f050      0x1e0 binaries/tcp_in.o
                0x8100f050                tcp_in
 .text          0x8100f230       0xd4 binaries/tcp_init.o
                0x8100f230                tcp_init
 .text          0x8100f304      0x128 binaries/tcp_out.o
                0x8100f304                tcp_out
 .text          0x8100f42c      0x298 binaries/tcp_recv.o
                0x8100f42c                tcp_recv
 .text          0x8100f6c4      0x470 binaries/tcp_register.o
                0x8100f6c4                tcp_register
 .text          0x8100fb34      0x208 binaries/tcp_send.o
                0x8100fb34                tcp_send
 .text          0x8100fd3c       0x30 binaries/tcpabort.o
                0x8100fd3c                tcpabort
 .text          0x8100fd6c       0x88 binaries/tcpack.o
                0x8100fd6c                tcpack
 .text          0x8100fdf4       0xf0 binaries/tcpalloc.o
                0x8100fdf4                tcpalloc
 .text          0x8100fee4      0x148 binaries/tcpcksum.o
                0x8100fee4                tcpcksum
 .text          0x8101002c      0x13c binaries/tcpclose.o
                0x8101002c                tcp_close
 .text          0x81010168       0x3c binaries/tcpclosing.o
                0x81010168                tcpclosing
 .text          0x810101a4        0x8 binaries/tcpcwait.o
                0x810101a4                tcpcwait
 .text          0x810101ac      0x200 binaries/tcpdata.o
                0x810101ac                tcpdata
 .text          0x810103ac      0x14c binaries/tcpdisp.o
                0x810103ac                tcpnull
                0x810103b4                tcpdisp
 .text          0x810104f8       0x44 binaries/tcpestd.o
                0x810104f8                tcpestd
 .text          0x8101053c       0xc8 binaries/tcpfin1.o
                0x8101053c                tcpfin1
 .text          0x81010604       0x58 binaries/tcpfin2.o
                0x81010604                tcpfin2
 .text          0x8101065c       0x3c binaries/tcplastack.o
                0x8101065c                tcplastack
 .text          0x81010698      0x250 binaries/tcplisten.o
                0x81010698                tcplisten
 .text          0x810108e8       0x3c binaries/tcpnextseg.o
                0x810108e8                tcpnextseg
 .text          0x81010924      0x1b0 binaries/tcpparse.o
                0x81010924                tcpparse
 .text          0x81010ad4      0x188 binaries/tcpreset.o
                0x81010ad4                tcpreset
 .text          0x81010c5c       0xa0 binaries/tcprto.o
                0x81010c5c                tcprto
 .text          0x81010cfc      0x160 binaries/tcpsendseg.o
                0x81010cfc                tcpsendseg
 .text          0x81010e5c       0xac binaries/tcpsynrcvd.o
                0x81010e5c                tcpsynrcvd
 .text          0x81010f08       0xf0 binaries/tcpsynsent.o
                0x81010f08                tcpsynsent
 .text          0x81010ff8       0xac binaries/tcptimer.o
                0x81010ff8                tcptmset
                0x81011050                tcptmdel
 .text          0x810110a4        0x8 binaries/tcptwait.o
                0x810110a4                tcptwait
 .text          0x810110ac      0x18c binaries/tcpupdate.o
                0x810110ac                tcpupdate
 .text          0x81011238       0x80 binaries/tcpwake.o
                0x81011238                tcpwake
 .text          0x810112b8      0x17c binaries/tcpxmit.o
                0x810112b8                tcpxmit
 .text          0x81011434      0x4d8 binaries/timer.o
                0x81011434                timer
                0x8101150c                tminit
                0x810115c4                tmfire
                0x810115f0                tmset
                0x81011770                tmdel
 .text          0x8101190c      0x120 binaries/addargs.o
                0x8101190c                addargs
 .text          0x81011a2c      0x2b4 binaries/lexan.o
                0x81011a2c                lexan
 .text          0x81011ce0      0x6ac binaries/shell.o
                0x81011ce0                shell
 .text          0x8101238c       0x64 binaries/xsh_argecho.o
                0x8101238c                xsh_argecho
 .text          0x810123f0      0x1f8 binaries/xsh_arp.o
                0x810123f0                xsh_arp
 .text          0x810125e8      0x23c binaries/xsh_cat.o
                0x810125e8                xsh_cat
 .text          0x81012824       0x5c binaries/xsh_clear.o
                0x81012824                xsh_clear
 .text          0x81012880      0x29c binaries/xsh_date.o
                0x81012880                xsh_date
 .text          0x81012b1c       0x98 binaries/xsh_devdump.o
                0x81012b1c                xsh_devdump
 .text          0x81012bb4       0x68 binaries/xsh_echo.o
                0x81012bb4                xsh_echo
 .text          0x81012c1c        0x8 binaries/xsh_exit.o
                0x81012c1c                xsh_exit
 .text          0x81012c24      0x3d0 binaries/xsh_help.o
                0x81012c24                xsh_help
 .text          0x81012ff4      0x354 binaries/xsh_ipaddr.o
                0x81012ff4                xsh_ipaddr
 .text          0x81013348      0x1f8 binaries/xsh_kill.o
                0x81013348                xsh_kill
 .text          0x81013540      0x2ac binaries/xsh_led.o
                0x81013540                xsh_led
 .text          0x810137ec      0x454 binaries/xsh_memdump.o
                0x810138e8                xsh_memdump
 .text          0x81013c40      0x224 binaries/xsh_memstat.o
                0x81013c40                xsh_memstat
 .text          0x81013e64      0x3b0 binaries/xsh_ping.o
                0x81013e64                xsh_ping
 .text          0x81014214      0x220 binaries/xsh_ps.o
                0x81014214                xsh_ps
 .text          0x81014434      0x1cc binaries/xsh_sleep.o
                0x81014434                xsh_sleep
 .text          0x81014600      0x1b8 binaries/xsh_tcpclient.o
                0x81014600                xsh_tcpclient
 .text          0x810147b8      0x27c binaries/xsh_tcpclient_big.o
                0x810147b8                xsh_tcpclient_big
 .text          0x81014a34      0x1b8 binaries/xsh_tcpserver.o
                0x81014a34                xsh_tcpserver
 .text          0x81014bec      0x250 binaries/xsh_tcpserver_big.o
                0x81014bec                process_server
                0x81014d18                xsh_tcpserver_big
 .text          0x81014e3c      0x244 binaries/xsh_udpdump.o
                0x81014e3c                xsh_udpdump
 .text          0x81015080      0x400 binaries/xsh_udpecho.o
                0x81015080                xsh_udpecho
 .text          0x81015480      0x254 binaries/xsh_udpeserver.o
                0x81015480                xsh_udpeserver
 .text          0x810156d4      0x1ac binaries/xsh_uptime.o
                0x810156d4                xsh_uptime
 .text          0x81015880       0x2c binaries/ctxsw.o
                0x81015880                ctxsw
 .text          0x810158ac      0x100 binaries/intr.o
                0x810158ac                disable
                0x810158b8                restore
                0x810158dc                enable
                0x810158e4                pause
                0x810158e4                halt
                0x810158ec                irq_except
                0x8101591c                initevec
                0x8101597c                expjmpinstr
 .text          0x810159ac      0x114 ../cross_compiler/lib/gcc/arm-none-eabi/4.8.1//libgcc.a(_udivsi3.o)
                0x810159ac                __udivsi3
                0x810159ac                __aeabi_uidiv
                0x81015aa0                __aeabi_uidivmod
 .text          0x81015ac0      0x148 ../cross_compiler/lib/gcc/arm-none-eabi/4.8.1//libgcc.a(_divsi3.o)
                0x81015ac0                __aeabi_idiv
                0x81015ac0                __divsi3
                0x81015be8                __aeabi_idivmod
 .text          0x81015c08        0x4 ../cross_compiler/lib/gcc/arm-none-eabi/4.8.1//libgcc.a(_dvmd_tls.o)
                0x81015c08                __aeabi_ldiv0
                0x81015c08                __aeabi_idiv0
 *(.rodata .rodata.*)
 .rodata.str1.4
                0x81015c0c       0x78 binaries/ascdate.o
 .rodata.str1.4
                0x81015c84       0xd9 binaries/conf.o
                                 0xdc (size before relaxing)
 *fill*         0x81015d5d        0x3 
 .rodata.str1.4
                0x81015d60       0x60 binaries/getutime.o
 .rodata.str1.4
                0x81015dc0      0x13c binaries/initialize.o
                                0x140 (size before relaxing)
 .rodata.str1.4
                0x81015efc       0x42 binaries/main.o
                                 0x44 (size before relaxing)
 *fill*         0x81015f3e        0x2 
 .rodata.str1.4
                0x81015f40       0x10 binaries/panic.o
 .rodata.str1.4
                0x81015f50       0x1c binaries/ptinit.o
 .rodata.str1.4
                0x81015f6c       0x25 binaries/ptsend.o
                                 0x28 (size before relaxing)
 *fill*         0x81015f91        0x3 
 .rodata.str1.4
                0x81015f94       0x27 binaries/xdone.o
                                 0x28 (size before relaxing)
 *fill*         0x81015fbb        0x1 
 .rodata        0x81015fbc       0x84 binaries/ctype_.o
                0x81015fbc                _ctype_
 .rodata.str1.4
                0x81016040       0x2f binaries/doprnt.o
                                 0x30 (size before relaxing)
 .rodata.str1.4
                0x00000000       0x30 binaries/fdoprnt.o
 *fill*         0x8101606f        0x1 
 .rodata.str1.4
                0x81016070       0x86 binaries/naminit.o
                                 0x90 (size before relaxing)
 *fill*         0x810160f6        0x2 
 .rodata.str1.4
                0x810160f8       0xe5 binaries/ethinit.o
                                 0xe8 (size before relaxing)
 *fill*         0x810161dd        0x3 
 .rodata.str1.4
                0x810161e0       0x12 binaries/ethread.o
                                 0x14 (size before relaxing)
 *fill*         0x810161f2        0x2 
 .rodata.str1.4
                0x810161f4       0x2c binaries/rdsbufalloc.o
 .rodata.str1.4
                0x81016220       0x76 binaries/rdscomm.o
                                 0x78 (size before relaxing)
 *fill*         0x81016296        0x2 
 .rodata.str1.4
                0x81016298       0x48 binaries/rdscontrol.o
 .rodata.str1.4
                0x810162e0       0x96 binaries/rdsinit.o
                                 0x98 (size before relaxing)
 *fill*         0x81016376        0x2 
 .rodata.str1.4
                0x81016378       0x22 binaries/rdsopen.o
                                 0x24 (size before relaxing)
 *fill*         0x8101639a        0x2 
 .rodata.str1.4
                0x8101639c       0x4d binaries/rdsprocess.o
                                 0x50 (size before relaxing)
 *fill*         0x810163e9        0x3 
 .rodata.str1.4
                0x810163ec        0x9 binaries/raminit.o
                                  0xc (size before relaxing)
 *fill*         0x810163f5        0x3 
 .rodata.str1.4
                0x810163f8       0x37 binaries/lfdballoc.o
                                 0x38 (size before relaxing)
 *fill*         0x8101642f        0x1 
 .rodata.str1.4
                0x81016430       0x14 binaries/lfiballoc.o
 .rodata.str1.4
                0x81016444       0x23 binaries/lflcontrol.o
                                 0x24 (size before relaxing)
 *fill*         0x81016467        0x1 
 .rodata.str1.4
                0x81016468       0xbb binaries/lfsckfmt.o
                                 0xbc (size before relaxing)
 *fill*         0x81016523        0x1 
 .rodata.str1.4
                0x81016524       0x21 binaries/rflread.o
                                 0x24 (size before relaxing)
 .rodata.str1.4
                0x00000000       0x24 binaries/rflwrite.o
 *fill*         0x81016545        0x3 
 .rodata.str1.4
                0x81016548       0x75 binaries/rfscomm.o
                                 0x78 (size before relaxing)
 *fill*         0x810165bd        0x3 
 .rodata.str1.4
                0x810165c0       0x23 binaries/rfscontrol.o
                                 0x24 (size before relaxing)
 *fill*         0x810165e3        0x1 
 .rodata.str1.4
                0x810165e4       0x63 binaries/rfsinit.o
                                 0x64 (size before relaxing)
 *fill*         0x81016647        0x1 
 .rodata.str1.4
                0x81016648       0x2a binaries/rfsndmsg.o
                                 0x2c (size before relaxing)
 .rodata.str1.4
                0x00000000       0x24 binaries/rfsopen.o
 *fill*         0x81016672        0x2 
 .rodata.str1.4
                0x81016674       0x3d binaries/arp.o
                                 0x40 (size before relaxing)
 *fill*         0x810166b1        0x3 
 .rodata.str1.4
                0x810166b4      0x462 binaries/dhcp.o
                                0x468 (size before relaxing)
 *fill*         0x81016b16        0x2 
 .rodata.str1.4
                0x81016b18       0xca binaries/hexdump.o
                                 0xd8 (size before relaxing)
 *fill*         0x81016be2        0x2 
 .rodata.str1.4
                0x81016be4       0x29 binaries/icmp.o
                                 0x2c (size before relaxing)
 *fill*         0x81016c0d        0x3 
 .rodata.str1.4
                0x81016c10       0x6e binaries/ip.o
                                 0x70 (size before relaxing)
 *fill*         0x81016c7e        0x2 
 .rodata.str1.4
                0x81016c80       0x53 binaries/net.o
                                 0x54 (size before relaxing)
 *fill*         0x81016cd3        0x1 
 .rodata.str1.4
                0x81016cd4       0xcf binaries/netstart.o
                                 0xd0 (size before relaxing)
 *fill*         0x81016da3        0x1 
 .rodata.str1.4
                0x81016da4      0x2f4 binaries/pdump.o
                                0x304 (size before relaxing)
 .rodata.str1.4
                0x81017098      0x175 binaries/tftp.o
                                0x17c (size before relaxing)
 *fill*         0x8101720d        0x3 
 .rodata.str1.4
                0x81017210       0x20 binaries/mq.o
 .rodata        0x81017230        0x8 binaries/tcp_in.o
 .rodata.str1.4
                0x81017238        0x8 binaries/tcp_init.o
 .rodata.str1.4
                0x81017240      0x1ee binaries/tcp_register.o
                                0x1f0 (size before relaxing)
 *fill*         0x8101742e        0x2 
 .rodata.str1.4
                0x81017430       0x1f binaries/tcpdata.o
                                 0x20 (size before relaxing)
 *fill*         0x8101744f        0x1 
 .rodata.str1.4
                0x81017450        0x6 binaries/timer.o
                                  0x8 (size before relaxing)
 *fill*         0x81017456        0x2 
 .rodata        0x81017458      0x12c binaries/shell.o
                0x81017458                cmdtab
 .rodata.str1.4
                0x81017584      0x322 binaries/shell.o
                                0x32c (size before relaxing)
 *fill*         0x810178a6        0x2 
 .rodata.str1.4
                0x810178a8       0x29 binaries/xsh_argecho.o
                                 0x30 (size before relaxing)
 *fill*         0x810178d1        0x3 
 .rodata.str1.4
                0x810178d4      0x13e binaries/xsh_arp.o
                                0x144 (size before relaxing)
 *fill*         0x81017a12        0x2 
 .rodata.str1.4
                0x81017a14       0x81 binaries/xsh_cat.o
                                 0xd4 (size before relaxing)
 *fill*         0x81017a95        0x3 
 .rodata.str1.4
                0x81017a98       0x15 binaries/xsh_clear.o
                                 0x18 (size before relaxing)
 *fill*         0x81017aad        0x3 
 .rodata.str1.4
                0x81017ab0      0x1af binaries/xsh_date.o
                                0x1cc (size before relaxing)
 *fill*         0x81017c5f        0x1 
 .rodata.str1.4
                0x81017c60       0x61 binaries/xsh_devdump.o
                                 0x64 (size before relaxing)
 *fill*         0x81017cc1        0x3 
 .rodata.str1.4
                0x81017cc4        0x8 binaries/xsh_echo.o
                                  0xc (size before relaxing)
 .rodata.str1.4
                0x81017ccc       0xe7 binaries/xsh_help.o
                                0x17c (size before relaxing)
 *fill*         0x81017db3        0x1 
 .rodata.str1.4
                0x81017db4       0xfb binaries/xsh_ipaddr.o
                                0x1ac (size before relaxing)
 *fill*         0x81017eaf        0x1 
 .rodata.str1.4
                0x81017eb0       0xc8 binaries/xsh_kill.o
                                0x138 (size before relaxing)
 .rodata.str1.4
                0x81017f78       0xf7 binaries/xsh_led.o
                                0x16c (size before relaxing)
 *fill*         0x8101806f        0x1 
 .rodata.str1.4
                0x81018070      0x1e2 binaries/xsh_memdump.o
                                0x264 (size before relaxing)
 *fill*         0x81018252        0x2 
 .rodata.str1.4
                0x81018254      0x1cc binaries/xsh_memstat.o
                                0x234 (size before relaxing)
 .rodata.str1.4
                0x81018420      0x13f binaries/xsh_ping.o
                                0x1b4 (size before relaxing)
 *fill*         0x8101855f        0x1 
 .rodata        0x81018560       0x20 binaries/xsh_ps.o
 .rodata.str1.4
                0x81018580      0x11a binaries/xsh_ps.o
                                0x1d4 (size before relaxing)
 *fill*         0x8101869a        0x2 
 .rodata.str1.4
                0x8101869c       0x5e binaries/xsh_sleep.o
                                 0xf8 (size before relaxing)
 *fill*         0x810186fa        0x2 
 .rodata.str1.4
                0x810186fc      0x115 binaries/xsh_tcpclient.o
                                0x190 (size before relaxing)
 *fill*         0x81018811        0x3 
 .rodata.str1.4
                0x81018814       0x45 binaries/xsh_tcpclient_big.o
                                0x1c8 (size before relaxing)
 *fill*         0x81018859        0x3 
 .rodata.str1.4
                0x8101885c       0xb0 binaries/xsh_tcpserver.o
                                0x10c (size before relaxing)
 .rodata.str1.4
                0x8101890c       0x4e binaries/xsh_tcpserver_big.o
                                0x140 (size before relaxing)
 *fill*         0x8101895a        0x2 
 .rodata        0x8101895c        0xc binaries/xsh_udpdump.o
 .rodata.str1.4
                0x81018968      0x122 binaries/xsh_udpdump.o
                                0x1e0 (size before relaxing)
 *fill*         0x81018a8a        0x2 
 .rodata.str1.4
                0x81018a8c      0x1ae binaries/xsh_udpecho.o
                                0x224 (size before relaxing)
 *fill*         0x81018c3a        0x2 
 .rodata.str1.4
                0x81018c3c       0x97 binaries/xsh_udpeserver.o
                                0x13c (size before relaxing)
 *fill*         0x81018cd3        0x1 
 .rodata.str1.4
                0x81018cd4       0x78 binaries/xsh_uptime.o
                                0x114 (size before relaxing)
                0x81018d4c                etext = ABSOLUTE (.)
                0x81019000                . = ALIGN (0x1000)
 *fill*         0x81018d4c      0x2b4 

.glue_7         0x81019000        0x0
 .glue_7        0x00000000        0x0 linker stubs

.glue_7t        0x81019000        0x0
 .glue_7t       0x00000000        0x0 linker stubs

.vfp11_veneer   0x81019000        0x0
 .vfp11_veneer  0x00000000        0x0 linker stubs

.v4_bx          0x81019000        0x0
 .v4_bx         0x00000000        0x0 linker stubs

.iplt           0x81019000        0x0
 .iplt          0x00000000        0x0 binaries/start.o

.rel.dyn        0x81019000        0x0
 .rel.iplt      0x00000000        0x0 binaries/start.o

.data           0x81019000     0x1000
                0x81019000                data = ABSOLUTE (.)
 *(.data .data.*)
 .data          0x81019000        0x0 binaries/start.o
 .data          0x81019000       0x88 binaries/ascdate.o
                0x81019000                Date
 .data          0x81019088        0x0 binaries/bufinit.o
 .data          0x81019088        0x0 binaries/chprio.o
 .data          0x81019088        0x4 binaries/clkhandler.o
 .data          0x8101908c        0x0 binaries/clkinit.o
 .data          0x8101908c        0x0 binaries/close.o
 .data          0x8101908c      0x618 binaries/conf.o
                0x8101908c                devtab
 .data          0x810196a4        0x0 binaries/control.o
 .data          0x810196a4        0x4 binaries/create.o
 .data          0x810196a8       0x40 binaries/evec.o
                0x810196a8                expmsg2
                0x810196bc                expmsg1
 .data          0x810196e8        0x0 binaries/exit.o
 .data          0x810196e8        0x0 binaries/freebuf.o
 .data          0x810196e8        0x0 binaries/freemem.o
 .data          0x810196e8        0x0 binaries/getbuf.o
 .data          0x810196e8        0x0 binaries/getc.o
 .data          0x810196e8        0x0 binaries/getdev.o
 .data          0x810196e8        0x0 binaries/getitem.o
 .data          0x810196e8        0x0 binaries/getmem.o
 .data          0x810196e8        0x0 binaries/getpid.o
 .data          0x810196e8        0x0 binaries/getprio.o
 .data          0x810196e8        0x0 binaries/getstk.o
 .data          0x810196e8        0x0 binaries/gettime.o
 .data          0x810196e8        0x0 binaries/getutime.o
 .data          0x810196e8        0x0 binaries/init.o
 .data          0x810196e8        0x0 binaries/initialize.o
 .data          0x810196e8        0x0 binaries/insert.o
 .data          0x810196e8        0x0 binaries/insertd.o
 .data          0x810196e8        0x0 binaries/ioerr.o
 .data          0x810196e8        0x0 binaries/ionull.o
 .data          0x810196e8        0x0 binaries/kill.o
 .data          0x810196e8        0x0 binaries/kprintf.o
 .data          0x810196e8        0x4 binaries/main.o
                0x810196e8                gcounter
 .data          0x810196ec        0x0 binaries/mark.o
 .data          0x810196ec        0x0 binaries/meminit.o
 .data          0x810196ec        0x0 binaries/mkbufpool.o
 .data          0x810196ec        0x2 binaries/newqueue.o
 .data          0x810196ee        0x0 binaries/open.o
 .data          0x810196ee        0x0 binaries/panic.o
 .data          0x810196ee        0x0 binaries/platinit.o
 .data          0x810196ee        0x0 binaries/ptclear.o
 .data          0x810196ee        0x0 binaries/ptcount.o
 .data          0x810196ee        0x0 binaries/ptcreate.o
 .data          0x810196ee        0x0 binaries/ptdelete.o
 .data          0x810196ee        0x0 binaries/ptinit.o
 .data          0x810196ee        0x0 binaries/ptrecv.o
 .data          0x810196ee        0x0 binaries/ptreset.o
 .data          0x810196ee        0x0 binaries/ptsend.o
 .data          0x810196ee        0x0 binaries/putc.o
 .data          0x810196ee        0x0 binaries/queue.o
 .data          0x810196ee        0x0 binaries/read.o
 .data          0x810196ee        0x0 binaries/ready.o
 .data          0x810196ee        0x0 binaries/receive.o
 .data          0x810196ee        0x0 binaries/recvclr.o
 .data          0x810196ee        0x0 binaries/recvtime.o
 .data          0x810196ee        0x0 binaries/resched.o
 .data          0x810196ee        0x0 binaries/resume.o
 .data          0x810196ee        0x0 binaries/seek.o
 .data          0x810196ee        0x0 binaries/semcount.o
 .data          0x810196ee        0x0 binaries/semcreate.o
 .data          0x810196ee        0x0 binaries/semdelete.o
 .data          0x810196ee        0x0 binaries/semreset.o
 .data          0x810196ee        0x0 binaries/send.o
 .data          0x810196ee        0x0 binaries/signal.o
 .data          0x810196ee        0x0 binaries/signaln.o
 .data          0x810196ee        0x0 binaries/sleep.o
 .data          0x810196ee        0x0 binaries/suspend.o
 .data          0x810196ee        0x0 binaries/unsleep.o
 .data          0x810196ee        0x0 binaries/userret.o
 .data          0x810196ee        0x0 binaries/wait.o
 .data          0x810196ee        0x0 binaries/wakeup.o
 .data          0x810196ee        0x0 binaries/write.o
 .data          0x810196ee        0x0 binaries/xdone.o
 .data          0x810196ee        0x0 binaries/yield.o
 .data          0x810196ee        0x0 binaries/abs.o
 .data          0x810196ee        0x0 binaries/atoi.o
 .data          0x810196ee        0x0 binaries/atol.o
 .data          0x810196ee        0x0 binaries/bzero.o
 .data          0x810196ee        0x0 binaries/ctype_.o
 .data          0x810196ee        0x0 binaries/doprnt.o
 *fill*         0x810196ee        0x2 
 .data          0x810196f0       0x80 binaries/doscan.o
                0x810196f0                _sctab
 .data          0x81019770        0x0 binaries/fdoprnt.o
 .data          0x81019770        0x0 binaries/fgetc.o
 .data          0x81019770        0x0 binaries/fgets.o
 .data          0x81019770        0x0 binaries/fprintf.o
 .data          0x81019770        0x0 binaries/fputc.o
 .data          0x81019770        0x0 binaries/fputs.o
 .data          0x81019770        0x0 binaries/fscanf.o
 .data          0x81019770        0x0 binaries/getchar.o
 .data          0x81019770        0x0 binaries/labs.o
 .data          0x81019770        0x0 binaries/memchr.o
 .data          0x81019770        0x0 binaries/memcmp.o
 .data          0x81019770        0x0 binaries/memcpy.o
 .data          0x81019770        0x0 binaries/memset.o
 .data          0x81019770        0x0 binaries/printf.o
 .data          0x81019770        0x0 binaries/putchar.o
 .data          0x81019770        0x0 binaries/qsort.o
 .data          0x81019770        0x4 binaries/rand.o
 .data          0x81019774        0x0 binaries/sprintf.o
 .data          0x81019774        0x0 binaries/sscanf.o
 .data          0x81019774        0x0 binaries/strchr.o
 .data          0x81019774        0x0 binaries/strcmp.o
 .data          0x81019774        0x0 binaries/strcpy.o
 .data          0x81019774        0x0 binaries/strlen.o
 .data          0x81019774        0x0 binaries/strncat.o
 .data          0x81019774        0x0 binaries/strncmp.o
 .data          0x81019774        0x0 binaries/strncpy.o
 .data          0x81019774        0x0 binaries/strnlen.o
 .data          0x81019774        0x0 binaries/strrchr.o
 .data          0x81019774        0x0 binaries/strstr.o
 .data          0x81019774        0x0 binaries/ttycontrol.o
 .data          0x81019774        0x0 binaries/ttygetc.o
 .data          0x81019774        0x0 binaries/ttyhandle_in.o
 .data          0x81019774        0x0 binaries/ttyhandle_out.o
 .data          0x81019774        0x0 binaries/ttyhandler.o
 .data          0x81019774        0x0 binaries/ttyinit.o
 .data          0x81019774        0x0 binaries/ttykickout.o
 .data          0x81019774        0x0 binaries/ttyputc.o
 .data          0x81019774        0x0 binaries/ttyread.o
 .data          0x81019774        0x0 binaries/ttywrite.o
 .data          0x81019774        0x0 binaries/mount.o
 .data          0x81019774        0x0 binaries/naminit.o
 .data          0x81019774        0x0 binaries/nammap.o
 .data          0x81019774        0x0 binaries/namopen.o
 .data          0x81019774        0x0 binaries/colon2mac.o
 .data          0x81019774        0x0 binaries/ethcontrol.o
 .data          0x81019774        0x0 binaries/ethhandler.o
 .data          0x81019774        0x0 binaries/ethinit.o
 .data          0x81019774        0x0 binaries/ethread.o
 .data          0x81019774        0x0 binaries/ethwrite.o
 .data          0x81019774        0x0 binaries/rdsbufalloc.o
 .data          0x81019774        0x0 binaries/rdsclose.o
 .data          0x81019774        0x0 binaries/rdscomm.o
 .data          0x81019774        0x0 binaries/rdscontrol.o
 .data          0x81019774        0x0 binaries/rdsinit.o
 .data          0x81019774        0x0 binaries/rdsopen.o
 .data          0x81019774        0x0 binaries/rdsprocess.o
 .data          0x81019774        0x0 binaries/rdsread.o
 .data          0x81019774        0x0 binaries/rdswrite.o
 .data          0x81019774        0x0 binaries/ramclose.o
 .data          0x81019774        0x0 binaries/raminit.o
 .data          0x81019774        0x0 binaries/ramopen.o
 .data          0x81019774        0x0 binaries/ramread.o
 .data          0x81019774        0x0 binaries/ramwrite.o
 .data          0x81019774        0x0 binaries/lfdballoc.o
 .data          0x81019774        0x0 binaries/lfdbfree.o
 .data          0x81019774        0x0 binaries/lfflush.o
 .data          0x81019774        0x0 binaries/lfgetmode.o
 .data          0x81019774        0x0 binaries/lfiballoc.o
 .data          0x81019774        0x0 binaries/lfibclear.o
 .data          0x81019774        0x0 binaries/lfibget.o
 .data          0x81019774        0x0 binaries/lfibput.o
 .data          0x81019774        0x0 binaries/lflclose.o
 .data          0x81019774        0x0 binaries/lflcontrol.o
 .data          0x81019774        0x0 binaries/lflgetc.o
 .data          0x81019774        0x0 binaries/lflinit.o
 .data          0x81019774        0x0 binaries/lflputc.o
 .data          0x81019774        0x0 binaries/lflread.o
 .data          0x81019774        0x0 binaries/lflseek.o
 .data          0x81019774        0x0 binaries/lflwrite.o
 .data          0x81019774        0x0 binaries/lfsckfmt.o
 .data          0x81019774        0x0 binaries/lfscreate.o
 .data          0x81019774        0x0 binaries/lfsetup.o
 .data          0x81019774        0x0 binaries/lfsinit.o
 .data          0x81019774        0x0 binaries/lfsopen.o
 .data          0x81019774        0x0 binaries/lftruncate.o
 .data          0x81019774        0x0 binaries/rflclose.o
 .data          0x81019774        0x0 binaries/rflgetc.o
 .data          0x81019774        0x0 binaries/rflinit.o
 .data          0x81019774        0x0 binaries/rflputc.o
 .data          0x81019774        0x0 binaries/rflread.o
 .data          0x81019774        0x0 binaries/rflseek.o
 .data          0x81019774        0x0 binaries/rflwrite.o
 .data          0x81019774        0x0 binaries/rfscomm.o
 .data          0x81019774        0x0 binaries/rfscontrol.o
 .data          0x81019774        0x0 binaries/rfsgetmode.o
 .data          0x81019774        0x0 binaries/rfsinit.o
 .data          0x81019774        0x0 binaries/rfsndmsg.o
 .data          0x81019774        0x0 binaries/rfsopen.o
 .data          0x81019774        0x0 binaries/spicontrol.o
 .data          0x81019774        0x0 binaries/spiinit.o
 .data          0x81019774        0x0 binaries/arp.o
 .data          0x81019774        0x0 binaries/dhcp.o
 .data          0x81019774        0x0 binaries/dns.o
 .data          0x81019774        0x0 binaries/dot2ip.o
 .data          0x81019774        0x0 binaries/hexdump.o
 .data          0x81019774        0x4 binaries/icmp.o
 .data          0x81019778        0x0 binaries/ip.o
 .data          0x81019778        0x0 binaries/net.o
 .data          0x81019778        0x0 binaries/netstart.o
 .data          0x81019778        0x0 binaries/pdump.o
 .data          0x81019778        0x0 binaries/tftp.o
 .data          0x81019778        0x4 binaries/udp.o
 .data          0x8101977c        0x0 binaries/mq.o
 .data          0x8101977c        0x0 binaries/tcbclear.o
 .data          0x8101977c        0x0 binaries/tcbref.o
 .data          0x8101977c        0x0 binaries/tcp_hton.o
 .data          0x8101977c        0x0 binaries/tcp_in.o
 .data          0x8101977c        0x0 binaries/tcp_init.o
 .data          0x8101977c        0x0 binaries/tcp_out.o
 .data          0x8101977c        0x0 binaries/tcp_recv.o
 .data          0x8101977c        0x0 binaries/tcp_register.o
 .data          0x8101977c        0x0 binaries/tcp_send.o
 .data          0x8101977c        0x0 binaries/tcpabort.o
 .data          0x8101977c        0x0 binaries/tcpack.o
 .data          0x8101977c        0x0 binaries/tcpalloc.o
 .data          0x8101977c        0x0 binaries/tcpcksum.o
 .data          0x8101977c        0x0 binaries/tcpclose.o
 .data          0x8101977c        0x0 binaries/tcpclosing.o
 .data          0x8101977c        0x0 binaries/tcpcwait.o
 .data          0x8101977c        0x0 binaries/tcpdata.o
 .data          0x8101977c       0x2c binaries/tcpdisp.o
                0x8101977c                tcpstatesw
 .data          0x810197a8        0x0 binaries/tcpestd.o
 .data          0x810197a8        0x0 binaries/tcpfin1.o
 .data          0x810197a8        0x0 binaries/tcpfin2.o
 .data          0x810197a8        0x0 binaries/tcplastack.o
 .data          0x810197a8        0x0 binaries/tcplisten.o
 .data          0x810197a8        0x0 binaries/tcpnextseg.o
 .data          0x810197a8        0x0 binaries/tcpparse.o
 .data          0x810197a8        0x0 binaries/tcpreset.o
 .data          0x810197a8        0x0 binaries/tcprto.o
 .data          0x810197a8        0x0 binaries/tcpsendseg.o
 .data          0x810197a8        0x0 binaries/tcpsynrcvd.o
 .data          0x810197a8        0x0 binaries/tcpsynsent.o
 .data          0x810197a8        0x0 binaries/tcptimer.o
 .data          0x810197a8        0x0 binaries/tcptwait.o
 .data          0x810197a8        0x0 binaries/tcpupdate.o
 .data          0x810197a8        0x0 binaries/tcpwake.o
 .data          0x810197a8        0x0 binaries/tcpxmit.o
 .data          0x810197a8        0x0 binaries/timer.o
 .data          0x810197a8        0x0 binaries/addargs.o
 .data          0x810197a8        0x0 binaries/lexan.o
 .data          0x810197a8        0x4 binaries/shell.o
                0x810197a8                ncmd
 .data          0x810197ac        0x0 binaries/xsh_argecho.o
 .data          0x810197ac        0x0 binaries/xsh_arp.o
 .data          0x810197ac        0x0 binaries/xsh_cat.o
 .data          0x810197ac        0x0 binaries/xsh_clear.o
 .data          0x810197ac        0x0 binaries/xsh_date.o
 .data          0x810197ac        0x0 binaries/xsh_devdump.o
 .data          0x810197ac        0x0 binaries/xsh_echo.o
 .data          0x810197ac        0x0 binaries/xsh_exit.o
 .data          0x810197ac        0x0 binaries/xsh_help.o
 .data          0x810197ac        0x0 binaries/xsh_ipaddr.o
 .data          0x810197ac        0x0 binaries/xsh_kill.o
 .data          0x810197ac        0x0 binaries/xsh_led.o
 .data          0x810197ac        0x0 binaries/xsh_memdump.o
 .data          0x810197ac        0x0 binaries/xsh_memstat.o
 .data          0x810197ac        0x0 binaries/xsh_ping.o
 .data          0x810197ac        0x0 binaries/xsh_ps.o
 .data          0x810197ac        0x0 binaries/xsh_sleep.o
 .data          0x810197ac        0x0 binaries/xsh_tcpclient.o
 .data          0x810197ac        0x0 binaries/xsh_tcpclient_big.o
 .data          0x810197ac        0x0 binaries/xsh_tcpserver.o
 .data          0x810197ac        0x0 binaries/xsh_tcpserver_big.o
 .data          0x810197ac        0x0 binaries/xsh_udpdump.o
 .data          0x810197ac        0x0 binaries/xsh_udpecho.o
 .data          0x810197ac        0x0 binaries/xsh_udpeserver.o
 .data          0x810197ac        0x0 binaries/xsh_uptime.o
 .data          0x810197ac        0x0 binaries/ctxsw.o
 .data          0x810197ac        0x0 binaries/intr.o
 .data          0x810197ac        0x0 ../cross_compiler/lib/gcc/arm-none-eabi/4.8.1//libgcc.a(_udivsi3.o)
 .data          0x810197ac        0x0 ../cross_compiler/lib/gcc/arm-none-eabi/4.8.1//libgcc.a(_divsi3.o)
 .data          0x810197ac        0x0 ../cross_compiler/lib/gcc/arm-none-eabi/4.8.1//libgcc.a(_dvmd_tls.o)
                0x810197ac                edata = ABSOLUTE (.)
                0x8101a000                . = ALIGN (0x1000)
 *fill*         0x810197ac      0x854 

.igot.plt       0x8101a000        0x0
 .igot.plt      0x00000000        0x0 binaries/start.o

.bss            0x8101a000    0x21000
                0x8101a000                bss = ABSOLUTE (.)
 *(.bss .bss.*)
 .bss           0x8101a000        0x0 binaries/start.o
 .bss           0x8101a000        0x0 binaries/ascdate.o
 .bss           0x8101a000        0x0 binaries/bufinit.o
 .bss           0x8101a000        0x0 binaries/chprio.o
 .bss           0x8101a000        0x0 binaries/clkhandler.o
 .bss           0x8101a000        0x4 binaries/clkinit.o
                0x8101a000                ctr1000
 .bss           0x8101a004        0x0 binaries/close.o
 .bss           0x8101a004        0x0 binaries/conf.o
 .bss           0x8101a004        0x0 binaries/control.o
 .bss           0x8101a004        0x0 binaries/create.o
 .bss           0x8101a004        0x0 binaries/evec.o
 .bss           0x8101a004        0x0 binaries/exit.o
 .bss           0x8101a004        0x0 binaries/freebuf.o
 .bss           0x8101a004        0x0 binaries/freemem.o
 .bss           0x8101a004        0x0 binaries/getbuf.o
 .bss           0x8101a004        0x0 binaries/getc.o
 .bss           0x8101a004        0x0 binaries/getdev.o
 .bss           0x8101a004        0x0 binaries/getitem.o
 .bss           0x8101a004        0x0 binaries/getmem.o
 .bss           0x8101a004        0x0 binaries/getpid.o
 .bss           0x8101a004        0x0 binaries/getprio.o
 .bss           0x8101a004        0x0 binaries/getstk.o
 .bss           0x8101a004        0x0 binaries/gettime.o
 .bss           0x8101a004        0x0 binaries/getutime.o
 .bss           0x8101a004        0x0 binaries/init.o
 .bss           0x8101a004        0x0 binaries/initialize.o
 .bss           0x8101a004        0x0 binaries/insert.o
 .bss           0x8101a004        0x0 binaries/insertd.o
 .bss           0x8101a004        0x0 binaries/ioerr.o
 .bss           0x8101a004        0x0 binaries/ionull.o
 .bss           0x8101a004        0x0 binaries/kill.o
 .bss           0x8101a004        0x0 binaries/kprintf.o
 .bss           0x8101a004        0x0 binaries/main.o
 .bss           0x8101a004        0x0 binaries/mark.o
 .bss           0x8101a004        0x0 binaries/meminit.o
 .bss           0x8101a004        0x0 binaries/mkbufpool.o
 .bss           0x8101a004        0x0 binaries/newqueue.o
 .bss           0x8101a004        0x0 binaries/open.o
 .bss           0x8101a004        0x0 binaries/panic.o
 .bss           0x8101a004        0x0 binaries/platinit.o
 .bss           0x8101a004        0x0 binaries/ptclear.o
 .bss           0x8101a004        0x0 binaries/ptcount.o
 .bss           0x8101a004        0x0 binaries/ptcreate.o
 .bss           0x8101a004        0x0 binaries/ptdelete.o
 .bss           0x8101a004        0x0 binaries/ptinit.o
 .bss           0x8101a004        0x0 binaries/ptrecv.o
 .bss           0x8101a004        0x0 binaries/ptreset.o
 .bss           0x8101a004        0x0 binaries/ptsend.o
 .bss           0x8101a004        0x0 binaries/putc.o
 .bss           0x8101a004        0x0 binaries/queue.o
 .bss           0x8101a004        0x0 binaries/read.o
 .bss           0x8101a004        0x0 binaries/ready.o
 .bss           0x8101a004        0x0 binaries/receive.o
 .bss           0x8101a004        0x0 binaries/recvclr.o
 .bss           0x8101a004        0x0 binaries/recvtime.o
 .bss           0x8101a004        0x0 binaries/resched.o
 .bss           0x8101a004        0x0 binaries/resume.o
 .bss           0x8101a004        0x0 binaries/seek.o
 .bss           0x8101a004        0x0 binaries/semcount.o
 .bss           0x8101a004        0x4 binaries/semcreate.o
 .bss           0x8101a008        0x0 binaries/semdelete.o
 .bss           0x8101a008        0x0 binaries/semreset.o
 .bss           0x8101a008        0x0 binaries/send.o
 .bss           0x8101a008        0x0 binaries/signal.o
 .bss           0x8101a008        0x0 binaries/signaln.o
 .bss           0x8101a008        0x0 binaries/sleep.o
 .bss           0x8101a008        0x0 binaries/suspend.o
 .bss           0x8101a008        0x0 binaries/unsleep.o
 .bss           0x8101a008        0x0 binaries/userret.o
 .bss           0x8101a008        0x0 binaries/wait.o
 .bss           0x8101a008        0x0 binaries/wakeup.o
 .bss           0x8101a008        0x0 binaries/write.o
 .bss           0x8101a008        0x0 binaries/xdone.o
 .bss           0x8101a008        0x0 binaries/yield.o
 .bss           0x8101a008        0x0 binaries/abs.o
 .bss           0x8101a008        0x0 binaries/atoi.o
 .bss           0x8101a008        0x0 binaries/atol.o
 .bss           0x8101a008        0x0 binaries/bzero.o
 .bss           0x8101a008        0x0 binaries/ctype_.o
 .bss           0x8101a008        0x0 binaries/doprnt.o
 .bss           0x8101a008        0x0 binaries/doscan.o
 .bss           0x8101a008        0x0 binaries/fdoprnt.o
 .bss           0x8101a008        0x0 binaries/fgetc.o
 .bss           0x8101a008        0x0 binaries/fgets.o
 .bss           0x8101a008        0x0 binaries/fprintf.o
 .bss           0x8101a008        0x0 binaries/fputc.o
 .bss           0x8101a008        0x0 binaries/fputs.o
 .bss           0x8101a008        0x0 binaries/fscanf.o
 .bss           0x8101a008        0x0 binaries/getchar.o
 .bss           0x8101a008        0x0 binaries/labs.o
 .bss           0x8101a008        0x0 binaries/memchr.o
 .bss           0x8101a008        0x0 binaries/memcmp.o
 .bss           0x8101a008        0x0 binaries/memcpy.o
 .bss           0x8101a008        0x0 binaries/memset.o
 .bss           0x8101a008        0x0 binaries/printf.o
 .bss           0x8101a008        0x0 binaries/putchar.o
 .bss           0x8101a008        0x8 binaries/qsort.o
 .bss           0x8101a010        0x0 binaries/rand.o
 .bss           0x8101a010        0x0 binaries/sprintf.o
 .bss           0x8101a010        0x0 binaries/sscanf.o
 .bss           0x8101a010        0x0 binaries/strchr.o
 .bss           0x8101a010        0x0 binaries/strcmp.o
 .bss           0x8101a010        0x0 binaries/strcpy.o
 .bss           0x8101a010        0x0 binaries/strlen.o
 .bss           0x8101a010        0x0 binaries/strncat.o
 .bss           0x8101a010        0x0 binaries/strncmp.o
 .bss           0x8101a010        0x0 binaries/strncpy.o
 .bss           0x8101a010        0x0 binaries/strnlen.o
 .bss           0x8101a010        0x0 binaries/strrchr.o
 .bss           0x8101a010        0x0 binaries/strstr.o
 .bss           0x8101a010        0x0 binaries/ttycontrol.o
 .bss           0x8101a010        0x0 binaries/ttygetc.o
 .bss           0x8101a010        0x0 binaries/ttyhandle_in.o
 .bss           0x8101a010        0x0 binaries/ttyhandle_out.o
 .bss           0x8101a010        0x0 binaries/ttyhandler.o
 .bss           0x8101a010        0x0 binaries/ttyinit.o
 .bss           0x8101a010        0x0 binaries/ttykickout.o
 .bss           0x8101a010        0x0 binaries/ttyputc.o
 .bss           0x8101a010        0x0 binaries/ttyread.o
 .bss           0x8101a010        0x0 binaries/ttywrite.o
 .bss           0x8101a010        0x0 binaries/mount.o
 .bss           0x8101a010        0x0 binaries/naminit.o
 .bss           0x8101a010        0x0 binaries/nammap.o
 .bss           0x8101a010        0x0 binaries/namopen.o
 .bss           0x8101a010        0x0 binaries/colon2mac.o
 .bss           0x8101a010        0x0 binaries/ethcontrol.o
 .bss           0x8101a010        0x0 binaries/ethhandler.o
 .bss           0x8101a010        0x0 binaries/ethinit.o
 .bss           0x8101a010        0x0 binaries/ethread.o
 .bss           0x8101a010        0x0 binaries/ethwrite.o
 .bss           0x8101a010        0x0 binaries/rdsbufalloc.o
 .bss           0x8101a010        0x0 binaries/rdsclose.o
 .bss           0x8101a010        0x0 binaries/rdscomm.o
 .bss           0x8101a010        0x0 binaries/rdscontrol.o
 .bss           0x8101a010        0x0 binaries/rdsinit.o
 .bss           0x8101a010        0x0 binaries/rdsopen.o
 .bss           0x8101a010        0x0 binaries/rdsprocess.o
 .bss           0x8101a010        0x0 binaries/rdsread.o
 .bss           0x8101a010        0x0 binaries/rdswrite.o
 .bss           0x8101a010        0x0 binaries/ramclose.o
 .bss           0x8101a010        0x0 binaries/raminit.o
 .bss           0x8101a010        0x0 binaries/ramopen.o
 .bss           0x8101a010        0x0 binaries/ramread.o
 .bss           0x8101a010        0x0 binaries/ramwrite.o
 .bss           0x8101a010        0x0 binaries/lfdballoc.o
 .bss           0x8101a010        0x0 binaries/lfdbfree.o
 .bss           0x8101a010        0x0 binaries/lfflush.o
 .bss           0x8101a010        0x0 binaries/lfgetmode.o
 .bss           0x8101a010        0x0 binaries/lfiballoc.o
 .bss           0x8101a010        0x0 binaries/lfibclear.o
 .bss           0x8101a010        0x0 binaries/lfibget.o
 .bss           0x8101a010        0x0 binaries/lfibput.o
 .bss           0x8101a010        0x0 binaries/lflclose.o
 .bss           0x8101a010        0x0 binaries/lflcontrol.o
 .bss           0x8101a010        0x0 binaries/lflgetc.o
 .bss           0x8101a010        0x0 binaries/lflinit.o
 .bss           0x8101a010        0x0 binaries/lflputc.o
 .bss           0x8101a010        0x0 binaries/lflread.o
 .bss           0x8101a010        0x0 binaries/lflseek.o
 .bss           0x8101a010        0x0 binaries/lflwrite.o
 .bss           0x8101a010        0x0 binaries/lfsckfmt.o
 .bss           0x8101a010        0x0 binaries/lfscreate.o
 .bss           0x8101a010        0x0 binaries/lfsetup.o
 .bss           0x8101a010        0x0 binaries/lfsinit.o
 .bss           0x8101a010        0x0 binaries/lfsopen.o
 .bss           0x8101a010        0x0 binaries/lftruncate.o
 .bss           0x8101a010        0x0 binaries/rflclose.o
 .bss           0x8101a010        0x0 binaries/rflgetc.o
 .bss           0x8101a010        0x0 binaries/rflinit.o
 .bss           0x8101a010        0x0 binaries/rflputc.o
 .bss           0x8101a010        0x0 binaries/rflread.o
 .bss           0x8101a010        0x0 binaries/rflseek.o
 .bss           0x8101a010        0x0 binaries/rflwrite.o
 .bss           0x8101a010        0x0 binaries/rfscomm.o
 .bss           0x8101a010        0x0 binaries/rfscontrol.o
 .bss           0x8101a010        0x0 binaries/rfsgetmode.o
 .bss           0x8101a010        0x0 binaries/rfsinit.o
 .bss           0x8101a010        0x0 binaries/rfsndmsg.o
 .bss           0x8101a010        0x0 binaries/rfsopen.o
 .bss           0x8101a010        0x0 binaries/spicontrol.o
 .bss           0x8101a010        0x0 binaries/spiinit.o
 .bss           0x8101a010        0x0 binaries/arp.o
 .bss           0x8101a010        0x0 binaries/dhcp.o
 .bss           0x8101a010        0x0 binaries/dns.o
 .bss           0x8101a010        0x0 binaries/dot2ip.o
 .bss           0x8101a010        0x0 binaries/hexdump.o
 .bss           0x8101a010        0x0 binaries/icmp.o
 .bss           0x8101a010        0x0 binaries/ip.o
 .bss           0x8101a010        0x0 binaries/net.o
 .bss           0x8101a010        0x0 binaries/netstart.o
 .bss           0x8101a010        0x0 binaries/pdump.o
 .bss           0x8101a010        0x0 binaries/tftp.o
 .bss           0x8101a010        0x0 binaries/udp.o
 .bss           0x8101a010        0x4 binaries/mq.o
                0x8101a010                mqready
 .bss           0x8101a014        0x0 binaries/tcbclear.o
 .bss           0x8101a014        0x0 binaries/tcbref.o
 .bss           0x8101a014        0x0 binaries/tcp_hton.o
 .bss           0x8101a014        0x0 binaries/tcp_in.o
 .bss           0x8101a014        0x0 binaries/tcp_init.o
 .bss           0x8101a014        0x0 binaries/tcp_out.o
 .bss           0x8101a014        0x0 binaries/tcp_recv.o
 .bss           0x8101a014        0x0 binaries/tcp_register.o
 .bss           0x8101a014        0x0 binaries/tcp_send.o
 .bss           0x8101a014        0x0 binaries/tcpabort.o
 .bss           0x8101a014        0x0 binaries/tcpack.o
 .bss           0x8101a014        0x0 binaries/tcpalloc.o
 .bss           0x8101a014        0x0 binaries/tcpcksum.o
 .bss           0x8101a014        0x0 binaries/tcpclose.o
 .bss           0x8101a014        0x0 binaries/tcpclosing.o
 .bss           0x8101a014        0x0 binaries/tcpcwait.o
 .bss           0x8101a014        0x0 binaries/tcpdata.o
 .bss           0x8101a014        0x0 binaries/tcpdisp.o
 .bss           0x8101a014        0x0 binaries/tcpestd.o
 .bss           0x8101a014        0x0 binaries/tcpfin1.o
 .bss           0x8101a014        0x0 binaries/tcpfin2.o
 .bss           0x8101a014        0x0 binaries/tcplastack.o
 .bss           0x8101a014        0x0 binaries/tcplisten.o
 .bss           0x8101a014        0x0 binaries/tcpnextseg.o
 .bss           0x8101a014        0x0 binaries/tcpparse.o
 .bss           0x8101a014        0x0 binaries/tcpreset.o
 .bss           0x8101a014        0x0 binaries/tcprto.o
 .bss           0x8101a014        0x0 binaries/tcpsendseg.o
 .bss           0x8101a014        0x0 binaries/tcpsynrcvd.o
 .bss           0x8101a014        0x0 binaries/tcpsynsent.o
 .bss           0x8101a014        0x0 binaries/tcptimer.o
 .bss           0x8101a014        0x0 binaries/tcptwait.o
 .bss           0x8101a014        0x0 binaries/tcpupdate.o
 .bss           0x8101a014        0x0 binaries/tcpwake.o
 .bss           0x8101a014        0x0 binaries/tcpxmit.o
 .bss           0x8101a014        0x4 binaries/timer.o
                0x8101a014                tmnext
 .bss           0x8101a018        0x0 binaries/addargs.o
 .bss           0x8101a018        0x0 binaries/lexan.o
 .bss           0x8101a018        0x0 binaries/shell.o
 .bss           0x8101a018        0x0 binaries/xsh_argecho.o
 .bss           0x8101a018        0x0 binaries/xsh_arp.o
 .bss           0x8101a018        0x0 binaries/xsh_cat.o
 .bss           0x8101a018        0x0 binaries/xsh_clear.o
 .bss           0x8101a018        0x0 binaries/xsh_date.o
 .bss           0x8101a018        0x0 binaries/xsh_devdump.o
 .bss           0x8101a018        0x0 binaries/xsh_echo.o
 .bss           0x8101a018        0x0 binaries/xsh_exit.o
 .bss           0x8101a018        0x0 binaries/xsh_help.o
 .bss           0x8101a018        0x0 binaries/xsh_ipaddr.o
 .bss           0x8101a018        0x0 binaries/xsh_kill.o
 .bss           0x8101a018        0x0 binaries/xsh_led.o
 .bss           0x8101a018        0x0 binaries/xsh_memdump.o
 .bss           0x8101a018        0x0 binaries/xsh_memstat.o
 .bss           0x8101a018        0x4 binaries/xsh_ping.o
 .bss           0x8101a01c        0x0 binaries/xsh_ps.o
 .bss           0x8101a01c        0x0 binaries/xsh_sleep.o
 .bss           0x8101a01c        0x0 binaries/xsh_tcpclient.o
 .bss           0x8101a01c        0x0 binaries/xsh_tcpclient_big.o
 .bss           0x8101a01c        0x0 binaries/xsh_tcpserver.o
 .bss           0x8101a01c        0x0 binaries/xsh_tcpserver_big.o
 .bss           0x8101a01c        0x0 binaries/xsh_udpdump.o
[...]
 .ARM.attributes
                0x00002958       0x35 binaries/tcp_recv.o
 .ARM.attributes
                0x0000298d       0x35 binaries/tcp_register.o
 .ARM.attributes
                0x000029c2       0x35 binaries/tcp_send.o
 .ARM.attributes
                0x000029f7       0x35 binaries/tcpabort.o
 .ARM.attributes
                0x00002a2c       0x35 binaries/tcpack.o
 .ARM.attributes
                0x00002a61       0x35 binaries/tcpalloc.o
 .ARM.attributes
                0x00002a96       0x35 binaries/tcpcksum.o
 .ARM.attributes
                0x00002acb       0x35 binaries/tcpclose.o
 .ARM.attributes
                0x00002b00       0x35 binaries/tcpclosing.o
 .ARM.attributes
                0x00002b35       0x35 binaries/tcpcwait.o
 .ARM.attributes
                0x00002b6a       0x35 binaries/tcpdata.o
 .ARM.attributes
                0x00002b9f       0x35 binaries/tcpdisp.o
 .ARM.attributes
                0x00002bd4       0x35 binaries/tcpestd.o
 .ARM.attributes
                0x00002c09       0x35 binaries/tcpfin1.o
 .ARM.attributes
                0x00002c3e       0x35 binaries/tcpfin2.o
 .ARM.attributes
                0x00002c73       0x35 binaries/tcplastack.o
 .ARM.attributes
                0x00002ca8       0x35 binaries/tcplisten.o
 .ARM.attributes
                0x00002cdd       0x35 binaries/tcpnextseg.o
 .ARM.attributes
                0x00002d12       0x35 binaries/tcpparse.o
 .ARM.attributes
                0x00002d47       0x35 binaries/tcpreset.o
 .ARM.attributes
                0x00002d7c       0x35 binaries/tcprto.o
 .ARM.attributes
                0x00002db1       0x35 binaries/tcpsendseg.o
 .ARM.attributes
                0x00002de6       0x35 binaries/tcpsynrcvd.o
 .ARM.attributes
                0x00002e1b       0x35 binaries/tcpsynsent.o
 .ARM.attributes
                0x00002e50       0x35 binaries/tcptimer.o
 .ARM.attributes
                0x00002e85       0x35 binaries/tcptwait.o
 .ARM.attributes
                0x00002eba       0x35 binaries/tcpupdate.o
 .ARM.attributes
                0x00002eef       0x35 binaries/tcpwake.o
 .ARM.attributes
                0x00002f24       0x35 binaries/tcpxmit.o
 .ARM.attributes
                0x00002f59       0x35 binaries/timer.o
 .ARM.attributes
                0x00002f8e       0x35 binaries/addargs.o
 .ARM.attributes
                0x00002fc3       0x35 binaries/lexan.o
 .ARM.attributes
                0x00002ff8       0x35 binaries/shell.o
 .ARM.attributes
                0x0000302d       0x35 binaries/xsh_argecho.o
 .ARM.attributes
                0x00003062       0x35 binaries/xsh_arp.o
 .ARM.attributes
                0x00003097       0x35 binaries/xsh_cat.o
 .ARM.attributes
                0x000030cc       0x35 binaries/xsh_clear.o
 .ARM.attributes
                0x00003101       0x35 binaries/xsh_date.o
 .ARM.attributes
                0x00003136       0x35 binaries/xsh_devdump.o
 .ARM.attributes
                0x0000316b       0x35 binaries/xsh_echo.o
 .ARM.attributes
                0x000031a0       0x35 binaries/xsh_exit.o
 .ARM.attributes
                0x000031d5       0x35 binaries/xsh_help.o
 .ARM.attributes
                0x0000320a       0x35 binaries/xsh_ipaddr.o
 .ARM.attributes
                0x0000323f       0x35 binaries/xsh_kill.o
 .ARM.attributes
                0x00003274       0x35 binaries/xsh_led.o
 .ARM.attributes
                0x000032a9       0x35 binaries/xsh_memdump.o
 .ARM.attributes
                0x000032de       0x35 binaries/xsh_memstat.o
 .ARM.attributes
                0x00003313       0x35 binaries/xsh_ping.o
 .ARM.attributes
                0x00003348       0x35 binaries/xsh_ps.o
 .ARM.attributes
                0x0000337d       0x35 binaries/xsh_sleep.o
 .ARM.attributes
                0x000033b2       0x35 binaries/xsh_tcpclient.o
 .ARM.attributes
                0x000033e7       0x35 binaries/xsh_tcpclient_big.o
 .ARM.attributes
                0x0000341c       0x35 binaries/xsh_tcpserver.o
 .ARM.attributes
                0x00003451       0x35 binaries/xsh_tcpserver_big.o
 .ARM.attributes
                0x00003486       0x35 binaries/xsh_udpdump.o
 .ARM.attributes
                0x000034bb       0x35 binaries/xsh_udpecho.o
 .ARM.attributes
                0x000034f0       0x35 binaries/xsh_udpeserver.o
 .ARM.attributes
                0x00003525       0x35 binaries/xsh_uptime.o
 .ARM.attributes
                0x0000355a       0x25 binaries/ctxsw.o
 .ARM.attributes
                0x0000357f       0x25 binaries/intr.o
 .ARM.attributes
                0x000035a4       0x18 ../cross_compiler/lib/gcc/arm-none-eabi/4.8.1//libgcc.a(_udivsi3.o)
 .ARM.attributes
                0x000035bc       0x18 ../cross_compiler/lib/gcc/arm-none-eabi/4.8.1//libgcc.a(_divsi3.o)
 .ARM.attributes
                0x000035d4       0x18 ../cross_compiler/lib/gcc/arm-none-eabi/4.8.1//libgcc.a(_dvmd_tls.o)

.comment        0x00000000       0x30
 .comment       0x00000000       0x30 binaries/ascdate.o
                                 0x31 (size before relaxing)
 .comment       0x00000000       0x31 binaries/bufinit.o
 .comment       0x00000000       0x31 binaries/chprio.o
 .comment       0x00000000       0x31 binaries/clkhandler.o
 .comment       0x00000000       0x31 binaries/clkinit.o
 .comment       0x00000000       0x31 binaries/close.o
 .comment       0x00000000       0x31 binaries/conf.o
 .comment       0x00000000       0x31 binaries/control.o
 .comment       0x00000000       0x31 binaries/create.o
 .comment       0x00000000       0x31 binaries/evec.o
 .comment       0x00000000       0x31 binaries/exit.o
 .comment       0x00000000       0x31 binaries/freebuf.o
 .comment       0x00000000       0x31 binaries/freemem.o
 .comment       0x00000000       0x31 binaries/getbuf.o
 .comment       0x00000000       0x31 binaries/getc.o
 .comment       0x00000000       0x31 binaries/getdev.o
 .comment       0x00000000       0x31 binaries/getitem.o
 .comment       0x00000000       0x31 binaries/getmem.o
 .comment       0x00000000       0x31 binaries/getpid.o
 .comment       0x00000000       0x31 binaries/getprio.o
 .comment       0x00000000       0x31 binaries/getstk.o
 .comment       0x00000000       0x31 binaries/gettime.o
 .comment       0x00000000       0x31 binaries/getutime.o
 .comment       0x00000000       0x31 binaries/init.o
 .comment       0x00000000       0x31 binaries/initialize.o
 .comment       0x00000000       0x31 binaries/insert.o
 .comment       0x00000000       0x31 binaries/insertd.o
 .comment       0x00000000       0x31 binaries/ioerr.o
 .comment       0x00000000       0x31 binaries/ionull.o
 .comment       0x00000000       0x31 binaries/kill.o
 .comment       0x00000000       0x31 binaries/kprintf.o
 .comment       0x00000000       0x31 binaries/main.o
 .comment       0x00000000       0x31 binaries/mark.o
 .comment       0x00000000       0x31 binaries/meminit.o
 .comment       0x00000000       0x31 binaries/mkbufpool.o
 .comment       0x00000000       0x31 binaries/newqueue.o
 .comment       0x00000000       0x31 binaries/open.o
 .comment       0x00000000       0x31 binaries/panic.o
 .comment       0x00000000       0x31 binaries/platinit.o
 .comment       0x00000000       0x31 binaries/ptclear.o
 .comment       0x00000000       0x31 binaries/ptcount.o
 .comment       0x00000000       0x31 binaries/ptcreate.o
 .comment       0x00000000       0x31 binaries/ptdelete.o
 .comment       0x00000000       0x31 binaries/ptinit.o
 .comment       0x00000000       0x31 binaries/ptrecv.o
 .comment       0x00000000       0x31 binaries/ptreset.o
 .comment       0x00000000       0x31 binaries/ptsend.o
 .comment       0x00000000       0x31 binaries/putc.o
 .comment       0x00000000       0x31 binaries/queue.o
 .comment       0x00000000       0x31 binaries/read.o
 .comment       0x00000000       0x31 binaries/ready.o
 .comment       0x00000000       0x31 binaries/receive.o
 .comment       0x00000000       0x31 binaries/recvclr.o
 .comment       0x00000000       0x31 binaries/recvtime.o
 .comment       0x00000000       0x31 binaries/resched.o
 .comment       0x00000000       0x31 binaries/resume.o
 .comment       0x00000000       0x31 binaries/seek.o
 .comment       0x00000000       0x31 binaries/semcount.o
 .comment       0x00000000       0x31 binaries/semcreate.o
 .comment       0x00000000       0x31 binaries/semdelete.o
 .comment       0x00000000       0x31 binaries/semreset.o
 .comment       0x00000000       0x31 binaries/send.o
 .comment       0x00000000       0x31 binaries/signal.o
 .comment       0x00000000       0x31 binaries/signaln.o
 .comment       0x00000000       0x31 binaries/sleep.o
 .comment       0x00000000       0x31 binaries/suspend.o
 .comment       0x00000000       0x31 binaries/unsleep.o
 .comment       0x00000000       0x31 binaries/userret.o
 .comment       0x00000000       0x31 binaries/wait.o
 .comment       0x00000000       0x31 binaries/wakeup.o
 .comment       0x00000000       0x31 binaries/write.o
 .comment       0x00000000       0x31 binaries/xdone.o
 .comment       0x00000000       0x31 binaries/yield.o
 .comment       0x00000000       0x31 binaries/abs.o
 .comment       0x00000000       0x31 binaries/atoi.o
 .comment       0x00000000       0x31 binaries/atol.o
 .comment       0x00000000       0x31 binaries/bzero.o
 .comment       0x00000000       0x31 binaries/ctype_.o
 .comment       0x00000000       0x31 binaries/doprnt.o
 .comment       0x00000000       0x31 binaries/doscan.o
 .comment       0x00000000       0x31 binaries/fdoprnt.o
 .comment       0x00000000       0x31 binaries/fgetc.o
 .comment       0x00000000       0x31 binaries/fgets.o
 .comment       0x00000000       0x31 binaries/fprintf.o
 .comment       0x00000000       0x31 binaries/fputc.o
 .comment       0x00000000       0x31 binaries/fputs.o
 .comment       0x00000000       0x31 binaries/fscanf.o
 .comment       0x00000000       0x31 binaries/getchar.o
 .comment       0x00000000       0x31 binaries/labs.o
 .comment       0x00000000       0x31 binaries/memchr.o
 .comment       0x00000000       0x31 binaries/memcmp.o
 .comment       0x00000000       0x31 binaries/memcpy.o
 .comment       0x00000000       0x31 binaries/memset.o
 .comment       0x00000000       0x31 binaries/printf.o
 .comment       0x00000000       0x31 binaries/putchar.o
 .comment       0x00000000       0x31 binaries/qsort.o
 .comment       0x00000000       0x31 binaries/rand.o
 .comment       0x00000000       0x31 binaries/sprintf.o
 .comment       0x00000000       0x31 binaries/sscanf.o
 .comment       0x00000000       0x31 binaries/strchr.o
 .comment       0x00000000       0x31 binaries/strcmp.o
 .comment       0x00000000       0x31 binaries/strcpy.o
 .comment       0x00000000       0x31 binaries/strlen.o
 .comment       0x00000000       0x31 binaries/strncat.o
 .comment       0x00000000       0x31 binaries/strncmp.o
 .comment       0x00000000       0x31 binaries/strncpy.o
 .comment       0x00000000       0x31 binaries/strnlen.o
 .comment       0x00000000       0x31 binaries/strrchr.o
 .comment       0x00000000       0x31 binaries/strstr.o
 .comment       0x00000000       0x31 binaries/ttycontrol.o
 .comment       0x00000000       0x31 binaries/ttygetc.o
 .comment       0x00000000       0x31 binaries/ttyhandle_in.o
 .comment       0x00000000       0x31 binaries/ttyhandle_out.o
 .comment       0x00000000       0x31 binaries/ttyhandler.o
 .comment       0x00000000       0x31 binaries/ttyinit.o
 .comment       0x00000000       0x31 binaries/ttykickout.o
 .comment       0x00000000       0x31 binaries/ttyputc.o
 .comment       0x00000000       0x31 binaries/ttyread.o
 .comment       0x00000000       0x31 binaries/ttywrite.o
 .comment       0x00000000       0x31 binaries/mount.o
 .comment       0x00000000       0x31 binaries/naminit.o
 .comment       0x00000000       0x31 binaries/nammap.o
 .comment       0x00000000       0x31 binaries/namopen.o
 .comment       0x00000000       0x31 binaries/colon2mac.o
 .comment       0x00000000       0x31 binaries/ethcontrol.o
 .comment       0x00000000       0x31 binaries/ethhandler.o
 .comment       0x00000000       0x31 binaries/ethinit.o
 .comment       0x00000000       0x31 binaries/ethread.o
 .comment       0x00000000       0x31 binaries/ethwrite.o
 .comment       0x00000000       0x31 binaries/rdsbufalloc.o
 .comment       0x00000000       0x31 binaries/rdsclose.o
 .comment       0x00000000       0x31 binaries/rdscomm.o
 .comment       0x00000000       0x31 binaries/rdscontrol.o
 .comment       0x00000000       0x31 binaries/rdsinit.o
 .comment       0x00000000       0x31 binaries/rdsopen.o
 .comment       0x00000000       0x31 binaries/rdsprocess.o
 .comment       0x00000000       0x31 binaries/rdsread.o
 .comment       0x00000000       0x31 binaries/rdswrite.o
 .comment       0x00000000       0x31 binaries/ramclose.o
 .comment       0x00000000       0x31 binaries/raminit.o
 .comment       0x00000000       0x31 binaries/ramopen.o
 .comment       0x00000000       0x31 binaries/ramread.o
 .comment       0x00000000       0x31 binaries/ramwrite.o
 .comment       0x00000000       0x31 binaries/lfdballoc.o
 .comment       0x00000000       0x31 binaries/lfdbfree.o
 .comment       0x00000000       0x31 binaries/lfflush.o
 .comment       0x00000000       0x31 binaries/lfgetmode.o
 .comment       0x00000000       0x31 binaries/lfiballoc.o
 .comment       0x00000000       0x31 binaries/lfibclear.o
 .comment       0x00000000       0x31 binaries/lfibget.o
 .comment       0x00000000       0x31 binaries/lfibput.o
 .comment       0x00000000       0x31 binaries/lflclose.o
 .comment       0x00000000       0x31 binaries/lflcontrol.o
 .comment       0x00000000       0x31 binaries/lflgetc.o
 .comment       0x00000000       0x31 binaries/lflinit.o
 .comment       0x00000000       0x31 binaries/lflputc.o
 .comment       0x00000000       0x31 binaries/lflread.o
 .comment       0x00000000       0x31 binaries/lflseek.o
 .comment       0x00000000       0x31 binaries/lflwrite.o
 .comment       0x00000000       0x31 binaries/lfsckfmt.o
 .comment       0x00000000       0x31 binaries/lfscreate.o
 .comment       0x00000000       0x31 binaries/lfsetup.o
 .comment       0x00000000       0x31 binaries/lfsinit.o
 .comment       0x00000000       0x31 binaries/lfsopen.o
 .comment       0x00000000       0x31 binaries/lftruncate.o
 .comment       0x00000000       0x31 binaries/rflclose.o
 .comment       0x00000000       0x31 binaries/rflgetc.o
 .comment       0x00000000       0x31 binaries/rflinit.o
 .comment       0x00000000       0x31 binaries/rflputc.o
 .comment       0x00000000       0x31 binaries/rflread.o
 .comment       0x00000000       0x31 binaries/rflseek.o
 .comment       0x00000000       0x31 binaries/rflwrite.o
 .comment       0x00000000       0x31 binaries/rfscomm.o
 .comment       0x00000000       0x31 binaries/rfscontrol.o
 .comment       0x00000000       0x31 binaries/rfsgetmode.o
 .comment       0x00000000       0x31 binaries/rfsinit.o
 .comment       0x00000000       0x31 binaries/rfsndmsg.o
 .comment       0x00000000       0x31 binaries/rfsopen.o
 .comment       0x00000000       0x31 binaries/spicontrol.o
 .comment       0x00000000       0x31 binaries/spiinit.o
 .comment       0x00000000       0x31 binaries/arp.o
 .comment       0x00000000       0x31 binaries/dhcp.o
 .comment       0x00000000       0x31 binaries/dns.o
 .comment       0x00000000       0x31 binaries/dot2ip.o
 .comment       0x00000000       0x31 binaries/hexdump.o
 .comment       0x00000000       0x31 binaries/icmp.o
 .comment       0x00000000       0x31 binaries/ip.o
 .comment       0x00000000       0x31 binaries/net.o
 .comment       0x00000000       0x31 binaries/netstart.o
 .comment       0x00000000       0x31 binaries/pdump.o
 .comment       0x00000000       0x31 binaries/tftp.o
 .comment       0x00000000       0x31 binaries/udp.o
 .comment       0x00000000       0x31 binaries/mq.o
 .comment       0x00000000       0x31 binaries/tcbclear.o
 .comment       0x00000000       0x31 binaries/tcbref.o
 .comment       0x00000000       0x31 binaries/tcp_hton.o
 .comment       0x00000000       0x31 binaries/tcp_in.o
 .comment       0x00000000       0x31 binaries/tcp_init.o
 .comment       0x00000000       0x31 binaries/tcp_out.o
 .comment       0x00000000       0x31 binaries/tcp_recv.o
 .comment       0x00000000       0x31 binaries/tcp_register.o
 .comment       0x00000000       0x31 binaries/tcp_send.o
 .comment       0x00000000       0x31 binaries/tcpabort.o
 .comment       0x00000000       0x31 binaries/tcpack.o
 .comment       0x00000000       0x31 binaries/tcpalloc.o
 .comment       0x00000000       0x31 binaries/tcpcksum.o
 .comment       0x00000000       0x31 binaries/tcpclose.o
 .comment       0x00000000       0x31 binaries/tcpclosing.o
 .comment       0x00000000       0x31 binaries/tcpcwait.o
 .comment       0x00000000       0x31 binaries/tcpdata.o
 .comment       0x00000000       0x31 binaries/tcpdisp.o
 .comment       0x00000000       0x31 binaries/tcpestd.o
 .comment       0x00000000       0x31 binaries/tcpfin1.o
 .comment       0x00000000       0x31 binaries/tcpfin2.o
 .comment       0x00000000       0x31 binaries/tcplastack.o
 .comment       0x00000000       0x31 binaries/tcplisten.o
 .comment       0x00000000       0x31 binaries/tcpnextseg.o
 .comment       0x00000000       0x31 binaries/tcpparse.o
 .comment       0x00000000       0x31 binaries/tcpreset.o
 .comment       0x00000000       0x31 binaries/tcprto.o
 .comment       0x00000000       0x31 binaries/tcpsendseg.o
 .comment       0x00000000       0x31 binaries/tcpsynrcvd.o
 .comment       0x00000000       0x31 binaries/tcpsynsent.o
 .comment       0x00000000       0x31 binaries/tcptimer.o
 .comment       0x00000000       0x31 binaries/tcptwait.o
 .comment       0x00000000       0x31 binaries/tcpupdate.o
 .comment       0x00000000       0x31 binaries/tcpwake.o
 .comment       0x00000000       0x31 binaries/tcpxmit.o
 .comment       0x00000000       0x31 binaries/timer.o
 .comment       0x00000000       0x31 binaries/addargs.o
 .comment       0x00000000       0x31 binaries/lexan.o
 .comment       0x00000000       0x31 binaries/shell.o
 .comment       0x00000000       0x31 binaries/xsh_argecho.o
 .comment       0x00000000       0x31 binaries/xsh_arp.o
 .comment       0x00000000       0x31 binaries/xsh_cat.o
 .comment       0x00000000       0x31 binaries/xsh_clear.o
 .comment       0x00000000       0x31 binaries/xsh_date.o
 .comment       0x00000000       0x31 binaries/xsh_devdump.o
 .comment       0x00000000       0x31 binaries/xsh_echo.o
 .comment       0x00000000       0x31 binaries/xsh_exit.o
 .comment       0x00000000       0x31 binaries/xsh_help.o
 .comment       0x00000000       0x31 binaries/xsh_ipaddr.o
 .comment       0x00000000       0x31 binaries/xsh_kill.o
 .comment       0x00000000       0x31 binaries/xsh_led.o
 .comment       0x00000000       0x31 binaries/xsh_memdump.o
 .comment       0x00000000       0x31 binaries/xsh_memstat.o
 .comment       0x00000000       0x31 binaries/xsh_ping.o
 .comment       0x00000000       0x31 binaries/xsh_ps.o
 .comment       0x00000000       0x31 binaries/xsh_sleep.o
 .comment       0x00000000       0x31 binaries/xsh_tcpclient.o
 .comment       0x00000000       0x31 binaries/xsh_tcpclient_big.o
 .comment       0x00000000       0x31 binaries/xsh_tcpserver.o
 .comment       0x00000000       0x31 binaries/xsh_tcpserver_big.o
 .comment       0x00000000       0x31 binaries/xsh_udpdump.o
 .comment       0x00000000       0x31 binaries/xsh_udpecho.o
 .comment       0x00000000       0x31 binaries/xsh_udpeserver.o
 .comment       0x00000000       0x31 binaries/xsh_uptime.o

.debug_frame    0x00000000       0x40
 .debug_frame   0x00000000       0x20 ../cross_compiler/lib/gcc/arm-none-eabi/4.8.1//libgcc.a(_udivsi3.o)
 .debug_frame   0x00000020       0x20 ../cross_compiler/lib/gcc/arm-none-eabi/4.8.1//libgcc.a(_divsi3.o)
