Archive member included because of file (symbol)

../cross_compiler/lib/gcc/arm-none-eabi/4.8.1//libgcc.a(_udivsi3.o)
                              binaries/qsort.o (__aeabi_uidiv)
../cross_compiler/lib/gcc/arm-none-eabi/4.8.1//libgcc.a(_divsi3.o)
                              binaries/xsh_help.o (__aeabi_idiv)
../cross_compiler/lib/gcc/arm-none-eabi/4.8.1//libgcc.a(_dvmd_tls.o)
                              ../cross_compiler/lib/gcc/arm-none-eabi/4.8.1//libgcc.a(_udivsi3.o) (__aeabi_idiv0)

Allocating common symbols
Common symbol       size              file

netbufpool          0x4               binaries/net.o
readylist           0x2               binaries/ready.o
rfltab              0x5a0             binaries/rflinit.o
sleepq              0x2               binaries/clkinit.o
intc_vector         0x200             binaries/evec.o
nnames              0x4               binaries/naminit.o
udptab              0x168             binaries/udp.o
minheap             0x4               binaries/meminit.o
marks               0x50              binaries/mark.o
currpid             0x4               binaries/initialize.o
Lf_data             0x20c             binaries/lfsinit.o
porttab             0x2d0             binaries/ptinit.o
ttytab              0x110             binaries/ttyinit.o
proctab             0x15e0            binaries/initialize.o
eth_a_regs          0x1c              binaries/ethinit.o
prcount             0x4               binaries/initialize.o
lfltab              0xf00             binaries/lflinit.o
rdstab              0x8c              binaries/rdsinit.o
ethertab            0x138             binaries/ethinit.o
nsaddr              0x4               binaries/dns.o
NetData             0xa8              binaries/net.o
nmarks              0x4               binaries/mark.o
Defer               0x8               binaries/resched.o
semtab              0x4b0             binaries/initialize.o
maxheap             0x4               binaries/meminit.o
preempt             0x4               binaries/clkinit.o
buftab              0xf0              binaries/bufinit.o
Rf_data             0x18              binaries/rfsinit.o
mkmutex             0x4               binaries/mark.o
clktime             0x4               binaries/clkinit.o
cpudelay            0x4               binaries/main.o
arpcache            0x140             binaries/arp.o
icmptab             0x230             binaries/icmp.o
nbpools             0x4               binaries/bufinit.o
queuetab            0x980             binaries/queue.o
ptnextid            0x4               binaries/ptinit.o
Ram                 0x19000           binaries/raminit.o
ipoqueue            0x2c              binaries/ip.o
memlist             0x8               binaries/initialize.o
nametab             0x19a0            binaries/naminit.o
ptfree              0x4               binaries/ptinit.o

Memory Configuration

Name             Origin             Length             Attributes
*default*        0x00000000         0xffffffff

Linker script and memory map

                0x81000000                physbase = 0x81000000
                0x81000000                . = physbase
                0x81000000                . = ALIGN (0x1000)

.text           0x81000000    0x15000
                0x81000000                text = ABSOLUTE (.)
 *(.text .text.*)
 .text          0x81000000       0x4c binaries/start.o
                0x81000000                start
 .text          0x8100004c      0x33c binaries/ascdate.o
                0x8100004c                ascdate
 .text          0x81000388       0x18 binaries/bufinit.o
                0x81000388                bufinit
 .text          0x810003a0       0x68 binaries/chprio.o
                0x810003a0                chprio
 .text          0x81000408       0xf0 binaries/clkhandler.o
                0x81000408                clkhandler
 .text          0x810004f8       0xd4 binaries/clkinit.o
                0x810004f8                clkinit
 .text          0x810005cc       0x50 binaries/close.o
                0x810005cc                close
 .text          0x8100061c        0x0 binaries/conf.o
 .text          0x8100061c       0x68 binaries/control.o
                0x8100061c                control
 .text          0x81000684      0x290 binaries/create.o
                0x81000684                create
 .text          0x81000914       0xb0 binaries/evec.o
                0x81000914                initintc
                0x81000940                set_evec
                0x81000980                irq_dispatch
 .text          0x810009c4       0x10 binaries/exit.o
                0x810009c4                exit
 .text          0x810009d4       0x7c binaries/freebuf.o
                0x810009d4                freebuf
 .text          0x81000a50      0x148 binaries/freemem.o
                0x81000a50                freemem
 .text          0x81000b98       0x78 binaries/getbuf.o
                0x81000b98                getbuf
 .text          0x81000c10       0x50 binaries/getc.o
                0x81000c10                getc
 .text          0x81000c60       0x68 binaries/getdev.o
                0x81000c60                getdev
 .text          0x81000cc8       0xa0 binaries/getitem.o
                0x81000cc8                getitem
                0x81000cf8                getfirst
                0x81000d2c                getlast
 .text          0x81000d68      0x108 binaries/getmem.o
                0x81000d68                getmem
 .text          0x81000e70       0x10 binaries/getpid.o
                0x81000e70                getpid
 .text          0x81000e80       0x5c binaries/getprio.o
                0x81000e80                getprio
 .text          0x81000edc       0xc8 binaries/getstk.o
                0x81000edc                getstk
 .text          0x81000fa4       0x38 binaries/gettime.o
                0x81000fa4                gettime
 .text          0x81000fdc      0x1c8 binaries/getutime.o
                0x81000fdc                getutime
 .text          0x810011a4       0x50 binaries/init.o
                0x810011a4                init
 .text          0x810011f4      0x294 binaries/initialize.o
                0x810011f4                nulluser
                0x81001428                stop
                0x8100144c                delay
 .text          0x81001488       0xc4 binaries/insert.o
                0x81001488                insert
 .text          0x8100154c      0x128 binaries/insertd.o
                0x8100154c                insertd
 .text          0x81001674        0x8 binaries/ioerr.o
                0x81001674                ioerr
 .text          0x8100167c        0x8 binaries/ionull.o
                0x8100167c                ionull
 .text          0x81001684      0x158 binaries/kill.o
                0x81001684                kill
 .text          0x810017dc       0xb4 binaries/kprintf.o
                0x810017dc                kputc
                0x8100181c                kgetc
                0x81001850                kprintf
 .text          0x81001890      0x18c binaries/main.o
                0x81001890                counterproc
                0x810018cc                main
 .text          0x81001a1c       0xd0 binaries/mark.o
                0x81001a1c                markinit
                0x81001a48                mark
 .text          0x81001aec       0x44 binaries/meminit.o
                0x81001aec                meminit
 .text          0x81001b30      0x134 binaries/mkbufpool.o
                0x81001b30                mkbufpool
 .text          0x81001c64       0x7c binaries/newqueue.o
                0x81001c64                newqueue
 .text          0x81001ce0       0x60 binaries/open.o
                0x81001ce0                open
 .text          0x81001d40       0x20 binaries/panic.o
                0x81001d40                panic
 .text          0x81001d60       0x48 binaries/platinit.o
                0x81001d60                platinit
 .text          0x81001da8       0xa8 binaries/ptclear.o
                0x81001da8                _ptclear
 .text          0x81001e50       0x78 binaries/ptcount.o
                0x81001e50                ptcount
 .text          0x81001ec8       0xdc binaries/ptcreate.o
                0x81001ec8                ptcreate
 .text          0x81001fa4       0x74 binaries/ptdelete.o
                0x81001fa4                ptdelete
 .text          0x81002018       0xbc binaries/ptinit.o
                0x81002018                ptinit
 .text          0x810020d4       0xd0 binaries/ptrecv.o
                0x810020d4                ptrecv
 .text          0x810021a4       0x68 binaries/ptreset.o
                0x810021a4                ptreset
 .text          0x8100220c       0xf4 binaries/ptsend.o
                0x8100220c                ptsend
 .text          0x81002300       0x58 binaries/putc.o
                0x81002300                putc
 .text          0x81002358       0xe4 binaries/queue.o
                0x81002358                enqueue
                0x810023e0                dequeue
 .text          0x8100243c       0x60 binaries/read.o
                0x8100243c                read
 .text          0x8100249c       0x74 binaries/ready.o
                0x8100249c                ready
 .text          0x81002510       0x60 binaries/receive.o
                0x81002510                receive
 .text          0x81002570       0x48 binaries/recvclr.o
                0x81002570                recvclr
 .text          0x810025b8       0xb0 binaries/recvtime.o
                0x810025b8                recvtime
 .text          0x81002668      0x1ac binaries/resched.o
                0x81002668                resched
                0x81002758                resched_cntl
 .text          0x81002814       0x90 binaries/resume.o
                0x81002814                resume
 .text          0x810028a4       0x58 binaries/seek.o
                0x810028a4                seek
 .text          0x810028fc       0x58 binaries/semcount.o
                0x810028fc                semcount
 .text          0x81002954       0xb8 binaries/semcreate.o
                0x81002954                semcreate
 .text          0x81002a0c       0xac binaries/semdelete.o
                0x81002a0c                semdelete
 .text          0x81002ab8       0xa4 binaries/semreset.o
                0x81002ab8                semreset
 .text          0x81002b5c       0xc0 binaries/send.o
                0x81002b5c                send
 .text          0x81002c1c       0x80 binaries/signal.o
                0x81002c1c                signal
 .text          0x81002c9c       0xb0 binaries/signaln.o
                0x81002c9c                signaln
 .text          0x81002d4c       0xcc binaries/sleep.o
                0x81002d4c                sleepms
                0x81002de8                sleep
 .text          0x81002e18       0xbc binaries/suspend.o
                0x81002e18                suspend
 .text          0x81002ed4       0xb8 binaries/unsleep.o
                0x81002ed4                unsleep
 .text          0x81002f8c       0x10 binaries/userret.o
                0x81002f8c                userret
 .text          0x81002f9c       0xac binaries/wait.o
                0x81002f9c                wait
 .text          0x81003048       0x94 binaries/wakeup.o
                0x81003048                wakeup
 .text          0x810030dc       0x60 binaries/write.o
                0x810030dc                write
 .text          0x8100313c       0x18 binaries/xdone.o
                0x8100313c                xdone
 .text          0x81003154       0x20 binaries/yield.o
                0x81003154                yield
 .text          0x81003174        0xc binaries/abs.o
                0x81003174                abs
 .text          0x81003180      0x114 binaries/atoi.o
                0x81003180                atoi
 .text          0x81003294      0x114 binaries/atol.o
                0x81003294                atol
 .text          0x810033a8       0x20 binaries/bzero.o
                0x810033a8                bzero
 .text          0x810033c8        0x0 binaries/ctype_.o
 .text          0x810033c8      0x8fc binaries/doprnt.o
                0x810035ac                _doprnt
 .text          0x81003cc4      0x704 binaries/doscan.o
                0x81003cc4                _doscan
 .text          0x810043c8      0x898 binaries/fdoprnt.o
                0x81004474                _fdoprnt
 .text          0x81004c60       0x14 binaries/fgetc.o
                0x81004c60                fgetc
 .text          0x81004c74       0x84 binaries/fgets.o
                0x81004c74                fgets
 .text          0x81004cf8       0x3c binaries/fprintf.o
                0x81004cf8                fprintf
 .text          0x81004d34       0x24 binaries/fputc.o
                0x81004d34                fputc
 .text          0x81004d58       0x38 binaries/fputs.o
                0x81004d58                fputs
 .text          0x81004d90       0x78 binaries/fscanf.o
                0x81004dc4                fscanf
 .text          0x81004e08       0x2c binaries/getchar.o
                0x81004e08                getchar
 .text          0x81004e34        0xc binaries/labs.o
                0x81004e34                labs
 .text          0x81004e40       0x48 binaries/memchr.o
                0x81004e40                memchr
 .text          0x81004e88       0x60 binaries/memcmp.o
                0x81004e88                memcmp
 .text          0x81004ee8       0x24 binaries/memcpy.o
                0x81004ee8                memcpy
 .text          0x81004f0c       0x20 binaries/memset.o
                0x81004f0c                memset
 .text          0x81004f2c       0x58 binaries/printf.o
                0x81004f2c                printf
 .text          0x81004f84       0x2c binaries/putchar.o
                0x81004f84                putchar
 .text          0x81004fb0      0x254 binaries/qsort.o
                0x810051e4                qsort
 .text          0x81005204       0x3c binaries/rand.o
                0x81005204                srand
                0x81005214                rand
 .text          0x81005240       0x68 binaries/sprintf.o
                0x81005258                sprintf
 .text          0x810052a8       0x78 binaries/sscanf.o
                0x810052dc                sscanf
 .text          0x81005320       0x48 binaries/strchr.o
                0x81005320                strchr
 .text          0x81005368       0x54 binaries/strcmp.o
                0x81005368                strcmp
 .text          0x810053bc       0x18 binaries/strcpy.o
                0x810053bc                strcpy
 .text          0x810053d4       0x30 binaries/strlen.o
                0x810053d4                strlen
 .text          0x81005404       0x50 binaries/strncat.o
                0x81005404                strncat
 .text          0x81005454       0x54 binaries/strncmp.o
                0x81005454                strncmp
 .text          0x810054a8       0x80 binaries/strncpy.o
                0x810054a8                strncpy
 .text          0x81005528       0x48 binaries/strnlen.o
                0x81005528                strnlen
 .text          0x81005570       0x58 binaries/strrchr.o
                0x81005570                strrchr
 .text          0x810055c8       0xb0 binaries/strstr.o
                0x810055c8                strstr
 .text          0x81005678       0xc8 binaries/ttycontrol.o
                0x81005678                ttycontrol
 .text          0x81005740       0x6c binaries/ttygetc.o
                0x81005740                ttygetc
 .text          0x810057ac      0x4e0 binaries/ttyhandle_in.o
                0x81005878                ttyhandle_in
 .text          0x81005c8c      0x14c binaries/ttyhandle_out.o
                0x81005c8c                ttyhandle_out
 .text          0x81005dd8       0xc8 binaries/ttyhandler.o
                0x81005dd8                ttyhandler
 .text          0x81005ea0      0x120 binaries/ttyinit.o
                0x81005ea0                ttyinit
 .text          0x81005fc0        0xc binaries/ttykickout.o
                0x81005fc0                ttykickout
 .text          0x81005fcc       0x78 binaries/ttyputc.o
                0x81005fcc                ttyputc
 .text          0x81006044      0x110 binaries/ttyread.o
                0x81006044                ttyread
 .text          0x81006154       0x4c binaries/ttywrite.o
                0x81006154                ttywrite
 .text          0x810061a0      0x134 binaries/mount.o
                0x810061a0                namlen
                0x810061f4                mount
 .text          0x810062d4      0x1c8 binaries/naminit.o
                0x810062d4                naminit
 .text          0x8100649c      0x240 binaries/nammap.o
                0x8100649c                namrepl
                0x810065d4                namcpy
                0x81006630                nammap
 .text          0x810066dc       0x40 binaries/namopen.o
                0x810066dc                namopen
 .text          0x8100671c      0x114 binaries/colon2mac.o
                0x8100671c                colon2mac
 .text          0x81006830       0x40 binaries/ethcontrol.o
                0x81006830                ethcontrol
 .text          0x81006870      0x178 binaries/ethhandler.o
                0x81006870                ethhandler
 .text          0x810069e8      0x240 binaries/ethinit.o
                0x810069e8                eth_phy_read
                0x81006a58                eth_phy_write
                0x81006ab0                eth_phy_reset
                0x81006c20                ethinit
 .text          0x81006c28       0xd8 binaries/ethread.o
                0x81006c28                ethread
 .text          0x81006d00       0xc8 binaries/ethwrite.o
                0x81006d00                ethwrite
 .text          0x81006dc8       0x90 binaries/rdsbufalloc.o
                0x81006dc8                rdsbufalloc
 .text          0x81006e58       0xa0 binaries/rdsclose.o
                0x81006e58                rdsclose
 .text          0x81006ef8      0x1ec binaries/rdscomm.o
                0x81006ef8                rdscomm
 .text          0x810070e4      0x174 binaries/rdscontrol.o
                0x810070e4                rdscontrol
 .text          0x81007258      0x178 binaries/rdsinit.o
                0x81007258                rdsinit
 .text          0x810073d0      0x134 binaries/rdsopen.o
                0x810073d0                rdsopen
 .text          0x81007504      0x304 binaries/rdsprocess.o
                0x81007504                rdsprocess
 .text          0x81007808      0x1f4 binaries/rdsread.o
                0x81007808                rdsread
 .text          0x810079fc      0x168 binaries/rdswrite.o
                0x810079fc                rdswrite
 .text          0x81007b64        0x8 binaries/ramclose.o
                0x81007b64                ramclose
 .text          0x81007b6c       0x3c binaries/raminit.o
                0x81007b6c                raminit
 .text          0x81007ba8        0x8 binaries/ramopen.o
                0x81007ba8                ramopen
 .text          0x81007bb0       0x24 binaries/ramread.o
                0x81007bb0                ramread
 .text          0x81007bd4       0x20 binaries/ramwrite.o
                0x81007bd4                ramwrite
 .text          0x81007bf4       0x94 binaries/lfdballoc.o
                0x81007bf4                lfdballoc
 .text          0x81007c88       0x50 binaries/lfdbfree.o
                0x81007c88                lfdbfree
 .text          0x81007cd8       0xb8 binaries/lfflush.o
                0x81007cd8                lfflush
 .text          0x81007d90       0xc8 binaries/lfgetmode.o
                0x81007d90                lfgetmode
 .text          0x81007e58       0x6c binaries/lfiballoc.o
                0x81007e58                lfiballoc
 .text          0x81007ec4       0x30 binaries/lfibclear.o
                0x81007ec4                lfibclear
 .text          0x81007ef4       0x64 binaries/lfibget.o
                0x81007ef4                lfibget
 .text          0x81007f58       0x8c binaries/lfibput.o
                0x81007f58                lfibput
 .text          0x81007fe4       0x84 binaries/lflclose.o
                0x81007fe4                lflclose
 .text          0x81008068       0xa0 binaries/lflcontrol.o
                0x81008068                lflcontrol
 .text          0x81008108       0xa8 binaries/lflgetc.o
                0x81008108                lflgetc
 .text          0x810081b0       0xa8 binaries/lflinit.o
                0x810081b0                lflinit
 .text          0x81008258       0xdc binaries/lflputc.o
                0x81008258                lflputc
 .text          0x81008334       0x78 binaries/lflread.o
                0x81008334                lflread
 .text          0x810083ac       0x80 binaries/lflseek.o
                0x810083ac                lflseek
 .text          0x8100842c       0x5c binaries/lflwrite.o
                0x8100842c                lflwrite
 .text          0x81008488      0x11c binaries/lfsckfmt.o
                0x81008488                lfsckfmt
 .text          0x810085a4      0x15c binaries/lfscreate.o
                0x810085a4                lfscreate
 .text          0x81008700      0x1f0 binaries/lfsetup.o
                0x81008700                lfsetup
 .text          0x810088f0       0x44 binaries/lfsinit.o
                0x810088f0                lfsinit
 .text          0x81008934      0x324 binaries/lfsopen.o
                0x81008934                lfsopen
 .text          0x81008c58      0x108 binaries/lftruncate.o
                0x81008c58                lftruncate
 .text          0x81008d60       0x70 binaries/rflclose.o
                0x81008d60                rflclose
 .text          0x81008dd0       0x28 binaries/rflgetc.o
                0x81008dd0                rflgetc
 .text          0x81008df8       0x54 binaries/rflinit.o
                0x81008df8                rflinit
 .text          0x81008e4c       0x30 binaries/rflputc.o
                0x81008e4c                rflputc
 .text          0x81008e7c      0x28c binaries/rflread.o
                0x81008e7c                rflread
 .text          0x81009108       0x74 binaries/rflseek.o
                0x81009108                rflseek
 .text          0x8100917c      0x2c8 binaries/rflwrite.o
                0x8100917c                rflwrite
 .text          0x81009444      0x198 binaries/rfscomm.o
                0x81009444                rfscomm
 .text          0x810095dc      0x224 binaries/rfscontrol.o
                0x810095dc                rfscontrol
 .text          0x81009800       0xc8 binaries/rfsgetmode.o
                0x81009800                rfsgetmode
 .text          0x810098c8       0x84 binaries/rfsinit.o
                0x810098c8                rfsinit
 .text          0x8100994c       0xa4 binaries/rfsndmsg.o
                0x8100994c                rfsndmsg
 .text          0x810099f0      0x22c binaries/rfsopen.o
                0x810099f0                rfsopen
 .text          0x81009c1c       0xc8 binaries/spicontrol.o
                0x81009c1c                spicontrol
 .text          0x81009ce4       0xec binaries/spiinit.o
                0x81009ce4                spiinit
 .text          0x81009dd0      0x714 binaries/arp.o
                0x81009dd0                arp_init
                0x81009df0                arp_alloc
                0x81009ec4                arp_ntoh
                0x81009f68                arp_hton
                0x8100a00c                arp_resolve
                0x8100a270                arp_in
 .text          0x8100a4e4      0xdc4 binaries/dhcp.o
                0x8100a4e4                dump_dhcp_msg
                0x8100ab30                get_dhcp_option_value
                0x8100ab90                build_dhcp_discover
                0x8100acbc                build_dhcp_request
                0x8100ae68                getlocalip_boot
                0x8100b290                getlocalip
 .text          0x8100b2a8      0x420 binaries/dns.o
                0x8100b2a8                dns_bldq
                0x8100b35c                dns_getrname
                0x8100b424                dns_geta
                0x8100b558                dns_qa
 .text          0x8100b6c8      0x104 binaries/dot2ip.o
                0x8100b6c8                dot2ip
 .text          0x8100b7cc      0x33c binaries/hexdump.o
                0x8100b7cc                hexdump
                0x8100b92c                hexadump
 .text          0x8100bb08      0x660 binaries/icmp.o
                0x8100bb08                icmp_init
                0x8100bb2c                icmp_register
                0x8100bbe8                icmp_recv
                0x8100bd38                icmp_mkpkt
                0x8100be28                icmp_in
                0x8100bf74                icmp_send
                0x8100bfe4                icmp_release
                0x8100c0a0                icmp_cksum
                0x8100c100                icmp_hton
                0x8100c134                icmp_ntoh
 .text          0x8100c168      0x674 binaries/ip.o
                0x8100c168                ip_local
                0x8100c198                ipcksum
                0x8100c1dc                ip_ntoh
                0x8100c280                ip_in
                0x8100c3bc                ip_hton
                0x8100c460                ip_out
                0x8100c514                ip_send
                0x8100c644                ipout
                0x8100c740                ip_enqueue
 .text          0x8100c7dc      0x1c8 binaries/net.o
                0x8100c7dc                net_init
                0x8100c8d4                eth_hton
                0x8100c8e8                eth_ntoh
                0x8100c8fc                netin
 .text          0x8100c9a4       0xbc binaries/netstart.o
                0x8100c9a4                netstart
 .text          0x8100ca60      0x9dc binaries/pdump.o
                0x8100ca60                pdump
                0x8100cfec                pdumph
 .text          0x8100d43c      0x590 binaries/tftp.o
                0x8100d43c                tftp_send1
                0x8100d528                tftpget_mb
                0x8100d998                tftpget
 .text          0x8100d9cc      0x890 binaries/udp.o
                0x8100d9cc                udp_init
                0x8100d9f4                udp_in
                0x8100dae0                udp_register
                0x8100dbdc                udp_recv
                0x8100dd10                udp_recvaddr
                0x8100de60                udp_send
                0x8100dfd8                udp_sendto
                0x8100e138                udp_release
                0x8100e1f4                udp_ntoh
                0x8100e228                udp_hton
 .text          0x8100e25c      0x120 binaries/addargs.o
                0x8100e25c                addargs
 .text          0x8100e37c      0x2b4 binaries/lexan.o
                0x8100e37c                lexan
 .text          0x8100e630      0x6ac binaries/shell.o
                0x8100e630                shell
 .text          0x8100ecdc       0x64 binaries/xsh_argecho.o
                0x8100ecdc                xsh_argecho
 .text          0x8100ed40      0x1f8 binaries/xsh_arp.o
                0x8100ed40                xsh_arp
 .text          0x8100ef38      0x23c binaries/xsh_cat.o
                0x8100ef38                xsh_cat
 .text          0x8100f174       0x5c binaries/xsh_clear.o
                0x8100f174                xsh_clear
 .text          0x8100f1d0      0x29c binaries/xsh_date.o
                0x8100f1d0                xsh_date
 .text          0x8100f46c       0x98 binaries/xsh_devdump.o
                0x8100f46c                xsh_devdump
 .text          0x8100f504       0x68 binaries/xsh_echo.o
                0x8100f504                xsh_echo
 .text          0x8100f56c        0x8 binaries/xsh_exit.o
                0x8100f56c                xsh_exit
 .text          0x8100f574      0x3d0 binaries/xsh_help.o
                0x8100f574                xsh_help
 .text          0x8100f944      0x354 binaries/xsh_ipaddr.o
                0x8100f944                xsh_ipaddr
 .text          0x8100fc98      0x1f8 binaries/xsh_kill.o
                0x8100fc98                xsh_kill
 .text          0x8100fe90      0x2ac binaries/xsh_led.o
                0x8100fe90                xsh_led
 .text          0x8101013c      0x454 binaries/xsh_memdump.o
                0x81010238                xsh_memdump
 .text          0x81010590      0x224 binaries/xsh_memstat.o
                0x81010590                xsh_memstat
 .text          0x810107b4      0x3b0 binaries/xsh_ping.o
                0x810107b4                xsh_ping
 .text          0x81010b64      0x220 binaries/xsh_ps.o
                0x81010b64                xsh_ps
 .text          0x81010d84      0x1cc binaries/xsh_sleep.o
                0x81010d84                xsh_sleep
 .text          0x81010f50      0x244 binaries/xsh_udpdump.o
                0x81010f50                xsh_udpdump
 .text          0x81011194      0x400 binaries/xsh_udpecho.o
                0x81011194                xsh_udpecho
 .text          0x81011594      0x254 binaries/xsh_udpeserver.o
                0x81011594                xsh_udpeserver
 .text          0x810117e8      0x1ac binaries/xsh_uptime.o
                0x810117e8                xsh_uptime
 .text          0x81011994       0x2c binaries/ctxsw.o
                0x81011994                ctxsw
 .text          0x810119c0      0x100 binaries/intr.o
                0x810119c0                disable
                0x810119cc                restore
                0x810119f0                enable
                0x810119f8                pause
                0x810119f8                halt
                0x81011a00                irq_except
                0x81011a30                initevec
                0x81011a90                expjmpinstr
 .text          0x81011ac0      0x114 ../cross_compiler/lib/gcc/arm-none-eabi/4.8.1//libgcc.a(_udivsi3.o)
                0x81011ac0                __udivsi3
                0x81011ac0                __aeabi_uidiv
                0x81011bb4                __aeabi_uidivmod
 .text          0x81011bd4      0x148 ../cross_compiler/lib/gcc/arm-none-eabi/4.8.1//libgcc.a(_divsi3.o)
                0x81011bd4                __aeabi_idiv
                0x81011bd4                __divsi3
                0x81011cfc                __aeabi_idivmod
 .text          0x81011d1c        0x4 ../cross_compiler/lib/gcc/arm-none-eabi/4.8.1//libgcc.a(_dvmd_tls.o)
                0x81011d1c                __aeabi_ldiv0
                0x81011d1c                __aeabi_idiv0
 *(.rodata .rodata.*)
 .rodata.str1.4
                0x81011d20       0x78 binaries/ascdate.o
 .rodata.str1.4
                0x81011d98       0xd9 binaries/conf.o
                                 0xdc (size before relaxing)
 *fill*         0x81011e71        0x3 
 .rodata.str1.4
                0x81011e74       0x60 binaries/getutime.o
 .rodata.str1.4
                0x81011ed4      0x138 binaries/initialize.o
                                0x13c (size before relaxing)
 .rodata.str1.4
                0x8101200c       0x6a binaries/main.o
                                 0x70 (size before relaxing)
 *fill*         0x81012076        0x2 
 .rodata.str1.4
                0x81012078       0x10 binaries/panic.o
 .rodata.str1.4
                0x81012088       0x1c binaries/ptinit.o
 .rodata.str1.4
                0x810120a4       0x25 binaries/ptsend.o
                                 0x28 (size before relaxing)
 *fill*         0x810120c9        0x3 
 .rodata.str1.4
                0x810120cc       0x27 binaries/xdone.o
                                 0x28 (size before relaxing)
 *fill*         0x810120f3        0x1 
 .rodata        0x810120f4       0x84 binaries/ctype_.o
                0x810120f4                _ctype_
 .rodata.str1.4
                0x81012178       0x2f binaries/doprnt.o
                                 0x30 (size before relaxing)
 .rodata.str1.4
                0x00000000       0x30 binaries/fdoprnt.o
 *fill*         0x810121a7        0x1 
 .rodata.str1.4
                0x810121a8       0x86 binaries/naminit.o
                                 0x90 (size before relaxing)
 *fill*         0x8101222e        0x2 
 .rodata.str1.4
                0x81012230       0x12 binaries/ethread.o
                                 0x14 (size before relaxing)
 *fill*         0x81012242        0x2 
 .rodata.str1.4
                0x81012244       0x2c binaries/rdsbufalloc.o
 .rodata.str1.4
                0x81012270       0x76 binaries/rdscomm.o
                                 0x78 (size before relaxing)
 *fill*         0x810122e6        0x2 
 .rodata.str1.4
                0x810122e8       0x48 binaries/rdscontrol.o
 .rodata.str1.4
                0x81012330       0x96 binaries/rdsinit.o
                                 0x98 (size before relaxing)
 *fill*         0x810123c6        0x2 
 .rodata.str1.4
                0x810123c8       0x22 binaries/rdsopen.o
                                 0x24 (size before relaxing)
 *fill*         0x810123ea        0x2 
 .rodata.str1.4
                0x810123ec       0x4d binaries/rdsprocess.o
                                 0x50 (size before relaxing)
 *fill*         0x81012439        0x3 
 .rodata.str1.4
                0x8101243c        0x9 binaries/raminit.o
                                  0xc (size before relaxing)
 *fill*         0x81012445        0x3 
 .rodata.str1.4
                0x81012448       0x37 binaries/lfdballoc.o
                                 0x38 (size before relaxing)
 *fill*         0x8101247f        0x1 
 .rodata.str1.4
                0x81012480       0x14 binaries/lfiballoc.o
 .rodata.str1.4
                0x81012494       0x23 binaries/lflcontrol.o
                                 0x24 (size before relaxing)
 *fill*         0x810124b7        0x1 
 .rodata.str1.4
                0x810124b8       0xbb binaries/lfsckfmt.o
                                 0xbc (size before relaxing)
 *fill*         0x81012573        0x1 
 .rodata.str1.4
                0x81012574       0x21 binaries/rflread.o
                                 0x24 (size before relaxing)
 .rodata.str1.4
                0x00000000       0x24 binaries/rflwrite.o
 *fill*         0x81012595        0x3 
 .rodata.str1.4
                0x81012598       0x75 binaries/rfscomm.o
                                 0x78 (size before relaxing)
 *fill*         0x8101260d        0x3 
 .rodata.str1.4
                0x81012610       0x23 binaries/rfscontrol.o
                                 0x24 (size before relaxing)
 *fill*         0x81012633        0x1 
 .rodata.str1.4
                0x81012634       0x63 binaries/rfsinit.o
                                 0x64 (size before relaxing)
 *fill*         0x81012697        0x1 
 .rodata.str1.4
                0x81012698       0x2a binaries/rfsndmsg.o
                                 0x2c (size before relaxing)
 .rodata.str1.4
                0x00000000       0x24 binaries/rfsopen.o
 *fill*         0x810126c2        0x2 
 .rodata.str1.4
                0x810126c4       0x2d binaries/spicontrol.o
                                 0x30 (size before relaxing)
 *fill*         0x810126f1        0x3 
 .rodata.str1.4
                0x810126f4       0x4c binaries/spiinit.o
 .rodata.str1.4
                0x81012740       0x3d binaries/arp.o
                                 0x40 (size before relaxing)
 *fill*         0x8101277d        0x3 
 .rodata.str1.4
                0x81012780      0x462 binaries/dhcp.o
                                0x468 (size before relaxing)
 *fill*         0x81012be2        0x2 
 .rodata.str1.4
                0x81012be4       0xca binaries/hexdump.o
                                 0xd8 (size before relaxing)
 *fill*         0x81012cae        0x2 
 .rodata.str1.4
                0x81012cb0       0x29 binaries/icmp.o
                                 0x2c (size before relaxing)
 *fill*         0x81012cd9        0x3 
 .rodata.str1.4
                0x81012cdc       0x6e binaries/ip.o
                                 0x70 (size before relaxing)
 *fill*         0x81012d4a        0x2 
 .rodata.str1.4
                0x81012d4c       0x53 binaries/net.o
                                 0x54 (size before relaxing)
 *fill*         0x81012d9f        0x1 
 .rodata.str1.4
                0x81012da0       0xcf binaries/netstart.o
                                 0xd0 (size before relaxing)
 *fill*         0x81012e6f        0x1 
 .rodata.str1.4
                0x81012e70      0x292 binaries/pdump.o
                                0x298 (size before relaxing)
 *fill*         0x81013102        0x2 
 .rodata.str1.4
                0x81013104      0x175 binaries/tftp.o
                                0x17c (size before relaxing)
 *fill*         0x81013279        0x3 
 .rodata        0x8101327c       0xfc binaries/shell.o
                0x8101327c                cmdtab
 .rodata.str1.4
                0x81013378      0x2ea binaries/shell.o
                                0x2f4 (size before relaxing)
 *fill*         0x81013662        0x2 
 .rodata.str1.4
                0x81013664       0x29 binaries/xsh_argecho.o
                                 0x30 (size before relaxing)
 *fill*         0x8101368d        0x3 
 .rodata.str1.4
                0x81013690      0x13e binaries/xsh_arp.o
                                0x144 (size before relaxing)
 *fill*         0x810137ce        0x2 
 .rodata.str1.4
                0x810137d0       0x81 binaries/xsh_cat.o
                                 0xd4 (size before relaxing)
 *fill*         0x81013851        0x3 
 .rodata.str1.4
                0x81013854       0x15 binaries/xsh_clear.o
                                 0x18 (size before relaxing)
 *fill*         0x81013869        0x3 
 .rodata.str1.4
                0x8101386c      0x1af binaries/xsh_date.o
                                0x1cc (size before relaxing)
 *fill*         0x81013a1b        0x1 
 .rodata.str1.4
                0x81013a1c       0x61 binaries/xsh_devdump.o
                                 0x64 (size before relaxing)
 *fill*         0x81013a7d        0x3 
 .rodata.str1.4
                0x81013a80        0x8 binaries/xsh_echo.o
                                  0xc (size before relaxing)
 .rodata.str1.4
                0x81013a88       0xe7 binaries/xsh_help.o
                                0x17c (size before relaxing)
 *fill*         0x81013b6f        0x1 
 .rodata.str1.4
                0x81013b70       0xfb binaries/xsh_ipaddr.o
                                0x1ac (size before relaxing)
 *fill*         0x81013c6b        0x1 
 .rodata.str1.4
                0x81013c6c       0xc8 binaries/xsh_kill.o
                                0x138 (size before relaxing)
 .rodata.str1.4
                0x81013d34       0xf7 binaries/xsh_led.o
                                0x16c (size before relaxing)
 *fill*         0x81013e2b        0x1 
 .rodata.str1.4
                0x81013e2c      0x1e2 binaries/xsh_memdump.o
                                0x264 (size before relaxing)
 *fill*         0x8101400e        0x2 
 .rodata.str1.4
                0x81014010      0x1cc binaries/xsh_memstat.o
                                0x234 (size before relaxing)
 .rodata.str1.4
                0x810141dc      0x13f binaries/xsh_ping.o
                                0x1b4 (size before relaxing)
 *fill*         0x8101431b        0x1 
 .rodata        0x8101431c       0x20 binaries/xsh_ps.o
 .rodata.str1.4
                0x8101433c      0x11a binaries/xsh_ps.o
                                0x1d4 (size before relaxing)
 *fill*         0x81014456        0x2 
 .rodata.str1.4
                0x81014458       0x5e binaries/xsh_sleep.o
                                 0xf8 (size before relaxing)
 *fill*         0x810144b6        0x2 
 .rodata        0x810144b8        0xc binaries/xsh_udpdump.o
 .rodata.str1.4
                0x810144c4      0x122 binaries/xsh_udpdump.o
                                0x1e0 (size before relaxing)
 *fill*         0x810145e6        0x2 
 .rodata.str1.4
                0x810145e8      0x1ae binaries/xsh_udpecho.o
                                0x224 (size before relaxing)
 *fill*         0x81014796        0x2 
 .rodata.str1.4
                0x81014798       0x97 binaries/xsh_udpeserver.o
                                0x13c (size before relaxing)
 *fill*         0x8101482f        0x1 
 .rodata.str1.4
                0x81014830       0x78 binaries/xsh_uptime.o
                                0x114 (size before relaxing)
                0x810148a8                etext = ABSOLUTE (.)
                0x81015000                . = ALIGN (0x1000)
 *fill*         0x810148a8      0x758 

.glue_7         0x81015000        0x0
 .glue_7        0x00000000        0x0 linker stubs

.glue_7t        0x81015000        0x0
 .glue_7t       0x00000000        0x0 linker stubs

.vfp11_veneer   0x81015000        0x0
 .vfp11_veneer  0x00000000        0x0 linker stubs

.v4_bx          0x81015000        0x0
 .v4_bx         0x00000000        0x0 linker stubs

.iplt           0x81015000        0x0
 .iplt          0x00000000        0x0 binaries/start.o

.rel.dyn        0x81015000        0x0
 .rel.iplt      0x00000000        0x0 binaries/start.o

.data           0x81015000     0x1000
                0x81015000                data = ABSOLUTE (.)
 *(.data .data.*)
 .data          0x81015000        0x0 binaries/start.o
 .data          0x81015000       0x88 binaries/ascdate.o
                0x81015000                Date
 .data          0x81015088        0x0 binaries/bufinit.o
 .data          0x81015088        0x0 binaries/chprio.o
 .data          0x81015088        0x4 binaries/clkhandler.o
 .data          0x8101508c        0x0 binaries/clkinit.o
 .data          0x8101508c        0x0 binaries/close.o
 .data          0x8101508c      0x618 binaries/conf.o
                0x8101508c                devtab
 .data          0x810156a4        0x0 binaries/control.o
 .data          0x810156a4        0x4 binaries/create.o
 .data          0x810156a8       0x40 binaries/evec.o
                0x810156a8                expmsg2
                0x810156bc                expmsg1
 .data          0x810156e8        0x0 binaries/exit.o
 .data          0x810156e8        0x0 binaries/freebuf.o
 .data          0x810156e8        0x0 binaries/freemem.o
 .data          0x810156e8        0x0 binaries/getbuf.o
 .data          0x810156e8        0x0 binaries/getc.o
 .data          0x810156e8        0x0 binaries/getdev.o
 .data          0x810156e8        0x0 binaries/getitem.o
 .data          0x810156e8        0x0 binaries/getmem.o
 .data          0x810156e8        0x0 binaries/getpid.o
 .data          0x810156e8        0x0 binaries/getprio.o
 .data          0x810156e8        0x0 binaries/getstk.o
 .data          0x810156e8        0x0 binaries/gettime.o
 .data          0x810156e8        0x0 binaries/getutime.o
 .data          0x810156e8        0x0 binaries/init.o
 .data          0x810156e8        0x0 binaries/initialize.o
 .data          0x810156e8        0x0 binaries/insert.o
 .data          0x810156e8        0x0 binaries/insertd.o
 .data          0x810156e8        0x0 binaries/ioerr.o
 .data          0x810156e8        0x0 binaries/ionull.o
 .data          0x810156e8        0x0 binaries/kill.o
 .data          0x810156e8        0x0 binaries/kprintf.o
 .data          0x810156e8        0x4 binaries/main.o
                0x810156e8                gcounter
 .data          0x810156ec        0x0 binaries/mark.o
 .data          0x810156ec        0x0 binaries/meminit.o
 .data          0x810156ec        0x0 binaries/mkbufpool.o
 .data          0x810156ec        0x2 binaries/newqueue.o
 .data          0x810156ee        0x0 binaries/open.o
 .data          0x810156ee        0x0 binaries/panic.o
 .data          0x810156ee        0x0 binaries/platinit.o
 .data          0x810156ee        0x0 binaries/ptclear.o
 .data          0x810156ee        0x0 binaries/ptcount.o
 .data          0x810156ee        0x0 binaries/ptcreate.o
 .data          0x810156ee        0x0 binaries/ptdelete.o
 .data          0x810156ee        0x0 binaries/ptinit.o
 .data          0x810156ee        0x0 binaries/ptrecv.o
 .data          0x810156ee        0x0 binaries/ptreset.o
 .data          0x810156ee        0x0 binaries/ptsend.o
 .data          0x810156ee        0x0 binaries/putc.o
 .data          0x810156ee        0x0 binaries/queue.o
 .data          0x810156ee        0x0 binaries/read.o
 .data          0x810156ee        0x0 binaries/ready.o
 .data          0x810156ee        0x0 binaries/receive.o
 .data          0x810156ee        0x0 binaries/recvclr.o
 .data          0x810156ee        0x0 binaries/recvtime.o
 .data          0x810156ee        0x0 binaries/resched.o
 .data          0x810156ee        0x0 binaries/resume.o
 .data          0x810156ee        0x0 binaries/seek.o
 .data          0x810156ee        0x0 binaries/semcount.o
 .data          0x810156ee        0x0 binaries/semcreate.o
 .data          0x810156ee        0x0 binaries/semdelete.o
 .data          0x810156ee        0x0 binaries/semreset.o
 .data          0x810156ee        0x0 binaries/send.o
 .data          0x810156ee        0x0 binaries/signal.o
 .data          0x810156ee        0x0 binaries/signaln.o
 .data          0x810156ee        0x0 binaries/sleep.o
 .data          0x810156ee        0x0 binaries/suspend.o
 .data          0x810156ee        0x0 binaries/unsleep.o
 .data          0x810156ee        0x0 binaries/userret.o
 .data          0x810156ee        0x0 binaries/wait.o
 .data          0x810156ee        0x0 binaries/wakeup.o
 .data          0x810156ee        0x0 binaries/write.o
 .data          0x810156ee        0x0 binaries/xdone.o
 .data          0x810156ee        0x0 binaries/yield.o
 .data          0x810156ee        0x0 binaries/abs.o
 .data          0x810156ee        0x0 binaries/atoi.o
 .data          0x810156ee        0x0 binaries/atol.o
 .data          0x810156ee        0x0 binaries/bzero.o
 .data          0x810156ee        0x0 binaries/ctype_.o
 .data          0x810156ee        0x0 binaries/doprnt.o
 *fill*         0x810156ee        0x2 
 .data          0x810156f0       0x80 binaries/doscan.o
                0x810156f0                _sctab
 .data          0x81015770        0x0 binaries/fdoprnt.o
 .data          0x81015770        0x0 binaries/fgetc.o
 .data          0x81015770        0x0 binaries/fgets.o
 .data          0x81015770        0x0 binaries/fprintf.o
 .data          0x81015770        0x0 binaries/fputc.o
 .data          0x81015770        0x0 binaries/fputs.o
 .data          0x81015770        0x0 binaries/fscanf.o
 .data          0x81015770        0x0 binaries/getchar.o
 .data          0x81015770        0x0 binaries/labs.o
 .data          0x81015770        0x0 binaries/memchr.o
 .data          0x81015770        0x0 binaries/memcmp.o
 .data          0x81015770        0x0 binaries/memcpy.o
 .data          0x81015770        0x0 binaries/memset.o
 .data          0x81015770        0x0 binaries/printf.o
 .data          0x81015770        0x0 binaries/putchar.o
 .data          0x81015770        0x0 binaries/qsort.o
 .data          0x81015770        0x4 binaries/rand.o
 .data          0x81015774        0x0 binaries/sprintf.o
 .data          0x81015774        0x0 binaries/sscanf.o
 .data          0x81015774        0x0 binaries/strchr.o
 .data          0x81015774        0x0 binaries/strcmp.o
 .data          0x81015774        0x0 binaries/strcpy.o
 .data          0x81015774        0x0 binaries/strlen.o
 .data          0x81015774        0x0 binaries/strncat.o
 .data          0x81015774        0x0 binaries/strncmp.o
 .data          0x81015774        0x0 binaries/strncpy.o
 .data          0x81015774        0x0 binaries/strnlen.o
 .data          0x81015774        0x0 binaries/strrchr.o
 .data          0x81015774        0x0 binaries/strstr.o
 .data          0x81015774        0x0 binaries/ttycontrol.o
 .data          0x81015774        0x0 binaries/ttygetc.o
 .data          0x81015774        0x0 binaries/ttyhandle_in.o
 .data          0x81015774        0x0 binaries/ttyhandle_out.o
 .data          0x81015774        0x0 binaries/ttyhandler.o
 .data          0x81015774        0x0 binaries/ttyinit.o
 .data          0x81015774        0x0 binaries/ttykickout.o
 .data          0x81015774        0x0 binaries/ttyputc.o
 .data          0x81015774        0x0 binaries/ttyread.o
 .data          0x81015774        0x0 binaries/ttywrite.o
 .data          0x81015774        0x0 binaries/mount.o
 .data          0x81015774        0x0 binaries/naminit.o
 .data          0x81015774        0x0 binaries/nammap.o
 .data          0x81015774        0x0 binaries/namopen.o
 .data          0x81015774        0x0 binaries/colon2mac.o
 .data          0x81015774        0x0 binaries/ethcontrol.o
 .data          0x81015774        0x0 binaries/ethhandler.o
 .data          0x81015774        0x0 binaries/ethinit.o
 .data          0x81015774        0x0 binaries/ethread.o
 .data          0x81015774        0x0 binaries/ethwrite.o
 .data          0x81015774        0x0 binaries/rdsbufalloc.o
 .data          0x81015774        0x0 binaries/rdsclose.o
 .data          0x81015774        0x0 binaries/rdscomm.o
 .data          0x81015774        0x0 binaries/rdscontrol.o
 .data          0x81015774        0x0 binaries/rdsinit.o
 .data          0x81015774        0x0 binaries/rdsopen.o
 .data          0x81015774        0x0 binaries/rdsprocess.o
 .data          0x81015774        0x0 binaries/rdsread.o
 .data          0x81015774        0x0 binaries/rdswrite.o
 .data          0x81015774        0x0 binaries/ramclose.o
 .data          0x81015774        0x0 binaries/raminit.o
 .data          0x81015774        0x0 binaries/ramopen.o
 .data          0x81015774        0x0 binaries/ramread.o
 .data          0x81015774        0x0 binaries/ramwrite.o
 .data          0x81015774        0x0 binaries/lfdballoc.o
 .data          0x81015774        0x0 binaries/lfdbfree.o
 .data          0x81015774        0x0 binaries/lfflush.o
 .data          0x81015774        0x0 binaries/lfgetmode.o
 .data          0x81015774        0x0 binaries/lfiballoc.o
 .data          0x81015774        0x0 binaries/lfibclear.o
 .data          0x81015774        0x0 binaries/lfibget.o
 .data          0x81015774        0x0 binaries/lfibput.o
 .data          0x81015774        0x0 binaries/lflclose.o
 .data          0x81015774        0x0 binaries/lflcontrol.o
 .data          0x81015774        0x0 binaries/lflgetc.o
 .data          0x81015774        0x0 binaries/lflinit.o
 .data          0x81015774        0x0 binaries/lflputc.o
 .data          0x81015774        0x0 binaries/lflread.o
 .data          0x81015774        0x0 binaries/lflseek.o
 .data          0x81015774        0x0 binaries/lflwrite.o
 .data          0x81015774        0x0 binaries/lfsckfmt.o
 .data          0x81015774        0x0 binaries/lfscreate.o
 .data          0x81015774        0x0 binaries/lfsetup.o
 .data          0x81015774        0x0 binaries/lfsinit.o
 .data          0x81015774        0x0 binaries/lfsopen.o
 .data          0x81015774        0x0 binaries/lftruncate.o
 .data          0x81015774        0x0 binaries/rflclose.o
 .data          0x81015774        0x0 binaries/rflgetc.o
 .data          0x81015774        0x0 binaries/rflinit.o
 .data          0x81015774        0x0 binaries/rflputc.o
 .data          0x81015774        0x0 binaries/rflread.o
 .data          0x81015774        0x0 binaries/rflseek.o
 .data          0x81015774        0x0 binaries/rflwrite.o
 .data          0x81015774        0x0 binaries/rfscomm.o
 .data          0x81015774        0x0 binaries/rfscontrol.o
 .data          0x81015774        0x0 binaries/rfsgetmode.o
 .data          0x81015774        0x0 binaries/rfsinit.o
 .data          0x81015774        0x0 binaries/rfsndmsg.o
 .data          0x81015774        0x0 binaries/rfsopen.o
 .data          0x81015774        0x0 binaries/spicontrol.o
 .data          0x81015774        0x0 binaries/spiinit.o
 .data          0x81015774        0x0 binaries/arp.o
 .data          0x81015774        0x0 binaries/dhcp.o
 .data          0x81015774        0x0 binaries/dns.o
 .data          0x81015774        0x0 binaries/dot2ip.o
 .data          0x81015774        0x0 binaries/hexdump.o
 .data          0x81015774        0x4 binaries/icmp.o
 .data          0x81015778        0x0 binaries/ip.o
 .data          0x81015778        0x0 binaries/net.o
 .data          0x81015778        0x0 binaries/netstart.o
 .data          0x81015778        0x0 binaries/pdump.o
 .data          0x81015778        0x0 binaries/tftp.o
 .data          0x81015778        0x4 binaries/udp.o
 .data          0x8101577c        0x0 binaries/addargs.o
 .data          0x8101577c        0x0 binaries/lexan.o
 .data          0x8101577c        0x4 binaries/shell.o
                0x8101577c                ncmd
 .data          0x81015780        0x0 binaries/xsh_argecho.o
 .data          0x81015780        0x0 binaries/xsh_arp.o
 .data          0x81015780        0x0 binaries/xsh_cat.o
 .data          0x81015780        0x0 binaries/xsh_clear.o
 .data          0x81015780        0x0 binaries/xsh_date.o
 .data          0x81015780        0x0 binaries/xsh_devdump.o
 .data          0x81015780        0x0 binaries/xsh_echo.o
 .data          0x81015780        0x0 binaries/xsh_exit.o
 .data          0x81015780        0x0 binaries/xsh_help.o
 .data          0x81015780        0x0 binaries/xsh_ipaddr.o
 .data          0x81015780        0x0 binaries/xsh_kill.o
 .data          0x81015780        0x0 binaries/xsh_led.o
 .data          0x81015780        0x0 binaries/xsh_memdump.o
 .data          0x81015780        0x0 binaries/xsh_memstat.o
 .data          0x81015780        0x0 binaries/xsh_ping.o
 .data          0x81015780        0x0 binaries/xsh_ps.o
 .data          0x81015780        0x0 binaries/xsh_sleep.o
 .data          0x81015780        0x0 binaries/xsh_udpdump.o
 .data          0x81015780        0x0 binaries/xsh_udpecho.o
 .data          0x81015780        0x0 binaries/xsh_udpeserver.o
 .data          0x81015780        0x0 binaries/xsh_uptime.o
 .data          0x81015780        0x0 binaries/ctxsw.o
 .data          0x81015780        0x0 binaries/intr.o
 .data          0x81015780        0x0 ../cross_compiler/lib/gcc/arm-none-eabi/4.8.1//libgcc.a(_udivsi3.o)
 .data          0x81015780        0x0 ../cross_compiler/lib/gcc/arm-none-eabi/4.8.1//libgcc.a(_divsi3.o)
 .data          0x81015780        0x0 ../cross_compiler/lib/gcc/arm-none-eabi/4.8.1//libgcc.a(_dvmd_tls.o)
                0x81015780                edata = ABSOLUTE (.)
                0x81016000                . = ALIGN (0x1000)
 *fill*         0x81015780      0x880 

.igot.plt       0x81016000        0x0
 .igot.plt      0x00000000        0x0 binaries/start.o

.bss            0x81016000    0x20000
                0x81016000                bss = ABSOLUTE (.)
 *(.bss .bss.*)
 .bss           0x81016000        0x0 binaries/start.o
 .bss           0x81016000        0x0 binaries/ascdate.o
 .bss           0x81016000        0x0 binaries/bufinit.o
 .bss           0x81016000        0x0 binaries/chprio.o
 .bss           0x81016000        0x0 binaries/clkhandler.o
 .bss           0x81016000        0x4 binaries/clkinit.o
                0x81016000                ctr1000
 .bss           0x81016004        0x0 binaries/close.o
 .bss           0x81016004        0x0 binaries/conf.o
 .bss           0x81016004        0x0 binaries/control.o
 .bss           0x81016004        0x0 binaries/create.o
 .bss           0x81016004        0x0 binaries/evec.o
 .bss           0x81016004        0x0 binaries/exit.o
 .bss           0x81016004        0x0 binaries/freebuf.o
 .bss           0x81016004        0x0 binaries/freemem.o
 .bss           0x81016004        0x0 binaries/getbuf.o
 .bss           0x81016004        0x0 binaries/getc.o
 .bss           0x81016004        0x0 binaries/getdev.o
 .bss           0x81016004        0x0 binaries/getitem.o
 .bss           0x81016004        0x0 binaries/getmem.o
 .bss           0x81016004        0x0 binaries/getpid.o
 .bss           0x81016004        0x0 binaries/getprio.o
 .bss           0x81016004        0x0 binaries/getstk.o
 .bss           0x81016004        0x0 binaries/gettime.o
 .bss           0x81016004        0x0 binaries/getutime.o
 .bss           0x81016004        0x0 binaries/init.o
 .bss           0x81016004        0x0 binaries/initialize.o
 .bss           0x81016004        0x0 binaries/insert.o
 .bss           0x81016004        0x0 binaries/insertd.o
 .bss           0x81016004        0x0 binaries/ioerr.o
 .bss           0x81016004        0x0 binaries/ionull.o
 .bss           0x81016004        0x0 binaries/kill.o
 .bss           0x81016004        0x0 binaries/kprintf.o
 .bss           0x81016004        0x0 binaries/main.o
 .bss           0x81016004        0x0 binaries/mark.o
 .bss           0x81016004        0x0 binaries/meminit.o
 .bss           0x81016004        0x0 binaries/mkbufpool.o
 .bss           0x81016004        0x0 binaries/newqueue.o
 .bss           0x81016004        0x0 binaries/open.o
 .bss           0x81016004        0x0 binaries/panic.o
 .bss           0x81016004        0x0 binaries/platinit.o
 .bss           0x81016004        0x0 binaries/ptclear.o
 .bss           0x81016004        0x0 binaries/ptcount.o
 .bss           0x81016004        0x0 binaries/ptcreate.o
 .bss           0x81016004        0x0 binaries/ptdelete.o
 .bss           0x81016004        0x0 binaries/ptinit.o
 .bss           0x81016004        0x0 binaries/ptrecv.o
 .bss           0x81016004        0x0 binaries/ptreset.o
 .bss           0x81016004        0x0 binaries/ptsend.o
 .bss           0x81016004        0x0 binaries/putc.o
 .bss           0x81016004        0x0 binaries/queue.o
 .bss           0x81016004        0x0 binaries/read.o
 .bss           0x81016004        0x0 binaries/ready.o
 .bss           0x81016004        0x0 binaries/receive.o
 .bss           0x81016004        0x0 binaries/recvclr.o
 .bss           0x81016004        0x0 binaries/recvtime.o
 .bss           0x81016004        0x0 binaries/resched.o
 .bss           0x81016004        0x0 binaries/resume.o
 .bss           0x81016004        0x0 binaries/seek.o
 .bss           0x81016004        0x0 binaries/semcount.o
 .bss           0x81016004        0x4 binaries/semcreate.o
 .bss           0x81016008        0x0 binaries/semdelete.o
 .bss           0x81016008        0x0 binaries/semreset.o
 .bss           0x81016008        0x0 binaries/send.o
 .bss           0x81016008        0x0 binaries/signal.o
 .bss           0x81016008        0x0 binaries/signaln.o
 .bss           0x81016008        0x0 binaries/sleep.o
 .bss           0x81016008        0x0 binaries/suspend.o
 .bss           0x81016008        0x0 binaries/unsleep.o
 .bss           0x81016008        0x0 binaries/userret.o
 .bss           0x81016008        0x0 binaries/wait.o
 .bss           0x81016008        0x0 binaries/wakeup.o
 .bss           0x81016008        0x0 binaries/write.o
 .bss           0x81016008        0x0 binaries/xdone.o
 .bss           0x81016008        0x0 binaries/yield.o
 .bss           0x81016008        0x0 binaries/abs.o
 .bss           0x81016008        0x0 binaries/atoi.o
 .bss           0x81016008        0x0 binaries/atol.o
 .bss           0x81016008        0x0 binaries/bzero.o
 .bss           0x81016008        0x0 binaries/ctype_.o
 .bss           0x81016008        0x0 binaries/doprnt.o
 .bss           0x81016008        0x0 binaries/doscan.o
 .bss           0x81016008        0x0 binaries/fdoprnt.o
 .bss           0x81016008        0x0 binaries/fgetc.o
 .bss           0x81016008        0x0 binaries/fgets.o
 .bss           0x81016008        0x0 binaries/fprintf.o
 .bss           0x81016008        0x0 binaries/fputc.o
 .bss           0x81016008        0x0 binaries/fputs.o
 .bss           0x81016008        0x0 binaries/fscanf.o
 .bss           0x81016008        0x0 binaries/getchar.o
 .bss           0x81016008        0x0 binaries/labs.o
 .bss           0x81016008        0x0 binaries/memchr.o
 .bss           0x81016008        0x0 binaries/memcmp.o
 .bss           0x81016008        0x0 binaries/memcpy.o
 .bss           0x81016008        0x0 binaries/memset.o
 .bss           0x81016008        0x0 binaries/printf.o
 .bss           0x81016008        0x0 binaries/putchar.o
 .bss           0x81016008        0x8 binaries/qsort.o
 .bss           0x81016010        0x0 binaries/rand.o
 .bss           0x81016010        0x0 binaries/sprintf.o
 .bss           0x81016010        0x0 binaries/sscanf.o
 .bss           0x81016010        0x0 binaries/strchr.o
 .bss           0x81016010        0x0 binaries/strcmp.o
 .bss           0x81016010        0x0 binaries/strcpy.o
 .bss           0x81016010        0x0 binaries/strlen.o
 .bss           0x81016010        0x0 binaries/strncat.o
 .bss           0x81016010        0x0 binaries/strncmp.o
 .bss           0x81016010        0x0 binaries/strncpy.o
 .bss           0x81016010        0x0 binaries/strnlen.o
 .bss           0x81016010        0x0 binaries/strrchr.o
 .bss           0x81016010        0x0 binaries/strstr.o
 .bss           0x81016010        0x0 binaries/ttycontrol.o
 .bss           0x81016010        0x0 binaries/ttygetc.o
 .bss           0x81016010        0x0 binaries/ttyhandle_in.o
 .bss           0x81016010        0x0 binaries/ttyhandle_out.o
 .bss           0x81016010        0x0 binaries/ttyhandler.o
 .bss           0x81016010        0x0 binaries/ttyinit.o
 .bss           0x81016010        0x0 binaries/ttykickout.o
 .bss           0x81016010        0x0 binaries/ttyputc.o
 .bss           0x81016010        0x0 binaries/ttyread.o
 .bss           0x81016010        0x0 binaries/ttywrite.o
 .bss           0x81016010        0x0 binaries/mount.o
 .bss           0x81016010        0x0 binaries/naminit.o
 .bss           0x81016010        0x0 binaries/nammap.o
 .bss           0x81016010        0x0 binaries/namopen.o
 .bss           0x81016010        0x0 binaries/colon2mac.o
 .bss           0x81016010        0x0 binaries/ethcontrol.o
 .bss           0x81016010        0x0 binaries/ethhandler.o
 .bss           0x81016010        0x0 binaries/ethinit.o
 .bss           0x81016010        0x0 binaries/ethread.o
 .bss           0x81016010        0x0 binaries/ethwrite.o
 .bss           0x81016010        0x0 binaries/rdsbufalloc.o
 .bss           0x81016010        0x0 binaries/rdsclose.o
 .bss           0x81016010        0x0 binaries/rdscomm.o
 .bss           0x81016010        0x0 binaries/rdscontrol.o
 .bss           0x81016010        0x0 binaries/rdsinit.o
 .bss           0x81016010        0x0 binaries/rdsopen.o
 .bss           0x81016010        0x0 binaries/rdsprocess.o
 .bss           0x81016010        0x0 binaries/rdsread.o
 .bss           0x81016010        0x0 binaries/rdswrite.o
 .bss           0x81016010        0x0 binaries/ramclose.o
 .bss           0x81016010        0x0 binaries/raminit.o
 .bss           0x81016010        0x0 binaries/ramopen.o
 .bss           0x81016010        0x0 binaries/ramread.o
 .bss           0x81016010        0x0 binaries/ramwrite.o
 .bss           0x81016010        0x0 binaries/lfdballoc.o
 .bss           0x81016010        0x0 binaries/lfdbfree.o
 .bss           0x81016010        0x0 binaries/lfflush.o
 .bss           0x81016010        0x0 binaries/lfgetmode.o
 .bss           0x81016010        0x0 binaries/lfiballoc.o
 .bss           0x81016010        0x0 binaries/lfibclear.o
 .bss           0x81016010        0x0 binaries/lfibget.o
 .bss           0x81016010        0x0 binaries/lfibput.o
 .bss           0x81016010        0x0 binaries/lflclose.o
 .bss           0x81016010        0x0 binaries/lflcontrol.o
 .bss           0x81016010        0x0 binaries/lflgetc.o
 .bss           0x81016010        0x0 binaries/lflinit.o
 .bss           0x81016010        0x0 binaries/lflputc.o
 .bss           0x81016010        0x0 binaries/lflread.o
 .bss           0x81016010        0x0 binaries/lflseek.o
 .bss           0x81016010        0x0 binaries/lflwrite.o
 .bss           0x81016010        0x0 binaries/lfsckfmt.o
 .bss           0x81016010        0x0 binaries/lfscreate.o
 .bss           0x81016010        0x0 binaries/lfsetup.o
 .bss           0x81016010        0x0 binaries/lfsinit.o
 .bss           0x81016010        0x0 binaries/lfsopen.o
 .bss           0x81016010        0x0 binaries/lftruncate.o
 .bss           0x81016010        0x0 binaries/rflclose.o
 .bss           0x81016010        0x0 binaries/rflgetc.o
 .bss           0x81016010        0x0 binaries/rflinit.o
 .bss           0x81016010        0x0 binaries/rflputc.o
 .bss           0x81016010        0x0 binaries/rflread.o
 .bss           0x81016010        0x0 binaries/rflseek.o
 .bss           0x81016010        0x0 binaries/rflwrite.o
 .bss           0x81016010        0x0 binaries/rfscomm.o
 .bss           0x81016010        0x0 binaries/rfscontrol.o
 .bss           0x81016010        0x0 binaries/rfsgetmode.o
 .bss           0x81016010        0x0 binaries/rfsinit.o
 .bss           0x81016010        0x0 binaries/rfsndmsg.o
 .bss           0x81016010        0x0 binaries/rfsopen.o
 .bss           0x81016010        0x0 binaries/spicontrol.o
 .bss           0x81016010        0x0 binaries/spiinit.o
 .bss           0x81016010        0x0 binaries/arp.o
 .bss           0x81016010        0x0 binaries/dhcp.o
 .bss           0x81016010        0x0 binaries/dns.o
 .bss           0x81016010        0x0 binaries/dot2ip.o
 .bss           0x81016010        0x0 binaries/hexdump.o
 .bss           0x81016010        0x0 binaries/icmp.o
 .bss           0x81016010        0x0 binaries/ip.o
 .bss           0x81016010        0x0 binaries/net.o
 .bss           0x81016010        0x0 binaries/netstart.o
 .bss           0x81016010        0x0 binaries/pdump.o
 .bss           0x81016010        0x0 binaries/tftp.o
 .bss           0x81016010        0x0 binaries/udp.o
 .bss           0x81016010        0x0 binaries/addargs.o
 .bss           0x81016010        0x0 binaries/lexan.o
 .bss           0x81016010        0x0 binaries/shell.o
 .bss           0x81016010        0x0 binaries/xsh_argecho.o
 .bss           0x81016010        0x0 binaries/xsh_arp.o
 .bss           0x81016010        0x0 binaries/xsh_cat.o
 .bss           0x81016010        0x0 binaries/xsh_clear.o
 .bss           0x81016010        0x0 binaries/xsh_date.o
 .bss           0x81016010        0x0 binaries/xsh_devdump.o
 .bss           0x81016010        0x0 binaries/xsh_echo.o
 .bss           0x81016010        0x0 binaries/xsh_exit.o
 .bss           0x81016010        0x0 binaries/xsh_help.o
 .bss           0x81016010        0x0 binaries/xsh_ipaddr.o
 .bss           0x81016010        0x0 binaries/xsh_kill.o
 .bss           0x81016010        0x0 binaries/xsh_led.o
 .bss           0x81016010        0x0 binaries/xsh_memdump.o
 .bss           0x81016010        0x0 binaries/xsh_memstat.o
 .bss           0x81016010        0x4 binaries/xsh_ping.o
 .bss           0x81016014        0x0 binaries/xsh_ps.o
 .bss           0x81016014        0x0 binaries/xsh_sleep.o
 .bss           0x81016014        0x0 binaries/xsh_udpdump.o
 .bss           0x81016014        0x0 binaries/xsh_udpecho.o
 .bss           0x81016014        0x0 binaries/xsh_udpeserver.o
 .bss           0x81016014        0x0 binaries/xsh_uptime.o
 .bss           0x81016014        0x0 binaries/ctxsw.o
 .bss           0x81016014        0x0 binaries/intr.o
 .bss           0x81016014        0x0 ../cross_compiler/lib/gcc/arm-none-eabi/4.8.1//libgcc.a(_udivsi3.o)
 .bss           0x81016014        0x0 ../cross_compiler/lib/gcc/arm-none-eabi/4.8.1//libgcc.a(_divsi3.o)
 .bss           0x81016014        0x0 ../cross_compiler/lib/gcc/arm-none-eabi/4.8.1//libgcc.a(_dvmd_tls.o)
 *(COMMON)
 COMMON         0x81016014       0xf4 binaries/bufinit.o
                0x81016014                buftab
                0x81016104                nbpools
 COMMON         0x81016108        0xc binaries/clkinit.o
                0x81016108                sleepq
                0x8101610c                preempt
                0x81016110                clktime
 COMMON         0x81016114      0x200 binaries/evec.o
                0x81016114                intc_vector
 COMMON         0x81016314     0x1aa0 binaries/initialize.o
                0x81016314                currpid
                0x81016318                proctab
                0x810178f8                prcount
                0x810178fc                semtab
                0x81017dac                memlist
 COMMON         0x81017db4        0x4 binaries/main.o
                0x81017db4                cpudelay
 COMMON         0x81017db8       0x58 binaries/mark.o
                0x81017db8                marks
                0x81017e08                nmarks
                0x81017e0c                mkmutex
 COMMON         0x81017e10        0x8 binaries/meminit.o
                0x81017e10                minheap
                0x81017e14                maxheap
 COMMON         0x81017e18      0x2d8 binaries/ptinit.o
                0x81017e18                porttab
                0x810180e8                ptnextid
                0x810180ec                ptfree
 COMMON         0x810180f0      0x980 binaries/queue.o
                0x810180f0                queuetab
 COMMON         0x81018a70        0x2 binaries/ready.o
                0x81018a70                readylist
 *fill*         0x81018a72        0x2 
 COMMON         0x81018a74        0x8 binaries/resched.o
                0x81018a74                Defer
 COMMON         0x81018a7c      0x110 binaries/ttyinit.o
                0x81018a7c                ttytab
 COMMON         0x81018b8c     0x19a4 binaries/naminit.o
                0x81018b8c                nnames
                0x81018b90                nametab
 COMMON         0x8101a530      0x154 binaries/ethinit.o
                0x8101a530                eth_a_regs
                0x8101a54c                ethertab
 COMMON         0x8101a684       0x8c binaries/rdsinit.o
                0x8101a684                rdstab
 COMMON         0x8101a710    0x19000 binaries/raminit.o
                0x8101a710                Ram
 COMMON         0x81033710      0xf00 binaries/lflinit.o
                0x81033710                lfltab
 COMMON         0x81034610      0x20c binaries/lfsinit.o
                0x81034610                Lf_data
 COMMON         0x8103481c      0x5a0 binaries/rflinit.o
                0x8103481c                rfltab
 COMMON         0x81034dbc       0x18 binaries/rfsinit.o
                0x81034dbc                Rf_data
 COMMON         0x81034dd4      0x140 binaries/arp.o
                0x81034dd4                arpcache
 COMMON         0x81034f14        0x4 binaries/dns.o
                0x81034f14                nsaddr
 COMMON         0x81034f18      0x230 binaries/icmp.o
                0x81034f18                icmptab
 COMMON         0x81035148       0x2c binaries/ip.o
                0x81035148                ipoqueue
 COMMON         0x81035174       0xac binaries/net.o
                0x81035174                netbufpool
                0x81035178                NetData
 COMMON         0x81035220      0x168 binaries/udp.o
                0x81035220                udptab
                0x81035388                ebss = ABSOLUTE (.)
                0x81036000                . = ALIGN (0x1000)
 *fill*         0x81035388      0xc78 
 */()
                0x81036000                end = ABSOLUTE (.)
                0x81036000                _end = ABSOLUTE (.)
                0x81036000                . = ALIGN (0x1000)
LOAD binaries/start.o
LOAD binaries/ascdate.o
LOAD binaries/bufinit.o
LOAD binaries/chprio.o
LOAD binaries/clkhandler.o
LOAD binaries/clkinit.o
LOAD binaries/close.o
LOAD binaries/conf.o
LOAD binaries/control.o
LOAD binaries/create.o
LOAD binaries/evec.o
LOAD binaries/exit.o
LOAD binaries/freebuf.o
LOAD binaries/freemem.o
LOAD binaries/getbuf.o
LOAD binaries/getc.o
LOAD binaries/getdev.o
LOAD binaries/getitem.o
LOAD binaries/getmem.o
LOAD binaries/getpid.o
LOAD binaries/getprio.o
LOAD binaries/getstk.o
LOAD binaries/gettime.o
LOAD binaries/getutime.o
LOAD binaries/init.o
LOAD binaries/initialize.o
LOAD binaries/insert.o
LOAD binaries/insertd.o
LOAD binaries/ioerr.o
LOAD binaries/ionull.o
LOAD binaries/kill.o
LOAD binaries/kprintf.o
LOAD binaries/main.o
LOAD binaries/mark.o
LOAD binaries/meminit.o
LOAD binaries/mkbufpool.o
LOAD binaries/newqueue.o
LOAD binaries/open.o
LOAD binaries/panic.o
LOAD binaries/platinit.o
LOAD binaries/ptclear.o
LOAD binaries/ptcount.o
LOAD binaries/ptcreate.o
LOAD binaries/ptdelete.o
LOAD binaries/ptinit.o
LOAD binaries/ptrecv.o
LOAD binaries/ptreset.o
LOAD binaries/ptsend.o
LOAD binaries/putc.o
LOAD binaries/queue.o
LOAD binaries/read.o
LOAD binaries/ready.o
LOAD binaries/receive.o
LOAD binaries/recvclr.o
LOAD binaries/recvtime.o
LOAD binaries/resched.o
LOAD binaries/resume.o
LOAD binaries/seek.o
LOAD binaries/semcount.o
LOAD binaries/semcreate.o
LOAD binaries/semdelete.o
LOAD binaries/semreset.o
LOAD binaries/send.o
LOAD binaries/signal.o
LOAD binaries/signaln.o
LOAD binaries/sleep.o
LOAD binaries/suspend.o
LOAD binaries/unsleep.o
LOAD binaries/userret.o
LOAD binaries/wait.o
LOAD binaries/wakeup.o
LOAD binaries/write.o
LOAD binaries/xdone.o
LOAD binaries/yield.o
LOAD binaries/abs.o
LOAD binaries/atoi.o
LOAD binaries/atol.o
LOAD binaries/bzero.o
LOAD binaries/ctype_.o
LOAD binaries/doprnt.o
LOAD binaries/doscan.o
LOAD binaries/fdoprnt.o
LOAD binaries/fgetc.o
LOAD binaries/fgets.o
LOAD binaries/fprintf.o
LOAD binaries/fputc.o
LOAD binaries/fputs.o
LOAD binaries/fscanf.o
LOAD binaries/getchar.o
LOAD binaries/labs.o
LOAD binaries/memchr.o
LOAD binaries/memcmp.o
LOAD binaries/memcpy.o
LOAD binaries/memset.o
LOAD binaries/printf.o
LOAD binaries/putchar.o
LOAD binaries/qsort.o
LOAD binaries/rand.o
LOAD binaries/sprintf.o
LOAD binaries/sscanf.o
LOAD binaries/strchr.o
LOAD binaries/strcmp.o
LOAD binaries/strcpy.o
LOAD binaries/strlen.o
LOAD binaries/strncat.o
LOAD binaries/strncmp.o
LOAD binaries/strncpy.o
LOAD binaries/strnlen.o
LOAD binaries/strrchr.o
LOAD binaries/strstr.o
LOAD binaries/ttycontrol.o
LOAD binaries/ttygetc.o
LOAD binaries/ttyhandle_in.o
LOAD binaries/ttyhandle_out.o
LOAD binaries/ttyhandler.o
LOAD binaries/ttyinit.o
LOAD binaries/ttykickout.o
LOAD binaries/ttyputc.o
LOAD binaries/ttyread.o
LOAD binaries/ttywrite.o
LOAD binaries/mount.o
LOAD binaries/naminit.o
LOAD binaries/nammap.o
LOAD binaries/namopen.o
LOAD binaries/colon2mac.o
LOAD binaries/ethcontrol.o
LOAD binaries/ethhandler.o
LOAD binaries/ethinit.o
LOAD binaries/ethread.o
LOAD binaries/ethwrite.o
LOAD binaries/rdsbufalloc.o
LOAD binaries/rdsclose.o
LOAD binaries/rdscomm.o
LOAD binaries/rdscontrol.o
LOAD binaries/rdsinit.o
LOAD binaries/rdsopen.o
LOAD binaries/rdsprocess.o
LOAD binaries/rdsread.o
LOAD binaries/rdswrite.o
LOAD binaries/ramclose.o
LOAD binaries/raminit.o
LOAD binaries/ramopen.o
LOAD binaries/ramread.o
LOAD binaries/ramwrite.o
LOAD binaries/lfdballoc.o
LOAD binaries/lfdbfree.o
LOAD binaries/lfflush.o
LOAD binaries/lfgetmode.o
LOAD binaries/lfiballoc.o
LOAD binaries/lfibclear.o
LOAD binaries/lfibget.o
LOAD binaries/lfibput.o
LOAD binaries/lflclose.o
LOAD binaries/lflcontrol.o
LOAD binaries/lflgetc.o
LOAD binaries/lflinit.o
LOAD binaries/lflputc.o
LOAD binaries/lflread.o
LOAD binaries/lflseek.o
LOAD binaries/lflwrite.o
LOAD binaries/lfsckfmt.o
LOAD binaries/lfscreate.o
LOAD binaries/lfsetup.o
LOAD binaries/lfsinit.o
LOAD binaries/lfsopen.o
LOAD binaries/lftruncate.o
LOAD binaries/rflclose.o
LOAD binaries/rflgetc.o
LOAD binaries/rflinit.o
LOAD binaries/rflputc.o
LOAD binaries/rflread.o
LOAD binaries/rflseek.o
LOAD binaries/rflwrite.o
LOAD binaries/rfscomm.o
LOAD binaries/rfscontrol.o
LOAD binaries/rfsgetmode.o
LOAD binaries/rfsinit.o
LOAD binaries/rfsndmsg.o
LOAD binaries/rfsopen.o
LOAD binaries/spicontrol.o
LOAD binaries/spiinit.o
LOAD binaries/arp.o
LOAD binaries/dhcp.o
LOAD binaries/dns.o
LOAD binaries/dot2ip.o
LOAD binaries/hexdump.o
LOAD binaries/icmp.o
LOAD binaries/ip.o
LOAD binaries/net.o
LOAD binaries/netstart.o
LOAD binaries/pdump.o
LOAD binaries/tftp.o
LOAD binaries/udp.o
LOAD binaries/addargs.o
LOAD binaries/lexan.o
LOAD binaries/shell.o
LOAD binaries/xsh_argecho.o
LOAD binaries/xsh_arp.o
LOAD binaries/xsh_cat.o
LOAD binaries/xsh_clear.o
LOAD binaries/xsh_date.o
LOAD binaries/xsh_devdump.o
LOAD binaries/xsh_echo.o
LOAD binaries/xsh_exit.o
LOAD binaries/xsh_help.o
LOAD binaries/xsh_ipaddr.o
LOAD binaries/xsh_kill.o
LOAD binaries/xsh_led.o
LOAD binaries/xsh_memdump.o
LOAD binaries/xsh_memstat.o
LOAD binaries/xsh_ping.o
LOAD binaries/xsh_ps.o
LOAD binaries/xsh_sleep.o
LOAD binaries/xsh_udpdump.o
LOAD binaries/xsh_udpecho.o
LOAD binaries/xsh_udpeserver.o
LOAD binaries/xsh_uptime.o
LOAD binaries/ctxsw.o
LOAD binaries/intr.o
LOAD ../cross_compiler/lib/gcc/arm-none-eabi/4.8.1//libgcc.a
OUTPUT(../compile/xinu elf32-littlearm)

.ARM.attributes
                0x00000000       0x31
 .ARM.attributes
                0x00000000       0x25 binaries/start.o
 .ARM.attributes
                0x00000025       0x35 binaries/ascdate.o
 .ARM.attributes
                0x0000005a       0x35 binaries/bufinit.o
 .ARM.attributes
                0x0000008f       0x35 binaries/chprio.o
 .ARM.attributes
                0x000000c4       0x35 binaries/clkhandler.o
 .ARM.attributes
                0x000000f9       0x35 binaries/clkinit.o
 .ARM.attributes
                0x0000012e       0x35 binaries/close.o
 .ARM.attributes
                0x00000163       0x35 binaries/conf.o
 .ARM.attributes
                0x00000198       0x35 binaries/control.o
 .ARM.attributes
                0x000001cd       0x35 binaries/create.o
 .ARM.attributes
                0x00000202       0x35 binaries/evec.o
 .ARM.attributes
                0x00000237       0x35 binaries/exit.o
 .ARM.attributes
                0x0000026c       0x35 binaries/freebuf.o
 .ARM.attributes
                0x000002a1       0x35 binaries/freemem.o
 .ARM.attributes
                0x000002d6       0x35 binaries/getbuf.o
 .ARM.attributes
                0x0000030b       0x35 binaries/getc.o
 .ARM.attributes
                0x00000340       0x35 binaries/getdev.o
 .ARM.attributes
                0x00000375       0x35 binaries/getitem.o
 .ARM.attributes
                0x000003aa       0x35 binaries/getmem.o
 .ARM.attributes
                0x000003df       0x35 binaries/getpid.o
 .ARM.attributes
                0x00000414       0x35 binaries/getprio.o
 .ARM.attributes
                0x00000449       0x35 binaries/getstk.o
 .ARM.attributes
                0x0000047e       0x35 binaries/gettime.o
 .ARM.attributes
                0x000004b3       0x35 binaries/getutime.o
 .ARM.attributes
                0x000004e8       0x35 binaries/init.o
 .ARM.attributes
                0x0000051d       0x35 binaries/initialize.o
 .ARM.attributes
                0x00000552       0x35 binaries/insert.o
 .ARM.attributes
                0x00000587       0x35 binaries/insertd.o
 .ARM.attributes
                0x000005bc       0x35 binaries/ioerr.o
 .ARM.attributes
                0x000005f1       0x35 binaries/ionull.o
 .ARM.attributes
                0x00000626       0x35 binaries/kill.o
 .ARM.attributes
[...]
 .ARM.attributes
                0x00001a06       0x35 binaries/ethhandler.o
 .ARM.attributes
                0x00001a3b       0x35 binaries/ethinit.o
 .ARM.attributes
                0x00001a70       0x35 binaries/ethread.o
 .ARM.attributes
                0x00001aa5       0x35 binaries/ethwrite.o
 .ARM.attributes
                0x00001ada       0x35 binaries/rdsbufalloc.o
 .ARM.attributes
                0x00001b0f       0x35 binaries/rdsclose.o
 .ARM.attributes
                0x00001b44       0x35 binaries/rdscomm.o
 .ARM.attributes
                0x00001b79       0x35 binaries/rdscontrol.o
 .ARM.attributes
                0x00001bae       0x35 binaries/rdsinit.o
 .ARM.attributes
                0x00001be3       0x35 binaries/rdsopen.o
 .ARM.attributes
                0x00001c18       0x35 binaries/rdsprocess.o
 .ARM.attributes
                0x00001c4d       0x35 binaries/rdsread.o
 .ARM.attributes
                0x00001c82       0x35 binaries/rdswrite.o
 .ARM.attributes
                0x00001cb7       0x35 binaries/ramclose.o
 .ARM.attributes
                0x00001cec       0x35 binaries/raminit.o
 .ARM.attributes
                0x00001d21       0x35 binaries/ramopen.o
 .ARM.attributes
                0x00001d56       0x35 binaries/ramread.o
 .ARM.attributes
                0x00001d8b       0x35 binaries/ramwrite.o
 .ARM.attributes
                0x00001dc0       0x35 binaries/lfdballoc.o
 .ARM.attributes
                0x00001df5       0x35 binaries/lfdbfree.o
 .ARM.attributes
                0x00001e2a       0x35 binaries/lfflush.o
 .ARM.attributes
                0x00001e5f       0x35 binaries/lfgetmode.o
 .ARM.attributes
                0x00001e94       0x35 binaries/lfiballoc.o
 .ARM.attributes
                0x00001ec9       0x35 binaries/lfibclear.o
 .ARM.attributes
                0x00001efe       0x35 binaries/lfibget.o
 .ARM.attributes
                0x00001f33       0x35 binaries/lfibput.o
 .ARM.attributes
                0x00001f68       0x35 binaries/lflclose.o
 .ARM.attributes
                0x00001f9d       0x35 binaries/lflcontrol.o
 .ARM.attributes
                0x00001fd2       0x35 binaries/lflgetc.o
 .ARM.attributes
                0x00002007       0x35 binaries/lflinit.o
 .ARM.attributes
                0x0000203c       0x35 binaries/lflputc.o
 .ARM.attributes
                0x00002071       0x35 binaries/lflread.o
 .ARM.attributes
                0x000020a6       0x35 binaries/lflseek.o
 .ARM.attributes
                0x000020db       0x35 binaries/lflwrite.o
 .ARM.attributes
                0x00002110       0x35 binaries/lfsckfmt.o
 .ARM.attributes
                0x00002145       0x35 binaries/lfscreate.o
 .ARM.attributes
                0x0000217a       0x35 binaries/lfsetup.o
 .ARM.attributes
                0x000021af       0x35 binaries/lfsinit.o
 .ARM.attributes
                0x000021e4       0x35 binaries/lfsopen.o
 .ARM.attributes
                0x00002219       0x35 binaries/lftruncate.o
 .ARM.attributes
                0x0000224e       0x35 binaries/rflclose.o
 .ARM.attributes
                0x00002283       0x35 binaries/rflgetc.o
 .ARM.attributes
                0x000022b8       0x35 binaries/rflinit.o
 .ARM.attributes
                0x000022ed       0x35 binaries/rflputc.o
 .ARM.attributes
                0x00002322       0x35 binaries/rflread.o
 .ARM.attributes
                0x00002357       0x35 binaries/rflseek.o
 .ARM.attributes
                0x0000238c       0x35 binaries/rflwrite.o
 .ARM.attributes
                0x000023c1       0x35 binaries/rfscomm.o
 .ARM.attributes
                0x000023f6       0x35 binaries/rfscontrol.o
 .ARM.attributes
                0x0000242b       0x35 binaries/rfsgetmode.o
 .ARM.attributes
                0x00002460       0x35 binaries/rfsinit.o
 .ARM.attributes
                0x00002495       0x35 binaries/rfsndmsg.o
 .ARM.attributes
                0x000024ca       0x35 binaries/rfsopen.o
 .ARM.attributes
                0x000024ff       0x35 binaries/spicontrol.o
 .ARM.attributes
                0x00002534       0x35 binaries/spiinit.o
 .ARM.attributes
                0x00002569       0x35 binaries/arp.o
 .ARM.attributes
                0x0000259e       0x35 binaries/dhcp.o
 .ARM.attributes
                0x000025d3       0x35 binaries/dns.o
 .ARM.attributes
                0x00002608       0x35 binaries/dot2ip.o
 .ARM.attributes
                0x0000263d       0x35 binaries/hexdump.o
 .ARM.attributes
                0x00002672       0x35 binaries/icmp.o
 .ARM.attributes
                0x000026a7       0x35 binaries/ip.o
 .ARM.attributes
                0x000026dc       0x35 binaries/net.o
 .ARM.attributes
                0x00002711       0x35 binaries/netstart.o
 .ARM.attributes
                0x00002746       0x35 binaries/pdump.o
 .ARM.attributes
                0x0000277b       0x35 binaries/tftp.o
 .ARM.attributes
                0x000027b0       0x35 binaries/udp.o
 .ARM.attributes
                0x000027e5       0x35 binaries/addargs.o
 .ARM.attributes
                0x0000281a       0x35 binaries/lexan.o
 .ARM.attributes
                0x0000284f       0x35 binaries/shell.o
 .ARM.attributes
                0x00002884       0x35 binaries/xsh_argecho.o
 .ARM.attributes
                0x000028b9       0x35 binaries/xsh_arp.o
 .ARM.attributes
                0x000028ee       0x35 binaries/xsh_cat.o
 .ARM.attributes
                0x00002923       0x35 binaries/xsh_clear.o
 .ARM.attributes
                0x00002958       0x35 binaries/xsh_date.o
 .ARM.attributes
                0x0000298d       0x35 binaries/xsh_devdump.o
 .ARM.attributes
                0x000029c2       0x35 binaries/xsh_echo.o
 .ARM.attributes
                0x000029f7       0x35 binaries/xsh_exit.o
 .ARM.attributes
                0x00002a2c       0x35 binaries/xsh_help.o
 .ARM.attributes
                0x00002a61       0x35 binaries/xsh_ipaddr.o
 .ARM.attributes
                0x00002a96       0x35 binaries/xsh_kill.o
 .ARM.attributes
                0x00002acb       0x35 binaries/xsh_led.o
 .ARM.attributes
                0x00002b00       0x35 binaries/xsh_memdump.o
 .ARM.attributes
                0x00002b35       0x35 binaries/xsh_memstat.o
 .ARM.attributes
                0x00002b6a       0x35 binaries/xsh_ping.o
 .ARM.attributes
                0x00002b9f       0x35 binaries/xsh_ps.o
 .ARM.attributes
                0x00002bd4       0x35 binaries/xsh_sleep.o
 .ARM.attributes
                0x00002c09       0x35 binaries/xsh_udpdump.o
 .ARM.attributes
                0x00002c3e       0x35 binaries/xsh_udpecho.o
 .ARM.attributes
                0x00002c73       0x35 binaries/xsh_udpeserver.o
 .ARM.attributes
                0x00002ca8       0x35 binaries/xsh_uptime.o
 .ARM.attributes
                0x00002cdd       0x25 binaries/ctxsw.o
 .ARM.attributes
                0x00002d02       0x25 binaries/intr.o
 .ARM.attributes
                0x00002d27       0x18 ../cross_compiler/lib/gcc/arm-none-eabi/4.8.1//libgcc.a(_udivsi3.o)
 .ARM.attributes
                0x00002d3f       0x18 ../cross_compiler/lib/gcc/arm-none-eabi/4.8.1//libgcc.a(_divsi3.o)
 .ARM.attributes
                0x00002d57       0x18 ../cross_compiler/lib/gcc/arm-none-eabi/4.8.1//libgcc.a(_dvmd_tls.o)

.comment        0x00000000       0x30
 .comment       0x00000000       0x30 binaries/ascdate.o
                                 0x31 (size before relaxing)
 .comment       0x00000000       0x31 binaries/bufinit.o
 .comment       0x00000000       0x31 binaries/chprio.o
 .comment       0x00000000       0x31 binaries/clkhandler.o
 .comment       0x00000000       0x31 binaries/clkinit.o
 .comment       0x00000000       0x31 binaries/close.o
 .comment       0x00000000       0x31 binaries/conf.o
 .comment       0x00000000       0x31 binaries/control.o
 .comment       0x00000000       0x31 binaries/create.o
 .comment       0x00000000       0x31 binaries/evec.o
 .comment       0x00000000       0x31 binaries/exit.o
 .comment       0x00000000       0x31 binaries/freebuf.o
 .comment       0x00000000       0x31 binaries/freemem.o
 .comment       0x00000000       0x31 binaries/getbuf.o
 .comment       0x00000000       0x31 binaries/getc.o
 .comment       0x00000000       0x31 binaries/getdev.o
 .comment       0x00000000       0x31 binaries/getitem.o
 .comment       0x00000000       0x31 binaries/getmem.o
 .comment       0x00000000       0x31 binaries/getpid.o
 .comment       0x00000000       0x31 binaries/getprio.o
 .comment       0x00000000       0x31 binaries/getstk.o
 .comment       0x00000000       0x31 binaries/gettime.o
 .comment       0x00000000       0x31 binaries/getutime.o
 .comment       0x00000000       0x31 binaries/init.o
 .comment       0x00000000       0x31 binaries/initialize.o
 .comment       0x00000000       0x31 binaries/insert.o
 .comment       0x00000000       0x31 binaries/insertd.o
 .comment       0x00000000       0x31 binaries/ioerr.o
 .comment       0x00000000       0x31 binaries/ionull.o
 .comment       0x00000000       0x31 binaries/kill.o
 .comment       0x00000000       0x31 binaries/kprintf.o
 .comment       0x00000000       0x31 binaries/main.o
 .comment       0x00000000       0x31 binaries/mark.o
 .comment       0x00000000       0x31 binaries/meminit.o
 .comment       0x00000000       0x31 binaries/mkbufpool.o
 .comment       0x00000000       0x31 binaries/newqueue.o
 .comment       0x00000000       0x31 binaries/open.o
 .comment       0x00000000       0x31 binaries/panic.o
 .comment       0x00000000       0x31 binaries/platinit.o
 .comment       0x00000000       0x31 binaries/ptclear.o
 .comment       0x00000000       0x31 binaries/ptcount.o
 .comment       0x00000000       0x31 binaries/ptcreate.o
 .comment       0x00000000       0x31 binaries/ptdelete.o
 .comment       0x00000000       0x31 binaries/ptinit.o
 .comment       0x00000000       0x31 binaries/ptrecv.o
 .comment       0x00000000       0x31 binaries/ptreset.o
 .comment       0x00000000       0x31 binaries/ptsend.o
 .comment       0x00000000       0x31 binaries/putc.o
 .comment       0x00000000       0x31 binaries/queue.o
 .comment       0x00000000       0x31 binaries/read.o
 .comment       0x00000000       0x31 binaries/ready.o
 .comment       0x00000000       0x31 binaries/receive.o
 .comment       0x00000000       0x31 binaries/recvclr.o
 .comment       0x00000000       0x31 binaries/recvtime.o
 .comment       0x00000000       0x31 binaries/resched.o
 .comment       0x00000000       0x31 binaries/resume.o
 .comment       0x00000000       0x31 binaries/seek.o
 .comment       0x00000000       0x31 binaries/semcount.o
 .comment       0x00000000       0x31 binaries/semcreate.o
 .comment       0x00000000       0x31 binaries/semdelete.o
 .comment       0x00000000       0x31 binaries/semreset.o
 .comment       0x00000000       0x31 binaries/send.o
 .comment       0x00000000       0x31 binaries/signal.o
 .comment       0x00000000       0x31 binaries/signaln.o
 .comment       0x00000000       0x31 binaries/sleep.o
 .comment       0x00000000       0x31 binaries/suspend.o
 .comment       0x00000000       0x31 binaries/unsleep.o
 .comment       0x00000000       0x31 binaries/userret.o
 .comment       0x00000000       0x31 binaries/wait.o
 .comment       0x00000000       0x31 binaries/wakeup.o
 .comment       0x00000000       0x31 binaries/write.o
 .comment       0x00000000       0x31 binaries/xdone.o
 .comment       0x00000000       0x31 binaries/yield.o
 .comment       0x00000000       0x31 binaries/abs.o
 .comment       0x00000000       0x31 binaries/atoi.o
 .comment       0x00000000       0x31 binaries/atol.o
 .comment       0x00000000       0x31 binaries/bzero.o
 .comment       0x00000000       0x31 binaries/ctype_.o
 .comment       0x00000000       0x31 binaries/doprnt.o
 .comment       0x00000000       0x31 binaries/doscan.o
 .comment       0x00000000       0x31 binaries/fdoprnt.o
 .comment       0x00000000       0x31 binaries/fgetc.o
 .comment       0x00000000       0x31 binaries/fgets.o
 .comment       0x00000000       0x31 binaries/fprintf.o
 .comment       0x00000000       0x31 binaries/fputc.o
 .comment       0x00000000       0x31 binaries/fputs.o
 .comment       0x00000000       0x31 binaries/fscanf.o
 .comment       0x00000000       0x31 binaries/getchar.o
 .comment       0x00000000       0x31 binaries/labs.o
 .comment       0x00000000       0x31 binaries/memchr.o
 .comment       0x00000000       0x31 binaries/memcmp.o
 .comment       0x00000000       0x31 binaries/memcpy.o
 .comment       0x00000000       0x31 binaries/memset.o
 .comment       0x00000000       0x31 binaries/printf.o
 .comment       0x00000000       0x31 binaries/putchar.o
 .comment       0x00000000       0x31 binaries/qsort.o
 .comment       0x00000000       0x31 binaries/rand.o
 .comment       0x00000000       0x31 binaries/sprintf.o
 .comment       0x00000000       0x31 binaries/sscanf.o
 .comment       0x00000000       0x31 binaries/strchr.o
 .comment       0x00000000       0x31 binaries/strcmp.o
 .comment       0x00000000       0x31 binaries/strcpy.o
 .comment       0x00000000       0x31 binaries/strlen.o
 .comment       0x00000000       0x31 binaries/strncat.o
 .comment       0x00000000       0x31 binaries/strncmp.o
 .comment       0x00000000       0x31 binaries/strncpy.o
 .comment       0x00000000       0x31 binaries/strnlen.o
 .comment       0x00000000       0x31 binaries/strrchr.o
 .comment       0x00000000       0x31 binaries/strstr.o
 .comment       0x00000000       0x31 binaries/ttycontrol.o
 .comment       0x00000000       0x31 binaries/ttygetc.o
 .comment       0x00000000       0x31 binaries/ttyhandle_in.o
 .comment       0x00000000       0x31 binaries/ttyhandle_out.o
 .comment       0x00000000       0x31 binaries/ttyhandler.o
 .comment       0x00000000       0x31 binaries/ttyinit.o
 .comment       0x00000000       0x31 binaries/ttykickout.o
 .comment       0x00000000       0x31 binaries/ttyputc.o
 .comment       0x00000000       0x31 binaries/ttyread.o
 .comment       0x00000000       0x31 binaries/ttywrite.o
 .comment       0x00000000       0x31 binaries/mount.o
 .comment       0x00000000       0x31 binaries/naminit.o
 .comment       0x00000000       0x31 binaries/nammap.o
 .comment       0x00000000       0x31 binaries/namopen.o
 .comment       0x00000000       0x31 binaries/colon2mac.o
 .comment       0x00000000       0x31 binaries/ethcontrol.o
 .comment       0x00000000       0x31 binaries/ethhandler.o
 .comment       0x00000000       0x31 binaries/ethinit.o
 .comment       0x00000000       0x31 binaries/ethread.o
 .comment       0x00000000       0x31 binaries/ethwrite.o
 .comment       0x00000000       0x31 binaries/rdsbufalloc.o
 .comment       0x00000000       0x31 binaries/rdsclose.o
 .comment       0x00000000       0x31 binaries/rdscomm.o
 .comment       0x00000000       0x31 binaries/rdscontrol.o
 .comment       0x00000000       0x31 binaries/rdsinit.o
 .comment       0x00000000       0x31 binaries/rdsopen.o
 .comment       0x00000000       0x31 binaries/rdsprocess.o
 .comment       0x00000000       0x31 binaries/rdsread.o
 .comment       0x00000000       0x31 binaries/rdswrite.o
 .comment       0x00000000       0x31 binaries/ramclose.o
 .comment       0x00000000       0x31 binaries/raminit.o
 .comment       0x00000000       0x31 binaries/ramopen.o
 .comment       0x00000000       0x31 binaries/ramread.o
 .comment       0x00000000       0x31 binaries/ramwrite.o
 .comment       0x00000000       0x31 binaries/lfdballoc.o
 .comment       0x00000000       0x31 binaries/lfdbfree.o
 .comment       0x00000000       0x31 binaries/lfflush.o
 .comment       0x00000000       0x31 binaries/lfgetmode.o
 .comment       0x00000000       0x31 binaries/lfiballoc.o
 .comment       0x00000000       0x31 binaries/lfibclear.o
 .comment       0x00000000       0x31 binaries/lfibget.o
 .comment       0x00000000       0x31 binaries/lfibput.o
 .comment       0x00000000       0x31 binaries/lflclose.o
 .comment       0x00000000       0x31 binaries/lflcontrol.o
 .comment       0x00000000       0x31 binaries/lflgetc.o
 .comment       0x00000000       0x31 binaries/lflinit.o
 .comment       0x00000000       0x31 binaries/lflputc.o
 .comment       0x00000000       0x31 binaries/lflread.o
 .comment       0x00000000       0x31 binaries/lflseek.o
 .comment       0x00000000       0x31 binaries/lflwrite.o
 .comment       0x00000000       0x31 binaries/lfsckfmt.o
 .comment       0x00000000       0x31 binaries/lfscreate.o
 .comment       0x00000000       0x31 binaries/lfsetup.o
 .comment       0x00000000       0x31 binaries/lfsinit.o
 .comment       0x00000000       0x31 binaries/lfsopen.o
 .comment       0x00000000       0x31 binaries/lftruncate.o
 .comment       0x00000000       0x31 binaries/rflclose.o
 .comment       0x00000000       0x31 binaries/rflgetc.o
 .comment       0x00000000       0x31 binaries/rflinit.o
 .comment       0x00000000       0x31 binaries/rflputc.o
 .comment       0x00000000       0x31 binaries/rflread.o
 .comment       0x00000000       0x31 binaries/rflseek.o
 .comment       0x00000000       0x31 binaries/rflwrite.o
 .comment       0x00000000       0x31 binaries/rfscomm.o
 .comment       0x00000000       0x31 binaries/rfscontrol.o
 .comment       0x00000000       0x31 binaries/rfsgetmode.o
 .comment       0x00000000       0x31 binaries/rfsinit.o
 .comment       0x00000000       0x31 binaries/rfsndmsg.o
 .comment       0x00000000       0x31 binaries/rfsopen.o
 .comment       0x00000000       0x31 binaries/spicontrol.o
 .comment       0x00000000       0x31 binaries/spiinit.o
 .comment       0x00000000       0x31 binaries/arp.o
 .comment       0x00000000       0x31 binaries/dhcp.o
 .comment       0x00000000       0x31 binaries/dns.o
 .comment       0x00000000       0x31 binaries/dot2ip.o
 .comment       0x00000000       0x31 binaries/hexdump.o
 .comment       0x00000000       0x31 binaries/icmp.o
 .comment       0x00000000       0x31 binaries/ip.o
 .comment       0x00000000       0x31 binaries/net.o
 .comment       0x00000000       0x31 binaries/netstart.o
 .comment       0x00000000       0x31 binaries/pdump.o
 .comment       0x00000000       0x31 binaries/tftp.o
 .comment       0x00000000       0x31 binaries/udp.o
 .comment       0x00000000       0x31 binaries/addargs.o
 .comment       0x00000000       0x31 binaries/lexan.o
 .comment       0x00000000       0x31 binaries/shell.o
 .comment       0x00000000       0x31 binaries/xsh_argecho.o
 .comment       0x00000000       0x31 binaries/xsh_arp.o
 .comment       0x00000000       0x31 binaries/xsh_cat.o
 .comment       0x00000000       0x31 binaries/xsh_clear.o
 .comment       0x00000000       0x31 binaries/xsh_date.o
 .comment       0x00000000       0x31 binaries/xsh_devdump.o
 .comment       0x00000000       0x31 binaries/xsh_echo.o
 .comment       0x00000000       0x31 binaries/xsh_exit.o
 .comment       0x00000000       0x31 binaries/xsh_help.o
 .comment       0x00000000       0x31 binaries/xsh_ipaddr.o
 .comment       0x00000000       0x31 binaries/xsh_kill.o
 .comment       0x00000000       0x31 binaries/xsh_led.o
 .comment       0x00000000       0x31 binaries/xsh_memdump.o
 .comment       0x00000000       0x31 binaries/xsh_memstat.o
 .comment       0x00000000       0x31 binaries/xsh_ping.o
 .comment       0x00000000       0x31 binaries/xsh_ps.o
 .comment       0x00000000       0x31 binaries/xsh_sleep.o
 .comment       0x00000000       0x31 binaries/xsh_udpdump.o
 .comment       0x00000000       0x31 binaries/xsh_udpecho.o
 .comment       0x00000000       0x31 binaries/xsh_udpeserver.o
 .comment       0x00000000       0x31 binaries/xsh_uptime.o

.debug_frame    0x00000000       0x40
 .debug_frame   0x00000000       0x20 ../cross_compiler/lib/gcc/arm-none-eabi/4.8.1//libgcc.a(_udivsi3.o)
 .debug_frame   0x00000020       0x20 ../cross_compiler/lib/gcc/arm-none-eabi/4.8.1//libgcc.a(_divsi3.o)
