Archive member included because of file (symbol)

../cross_compiler/lib/gcc/arm-none-eabi/4.8.1//libgcc.a(_udivsi3.o)
                              binaries/qsort.o (__aeabi_uidiv)
../cross_compiler/lib/gcc/arm-none-eabi/4.8.1//libgcc.a(_divsi3.o)
                              binaries/xsh_help.o (__aeabi_idiv)
../cross_compiler/lib/gcc/arm-none-eabi/4.8.1//libgcc.a(_dvmd_tls.o)
                              ../cross_compiler/lib/gcc/arm-none-eabi/4.8.1//libgcc.a(_udivsi3.o) (__aeabi_idiv0)

Allocating common symbols
Common symbol       size              file

netbufpool          0x4               binaries/net.o
readylist           0x2               binaries/ready.o
rfltab              0x5a0             binaries/rflinit.o
sleepq              0x2               binaries/clkinit.o
intc_vector         0x200             binaries/evec.o
nnames              0x4               binaries/naminit.o
udptab              0x180             binaries/udp.o
minheap             0x4               binaries/meminit.o
currpid             0x4               binaries/initialize.o
Lf_data             0x20c             binaries/lfsinit.o
porttab             0x2d0             binaries/ptinit.o
ttytab              0x10c             binaries/ttyinit.o
proctab             0x15e0            binaries/initialize.o
eth_a_regs          0x1c              binaries/ethinit.o
prcount             0x4               binaries/initialize.o
lfltab              0xf00             binaries/lflinit.o
rdstab              0x8c              binaries/rdsinit.o
ethertab            0x154             binaries/ethInit.o
NetData             0xa8              binaries/net.o
Defer               0x8               binaries/resched.o
semtab              0x4b0             binaries/initialize.o
maxheap             0x4               binaries/meminit.o
preempt             0x4               binaries/clkinit.o
buftab              0xf0              binaries/bufinit.o
Rf_data             0x18              binaries/rfsinit.o
clktime             0x4               binaries/clkinit.o
cpudelay            0x4               binaries/main.o
arpcache            0x140             binaries/arp.o
icmptab             0x230             binaries/icmp.o
nbpools             0x4               binaries/bufinit.o
queuetab            0x980             binaries/queue.o
ptnextid            0x4               binaries/ptinit.o
Ram                 0x19000           binaries/raminit.o
ipoqueue            0x2c              binaries/ip.o
memlist             0x8               binaries/initialize.o
nametab             0x19a0            binaries/naminit.o
ptfree              0x4               binaries/ptinit.o

Memory Configuration

Name             Origin             Length             Attributes
*default*        0x00000000         0xffffffff

Linker script and memory map

                0x81000000                physbase = 0x81000000
                0x81000000                . = physbase
                0x81000000                . = ALIGN (0x1000)

.text           0x81000000    0x14000
                0x81000000                text = ABSOLUTE (.)
 *(.text .text.*)
 .text          0x81000000       0x4c binaries/start.o
                0x81000000                start
 .text          0x8100004c      0x33c binaries/ascdate.o
                0x8100004c                ascdate
 .text          0x81000388       0x18 binaries/bufinit.o
                0x81000388                bufinit
 .text          0x810003a0       0x68 binaries/chprio.o
                0x810003a0                chprio
 .text          0x81000408       0xf0 binaries/clkhandler.o
                0x81000408                clkhandler
 .text          0x810004f8       0xd8 binaries/clkinit.o
                0x810004f8                clkinit
 .text          0x810005d0       0x50 binaries/close.o
                0x810005d0                close
 .text          0x81000620        0x0 binaries/conf.o
 .text          0x81000620       0x68 binaries/control.o
                0x81000620                control
 .text          0x81000688      0x290 binaries/create.o
                0x81000688                create
 .text          0x81000918       0xb0 binaries/evec.o
                0x81000918                initintc
                0x81000944                set_evec
                0x81000984                irq_dispatch
 .text          0x810009c8       0x7c binaries/freebuf.o
                0x810009c8                freebuf
 .text          0x81000a44      0x148 binaries/freemem.o
                0x81000a44                freemem
 .text          0x81000b8c      0x100 binaries/getbuf.o
                0x81000b8c                getbuf
                0x81000c04                nbgetbuf
 .text          0x81000c8c       0x50 binaries/getc.o
                0x81000c8c                getc
 .text          0x81000cdc       0x68 binaries/getdev.o
                0x81000cdc                getdev
 .text          0x81000d44       0xa0 binaries/getitem.o
                0x81000d44                getitem
                0x81000d74                getfirst
                0x81000da8                getlast
 .text          0x81000de4      0x108 binaries/getmem.o
                0x81000de4                getmem
 .text          0x81000eec       0x10 binaries/getpid.o
                0x81000eec                getpid
 .text          0x81000efc       0x5c binaries/getprio.o
                0x81000efc                getprio
 .text          0x81000f58       0xc8 binaries/getstk.o
                0x81000f58                getstk
 .text          0x81001020       0x38 binaries/gettime.o
                0x81001020                gettime
 .text          0x81001058      0x1c8 binaries/getutime.o
                0x81001058                getutime
 .text          0x81001220       0x50 binaries/init.o
                0x81001220                init
 .text          0x81001270      0x294 binaries/initialize.o
                0x81001270                nulluser
                0x810014a4                stop
                0x810014c8                delay
 .text          0x81001504       0xc4 binaries/insert.o
                0x81001504                insert
 .text          0x810015c8      0x128 binaries/insertd.o
                0x810015c8                insertd
 .text          0x810016f0        0x8 binaries/ioerr.o
                0x810016f0                ioerr
 .text          0x810016f8        0x8 binaries/ionull.o
                0x810016f8                ionull
 .text          0x81001700      0x158 binaries/kill.o
                0x81001700                kill
 .text          0x81001858       0xb4 binaries/kprintf.o
                0x81001858                kputc
                0x81001898                kgetc
                0x810018cc                kprintf
 .text          0x8100190c      0x128 binaries/main.o
                0x8100190c                counterproc
                0x81001948                main
 .text          0x81001a34       0x44 binaries/meminit.o
                0x81001a34                meminit
 .text          0x81001a78      0x134 binaries/mkbufpool.o
                0x81001a78                mkbufpool
 .text          0x81001bac       0x7c binaries/newqueue.o
                0x81001bac                newqueue
 .text          0x81001c28       0x60 binaries/open.o
                0x81001c28                open
 .text          0x81001c88       0x20 binaries/panic.o
                0x81001c88                panic
 .text          0x81001ca8       0x48 binaries/platinit.o
                0x81001ca8                platinit
 .text          0x81001cf0       0xa8 binaries/ptclear.o
                0x81001cf0                _ptclear
 .text          0x81001d98       0x78 binaries/ptcount.o
                0x81001d98                ptcount
 .text          0x81001e10       0xdc binaries/ptcreate.o
                0x81001e10                ptcreate
 .text          0x81001eec       0x74 binaries/ptdelete.o
                0x81001eec                ptdelete
 .text          0x81001f60       0xbc binaries/ptinit.o
                0x81001f60                ptinit
 .text          0x8100201c       0xd0 binaries/ptrecv.o
                0x8100201c                ptrecv
 .text          0x810020ec       0x68 binaries/ptreset.o
                0x810020ec                ptreset
 .text          0x81002154       0xf4 binaries/ptsend.o
                0x81002154                ptsend
 .text          0x81002248       0x58 binaries/putc.o
                0x81002248                putc
 .text          0x810022a0       0xdc binaries/queue.o
                0x810022a0                enqueue
                0x81002320                dequeue
 .text          0x8100237c       0x60 binaries/read.o
                0x8100237c                read
 .text          0x810023dc       0x74 binaries/ready.o
                0x810023dc                ready
 .text          0x81002450       0x60 binaries/receive.o
                0x81002450                receive
 .text          0x810024b0       0x48 binaries/recvclr.o
                0x810024b0                recvclr
 .text          0x810024f8       0xb0 binaries/recvtime.o
                0x810024f8                recvtime
 .text          0x810025a8      0x1ac binaries/resched.o
                0x810025a8                resched
                0x81002698                resched_cntl
 .text          0x81002754       0x90 binaries/resume.o
                0x81002754                resume
 .text          0x810027e4       0xbc binaries/sched_cntl.o
                0x810027e4                sched_cntl
 .text          0x810028a0       0x58 binaries/seek.o
                0x810028a0                seek
 .text          0x810028f8       0x58 binaries/semcount.o
                0x810028f8                semcount
 .text          0x81002950       0xb8 binaries/semcreate.o
                0x81002950                semcreate
 .text          0x81002a08       0xac binaries/semdelete.o
                0x81002a08                semdelete
 .text          0x81002ab4       0xa4 binaries/semreset.o
                0x81002ab4                semreset
 .text          0x81002b58       0xcc binaries/send.o
                0x81002b58                send
 .text          0x81002c24       0x80 binaries/signal.o
                0x81002c24                signal
 .text          0x81002ca4       0xb0 binaries/signaln.o
                0x81002ca4                signaln
 .text          0x81002d54       0xcc binaries/sleep.o
                0x81002d54                sleepms
                0x81002df0                sleep
 .text          0x81002e20       0xbc binaries/suspend.o
                0x81002e20                suspend
 .text          0x81002edc       0xb8 binaries/unsleep.o
                0x81002edc                unsleep
 .text          0x81002f94       0x10 binaries/userret.o
                0x81002f94                userret
 .text          0x81002fa4       0xac binaries/wait.o
                0x81002fa4                wait
 .text          0x81003050       0xa0 binaries/wakeup.o
                0x81003050                wakeup
 .text          0x810030f0       0x60 binaries/write.o
                0x810030f0                write
 .text          0x81003150       0x18 binaries/xdone.o
                0x81003150                xdone
 .text          0x81003168       0x20 binaries/yield.o
                0x81003168                yield
 .text          0x81003188        0xc binaries/abs.o
                0x81003188                abs
 .text          0x81003194      0x114 binaries/atoi.o
                0x81003194                atoi
 .text          0x810032a8      0x114 binaries/atol.o
                0x810032a8                atol
 .text          0x810033bc       0x20 binaries/bzero.o
                0x810033bc                bzero
 .text          0x810033dc        0x0 binaries/ctype_.o
 .text          0x810033dc      0x8fc binaries/doprnt.o
                0x810035c0                _doprnt
 .text          0x81003cd8      0x704 binaries/doscan.o
                0x81003cd8                _doscan
 .text          0x810043dc      0x898 binaries/fdoprnt.o
                0x81004488                _fdoprnt
 .text          0x81004c74       0x14 binaries/fgetc.o
                0x81004c74                fgetc
 .text          0x81004c88       0x84 binaries/fgets.o
                0x81004c88                fgets
 .text          0x81004d0c       0x3c binaries/fprintf.o
                0x81004d0c                fprintf
 .text          0x81004d48       0x24 binaries/fputc.o
                0x81004d48                fputc
 .text          0x81004d6c       0x38 binaries/fputs.o
                0x81004d6c                fputs
 .text          0x81004da4       0x78 binaries/fscanf.o
                0x81004dd8                fscanf
 .text          0x81004e1c       0x2c binaries/getchar.o
                0x81004e1c                getchar
 .text          0x81004e48        0xc binaries/labs.o
                0x81004e48                labs
 .text          0x81004e54       0x48 binaries/memchr.o
                0x81004e54                memchr
 .text          0x81004e9c       0x60 binaries/memcmp.o
                0x81004e9c                memcmp
 .text          0x81004efc       0x24 binaries/memcpy.o
                0x81004efc                memcpy
 .text          0x81004f20       0x20 binaries/memset.o
                0x81004f20                memset
 .text          0x81004f40       0x58 binaries/printf.o
                0x81004f40                printf
 .text          0x81004f98       0x2c binaries/putchar.o
                0x81004f98                putchar
 .text          0x81004fc4      0x254 binaries/qsort.o
                0x810051f8                qsort
 .text          0x81005218       0x3c binaries/rand.o
                0x81005218                srand
                0x81005228                rand
 .text          0x81005254       0x68 binaries/sprintf.o
                0x8100526c                sprintf
 .text          0x810052bc       0x78 binaries/sscanf.o
                0x810052f0                sscanf
 .text          0x81005334       0x48 binaries/strchr.o
                0x81005334                strchr
 .text          0x8100537c       0x54 binaries/strcmp.o
                0x8100537c                strcmp
 .text          0x810053d0       0x18 binaries/strcpy.o
                0x810053d0                strcpy
 .text          0x810053e8       0x30 binaries/strlen.o
                0x810053e8                strlen
 .text          0x81005418       0x50 binaries/strncat.o
                0x81005418                strncat
 .text          0x81005468       0x54 binaries/strncmp.o
                0x81005468                strncmp
 .text          0x810054bc       0x80 binaries/strncpy.o
                0x810054bc                strncpy
 .text          0x8100553c       0x48 binaries/strnlen.o
                0x8100553c                strnlen
 .text          0x81005584       0x58 binaries/strrchr.o
                0x81005584                strrchr
 .text          0x810055dc       0xb0 binaries/strstr.o
                0x810055dc                strstr
 .text          0x8100568c       0xc8 binaries/ttycontrol.o
                0x8100568c                ttycontrol
 .text          0x81005754       0x6c binaries/ttygetc.o
                0x81005754                ttygetc
 .text          0x810057c0      0x4d4 binaries/ttyhandle_in.o
                0x8100588c                ttyhandle_in
 .text          0x81005c94      0x14c binaries/ttyhandle_out.o
                0x81005c94                ttyhandle_out
 .text          0x81005de0       0xc8 binaries/ttyhandler.o
                0x81005de0                ttyhandler
 .text          0x81005ea8      0x118 binaries/ttyinit.o
                0x81005ea8                ttyinit
 .text          0x81005fc0        0xc binaries/ttykickout.o
                0x81005fc0                ttykickout
 .text          0x81005fcc       0x78 binaries/ttyputc.o
                0x81005fcc                ttyputc
 .text          0x81006044      0x110 binaries/ttyread.o
                0x81006044                ttyread
 .text          0x81006154       0x4c binaries/ttywrite.o
                0x81006154                ttywrite
 .text          0x810061a0      0x134 binaries/mount.o
                0x810061a0                namlen
                0x810061f4                mount
 .text          0x810062d4      0x1c4 binaries/naminit.o
                0x810062d4                naminit
 .text          0x81006498      0x240 binaries/nammap.o
                0x81006498                namrepl
                0x810065d0                namcpy
                0x8100662c                nammap
 .text          0x810066d8       0x40 binaries/namopen.o
                0x810066d8                namopen
 .text          0x81006718       0x94 binaries/lfdballoc.o
                0x81006718                lfdballoc
 .text          0x810067ac       0x50 binaries/lfdbfree.o
                0x810067ac                lfdbfree
 .text          0x810067fc       0xb8 binaries/lfflush.o
                0x810067fc                lfflush
 .text          0x810068b4       0xc8 binaries/lfgetmode.o
                0x810068b4                lfgetmode
 .text          0x8100697c       0x6c binaries/lfiballoc.o
                0x8100697c                lfiballoc
 .text          0x810069e8       0x30 binaries/lfibclear.o
                0x810069e8                lfibclear
 .text          0x81006a18       0x64 binaries/lfibget.o
                0x81006a18                lfibget
 .text          0x81006a7c       0x8c binaries/lfibput.o
                0x81006a7c                lfibput
 .text          0x81006b08       0x84 binaries/lflclose.o
                0x81006b08                lflclose
 .text          0x81006b8c       0xa0 binaries/lflcontrol.o
                0x81006b8c                lflcontrol
 .text          0x81006c2c       0xa8 binaries/lflgetc.o
                0x81006c2c                lflgetc
 .text          0x81006cd4       0xa8 binaries/lflinit.o
                0x81006cd4                lflinit
 .text          0x81006d7c       0xdc binaries/lflputc.o
                0x81006d7c                lflputc
 .text          0x81006e58       0x78 binaries/lflread.o
                0x81006e58                lflread
 .text          0x81006ed0       0x80 binaries/lflseek.o
                0x81006ed0                lflseek
 .text          0x81006f50       0x5c binaries/lflwrite.o
                0x81006f50                lflwrite
 .text          0x81006fac      0x11c binaries/lfsckfmt.o
                0x81006fac                lfsckfmt
 .text          0x810070c8      0x15c binaries/lfscreate.o
                0x810070c8                lfscreate
 .text          0x81007224      0x1f0 binaries/lfsetup.o
                0x81007224                lfsetup
 .text          0x81007414       0x44 binaries/lfsinit.o
                0x81007414                lfsinit
 .text          0x81007458      0x320 binaries/lfsopen.o
                0x81007458                lfsopen
 .text          0x81007778      0x108 binaries/lftruncate.o
                0x81007778                lftruncate
 .text          0x81007880        0x8 binaries/ramclose.o
                0x81007880                ramclose
 .text          0x81007888       0x3c binaries/raminit.o
                0x81007888                raminit
 .text          0x810078c4        0x8 binaries/ramopen.o
                0x810078c4                ramopen
 .text          0x810078cc       0x24 binaries/ramread.o
                0x810078cc                ramread
 .text          0x810078f0       0x20 binaries/ramwrite.o
                0x810078f0                ramwrite
 .text          0x81007910       0x90 binaries/rdsbufalloc.o
                0x81007910                rdsbufalloc
 .text          0x810079a0       0xa0 binaries/rdsclose.o
                0x810079a0                rdsclose
 .text          0x81007a40      0x1ec binaries/rdscomm.o
                0x81007a40                rdscomm
 .text          0x81007c2c      0x174 binaries/rdscontrol.o
                0x81007c2c                rdscontrol
 .text          0x81007da0      0x178 binaries/rdsinit.o
                0x81007da0                rdsinit
 .text          0x81007f18      0x134 binaries/rdsopen.o
                0x81007f18                rdsopen
 .text          0x8100804c      0x304 binaries/rdsprocess.o
                0x8100804c                rdsprocess
 .text          0x81008350      0x1d4 binaries/rdsread.o
                0x81008350                rdsread
 .text          0x81008524      0x168 binaries/rdswrite.o
                0x81008524                rdswrite
 .text          0x8100868c       0x70 binaries/rflclose.o
                0x8100868c                rflclose
 .text          0x810086fc       0x28 binaries/rflgetc.o
                0x810086fc                rflgetc
 .text          0x81008724       0x54 binaries/rflinit.o
                0x81008724                rflinit
 .text          0x81008778       0x30 binaries/rflputc.o
                0x81008778                rflputc
 .text          0x810087a8      0x28c binaries/rflread.o
                0x810087a8                rflread
 .text          0x81008a34       0x74 binaries/rflseek.o
                0x81008a34                rflseek
 .text          0x81008aa8      0x2c8 binaries/rflwrite.o
                0x81008aa8                rflwrite
 .text          0x81008d70      0x198 binaries/rfscomm.o
                0x81008d70                rfscomm
 .text          0x81008f08      0x224 binaries/rfscontrol.o
                0x81008f08                rfscontrol
 .text          0x8100912c       0xc8 binaries/rfsgetmode.o
                0x8100912c                rfsgetmode
 .text          0x810091f4       0x84 binaries/rfsinit.o
                0x810091f4                rfsinit
 .text          0x81009278       0xa4 binaries/rfsndmsg.o
                0x81009278                rfsndmsg
 .text          0x8100931c      0x22c binaries/rfsopen.o
                0x8100931c                rfsopen
 .text          0x81009548      0x114 binaries/colon2mac.o
                0x81009548                colon2mac
 .text          0x8100965c       0x24 binaries/ethControl.o
                0x8100965c                ethControl
 .text          0x81009680      0x178 binaries/ethhandler.o
                0x81009680                ethhandler
 .text          0x810097f8      0x6a8 binaries/ethinit.o
                0x810097f8                eth_phy_read
                0x81009868                eth_phy_write
                0x810098c0                eth_phy_reset
                0x81009a30                ethinit
 .text          0x81009ea0       0x94 binaries/ethInit.o
                0x81009ea0                ethInit
 .text          0x81009f34       0x2c binaries/ethInterrupt.o
                0x81009f34                ethInterrupt
 .text          0x81009f60       0xd8 binaries/ethread.o
                0x81009f60                ethread
 .text          0x8100a038       0x4c binaries/ethRead.o
                0x8100a038                ethRead
 .text          0x8100a084       0xdc binaries/ethwrite.o
                0x8100a084                ethwrite
 .text          0x8100a160       0x50 binaries/ethWrite.o
                0x8100a160                ethWrite
 .text          0x8100a1b0      0x714 binaries/arp.o
                0x8100a1b0                arp_init
                0x8100a1d0                arp_alloc
                0x8100a2a4                arp_ntoh
                0x8100a348                arp_hton
                0x8100a3ec                arp_resolve
                0x8100a650                arp_in
 .text          0x8100a8c4      0xdc4 binaries/dhcp.o
                0x8100a8c4                dump_dhcp_msg
                0x8100af10                get_dhcp_option_value
                0x8100af70                build_dhcp_discover
                0x8100b09c                build_dhcp_request
                0x8100b248                getlocalip_boot
                0x8100b670                getlocalip
 .text          0x8100b688      0x104 binaries/dot2ip.o
                0x8100b688                dot2ip
 .text          0x8100b78c      0x33c binaries/hexdump.o
                0x8100b78c                hexdump
                0x8100b8ec                hexadump
 .text          0x8100bac8      0x660 binaries/icmp.o
                0x8100bac8                icmp_init
                0x8100baec                icmp_register
                0x8100bba8                icmp_recv
                0x8100bcf8                icmp_mkpkt
                0x8100bde8                icmp_in
                0x8100bf34                icmp_send
                0x8100bfa4                icmp_release
                0x8100c060                icmp_cksum
                0x8100c0c0                icmp_hton
                0x8100c0f4                icmp_ntoh
 .text          0x8100c128      0x680 binaries/ip.o
                0x8100c128                ip_local
                0x8100c158                ipcksum
                0x8100c19c                ip_ntoh
                0x8100c240                ip_in
                0x8100c37c                ip_hton
                0x8100c420                ip_out
                0x8100c4e0                ip_send
                0x8100c610                ipout
                0x8100c70c                ip_enqueue
 .text          0x8100c7a8      0x19c binaries/net.o
                0x8100c7a8                net_init
                0x8100c860                eth_hton
                0x8100c874                eth_ntoh
                0x8100c888                netin
 .text          0x8100c944       0xbc binaries/netstart.o
                0x8100c944                netstart
 .text          0x8100ca00      0x9dc binaries/pdump.o
                0x8100ca00                pdump
                0x8100cf8c                pdumph
 .text          0x8100d3dc      0x590 binaries/tftp.o
                0x8100d3dc                tftp_send1
                0x8100d4c8                tftpget_mb
                0x8100d938                tftpget
 .text          0x8100d96c      0x8a8 binaries/udp.o
                0x8100d96c                udp_init
                0x8100d994                udp_in
                0x8100da80                udp_register
                0x8100db7c                udp_recv
                0x8100dca8                udp_recvaddr
                0x8100ddf0                udp_send
                0x8100df60                udp_sendto
                0x8100e0f8                udp_release
                0x8100e1ac                udp_ntoh
                0x8100e1e0                udp_hton
 .text          0x8100e214      0x120 binaries/addargs.o
                0x8100e214                addargs
 .text          0x8100e334      0x2b4 binaries/lexan.o
                0x8100e334                lexan
 .text          0x8100e5e8      0x6ac binaries/shell.o
                0x8100e5e8                shell
 .text          0x8100ec94       0x64 binaries/xsh_argecho.o
                0x8100ec94                xsh_argecho
 .text          0x8100ecf8      0x1f8 binaries/xsh_arp.o
                0x8100ecf8                xsh_arp
 .text          0x8100eef0      0x23c binaries/xsh_cat.o
                0x8100eef0                xsh_cat
 .text          0x8100f12c       0x5c binaries/xsh_clear.o
                0x8100f12c                xsh_clear
 .text          0x8100f188      0x29c binaries/xsh_date.o
                0x8100f188                xsh_date
 .text          0x8100f424       0x98 binaries/xsh_devdump.o
                0x8100f424                xsh_devdump
 .text          0x8100f4bc       0x68 binaries/xsh_echo.o
                0x8100f4bc                xsh_echo
 .text          0x8100f524        0x8 binaries/xsh_exit.o
                0x8100f524                xsh_exit
 .text          0x8100f52c      0x3d0 binaries/xsh_help.o
                0x8100f52c                xsh_help
 .text          0x8100f8fc      0x1f8 binaries/xsh_kill.o
                0x8100f8fc                xsh_kill
 .text          0x8100faf4      0x2ac binaries/xsh_led.o
                0x8100faf4                xsh_led
 .text          0x8100fda0      0x454 binaries/xsh_memdump.o
                0x8100fe9c                xsh_memdump
 .text          0x810101f4      0x224 binaries/xsh_memstat.o
                0x810101f4                xsh_memstat
 .text          0x81010418      0x300 binaries/xsh_ping.o
                0x81010418                xsh_ping
 .text          0x81010718      0x220 binaries/xsh_ps.o
                0x81010718                xsh_ps
 .text          0x81010938      0x1cc binaries/xsh_sleep.o
                0x81010938                xsh_sleep
 .text          0x81010b04      0x244 binaries/xsh_udpdump.o
                0x81010b04                xsh_udpdump
 .text          0x81010d48      0x254 binaries/xsh_udpeserver.o
                0x81010d48                xsh_udpeserver
 .text          0x81010f9c      0x1ac binaries/xsh_uptime.o
                0x81010f9c                xsh_uptime
 .text          0x81011148       0x2c binaries/ctxsw.o
                0x81011148                ctxsw
 .text          0x81011174      0x100 binaries/intr.o
                0x81011174                disable
                0x81011180                restore
                0x810111a4                enable
                0x810111ac                pause
                0x810111ac                halt
                0x810111b4                irq_except
                0x810111e4                initevec
                0x81011244                expjmpinstr
 .text          0x81011274      0x114 ../cross_compiler/lib/gcc/arm-none-eabi/4.8.1//libgcc.a(_udivsi3.o)
                0x81011274                __udivsi3
                0x81011274                __aeabi_uidiv
                0x81011368                __aeabi_uidivmod
 .text          0x81011388      0x148 ../cross_compiler/lib/gcc/arm-none-eabi/4.8.1//libgcc.a(_divsi3.o)
                0x81011388                __aeabi_idiv
                0x81011388                __divsi3
                0x810114b0                __aeabi_idivmod
 .text          0x810114d0        0x4 ../cross_compiler/lib/gcc/arm-none-eabi/4.8.1//libgcc.a(_dvmd_tls.o)
                0x810114d0                __aeabi_ldiv0
                0x810114d0                __aeabi_idiv0
 *(.rodata .rodata.*)
 .rodata.str1.4
                0x810114d4       0x78 binaries/ascdate.o
 .rodata.str1.4
                0x8101154c       0x6f binaries/conf.o
                                 0x70 (size before relaxing)
 *fill*         0x810115bb        0x1 
 .rodata.str1.4
                0x810115bc       0x60 binaries/getutime.o
 .rodata.str1.4
                0x8101161c      0x13c binaries/initialize.o
                                0x140 (size before relaxing)
 .rodata.str1.4
                0x81011758       0x56 binaries/main.o
                                 0x58 (size before relaxing)
 *fill*         0x810117ae        0x2 
 .rodata.str1.4
                0x810117b0       0x10 binaries/panic.o
 .rodata.str1.4
                0x810117c0       0x1c binaries/ptinit.o
 .rodata.str1.4
                0x810117dc       0x25 binaries/ptsend.o
                                 0x28 (size before relaxing)
 *fill*         0x81011801        0x3 
 .rodata.str1.4
                0x81011804       0x27 binaries/xdone.o
                                 0x28 (size before relaxing)
 *fill*         0x8101182b        0x1 
 .rodata        0x8101182c       0x84 binaries/ctype_.o
                0x8101182c                _ctype_
 .rodata.str1.4
                0x810118b0       0x2f binaries/doprnt.o
                                 0x30 (size before relaxing)
 .rodata.str1.4
                0x00000000       0x30 binaries/fdoprnt.o
 *fill*         0x810118df        0x1 
 .rodata.str1.4
                0x810118e0       0x86 binaries/naminit.o
                                 0x90 (size before relaxing)
 *fill*         0x81011966        0x2 
 .rodata.str1.4
                0x81011968       0x37 binaries/lfdballoc.o
                                 0x38 (size before relaxing)
 *fill*         0x8101199f        0x1 
 .rodata.str1.4
                0x810119a0       0x14 binaries/lfiballoc.o
 .rodata.str1.4
                0x810119b4       0x23 binaries/lflcontrol.o
                                 0x24 (size before relaxing)
 *fill*         0x810119d7        0x1 
 .rodata.str1.4
                0x810119d8       0xbb binaries/lfsckfmt.o
                                 0xbc (size before relaxing)
 *fill*         0x81011a93        0x1 
 .rodata.str1.4
                0x81011a94        0x9 binaries/raminit.o
                                  0xc (size before relaxing)
 *fill*         0x81011a9d        0x3 
 .rodata.str1.4
                0x81011aa0       0x2c binaries/rdsbufalloc.o
 .rodata.str1.4
                0x81011acc       0x76 binaries/rdscomm.o
                                 0x78 (size before relaxing)
 *fill*         0x81011b42        0x2 
 .rodata.str1.4
                0x81011b44       0x48 binaries/rdscontrol.o
 .rodata.str1.4
                0x81011b8c       0x96 binaries/rdsinit.o
                                 0x98 (size before relaxing)
 *fill*         0x81011c22        0x2 
 .rodata.str1.4
                0x81011c24       0x22 binaries/rdsopen.o
                                 0x24 (size before relaxing)
 *fill*         0x81011c46        0x2 
 .rodata.str1.4
                0x81011c48       0x4d binaries/rdsprocess.o
                                 0x50 (size before relaxing)
 *fill*         0x81011c95        0x3 
 .rodata.str1.4
                0x81011c98       0x21 binaries/rflread.o
                                 0x24 (size before relaxing)
 .rodata.str1.4
                0x00000000       0x24 binaries/rflwrite.o
 *fill*         0x81011cb9        0x3 
 .rodata.str1.4
                0x81011cbc       0x75 binaries/rfscomm.o
                                 0x78 (size before relaxing)
 *fill*         0x81011d31        0x3 
 .rodata.str1.4
                0x81011d34       0x23 binaries/rfscontrol.o
                                 0x24 (size before relaxing)
 *fill*         0x81011d57        0x1 
 .rodata.str1.4
                0x81011d58       0x57 binaries/rfsinit.o
                                 0x68 (size before relaxing)
 *fill*         0x81011daf        0x1 
 .rodata.str1.4
                0x81011db0       0x2a binaries/rfsndmsg.o
                                 0x2c (size before relaxing)
 .rodata.str1.4
                0x00000000       0x24 binaries/rfsopen.o
 *fill*         0x81011dda        0x2 
 .rodata.str1.4
                0x81011ddc       0xc1 binaries/ethinit.o
                                 0xc4 (size before relaxing)
 *fill*         0x81011e9d        0x3 
 .rodata.str1.4
                0x81011ea0       0x12 binaries/ethread.o
                                 0x14 (size before relaxing)
 *fill*         0x81011eb2        0x2 
 .rodata.str1.4
                0x81011eb4        0x6 binaries/ethwrite.o
                                  0x8 (size before relaxing)
 *fill*         0x81011eba        0x2 
 .rodata.str1.4
                0x81011ebc       0x3d binaries/arp.o
                                 0x40 (size before relaxing)
 *fill*         0x81011ef9        0x3 
 .rodata.str1.4
                0x81011efc      0x462 binaries/dhcp.o
                                0x468 (size before relaxing)
 *fill*         0x8101235e        0x2 
 .rodata.str1.4
                0x81012360       0xca binaries/hexdump.o
                                 0xd8 (size before relaxing)
 *fill*         0x8101242a        0x2 
 .rodata.str1.4
                0x8101242c       0x29 binaries/icmp.o
                                 0x2c (size before relaxing)
 *fill*         0x81012455        0x3 
 .rodata.str1.4
                0x81012458       0x7e binaries/ip.o
                                 0x80 (size before relaxing)
 *fill*         0x810124d6        0x2 
 .rodata.str1.4
                0x810124d8       0x53 binaries/net.o
                                 0x54 (size before relaxing)
 *fill*         0x8101252b        0x1 
 .rodata.str1.4
                0x8101252c       0xcf binaries/netstart.o
                                 0xd0 (size before relaxing)
 *fill*         0x810125fb        0x1 
 .rodata.str1.4
                0x810125fc      0x292 binaries/pdump.o
                                0x298 (size before relaxing)
 *fill*         0x8101288e        0x2 
 .rodata.str1.4
                0x81012890      0x175 binaries/tftp.o
                                0x17c (size before relaxing)
 *fill*         0x81012a05        0x3 
 .rodata.str1.4
                0x81012a08       0x78 binaries/udp.o
 .rodata        0x81012a80       0xf0 binaries/shell.o
                0x81012a80                cmdtab
 .rodata.str1.4
                0x81012b70      0x2de binaries/shell.o
                                0x2e8 (size before relaxing)
 *fill*         0x81012e4e        0x2 
 .rodata.str1.4
                0x81012e50       0x29 binaries/xsh_argecho.o
                                 0x30 (size before relaxing)
 *fill*         0x81012e79        0x3 
 .rodata.str1.4
                0x81012e7c      0x13e binaries/xsh_arp.o
                                0x144 (size before relaxing)
 *fill*         0x81012fba        0x2 
 .rodata.str1.4
                0x81012fbc       0x81 binaries/xsh_cat.o
                                 0xd4 (size before relaxing)
 *fill*         0x8101303d        0x3 
 .rodata.str1.4
                0x81013040       0x15 binaries/xsh_clear.o
                                 0x18 (size before relaxing)
 *fill*         0x81013055        0x3 
 .rodata.str1.4
                0x81013058      0x1af binaries/xsh_date.o
                                0x1cc (size before relaxing)
 *fill*         0x81013207        0x1 
 .rodata.str1.4
                0x81013208       0x61 binaries/xsh_devdump.o
                                 0x64 (size before relaxing)
 *fill*         0x81013269        0x3 
 .rodata.str1.4
                0x8101326c        0x8 binaries/xsh_echo.o
                                  0xc (size before relaxing)
 .rodata.str1.4
                0x81013274       0xe7 binaries/xsh_help.o
                                0x17c (size before relaxing)
 *fill*         0x8101335b        0x1 
 .rodata.str1.4
                0x8101335c       0xc8 binaries/xsh_kill.o
                                0x138 (size before relaxing)
 .rodata.str1.4
                0x81013424       0xf7 binaries/xsh_led.o
                                0x16c (size before relaxing)
 *fill*         0x8101351b        0x1 
 .rodata.str1.4
                0x8101351c      0x1e2 binaries/xsh_memdump.o
                                0x264 (size before relaxing)
 *fill*         0x810136fe        0x2 
 .rodata.str1.4
                0x81013700      0x1cc binaries/xsh_memstat.o
                                0x234 (size before relaxing)
 .rodata.str1.4
                0x810138cc      0x10f binaries/xsh_ping.o
                                0x184 (size before relaxing)
 *fill*         0x810139db        0x1 
 .rodata        0x810139dc       0x20 binaries/xsh_ps.o
 .rodata.str1.4
                0x810139fc      0x11a binaries/xsh_ps.o
                                0x1d4 (size before relaxing)
 *fill*         0x81013b16        0x2 
 .rodata.str1.4
                0x81013b18       0x5e binaries/xsh_sleep.o
                                 0xf8 (size before relaxing)
 *fill*         0x81013b76        0x2 
 .rodata        0x81013b78        0xc binaries/xsh_udpdump.o
 .rodata.str1.4
                0x81013b84      0x122 binaries/xsh_udpdump.o
                                0x1e0 (size before relaxing)
 *fill*         0x81013ca6        0x2 
 .rodata.str1.4
                0x81013ca8       0xbb binaries/xsh_udpeserver.o
                                0x13c (size before relaxing)
 *fill*         0x81013d63        0x1 
 .rodata.str1.4
                0x81013d64       0x78 binaries/xsh_uptime.o
                                0x114 (size before relaxing)
                0x81013ddc                etext = ABSOLUTE (.)
                0x81014000                . = ALIGN (0x1000)
 *fill*         0x81013ddc      0x224 

.glue_7         0x81014000        0x0
 .glue_7        0x00000000        0x0 linker stubs

.glue_7t        0x81014000        0x0
 .glue_7t       0x00000000        0x0 linker stubs

.vfp11_veneer   0x81014000        0x0
 .vfp11_veneer  0x00000000        0x0 linker stubs

.v4_bx          0x81014000        0x0
 .v4_bx         0x00000000        0x0 linker stubs

.iplt           0x81014000        0x0
 .iplt          0x00000000        0x0 binaries/start.o

.rel.dyn        0x81014000        0x0
 .rel.iplt      0x00000000        0x0 binaries/start.o

.data           0x81014000     0x1000
                0x81014000                data = ABSOLUTE (.)
 *(.data .data.*)
 .data          0x81014000        0x0 binaries/start.o
 .data          0x81014000       0x88 binaries/ascdate.o
                0x81014000                Date
 .data          0x81014088        0x0 binaries/bufinit.o
 .data          0x81014088        0x0 binaries/chprio.o
 .data          0x81014088        0x4 binaries/clkhandler.o
 .data          0x8101408c        0x0 binaries/clkinit.o
 .data          0x8101408c        0x0 binaries/close.o
 .data          0x8101408c      0x30c binaries/conf.o
                0x8101408c                devtab
 .data          0x81014398        0x0 binaries/control.o
 .data          0x81014398        0x4 binaries/create.o
 .data          0x8101439c       0x40 binaries/evec.o
                0x8101439c                expmsg2
                0x810143b0                expmsg1
 .data          0x810143dc        0x0 binaries/freebuf.o
 .data          0x810143dc        0x0 binaries/freemem.o
 .data          0x810143dc        0x0 binaries/getbuf.o
 .data          0x810143dc        0x0 binaries/getc.o
 .data          0x810143dc        0x0 binaries/getdev.o
 .data          0x810143dc        0x0 binaries/getitem.o
 .data          0x810143dc        0x0 binaries/getmem.o
 .data          0x810143dc        0x0 binaries/getpid.o
 .data          0x810143dc        0x0 binaries/getprio.o
 .data          0x810143dc        0x0 binaries/getstk.o
 .data          0x810143dc        0x0 binaries/gettime.o
 .data          0x810143dc        0x0 binaries/getutime.o
 .data          0x810143dc        0x0 binaries/init.o
 .data          0x810143dc        0x0 binaries/initialize.o
 .data          0x810143dc        0x0 binaries/insert.o
 .data          0x810143dc        0x0 binaries/insertd.o
 .data          0x810143dc        0x0 binaries/ioerr.o
 .data          0x810143dc        0x0 binaries/ionull.o
 .data          0x810143dc        0x0 binaries/kill.o
 .data          0x810143dc        0x0 binaries/kprintf.o
 .data          0x810143dc        0x4 binaries/main.o
                0x810143dc                gcounter
 .data          0x810143e0        0x0 binaries/meminit.o
 .data          0x810143e0        0x0 binaries/mkbufpool.o
 .data          0x810143e0        0x2 binaries/newqueue.o
 .data          0x810143e2        0x0 binaries/open.o
 .data          0x810143e2        0x0 binaries/panic.o
 .data          0x810143e2        0x0 binaries/platinit.o
 .data          0x810143e2        0x0 binaries/ptclear.o
 .data          0x810143e2        0x0 binaries/ptcount.o
 .data          0x810143e2        0x0 binaries/ptcreate.o
 .data          0x810143e2        0x0 binaries/ptdelete.o
 .data          0x810143e2        0x0 binaries/ptinit.o
 .data          0x810143e2        0x0 binaries/ptrecv.o
 .data          0x810143e2        0x0 binaries/ptreset.o
 .data          0x810143e2        0x0 binaries/ptsend.o
 .data          0x810143e2        0x0 binaries/putc.o
 .data          0x810143e2        0x0 binaries/queue.o
 .data          0x810143e2        0x0 binaries/read.o
 .data          0x810143e2        0x0 binaries/ready.o
 .data          0x810143e2        0x0 binaries/receive.o
 .data          0x810143e2        0x0 binaries/recvclr.o
 .data          0x810143e2        0x0 binaries/recvtime.o
 .data          0x810143e2        0x0 binaries/resched.o
 .data          0x810143e2        0x0 binaries/resume.o
 .data          0x810143e2        0x0 binaries/sched_cntl.o
 .data          0x810143e2        0x0 binaries/seek.o
 .data          0x810143e2        0x0 binaries/semcount.o
 .data          0x810143e2        0x0 binaries/semcreate.o
 .data          0x810143e2        0x0 binaries/semdelete.o
 .data          0x810143e2        0x0 binaries/semreset.o
 .data          0x810143e2        0x0 binaries/send.o
 .data          0x810143e2        0x0 binaries/signal.o
 .data          0x810143e2        0x0 binaries/signaln.o
 .data          0x810143e2        0x0 binaries/sleep.o
 .data          0x810143e2        0x0 binaries/suspend.o
 .data          0x810143e2        0x0 binaries/unsleep.o
 .data          0x810143e2        0x0 binaries/userret.o
 .data          0x810143e2        0x0 binaries/wait.o
 .data          0x810143e2        0x0 binaries/wakeup.o
 .data          0x810143e2        0x0 binaries/write.o
 .data          0x810143e2        0x0 binaries/xdone.o
 .data          0x810143e2        0x0 binaries/yield.o
 .data          0x810143e2        0x0 binaries/abs.o
 .data          0x810143e2        0x0 binaries/atoi.o
 .data          0x810143e2        0x0 binaries/atol.o
 .data          0x810143e2        0x0 binaries/bzero.o
 .data          0x810143e2        0x0 binaries/ctype_.o
 .data          0x810143e2        0x0 binaries/doprnt.o
 *fill*         0x810143e2        0x2 
 .data          0x810143e4       0x80 binaries/doscan.o
                0x810143e4                _sctab
 .data          0x81014464        0x0 binaries/fdoprnt.o
 .data          0x81014464        0x0 binaries/fgetc.o
 .data          0x81014464        0x0 binaries/fgets.o
 .data          0x81014464        0x0 binaries/fprintf.o
 .data          0x81014464        0x0 binaries/fputc.o
 .data          0x81014464        0x0 binaries/fputs.o
 .data          0x81014464        0x0 binaries/fscanf.o
 .data          0x81014464        0x0 binaries/getchar.o
 .data          0x81014464        0x0 binaries/labs.o
 .data          0x81014464        0x0 binaries/memchr.o
 .data          0x81014464        0x0 binaries/memcmp.o
 .data          0x81014464        0x0 binaries/memcpy.o
 .data          0x81014464        0x0 binaries/memset.o
 .data          0x81014464        0x0 binaries/printf.o
 .data          0x81014464        0x0 binaries/putchar.o
 .data          0x81014464        0x0 binaries/qsort.o
 .data          0x81014464        0x4 binaries/rand.o
 .data          0x81014468        0x0 binaries/sprintf.o
 .data          0x81014468        0x0 binaries/sscanf.o
 .data          0x81014468        0x0 binaries/strchr.o
 .data          0x81014468        0x0 binaries/strcmp.o
 .data          0x81014468        0x0 binaries/strcpy.o
 .data          0x81014468        0x0 binaries/strlen.o
 .data          0x81014468        0x0 binaries/strncat.o
 .data          0x81014468        0x0 binaries/strncmp.o
 .data          0x81014468        0x0 binaries/strncpy.o
 .data          0x81014468        0x0 binaries/strnlen.o
 .data          0x81014468        0x0 binaries/strrchr.o
 .data          0x81014468        0x0 binaries/strstr.o
 .data          0x81014468        0x0 binaries/ttycontrol.o
 .data          0x81014468        0x0 binaries/ttygetc.o
 .data          0x81014468        0x0 binaries/ttyhandle_in.o
 .data          0x81014468        0x0 binaries/ttyhandle_out.o
 .data          0x81014468        0x0 binaries/ttyhandler.o
 .data          0x81014468        0x0 binaries/ttyinit.o
 .data          0x81014468        0x0 binaries/ttykickout.o
 .data          0x81014468        0x0 binaries/ttyputc.o
 .data          0x81014468        0x0 binaries/ttyread.o
 .data          0x81014468        0x0 binaries/ttywrite.o
 .data          0x81014468        0x0 binaries/mount.o
 .data          0x81014468        0x0 binaries/naminit.o
 .data          0x81014468        0x0 binaries/nammap.o
 .data          0x81014468        0x0 binaries/namopen.o
 .data          0x81014468        0x0 binaries/lfdballoc.o
 .data          0x81014468        0x0 binaries/lfdbfree.o
 .data          0x81014468        0x0 binaries/lfflush.o
 .data          0x81014468        0x0 binaries/lfgetmode.o
 .data          0x81014468        0x0 binaries/lfiballoc.o
 .data          0x81014468        0x0 binaries/lfibclear.o
 .data          0x81014468        0x0 binaries/lfibget.o
 .data          0x81014468        0x0 binaries/lfibput.o
 .data          0x81014468        0x0 binaries/lflclose.o
 .data          0x81014468        0x0 binaries/lflcontrol.o
 .data          0x81014468        0x0 binaries/lflgetc.o
 .data          0x81014468        0x0 binaries/lflinit.o
 .data          0x81014468        0x0 binaries/lflputc.o
 .data          0x81014468        0x0 binaries/lflread.o
 .data          0x81014468        0x0 binaries/lflseek.o
 .data          0x81014468        0x0 binaries/lflwrite.o
 .data          0x81014468        0x0 binaries/lfsckfmt.o
 .data          0x81014468        0x0 binaries/lfscreate.o
 .data          0x81014468        0x0 binaries/lfsetup.o
 .data          0x81014468        0x0 binaries/lfsinit.o
 .data          0x81014468        0x0 binaries/lfsopen.o
 .data          0x81014468        0x0 binaries/lftruncate.o
 .data          0x81014468        0x0 binaries/ramclose.o
 .data          0x81014468        0x0 binaries/raminit.o
 .data          0x81014468        0x0 binaries/ramopen.o
 .data          0x81014468        0x0 binaries/ramread.o
 .data          0x81014468        0x0 binaries/ramwrite.o
 .data          0x81014468        0x0 binaries/rdsbufalloc.o
 .data          0x81014468        0x0 binaries/rdsclose.o
 .data          0x81014468        0x0 binaries/rdscomm.o
 .data          0x81014468        0x0 binaries/rdscontrol.o
 .data          0x81014468        0x0 binaries/rdsinit.o
 .data          0x81014468        0x0 binaries/rdsopen.o
 .data          0x81014468        0x0 binaries/rdsprocess.o
 .data          0x81014468        0x0 binaries/rdsread.o
 .data          0x81014468        0x0 binaries/rdswrite.o
 .data          0x81014468        0x0 binaries/rflclose.o
 .data          0x81014468        0x0 binaries/rflgetc.o
 .data          0x81014468        0x0 binaries/rflinit.o
 .data          0x81014468        0x0 binaries/rflputc.o
 .data          0x81014468        0x0 binaries/rflread.o
 .data          0x81014468        0x0 binaries/rflseek.o
 .data          0x81014468        0x0 binaries/rflwrite.o
 .data          0x81014468        0x0 binaries/rfscomm.o
 .data          0x81014468        0x0 binaries/rfscontrol.o
 .data          0x81014468        0x0 binaries/rfsgetmode.o
 .data          0x81014468        0x0 binaries/rfsinit.o
 .data          0x81014468        0x0 binaries/rfsndmsg.o
 .data          0x81014468        0x0 binaries/rfsopen.o
 .data          0x81014468        0x0 binaries/colon2mac.o
 .data          0x81014468        0x0 binaries/ethControl.o
 .data          0x81014468        0x0 binaries/ethhandler.o
 .data          0x81014468        0x0 binaries/ethinit.o
 .data          0x81014468        0x0 binaries/ethInit.o
 .data          0x81014468        0x0 binaries/ethInterrupt.o
 .data          0x81014468        0x0 binaries/ethread.o
 .data          0x81014468        0x0 binaries/ethRead.o
 .data          0x81014468        0x0 binaries/ethwrite.o
 .data          0x81014468        0x0 binaries/ethWrite.o
 .data          0x81014468        0x0 binaries/arp.o
 .data          0x81014468        0x0 binaries/dhcp.o
 .data          0x81014468        0x0 binaries/dot2ip.o
 .data          0x81014468        0x0 binaries/hexdump.o
 .data          0x81014468        0x4 binaries/icmp.o
 .data          0x8101446c        0x0 binaries/ip.o
 .data          0x8101446c        0x0 binaries/net.o
 .data          0x8101446c        0x0 binaries/netstart.o
 .data          0x8101446c        0x0 binaries/pdump.o
 .data          0x8101446c        0x0 binaries/tftp.o
 .data          0x8101446c        0x4 binaries/udp.o
 .data          0x81014470        0x0 binaries/addargs.o
 .data          0x81014470        0x0 binaries/lexan.o
 .data          0x81014470        0x4 binaries/shell.o
                0x81014470                ncmd
 .data          0x81014474        0x0 binaries/xsh_argecho.o
 .data          0x81014474        0x0 binaries/xsh_arp.o
 .data          0x81014474        0x0 binaries/xsh_cat.o
 .data          0x81014474        0x0 binaries/xsh_clear.o
 .data          0x81014474        0x0 binaries/xsh_date.o
 .data          0x81014474        0x0 binaries/xsh_devdump.o
 .data          0x81014474        0x0 binaries/xsh_echo.o
 .data          0x81014474        0x0 binaries/xsh_exit.o
 .data          0x81014474        0x0 binaries/xsh_help.o
 .data          0x81014474        0x0 binaries/xsh_kill.o
 .data          0x81014474        0x0 binaries/xsh_led.o
 .data          0x81014474        0x0 binaries/xsh_memdump.o
 .data          0x81014474        0x0 binaries/xsh_memstat.o
 .data          0x81014474        0x0 binaries/xsh_ping.o
 .data          0x81014474        0x0 binaries/xsh_ps.o
 .data          0x81014474        0x0 binaries/xsh_sleep.o
 .data          0x81014474        0x0 binaries/xsh_udpdump.o
 .data          0x81014474        0x0 binaries/xsh_udpeserver.o
 .data          0x81014474        0x0 binaries/xsh_uptime.o
 .data          0x81014474        0x0 binaries/ctxsw.o
 .data          0x81014474        0x0 binaries/intr.o
 .data          0x81014474        0x0 ../cross_compiler/lib/gcc/arm-none-eabi/4.8.1//libgcc.a(_udivsi3.o)
 .data          0x81014474        0x0 ../cross_compiler/lib/gcc/arm-none-eabi/4.8.1//libgcc.a(_divsi3.o)
 .data          0x81014474        0x0 ../cross_compiler/lib/gcc/arm-none-eabi/4.8.1//libgcc.a(_dvmd_tls.o)
                0x81014474                edata = ABSOLUTE (.)
                0x81015000                . = ALIGN (0x1000)
 *fill*         0x81014474      0xb8c 

.igot.plt       0x81015000        0x0
 .igot.plt      0x00000000        0x0 binaries/start.o

.bss            0x81015000    0x20000
                0x81015000                bss = ABSOLUTE (.)
 *(.bss .bss.*)
 .bss           0x81015000        0x0 binaries/start.o
 .bss           0x81015000        0x0 binaries/ascdate.o
 .bss           0x81015000        0x0 binaries/bufinit.o
 .bss           0x81015000        0x0 binaries/chprio.o
 .bss           0x81015000        0x0 binaries/clkhandler.o
 .bss           0x81015000        0x4 binaries/clkinit.o
                0x81015000                ctr1000
 .bss           0x81015004        0x0 binaries/close.o
 .bss           0x81015004        0x0 binaries/conf.o
 .bss           0x81015004        0x0 binaries/control.o
 .bss           0x81015004        0x0 binaries/create.o
 .bss           0x81015004        0x0 binaries/evec.o
 .bss           0x81015004        0x0 binaries/freebuf.o
 .bss           0x81015004        0x0 binaries/freemem.o
 .bss           0x81015004        0x0 binaries/getbuf.o
 .bss           0x81015004        0x0 binaries/getc.o
 .bss           0x81015004        0x0 binaries/getdev.o
 .bss           0x81015004        0x0 binaries/getitem.o
 .bss           0x81015004        0x0 binaries/getmem.o
 .bss           0x81015004        0x0 binaries/getpid.o
 .bss           0x81015004        0x0 binaries/getprio.o
 .bss           0x81015004        0x0 binaries/getstk.o
 .bss           0x81015004        0x0 binaries/gettime.o
 .bss           0x81015004        0x0 binaries/getutime.o
 .bss           0x81015004        0x0 binaries/init.o
 .bss           0x81015004        0x0 binaries/initialize.o
 .bss           0x81015004        0x0 binaries/insert.o
 .bss           0x81015004        0x0 binaries/insertd.o
 .bss           0x81015004        0x0 binaries/ioerr.o
 .bss           0x81015004        0x0 binaries/ionull.o
 .bss           0x81015004        0x0 binaries/kill.o
 .bss           0x81015004        0x0 binaries/kprintf.o
 .bss           0x81015004        0x0 binaries/main.o
 .bss           0x81015004        0x0 binaries/meminit.o
 .bss           0x81015004        0x0 binaries/mkbufpool.o
 .bss           0x81015004        0x0 binaries/newqueue.o
 .bss           0x81015004        0x0 binaries/open.o
 .bss           0x81015004        0x0 binaries/panic.o
 .bss           0x81015004        0x0 binaries/platinit.o
 .bss           0x81015004        0x0 binaries/ptclear.o
 .bss           0x81015004        0x0 binaries/ptcount.o
 .bss           0x81015004        0x0 binaries/ptcreate.o
 .bss           0x81015004        0x0 binaries/ptdelete.o
 .bss           0x81015004        0x0 binaries/ptinit.o
 .bss           0x81015004        0x0 binaries/ptrecv.o
 .bss           0x81015004        0x0 binaries/ptreset.o
 .bss           0x81015004        0x0 binaries/ptsend.o
 .bss           0x81015004        0x0 binaries/putc.o
 .bss           0x81015004        0x0 binaries/queue.o
 .bss           0x81015004        0x0 binaries/read.o
 .bss           0x81015004        0x0 binaries/ready.o
 .bss           0x81015004        0x0 binaries/receive.o
 .bss           0x81015004        0x0 binaries/recvclr.o
 .bss           0x81015004        0x0 binaries/recvtime.o
 .bss           0x81015004        0x0 binaries/resched.o
 .bss           0x81015004        0x0 binaries/resume.o
 .bss           0x81015004        0x0 binaries/sched_cntl.o
 .bss           0x81015004        0x0 binaries/seek.o
 .bss           0x81015004        0x0 binaries/semcount.o
 .bss           0x81015004        0x4 binaries/semcreate.o
 .bss           0x81015008        0x0 binaries/semdelete.o
 .bss           0x81015008        0x0 binaries/semreset.o
 .bss           0x81015008        0x0 binaries/send.o
 .bss           0x81015008        0x0 binaries/signal.o
 .bss           0x81015008        0x0 binaries/signaln.o
 .bss           0x81015008        0x0 binaries/sleep.o
 .bss           0x81015008        0x0 binaries/suspend.o
 .bss           0x81015008        0x0 binaries/unsleep.o
 .bss           0x81015008        0x0 binaries/userret.o
 .bss           0x81015008        0x0 binaries/wait.o
 .bss           0x81015008        0x0 binaries/wakeup.o
 .bss           0x81015008        0x0 binaries/write.o
 .bss           0x81015008        0x0 binaries/xdone.o
 .bss           0x81015008        0x0 binaries/yield.o
 .bss           0x81015008        0x0 binaries/abs.o
 .bss           0x81015008        0x0 binaries/atoi.o
 .bss           0x81015008        0x0 binaries/atol.o
 .bss           0x81015008        0x0 binaries/bzero.o
 .bss           0x81015008        0x0 binaries/ctype_.o
 .bss           0x81015008        0x0 binaries/doprnt.o
 .bss           0x81015008        0x0 binaries/doscan.o
 .bss           0x81015008        0x0 binaries/fdoprnt.o
 .bss           0x81015008        0x0 binaries/fgetc.o
 .bss           0x81015008        0x0 binaries/fgets.o
 .bss           0x81015008        0x0 binaries/fprintf.o
 .bss           0x81015008        0x0 binaries/fputc.o
 .bss           0x81015008        0x0 binaries/fputs.o
 .bss           0x81015008        0x0 binaries/fscanf.o
 .bss           0x81015008        0x0 binaries/getchar.o
 .bss           0x81015008        0x0 binaries/labs.o
 .bss           0x81015008        0x0 binaries/memchr.o
 .bss           0x81015008        0x0 binaries/memcmp.o
 .bss           0x81015008        0x0 binaries/memcpy.o
 .bss           0x81015008        0x0 binaries/memset.o
 .bss           0x81015008        0x0 binaries/printf.o
 .bss           0x81015008        0x0 binaries/putchar.o
 .bss           0x81015008        0x8 binaries/qsort.o
 .bss           0x81015010        0x0 binaries/rand.o
 .bss           0x81015010        0x0 binaries/sprintf.o
 .bss           0x81015010        0x0 binaries/sscanf.o
 .bss           0x81015010        0x0 binaries/strchr.o
 .bss           0x81015010        0x0 binaries/strcmp.o
 .bss           0x81015010        0x0 binaries/strcpy.o
 .bss           0x81015010        0x0 binaries/strlen.o
 .bss           0x81015010        0x0 binaries/strncat.o
 .bss           0x81015010        0x0 binaries/strncmp.o
 .bss           0x81015010        0x0 binaries/strncpy.o
 .bss           0x81015010        0x0 binaries/strnlen.o
 .bss           0x81015010        0x0 binaries/strrchr.o
 .bss           0x81015010        0x0 binaries/strstr.o
 .bss           0x81015010        0x0 binaries/ttycontrol.o
 .bss           0x81015010        0x0 binaries/ttygetc.o
 .bss           0x81015010        0x0 binaries/ttyhandle_in.o
 .bss           0x81015010        0x0 binaries/ttyhandle_out.o
 .bss           0x81015010        0x0 binaries/ttyhandler.o
 .bss           0x81015010        0x0 binaries/ttyinit.o
 .bss           0x81015010        0x0 binaries/ttykickout.o
 .bss           0x81015010        0x0 binaries/ttyputc.o
 .bss           0x81015010        0x0 binaries/ttyread.o
 .bss           0x81015010        0x0 binaries/ttywrite.o
 .bss           0x81015010        0x0 binaries/mount.o
 .bss           0x81015010        0x0 binaries/naminit.o
 .bss           0x81015010        0x0 binaries/nammap.o
 .bss           0x81015010        0x0 binaries/namopen.o
 .bss           0x81015010        0x0 binaries/lfdballoc.o
 .bss           0x81015010        0x0 binaries/lfdbfree.o
 .bss           0x81015010        0x0 binaries/lfflush.o
 .bss           0x81015010        0x0 binaries/lfgetmode.o
 .bss           0x81015010        0x0 binaries/lfiballoc.o
 .bss           0x81015010        0x0 binaries/lfibclear.o
 .bss           0x81015010        0x0 binaries/lfibget.o
 .bss           0x81015010        0x0 binaries/lfibput.o
 .bss           0x81015010        0x0 binaries/lflclose.o
 .bss           0x81015010        0x0 binaries/lflcontrol.o
 .bss           0x81015010        0x0 binaries/lflgetc.o
 .bss           0x81015010        0x0 binaries/lflinit.o
 .bss           0x81015010        0x0 binaries/lflputc.o
 .bss           0x81015010        0x0 binaries/lflread.o
 .bss           0x81015010        0x0 binaries/lflseek.o
 .bss           0x81015010        0x0 binaries/lflwrite.o
 .bss           0x81015010        0x0 binaries/lfsckfmt.o
 .bss           0x81015010        0x0 binaries/lfscreate.o
 .bss           0x81015010        0x0 binaries/lfsetup.o
 .bss           0x81015010        0x0 binaries/lfsinit.o
 .bss           0x81015010        0x0 binaries/lfsopen.o
 .bss           0x81015010        0x0 binaries/lftruncate.o
 .bss           0x81015010        0x0 binaries/ramclose.o
 .bss           0x81015010        0x0 binaries/raminit.o
 .bss           0x81015010        0x0 binaries/ramopen.o
 .bss           0x81015010        0x0 binaries/ramread.o
 .bss           0x81015010        0x0 binaries/ramwrite.o
 .bss           0x81015010        0x0 binaries/rdsbufalloc.o
 .bss           0x81015010        0x0 binaries/rdsclose.o
 .bss           0x81015010        0x0 binaries/rdscomm.o
 .bss           0x81015010        0x0 binaries/rdscontrol.o
 .bss           0x81015010        0x0 binaries/rdsinit.o
 .bss           0x81015010        0x0 binaries/rdsopen.o
 .bss           0x81015010        0x0 binaries/rdsprocess.o
 .bss           0x81015010        0x0 binaries/rdsread.o
 .bss           0x81015010        0x0 binaries/rdswrite.o
 .bss           0x81015010        0x0 binaries/rflclose.o
 .bss           0x81015010        0x0 binaries/rflgetc.o
 .bss           0x81015010        0x0 binaries/rflinit.o
 .bss           0x81015010        0x0 binaries/rflputc.o
 .bss           0x81015010        0x0 binaries/rflread.o
 .bss           0x81015010        0x0 binaries/rflseek.o
 .bss           0x81015010        0x0 binaries/rflwrite.o
 .bss           0x81015010        0x0 binaries/rfscomm.o
 .bss           0x81015010        0x0 binaries/rfscontrol.o
 .bss           0x81015010        0x0 binaries/rfsgetmode.o
 .bss           0x81015010        0x0 binaries/rfsinit.o
 .bss           0x81015010        0x0 binaries/rfsndmsg.o
 .bss           0x81015010        0x0 binaries/rfsopen.o
 .bss           0x81015010        0x0 binaries/colon2mac.o
 .bss           0x81015010        0x0 binaries/ethControl.o
 .bss           0x81015010        0x0 binaries/ethhandler.o
 .bss           0x81015010        0x0 binaries/ethinit.o
 .bss           0x81015010        0x0 binaries/ethInit.o
 .bss           0x81015010        0x0 binaries/ethInterrupt.o
 .bss           0x81015010        0x0 binaries/ethread.o
 .bss           0x81015010        0x0 binaries/ethRead.o
 .bss           0x81015010        0x0 binaries/ethwrite.o
 .bss           0x81015010        0x0 binaries/ethWrite.o
 .bss           0x81015010        0x0 binaries/arp.o
 .bss           0x81015010        0x0 binaries/dhcp.o
 .bss           0x81015010        0x0 binaries/dot2ip.o
 .bss           0x81015010        0x0 binaries/hexdump.o
 .bss           0x81015010        0x0 binaries/icmp.o
 .bss           0x81015010        0x0 binaries/ip.o
 .bss           0x81015010        0x0 binaries/net.o
 .bss           0x81015010        0x0 binaries/netstart.o
 .bss           0x81015010        0x0 binaries/pdump.o
 .bss           0x81015010        0x0 binaries/tftp.o
 .bss           0x81015010        0x0 binaries/udp.o
 .bss           0x81015010        0x0 binaries/addargs.o
 .bss           0x81015010        0x0 binaries/lexan.o
 .bss           0x81015010        0x0 binaries/shell.o
 .bss           0x81015010        0x0 binaries/xsh_argecho.o
 .bss           0x81015010        0x0 binaries/xsh_arp.o
 .bss           0x81015010        0x0 binaries/xsh_cat.o
 .bss           0x81015010        0x0 binaries/xsh_clear.o
 .bss           0x81015010        0x0 binaries/xsh_date.o
 .bss           0x81015010        0x0 binaries/xsh_devdump.o
 .bss           0x81015010        0x0 binaries/xsh_echo.o
 .bss           0x81015010        0x0 binaries/xsh_exit.o
 .bss           0x81015010        0x0 binaries/xsh_help.o
 .bss           0x81015010        0x0 binaries/xsh_kill.o
 .bss           0x81015010        0x0 binaries/xsh_led.o
 .bss           0x81015010        0x0 binaries/xsh_memdump.o
 .bss           0x81015010        0x0 binaries/xsh_memstat.o
 .bss           0x81015010        0x4 binaries/xsh_ping.o
 .bss           0x81015014        0x0 binaries/xsh_ps.o
 .bss           0x81015014        0x0 binaries/xsh_sleep.o
 .bss           0x81015014        0x0 binaries/xsh_udpdump.o
 .bss           0x81015014        0x0 binaries/xsh_udpeserver.o
 .bss           0x81015014        0x0 binaries/xsh_uptime.o
 .bss           0x81015014        0x0 binaries/ctxsw.o
 .bss           0x81015014        0x0 binaries/intr.o
 .bss           0x81015014        0x0 ../cross_compiler/lib/gcc/arm-none-eabi/4.8.1//libgcc.a(_udivsi3.o)
 .bss           0x81015014        0x0 ../cross_compiler/lib/gcc/arm-none-eabi/4.8.1//libgcc.a(_divsi3.o)
 .bss           0x81015014        0x0 ../cross_compiler/lib/gcc/arm-none-eabi/4.8.1//libgcc.a(_dvmd_tls.o)
 *(COMMON)
 COMMON         0x81015014       0xf4 binaries/bufinit.o
                0x81015014                buftab
                0x81015104                nbpools
 COMMON         0x81015108        0xc binaries/clkinit.o
                0x81015108                sleepq
                0x8101510c                preempt
                0x81015110                clktime
 COMMON         0x81015114      0x200 binaries/evec.o
                0x81015114                intc_vector
 COMMON         0x81015314     0x1aa0 binaries/initialize.o
                0x81015314                currpid
                0x81015318                proctab
                0x810168f8                prcount
                0x810168fc                semtab
                0x81016dac                memlist
 COMMON         0x81016db4        0x4 binaries/main.o
                0x81016db4                cpudelay
 COMMON         0x81016db8        0x8 binaries/meminit.o
                0x81016db8                minheap
                0x81016dbc                maxheap
 COMMON         0x81016dc0      0x2d8 binaries/ptinit.o
                0x81016dc0                porttab
                0x81017090                ptnextid
                0x81017094                ptfree
 COMMON         0x81017098      0x980 binaries/queue.o
                0x81017098                queuetab
 COMMON         0x81017a18        0x2 binaries/ready.o
                0x81017a18                readylist
 *fill*         0x81017a1a        0x2 
 COMMON         0x81017a1c        0x8 binaries/resched.o
                0x81017a1c                Defer
 COMMON         0x81017a24      0x10c binaries/ttyinit.o
                0x81017a24                ttytab
 COMMON         0x81017b30     0x19a4 binaries/naminit.o
                0x81017b30                nnames
                0x81017b34                nametab
 COMMON         0x810194d4      0xf00 binaries/lflinit.o
                0x810194d4                lfltab
 COMMON         0x8101a3d4      0x20c binaries/lfsinit.o
                0x8101a3d4                Lf_data
 COMMON         0x8101a5e0    0x19000 binaries/raminit.o
                0x8101a5e0                Ram
 COMMON         0x810335e0       0x8c binaries/rdsinit.o
                0x810335e0                rdstab
 COMMON         0x8103366c      0x5a0 binaries/rflinit.o
                0x8103366c                rfltab
 COMMON         0x81033c0c       0x18 binaries/rfsinit.o
                0x81033c0c                Rf_data
 COMMON         0x81033c24       0x1c binaries/ethinit.o
                0x81033c24                eth_a_regs
 COMMON         0x81033c40      0x154 binaries/ethInit.o
                0x81033c40                ethertab
 COMMON         0x81033d94      0x140 binaries/arp.o
                0x81033d94                arpcache
 COMMON         0x81033ed4      0x230 binaries/icmp.o
                0x81033ed4                icmptab
 COMMON         0x81034104       0x2c binaries/ip.o
                0x81034104                ipoqueue
 COMMON         0x81034130       0xac binaries/net.o
                0x81034130                netbufpool
                0x81034134                NetData
 COMMON         0x810341dc      0x180 binaries/udp.o
                0x810341dc                udptab
                0x8103435c                ebss = ABSOLUTE (.)
                0x81035000                . = ALIGN (0x1000)
 *fill*         0x8103435c      0xca4 
 */()
                0x81035000                end = ABSOLUTE (.)
                0x81035000                _end = ABSOLUTE (.)
                0x81035000                . = ALIGN (0x1000)
LOAD binaries/start.o
LOAD binaries/ascdate.o
LOAD binaries/bufinit.o
LOAD binaries/chprio.o
LOAD binaries/clkhandler.o
LOAD binaries/clkinit.o
LOAD binaries/close.o
LOAD binaries/conf.o
LOAD binaries/control.o
LOAD binaries/create.o
LOAD binaries/evec.o
LOAD binaries/freebuf.o
LOAD binaries/freemem.o
LOAD binaries/getbuf.o
LOAD binaries/getc.o
LOAD binaries/getdev.o
LOAD binaries/getitem.o
LOAD binaries/getmem.o
LOAD binaries/getpid.o
LOAD binaries/getprio.o
LOAD binaries/getstk.o
LOAD binaries/gettime.o
LOAD binaries/getutime.o
LOAD binaries/init.o
LOAD binaries/initialize.o
LOAD binaries/insert.o
LOAD binaries/insertd.o
LOAD binaries/ioerr.o
LOAD binaries/ionull.o
LOAD binaries/kill.o
LOAD binaries/kprintf.o
LOAD binaries/main.o
LOAD binaries/meminit.o
LOAD binaries/mkbufpool.o
LOAD binaries/newqueue.o
LOAD binaries/open.o
LOAD binaries/panic.o
LOAD binaries/platinit.o
LOAD binaries/ptclear.o
LOAD binaries/ptcount.o
LOAD binaries/ptcreate.o
LOAD binaries/ptdelete.o
LOAD binaries/ptinit.o
LOAD binaries/ptrecv.o
LOAD binaries/ptreset.o
LOAD binaries/ptsend.o
LOAD binaries/putc.o
LOAD binaries/queue.o
LOAD binaries/read.o
LOAD binaries/ready.o
LOAD binaries/receive.o
LOAD binaries/recvclr.o
LOAD binaries/recvtime.o
LOAD binaries/resched.o
LOAD binaries/resume.o
LOAD binaries/sched_cntl.o
LOAD binaries/seek.o
LOAD binaries/semcount.o
LOAD binaries/semcreate.o
LOAD binaries/semdelete.o
LOAD binaries/semreset.o
LOAD binaries/send.o
LOAD binaries/signal.o
LOAD binaries/signaln.o
LOAD binaries/sleep.o
LOAD binaries/suspend.o
LOAD binaries/unsleep.o
LOAD binaries/userret.o
LOAD binaries/wait.o
LOAD binaries/wakeup.o
LOAD binaries/write.o
LOAD binaries/xdone.o
LOAD binaries/yield.o
LOAD binaries/abs.o
LOAD binaries/atoi.o
LOAD binaries/atol.o
LOAD binaries/bzero.o
LOAD binaries/ctype_.o
LOAD binaries/doprnt.o
LOAD binaries/doscan.o
LOAD binaries/fdoprnt.o
LOAD binaries/fgetc.o
LOAD binaries/fgets.o
LOAD binaries/fprintf.o
LOAD binaries/fputc.o
LOAD binaries/fputs.o
LOAD binaries/fscanf.o
LOAD binaries/getchar.o
LOAD binaries/labs.o
LOAD binaries/memchr.o
LOAD binaries/memcmp.o
LOAD binaries/memcpy.o
LOAD binaries/memset.o
LOAD binaries/printf.o
LOAD binaries/putchar.o
LOAD binaries/qsort.o
LOAD binaries/rand.o
LOAD binaries/sprintf.o
LOAD binaries/sscanf.o
LOAD binaries/strchr.o
LOAD binaries/strcmp.o
LOAD binaries/strcpy.o
LOAD binaries/strlen.o
LOAD binaries/strncat.o
LOAD binaries/strncmp.o
LOAD binaries/strncpy.o
LOAD binaries/strnlen.o
LOAD binaries/strrchr.o
LOAD binaries/strstr.o
LOAD binaries/ttycontrol.o
LOAD binaries/ttygetc.o
LOAD binaries/ttyhandle_in.o
LOAD binaries/ttyhandle_out.o
LOAD binaries/ttyhandler.o
LOAD binaries/ttyinit.o
LOAD binaries/ttykickout.o
LOAD binaries/ttyputc.o
LOAD binaries/ttyread.o
LOAD binaries/ttywrite.o
LOAD binaries/mount.o
LOAD binaries/naminit.o
LOAD binaries/nammap.o
LOAD binaries/namopen.o
LOAD binaries/lfdballoc.o
LOAD binaries/lfdbfree.o
LOAD binaries/lfflush.o
LOAD binaries/lfgetmode.o
LOAD binaries/lfiballoc.o
LOAD binaries/lfibclear.o
LOAD binaries/lfibget.o
LOAD binaries/lfibput.o
LOAD binaries/lflclose.o
LOAD binaries/lflcontrol.o
LOAD binaries/lflgetc.o
LOAD binaries/lflinit.o
LOAD binaries/lflputc.o
LOAD binaries/lflread.o
LOAD binaries/lflseek.o
LOAD binaries/lflwrite.o
LOAD binaries/lfsckfmt.o
LOAD binaries/lfscreate.o
LOAD binaries/lfsetup.o
LOAD binaries/lfsinit.o
LOAD binaries/lfsopen.o
LOAD binaries/lftruncate.o
LOAD binaries/ramclose.o
LOAD binaries/raminit.o
LOAD binaries/ramopen.o
LOAD binaries/ramread.o
LOAD binaries/ramwrite.o
LOAD binaries/rdsbufalloc.o
LOAD binaries/rdsclose.o
LOAD binaries/rdscomm.o
LOAD binaries/rdscontrol.o
LOAD binaries/rdsinit.o
LOAD binaries/rdsopen.o
LOAD binaries/rdsprocess.o
LOAD binaries/rdsread.o
LOAD binaries/rdswrite.o
LOAD binaries/rflclose.o
LOAD binaries/rflgetc.o
LOAD binaries/rflinit.o
LOAD binaries/rflputc.o
LOAD binaries/rflread.o
LOAD binaries/rflseek.o
LOAD binaries/rflwrite.o
LOAD binaries/rfscomm.o
LOAD binaries/rfscontrol.o
LOAD binaries/rfsgetmode.o
LOAD binaries/rfsinit.o
LOAD binaries/rfsndmsg.o
LOAD binaries/rfsopen.o
LOAD binaries/colon2mac.o
LOAD binaries/ethControl.o
LOAD binaries/ethhandler.o
LOAD binaries/ethinit.o
LOAD binaries/ethInit.o
LOAD binaries/ethInterrupt.o
LOAD binaries/ethread.o
LOAD binaries/ethRead.o
LOAD binaries/ethwrite.o
LOAD binaries/ethWrite.o
LOAD binaries/arp.o
LOAD binaries/dhcp.o
LOAD binaries/dot2ip.o
LOAD binaries/hexdump.o
LOAD binaries/icmp.o
LOAD binaries/ip.o
LOAD binaries/net.o
LOAD binaries/netstart.o
LOAD binaries/pdump.o
LOAD binaries/tftp.o
LOAD binaries/udp.o
LOAD binaries/addargs.o
LOAD binaries/lexan.o
LOAD binaries/shell.o
LOAD binaries/xsh_argecho.o
LOAD binaries/xsh_arp.o
LOAD binaries/xsh_cat.o
LOAD binaries/xsh_clear.o
LOAD binaries/xsh_date.o
LOAD binaries/xsh_devdump.o
LOAD binaries/xsh_echo.o
LOAD binaries/xsh_exit.o
LOAD binaries/xsh_help.o
LOAD binaries/xsh_kill.o
LOAD binaries/xsh_led.o
LOAD binaries/xsh_memdump.o
LOAD binaries/xsh_memstat.o
LOAD binaries/xsh_ping.o
LOAD binaries/xsh_ps.o
LOAD binaries/xsh_sleep.o
LOAD binaries/xsh_udpdump.o
LOAD binaries/xsh_udpeserver.o
LOAD binaries/xsh_uptime.o
LOAD binaries/ctxsw.o
LOAD binaries/intr.o
LOAD ../cross_compiler/lib/gcc/arm-none-eabi/4.8.1//libgcc.a
OUTPUT(../compile/xinu elf32-littlearm)

.ARM.attributes
                0x00000000       0x31
 .ARM.attributes
                0x00000000       0x25 binaries/start.o
 .ARM.attributes
                0x00000025       0x35 binaries/ascdate.o
 .ARM.attributes
                0x0000005a       0x35 binaries/bufinit.o
 .ARM.attributes
                0x0000008f       0x35 binaries/chprio.o
 .ARM.attributes
                0x000000c4       0x35 binaries/clkhandler.o
 .ARM.attributes
                0x000000f9       0x35 binaries/clkinit.o
 .ARM.attributes
                0x0000012e       0x35 binaries/close.o
 .ARM.attributes
                0x00000163       0x35 binaries/conf.o
 .ARM.attributes
                0x00000198       0x35 binaries/control.o
 .ARM.attributes
                0x000001cd       0x35 binaries/create.o
 .ARM.attributes
                0x00000202       0x35 binaries/evec.o
 .ARM.attributes
                0x00000237       0x35 binaries/freebuf.o
 .ARM.attributes
                0x0000026c       0x35 binaries/freemem.o
 .ARM.attributes
                0x000002a1       0x35 binaries/getbuf.o
 .ARM.attributes
                0x000002d6       0x35 binaries/getc.o
 .ARM.attributes
                0x0000030b       0x35 binaries/getdev.o
 .ARM.attributes
                0x00000340       0x35 binaries/getitem.o
 .ARM.attributes
                0x00000375       0x35 binaries/getmem.o
 .ARM.attributes
                0x000003aa       0x35 binaries/getpid.o
 .ARM.attributes
                0x000003df       0x35 binaries/getprio.o
 .ARM.attributes
                0x00000414       0x35 binaries/getstk.o
 .ARM.attributes
                0x00000449       0x35 binaries/gettime.o
 .ARM.attributes
                0x0000047e       0x35 binaries/getutime.o
 .ARM.attributes
                0x000004b3       0x35 binaries/init.o
 .ARM.attributes
                0x000004e8       0x35 binaries/initialize.o
 .ARM.attributes
                0x0000051d       0x35 binaries/insert.o
 .ARM.attributes
                0x00000552       0x35 binaries/insertd.o
 .ARM.attributes
                0x00000587       0x35 binaries/ioerr.o
 .ARM.attributes
                0x000005bc       0x35 binaries/ionull.o
 .ARM.attributes
                0x000005f1       0x35 binaries/kill.o
 .ARM.attributes
                0x00000626       0x35 binaries/kprintf.o
 .ARM.attributes
                0x0000065b       0x35 binaries/main.o
 .ARM.attributes
                0x00000690       0x35 binaries/meminit.o
 .ARM.attributes
                0x000006c5       0x35 binaries/mkbufpool.o
 .ARM.attributes
                0x000006fa       0x35 binaries/newqueue.o
 .ARM.attributes
                0x0000072f       0x35 binaries/open.o
 .ARM.attributes
                0x00000764       0x35 binaries/panic.o
 .ARM.attributes
                0x00000799       0x35 binaries/platinit.o
 .ARM.attributes
                0x000007ce       0x35 binaries/ptclear.o
 .ARM.attributes
                0x00000803       0x35 binaries/ptcount.o
 .ARM.attributes
                0x00000838       0x35 binaries/ptcreate.o
 .ARM.attributes
                0x0000086d       0x35 binaries/ptdelete.o
 .ARM.attributes
                0x000008a2       0x35 binaries/ptinit.o
 .ARM.attributes
                0x000008d7       0x35 binaries/ptrecv.o
 .ARM.attributes
                0x0000090c       0x35 binaries/ptreset.o
 .ARM.attributes
                0x00000941       0x35 binaries/ptsend.o
 .ARM.attributes
                0x00000976       0x35 binaries/putc.o
 .ARM.attributes
                0x000009ab       0x35 binaries/queue.o
 .ARM.attributes
[...]
                0x00001932       0x35 binaries/namopen.o
 .ARM.attributes
                0x00001967       0x35 binaries/lfdballoc.o
 .ARM.attributes
                0x0000199c       0x35 binaries/lfdbfree.o
 .ARM.attributes
                0x000019d1       0x35 binaries/lfflush.o
 .ARM.attributes
                0x00001a06       0x35 binaries/lfgetmode.o
 .ARM.attributes
                0x00001a3b       0x35 binaries/lfiballoc.o
 .ARM.attributes
                0x00001a70       0x35 binaries/lfibclear.o
 .ARM.attributes
                0x00001aa5       0x35 binaries/lfibget.o
 .ARM.attributes
                0x00001ada       0x35 binaries/lfibput.o
 .ARM.attributes
                0x00001b0f       0x35 binaries/lflclose.o
 .ARM.attributes
                0x00001b44       0x35 binaries/lflcontrol.o
 .ARM.attributes
                0x00001b79       0x35 binaries/lflgetc.o
 .ARM.attributes
                0x00001bae       0x35 binaries/lflinit.o
 .ARM.attributes
                0x00001be3       0x35 binaries/lflputc.o
 .ARM.attributes
                0x00001c18       0x35 binaries/lflread.o
 .ARM.attributes
                0x00001c4d       0x35 binaries/lflseek.o
 .ARM.attributes
                0x00001c82       0x35 binaries/lflwrite.o
 .ARM.attributes
                0x00001cb7       0x35 binaries/lfsckfmt.o
 .ARM.attributes
                0x00001cec       0x35 binaries/lfscreate.o
 .ARM.attributes
                0x00001d21       0x35 binaries/lfsetup.o
 .ARM.attributes
                0x00001d56       0x35 binaries/lfsinit.o
 .ARM.attributes
                0x00001d8b       0x35 binaries/lfsopen.o
 .ARM.attributes
                0x00001dc0       0x35 binaries/lftruncate.o
 .ARM.attributes
                0x00001df5       0x35 binaries/ramclose.o
 .ARM.attributes
                0x00001e2a       0x35 binaries/raminit.o
 .ARM.attributes
                0x00001e5f       0x35 binaries/ramopen.o
 .ARM.attributes
                0x00001e94       0x35 binaries/ramread.o
 .ARM.attributes
                0x00001ec9       0x35 binaries/ramwrite.o
 .ARM.attributes
                0x00001efe       0x35 binaries/rdsbufalloc.o
 .ARM.attributes
                0x00001f33       0x35 binaries/rdsclose.o
 .ARM.attributes
                0x00001f68       0x35 binaries/rdscomm.o
 .ARM.attributes
                0x00001f9d       0x35 binaries/rdscontrol.o
 .ARM.attributes
                0x00001fd2       0x35 binaries/rdsinit.o
 .ARM.attributes
                0x00002007       0x35 binaries/rdsopen.o
 .ARM.attributes
                0x0000203c       0x35 binaries/rdsprocess.o
 .ARM.attributes
                0x00002071       0x35 binaries/rdsread.o
 .ARM.attributes
                0x000020a6       0x35 binaries/rdswrite.o
 .ARM.attributes
                0x000020db       0x35 binaries/rflclose.o
 .ARM.attributes
                0x00002110       0x35 binaries/rflgetc.o
 .ARM.attributes
                0x00002145       0x35 binaries/rflinit.o
 .ARM.attributes
                0x0000217a       0x35 binaries/rflputc.o
 .ARM.attributes
                0x000021af       0x35 binaries/rflread.o
 .ARM.attributes
                0x000021e4       0x35 binaries/rflseek.o
 .ARM.attributes
                0x00002219       0x35 binaries/rflwrite.o
 .ARM.attributes
                0x0000224e       0x35 binaries/rfscomm.o
 .ARM.attributes
                0x00002283       0x35 binaries/rfscontrol.o
 .ARM.attributes
                0x000022b8       0x35 binaries/rfsgetmode.o
 .ARM.attributes
                0x000022ed       0x35 binaries/rfsinit.o
 .ARM.attributes
                0x00002322       0x35 binaries/rfsndmsg.o
 .ARM.attributes
                0x00002357       0x35 binaries/rfsopen.o
 .ARM.attributes
                0x0000238c       0x35 binaries/colon2mac.o
 .ARM.attributes
                0x000023c1       0x35 binaries/ethControl.o
 .ARM.attributes
                0x000023f6       0x35 binaries/ethhandler.o
 .ARM.attributes
                0x0000242b       0x35 binaries/ethinit.o
 .ARM.attributes
                0x00002460       0x35 binaries/ethInit.o
 .ARM.attributes
                0x00002495       0x35 binaries/ethInterrupt.o
 .ARM.attributes
                0x000024ca       0x35 binaries/ethread.o
 .ARM.attributes
                0x000024ff       0x35 binaries/ethRead.o
 .ARM.attributes
                0x00002534       0x35 binaries/ethwrite.o
 .ARM.attributes
                0x00002569       0x35 binaries/ethWrite.o
 .ARM.attributes
                0x0000259e       0x35 binaries/arp.o
 .ARM.attributes
                0x000025d3       0x35 binaries/dhcp.o
 .ARM.attributes
                0x00002608       0x35 binaries/dot2ip.o
 .ARM.attributes
                0x0000263d       0x35 binaries/hexdump.o
 .ARM.attributes
                0x00002672       0x35 binaries/icmp.o
 .ARM.attributes
                0x000026a7       0x35 binaries/ip.o
 .ARM.attributes
                0x000026dc       0x35 binaries/net.o
 .ARM.attributes
                0x00002711       0x35 binaries/netstart.o
 .ARM.attributes
                0x00002746       0x35 binaries/pdump.o
 .ARM.attributes
                0x0000277b       0x35 binaries/tftp.o
 .ARM.attributes
                0x000027b0       0x35 binaries/udp.o
 .ARM.attributes
                0x000027e5       0x35 binaries/addargs.o
 .ARM.attributes
                0x0000281a       0x35 binaries/lexan.o
 .ARM.attributes
                0x0000284f       0x35 binaries/shell.o
 .ARM.attributes
                0x00002884       0x35 binaries/xsh_argecho.o
 .ARM.attributes
                0x000028b9       0x35 binaries/xsh_arp.o
 .ARM.attributes
                0x000028ee       0x35 binaries/xsh_cat.o
 .ARM.attributes
                0x00002923       0x35 binaries/xsh_clear.o
 .ARM.attributes
                0x00002958       0x35 binaries/xsh_date.o
 .ARM.attributes
                0x0000298d       0x35 binaries/xsh_devdump.o
 .ARM.attributes
                0x000029c2       0x35 binaries/xsh_echo.o
 .ARM.attributes
                0x000029f7       0x35 binaries/xsh_exit.o
 .ARM.attributes
                0x00002a2c       0x35 binaries/xsh_help.o
 .ARM.attributes
                0x00002a61       0x35 binaries/xsh_kill.o
 .ARM.attributes
                0x00002a96       0x35 binaries/xsh_led.o
 .ARM.attributes
                0x00002acb       0x35 binaries/xsh_memdump.o
 .ARM.attributes
                0x00002b00       0x35 binaries/xsh_memstat.o
 .ARM.attributes
                0x00002b35       0x35 binaries/xsh_ping.o
 .ARM.attributes
                0x00002b6a       0x35 binaries/xsh_ps.o
 .ARM.attributes
                0x00002b9f       0x35 binaries/xsh_sleep.o
 .ARM.attributes
                0x00002bd4       0x35 binaries/xsh_udpdump.o
 .ARM.attributes
                0x00002c09       0x35 binaries/xsh_udpeserver.o
 .ARM.attributes
                0x00002c3e       0x35 binaries/xsh_uptime.o
 .ARM.attributes
                0x00002c73       0x25 binaries/ctxsw.o
 .ARM.attributes
                0x00002c98       0x25 binaries/intr.o
 .ARM.attributes
                0x00002cbd       0x18 ../cross_compiler/lib/gcc/arm-none-eabi/4.8.1//libgcc.a(_udivsi3.o)
 .ARM.attributes
                0x00002cd5       0x18 ../cross_compiler/lib/gcc/arm-none-eabi/4.8.1//libgcc.a(_divsi3.o)
 .ARM.attributes
                0x00002ced       0x18 ../cross_compiler/lib/gcc/arm-none-eabi/4.8.1//libgcc.a(_dvmd_tls.o)

.comment        0x00000000       0x30
 .comment       0x00000000       0x30 binaries/ascdate.o
                                 0x31 (size before relaxing)
 .comment       0x00000000       0x31 binaries/bufinit.o
 .comment       0x00000000       0x31 binaries/chprio.o
 .comment       0x00000000       0x31 binaries/clkhandler.o
 .comment       0x00000000       0x31 binaries/clkinit.o
 .comment       0x00000000       0x31 binaries/close.o
 .comment       0x00000000       0x31 binaries/conf.o
 .comment       0x00000000       0x31 binaries/control.o
 .comment       0x00000000       0x31 binaries/create.o
 .comment       0x00000000       0x31 binaries/evec.o
 .comment       0x00000000       0x31 binaries/freebuf.o
 .comment       0x00000000       0x31 binaries/freemem.o
 .comment       0x00000000       0x31 binaries/getbuf.o
 .comment       0x00000000       0x31 binaries/getc.o
 .comment       0x00000000       0x31 binaries/getdev.o
 .comment       0x00000000       0x31 binaries/getitem.o
 .comment       0x00000000       0x31 binaries/getmem.o
 .comment       0x00000000       0x31 binaries/getpid.o
 .comment       0x00000000       0x31 binaries/getprio.o
 .comment       0x00000000       0x31 binaries/getstk.o
 .comment       0x00000000       0x31 binaries/gettime.o
 .comment       0x00000000       0x31 binaries/getutime.o
 .comment       0x00000000       0x31 binaries/init.o
 .comment       0x00000000       0x31 binaries/initialize.o
 .comment       0x00000000       0x31 binaries/insert.o
 .comment       0x00000000       0x31 binaries/insertd.o
 .comment       0x00000000       0x31 binaries/ioerr.o
 .comment       0x00000000       0x31 binaries/ionull.o
 .comment       0x00000000       0x31 binaries/kill.o
 .comment       0x00000000       0x31 binaries/kprintf.o
 .comment       0x00000000       0x31 binaries/main.o
 .comment       0x00000000       0x31 binaries/meminit.o
 .comment       0x00000000       0x31 binaries/mkbufpool.o
 .comment       0x00000000       0x31 binaries/newqueue.o
 .comment       0x00000000       0x31 binaries/open.o
 .comment       0x00000000       0x31 binaries/panic.o
 .comment       0x00000000       0x31 binaries/platinit.o
 .comment       0x00000000       0x31 binaries/ptclear.o
 .comment       0x00000000       0x31 binaries/ptcount.o
 .comment       0x00000000       0x31 binaries/ptcreate.o
 .comment       0x00000000       0x31 binaries/ptdelete.o
 .comment       0x00000000       0x31 binaries/ptinit.o
 .comment       0x00000000       0x31 binaries/ptrecv.o
 .comment       0x00000000       0x31 binaries/ptreset.o
 .comment       0x00000000       0x31 binaries/ptsend.o
 .comment       0x00000000       0x31 binaries/putc.o
 .comment       0x00000000       0x31 binaries/queue.o
 .comment       0x00000000       0x31 binaries/read.o
 .comment       0x00000000       0x31 binaries/ready.o
 .comment       0x00000000       0x31 binaries/receive.o
 .comment       0x00000000       0x31 binaries/recvclr.o
 .comment       0x00000000       0x31 binaries/recvtime.o
 .comment       0x00000000       0x31 binaries/resched.o
 .comment       0x00000000       0x31 binaries/resume.o
 .comment       0x00000000       0x31 binaries/sched_cntl.o
 .comment       0x00000000       0x31 binaries/seek.o
 .comment       0x00000000       0x31 binaries/semcount.o
 .comment       0x00000000       0x31 binaries/semcreate.o
 .comment       0x00000000       0x31 binaries/semdelete.o
 .comment       0x00000000       0x31 binaries/semreset.o
 .comment       0x00000000       0x31 binaries/send.o
 .comment       0x00000000       0x31 binaries/signal.o
 .comment       0x00000000       0x31 binaries/signaln.o
 .comment       0x00000000       0x31 binaries/sleep.o
 .comment       0x00000000       0x31 binaries/suspend.o
 .comment       0x00000000       0x31 binaries/unsleep.o
 .comment       0x00000000       0x31 binaries/userret.o
 .comment       0x00000000       0x31 binaries/wait.o
 .comment       0x00000000       0x31 binaries/wakeup.o
 .comment       0x00000000       0x31 binaries/write.o
 .comment       0x00000000       0x31 binaries/xdone.o
 .comment       0x00000000       0x31 binaries/yield.o
 .comment       0x00000000       0x31 binaries/abs.o
 .comment       0x00000000       0x31 binaries/atoi.o
 .comment       0x00000000       0x31 binaries/atol.o
 .comment       0x00000000       0x31 binaries/bzero.o
 .comment       0x00000000       0x31 binaries/ctype_.o
 .comment       0x00000000       0x31 binaries/doprnt.o
 .comment       0x00000000       0x31 binaries/doscan.o
 .comment       0x00000000       0x31 binaries/fdoprnt.o
 .comment       0x00000000       0x31 binaries/fgetc.o
 .comment       0x00000000       0x31 binaries/fgets.o
 .comment       0x00000000       0x31 binaries/fprintf.o
 .comment       0x00000000       0x31 binaries/fputc.o
 .comment       0x00000000       0x31 binaries/fputs.o
 .comment       0x00000000       0x31 binaries/fscanf.o
 .comment       0x00000000       0x31 binaries/getchar.o
 .comment       0x00000000       0x31 binaries/labs.o
 .comment       0x00000000       0x31 binaries/memchr.o
 .comment       0x00000000       0x31 binaries/memcmp.o
 .comment       0x00000000       0x31 binaries/memcpy.o
 .comment       0x00000000       0x31 binaries/memset.o
 .comment       0x00000000       0x31 binaries/printf.o
 .comment       0x00000000       0x31 binaries/putchar.o
 .comment       0x00000000       0x31 binaries/qsort.o
 .comment       0x00000000       0x31 binaries/rand.o
 .comment       0x00000000       0x31 binaries/sprintf.o
 .comment       0x00000000       0x31 binaries/sscanf.o
 .comment       0x00000000       0x31 binaries/strchr.o
 .comment       0x00000000       0x31 binaries/strcmp.o
 .comment       0x00000000       0x31 binaries/strcpy.o
 .comment       0x00000000       0x31 binaries/strlen.o
 .comment       0x00000000       0x31 binaries/strncat.o
 .comment       0x00000000       0x31 binaries/strncmp.o
 .comment       0x00000000       0x31 binaries/strncpy.o
 .comment       0x00000000       0x31 binaries/strnlen.o
 .comment       0x00000000       0x31 binaries/strrchr.o
 .comment       0x00000000       0x31 binaries/strstr.o
 .comment       0x00000000       0x31 binaries/ttycontrol.o
 .comment       0x00000000       0x31 binaries/ttygetc.o
 .comment       0x00000000       0x31 binaries/ttyhandle_in.o
 .comment       0x00000000       0x31 binaries/ttyhandle_out.o
 .comment       0x00000000       0x31 binaries/ttyhandler.o
 .comment       0x00000000       0x31 binaries/ttyinit.o
 .comment       0x00000000       0x31 binaries/ttykickout.o
 .comment       0x00000000       0x31 binaries/ttyputc.o
 .comment       0x00000000       0x31 binaries/ttyread.o
 .comment       0x00000000       0x31 binaries/ttywrite.o
 .comment       0x00000000       0x31 binaries/mount.o
 .comment       0x00000000       0x31 binaries/naminit.o
 .comment       0x00000000       0x31 binaries/nammap.o
 .comment       0x00000000       0x31 binaries/namopen.o
 .comment       0x00000000       0x31 binaries/lfdballoc.o
 .comment       0x00000000       0x31 binaries/lfdbfree.o
 .comment       0x00000000       0x31 binaries/lfflush.o
 .comment       0x00000000       0x31 binaries/lfgetmode.o
 .comment       0x00000000       0x31 binaries/lfiballoc.o
 .comment       0x00000000       0x31 binaries/lfibclear.o
 .comment       0x00000000       0x31 binaries/lfibget.o
 .comment       0x00000000       0x31 binaries/lfibput.o
 .comment       0x00000000       0x31 binaries/lflclose.o
 .comment       0x00000000       0x31 binaries/lflcontrol.o
 .comment       0x00000000       0x31 binaries/lflgetc.o
 .comment       0x00000000       0x31 binaries/lflinit.o
 .comment       0x00000000       0x31 binaries/lflputc.o
 .comment       0x00000000       0x31 binaries/lflread.o
 .comment       0x00000000       0x31 binaries/lflseek.o
 .comment       0x00000000       0x31 binaries/lflwrite.o
 .comment       0x00000000       0x31 binaries/lfsckfmt.o
 .comment       0x00000000       0x31 binaries/lfscreate.o
 .comment       0x00000000       0x31 binaries/lfsetup.o
 .comment       0x00000000       0x31 binaries/lfsinit.o
 .comment       0x00000000       0x31 binaries/lfsopen.o
 .comment       0x00000000       0x31 binaries/lftruncate.o
 .comment       0x00000000       0x31 binaries/ramclose.o
 .comment       0x00000000       0x31 binaries/raminit.o
 .comment       0x00000000       0x31 binaries/ramopen.o
 .comment       0x00000000       0x31 binaries/ramread.o
 .comment       0x00000000       0x31 binaries/ramwrite.o
 .comment       0x00000000       0x31 binaries/rdsbufalloc.o
 .comment       0x00000000       0x31 binaries/rdsclose.o
 .comment       0x00000000       0x31 binaries/rdscomm.o
 .comment       0x00000000       0x31 binaries/rdscontrol.o
 .comment       0x00000000       0x31 binaries/rdsinit.o
 .comment       0x00000000       0x31 binaries/rdsopen.o
 .comment       0x00000000       0x31 binaries/rdsprocess.o
 .comment       0x00000000       0x31 binaries/rdsread.o
 .comment       0x00000000       0x31 binaries/rdswrite.o
 .comment       0x00000000       0x31 binaries/rflclose.o
 .comment       0x00000000       0x31 binaries/rflgetc.o
 .comment       0x00000000       0x31 binaries/rflinit.o
 .comment       0x00000000       0x31 binaries/rflputc.o
 .comment       0x00000000       0x31 binaries/rflread.o
 .comment       0x00000000       0x31 binaries/rflseek.o
 .comment       0x00000000       0x31 binaries/rflwrite.o
 .comment       0x00000000       0x31 binaries/rfscomm.o
 .comment       0x00000000       0x31 binaries/rfscontrol.o
 .comment       0x00000000       0x31 binaries/rfsgetmode.o
 .comment       0x00000000       0x31 binaries/rfsinit.o
 .comment       0x00000000       0x31 binaries/rfsndmsg.o
 .comment       0x00000000       0x31 binaries/rfsopen.o
 .comment       0x00000000       0x31 binaries/colon2mac.o
 .comment       0x00000000       0x31 binaries/ethControl.o
 .comment       0x00000000       0x31 binaries/ethhandler.o
 .comment       0x00000000       0x31 binaries/ethinit.o
 .comment       0x00000000       0x31 binaries/ethInit.o
 .comment       0x00000000       0x31 binaries/ethInterrupt.o
 .comment       0x00000000       0x31 binaries/ethread.o
 .comment       0x00000000       0x31 binaries/ethRead.o
 .comment       0x00000000       0x31 binaries/ethwrite.o
 .comment       0x00000000       0x31 binaries/ethWrite.o
 .comment       0x00000000       0x31 binaries/arp.o
 .comment       0x00000000       0x31 binaries/dhcp.o
 .comment       0x00000000       0x31 binaries/dot2ip.o
 .comment       0x00000000       0x31 binaries/hexdump.o
 .comment       0x00000000       0x31 binaries/icmp.o
 .comment       0x00000000       0x31 binaries/ip.o
 .comment       0x00000000       0x31 binaries/net.o
 .comment       0x00000000       0x31 binaries/netstart.o
 .comment       0x00000000       0x31 binaries/pdump.o
 .comment       0x00000000       0x31 binaries/tftp.o
 .comment       0x00000000       0x31 binaries/udp.o
 .comment       0x00000000       0x31 binaries/addargs.o
 .comment       0x00000000       0x31 binaries/lexan.o
 .comment       0x00000000       0x31 binaries/shell.o
 .comment       0x00000000       0x31 binaries/xsh_argecho.o
 .comment       0x00000000       0x31 binaries/xsh_arp.o
 .comment       0x00000000       0x31 binaries/xsh_cat.o
 .comment       0x00000000       0x31 binaries/xsh_clear.o
 .comment       0x00000000       0x31 binaries/xsh_date.o
 .comment       0x00000000       0x31 binaries/xsh_devdump.o
 .comment       0x00000000       0x31 binaries/xsh_echo.o
 .comment       0x00000000       0x31 binaries/xsh_exit.o
 .comment       0x00000000       0x31 binaries/xsh_help.o
 .comment       0x00000000       0x31 binaries/xsh_kill.o
 .comment       0x00000000       0x31 binaries/xsh_led.o
 .comment       0x00000000       0x31 binaries/xsh_memdump.o
 .comment       0x00000000       0x31 binaries/xsh_memstat.o
 .comment       0x00000000       0x31 binaries/xsh_ping.o
 .comment       0x00000000       0x31 binaries/xsh_ps.o
 .comment       0x00000000       0x31 binaries/xsh_sleep.o
 .comment       0x00000000       0x31 binaries/xsh_udpdump.o
 .comment       0x00000000       0x31 binaries/xsh_udpeserver.o
 .comment       0x00000000       0x31 binaries/xsh_uptime.o

.debug_frame    0x00000000       0x40
 .debug_frame   0x00000000       0x20 ../cross_compiler/lib/gcc/arm-none-eabi/4.8.1//libgcc.a(_udivsi3.o)
 .debug_frame   0x00000020       0x20 ../cross_compiler/lib/gcc/arm-none-eabi/4.8.1//libgcc.a(_divsi3.o)
